<html>
<body>
<pre>
<h1>µVision Build Log</h1>
<h2>Project:</h2>
F:\Graduate\Git_program\STM32-v1.0\user\SPI.uvproj
Project File Date:  04/11/2015

<h2>Output:</h2>
Build target 'Target 1'
compiling led.c...
compiling key.c...
compiling spi.c...
compiling A7129.c...
..\HARDWARE\A7129\A7129.c(98): warning:  #177-D: variable "i" was declared but never referenced
compiling timer.c...
compiling A7139_CONFIG.c...
compiling interrupt.c...
compiling delay.c...
compiling sys.c...
compiling usart.c...
compiling core_cm3.c...
compiling main.c...
main.c(71): error:  #29: expected an expression
main.c(86): error:  #6: comment unclosed at end of file
main.c(94): warning: At end of source:  #12-D: parsing restarts here after previous syntax error
main.c(94): error: At end of source:  #65: expected a ";"
main.c(94): error: At end of source:  #67: expected a "}"
main.c(94): error: At end of source:  #67: expected a "}"
Target not created
Build target 'Target 1'
compiling main.c...
main.c(86): error:  #6: comment unclosed at end of file
main.c(94): error: At end of source:  #67: expected a "}"
main.c(94): error: At end of source:  #67: expected a "}"
Target not created
Build target 'Target 1'
compiling main.c...
linking...
Program Size: Code=15278 RO-data=410 RW-data=160 ZI-data=2024  
FromELF: creating hex file...
"..\OBJ\SPI.axf" - 0 Error(s), 0 Warning(s).
Load "..\\OBJ\\SPI.AXF" 
Build target 'Target 1'
linking...
Program Size: Code=15278 RO-data=410 RW-data=160 ZI-data=2024  
FromELF: creating hex file...
"..\OBJ\SPI.axf" - 0 Error(s), 0 Warning(s).
Load "..\\OBJ\\SPI.AXF" 
* JLink Info: Device "STM32F103VC" selected (256 KB flash, 48 KB RAM).
Set JLink Project File to "F:\Graduate\Git_program\STM32-v1.0\user\JLinkSettings.ini"
 
JLink info:
------------
DLL: V4.50j, compiled Jun 26 2012 09:19:07
Firmware: J-Link ARM V8 compiled Jun 19 2012 11:29:30
Hardware: V8.00
S/N : 286370559 
Feature(s) : RDI,FlashDL,FlashBP,JFlash 
 
* JLink Info: Found SWD-DP with ID 0x1BA01477
* JLink Info: Found SWD-DP with ID 0x1BA01477
* JLink Info: TPIU fitted.
* JLink Info: ETM fitted.
* JLink Info: FPUnit: 6 code (BP) slots and 2 literal slots
* JLink Info: Found Cortex-M3 r1p1, Little endian.
ROMTableAddr = 0xE00FF003
 
Target info:
------------
Device: STM32F103VC
VTarget = 3.300V
State of Pins: 
TCK: 0, TDI: 1, TDO: 0, TMS: 1, TRES: 1, TRST: 1
Hardware-Breakpoints: 6
Software-Breakpoints: 8192
Watchpoints:          4
JTAG speed: 4000 kHz
 
Full Chip Erase Done.
Programming Done.
Verify OK.
Application running ...
Build target 'Target 1'
compiling main.c...
main.c(14): error:  #1113: Inline assembler not permitted when generating Thumb code
Target not created
Load "..\\OBJ\\SPI.AXF" 
_____^
*** error 56: cannot open file
Build target 'Target 1'
compiling main.c...
main.c(14): error:  #1113: Inline assembler not permitted when generating Thumb code
Target not created
Build target 'Target 1'
compiling interrupt.c...
compiling main.c...
linking...
Program Size: Code=15278 RO-data=410 RW-data=160 ZI-data=2024  
FromELF: creating hex file...
"..\OBJ\SPI.axf" - 0 Error(s), 0 Warning(s).
Build target 'Target 1'
compiling led.c...
..\HARDWARE\LED\led.c(44): error: At end of source:  #67: expected a "}"
compiling key.c...
..\HARDWARE\KEY\key.c(54): error: At end of source:  #67: expected a "}"
compiling spi.c...
..\HARDWARE\SPI\spi.c(296): error: At end of source:  #67: expected a "}"
compiling A7129.c...
..\HARDWARE\A7129\A7129.c(750): error: At end of source:  #67: expected a "}"
compiling A7139_CONFIG.c...
..\HARDWARE\A7129\A7139_CONFIG.c(309): error: At end of source:  #67: expected a "}"
compiling interrupt.c...
..\hardware\interrupt\interrupt.c(106): error: At end of source:  #67: expected a "}"
compiling sys.c...
..\SYSTEM\sys\sys.c(27): error: At end of source:  #67: expected a "}"
compiling main.c...
main.c(94): error: At end of source:  #67: expected a "}"
compiling trsdata.c...
..\trsdata\trsdata.c(20): error: At end of source:  #67: expected a "}"
Target not created
Build target 'Target 1'
compiling led.c...
compiling key.c...
compiling spi.c...
compiling A7129.c...
..\HARDWARE\A7129\A7129.c(98): warning:  #177-D: variable "i" was declared but never referenced
compiling A7139_CONFIG.c...
compiling interrupt.c...
compiling sys.c...
compiling main.c...
compiling trsdata.c...
linking...
Program Size: Code=15290 RO-data=410 RW-data=160 ZI-data=2024  
FromELF: creating hex file...
"..\OBJ\SPI.axf" - 0 Error(s), 1 Warning(s).
Build target 'Target 1'
compiling led.c...
compiling key.c...
compiling spi.c...
compiling A7129.c...
..\HARDWARE\A7129\A7129.c(98): warning:  #177-D: variable "i" was declared but never referenced
compiling A7139_CONFIG.c...
compiling interrupt.c...
compiling sys.c...
compiling main.c...
compiling trsdata.c...
linking...
Program Size: Code=15290 RO-data=410 RW-data=160 ZI-data=2024  
FromELF: creating hex file...
"..\OBJ\SPI.axf" - 0 Error(s), 1 Warning(s).
Build target 'Target 1'
compiling stm32f10x_it.c...
compiling system_stm32f10x.c...
compiling led.c...
compiling key.c...
compiling spi.c...
compiling timer.c...
compiling A7139_CONFIG.c...
A7139_CONFIG.c: Error:  #5: cannot open source input file "..\HARDWARE\A7129\A7139_CONFIG.c": No such file or directory
Target not created
Rebuild target 'Target 1'
compiling stm32f10x_it.c...
compiling system_stm32f10x.c...
compiling led.c...
compiling key.c...
compiling spi.c...
compiling timer.c...
compiling A7139_CONFIG.c...
A7139_CONFIG.c: Error:  #5: cannot open source input file "..\HARDWARE\A7129\A7139_CONFIG.c": No such file or directory
Target not created
Build target 'Target 1'
compiling interrupt.c...
compiling A7139.c...
..\hardware\A7139\A7139.c(2): error:  #5: cannot open source input file "A7129.h": No such file or directory
compiling A7139_CONFIG.c...
compiling delay.c...
compiling sys.c...
compiling usart.c...
compiling stm32f10x_exti.c...
compiling core_cm3.c...
compiling misc.c...
compiling stm32f10x_fsmc.c...
compiling stm32f10x_gpio.c...
compiling stm32f10x_rcc.c...
compiling stm32f10x_tim.c...
compiling stm32f10x_usart.c...
compiling stm32f10x_spi.c...
compiling main.c...
compiling trsdata.c...
Target not created
Build target 'Target 1'
compiling A7139.c...
..\hardware\A7139\A7139.c(98): warning:  #177-D: variable "i" was declared but never referenced
linking...
Program Size: Code=15290 RO-data=410 RW-data=160 ZI-data=2024  
FromELF: creating hex file...
"..\OBJ\SPI.axf" - 0 Error(s), 1 Warning(s).
Build target 'Target 1'
linking...
Program Size: Code=15290 RO-data=410 RW-data=160 ZI-data=2024  
FromELF: creating hex file...
"..\OBJ\SPI.axf" - 0 Error(s), 0 Warning(s).
Load "..\\OBJ\\SPI.AXF" 
* JLink Info: Device "STM32F103VC" selected (256 KB flash, 48 KB RAM).
Set JLink Project File to "F:\Graduate\Git_program\STM32-v1.0\user\JLinkSettings.ini"
 
JLink info:
------------
DLL: V4.50j, compiled Jun 26 2012 09:19:07
Firmware: J-Link ARM V8 compiled Jun 19 2012 11:29:30
Hardware: V8.00
S/N : 286370559 
Feature(s) : RDI,FlashDL,FlashBP,JFlash 
 
* JLink Info: Found SWD-DP with ID 0x1BA01477
* JLink Info: Found SWD-DP with ID 0x1BA01477
* JLink Info: TPIU fitted.
* JLink Info: ETM fitted.
* JLink Info: FPUnit: 6 code (BP) slots and 2 literal slots
* JLink Info: Found Cortex-M3 r1p1, Little endian.
ROMTableAddr = 0xE00FF003
 
Target info:
------------
Device: STM32F103VC
VTarget = 3.293V
State of Pins: 
TCK: 0, TDI: 1, TDO: 0, TMS: 1, TRES: 1, TRST: 1
Hardware-Breakpoints: 6
Software-Breakpoints: 8192
Watchpoints:          4
JTAG speed: 4000 kHz
 
Full Chip Erase Done.
Programming Done.
Verify OK.
Application running ...
Build target 'Target 1'
compiling main.c...
linking...
Program Size: Code=15274 RO-data=410 RW-data=160 ZI-data=2024  
FromELF: creating hex file...
"..\OBJ\SPI.axf" - 0 Error(s), 0 Warning(s).
Load "..\\OBJ\\SPI.AXF" 
* JLink Info: Device "STM32F103VC" selected (256 KB flash, 48 KB RAM).
Set JLink Project File to "F:\Graduate\Git_program\STM32-v1.0\user\JLinkSettings.ini"
 
JLink info:
------------
DLL: V4.50j, compiled Jun 26 2012 09:19:07
Firmware: J-Link ARM V8 compiled Jun 19 2012 11:29:30
Hardware: V8.00
S/N : 286370559 
Feature(s) : RDI,FlashDL,FlashBP,JFlash 
 
* JLink Info: Found SWD-DP with ID 0x1BA01477
* JLink Info: Found SWD-DP with ID 0x1BA01477
* JLink Info: TPIU fitted.
* JLink Info: ETM fitted.
* JLink Info: FPUnit: 6 code (BP) slots and 2 literal slots
* JLink Info: Found Cortex-M3 r1p1, Little endian.
ROMTableAddr = 0xE00FF003
 
Target info:
------------
Device: STM32F103VC
VTarget = 3.293V
State of Pins: 
TCK: 0, TDI: 1, TDO: 0, TMS: 1, TRES: 1, TRST: 1
Hardware-Breakpoints: 6
Software-Breakpoints: 8192
Watchpoints:          4
JTAG speed: 4000 kHz
 
Full Chip Erase Done.
Programming Done.
Verify OK.
Application running ...
Build target 'Target 1'
compiling interrupt.c...
linking...
Program Size: Code=15274 RO-data=410 RW-data=160 ZI-data=2024  
FromELF: creating hex file...
"..\OBJ\SPI.axf" - 0 Error(s), 0 Warning(s).
Load "..\\OBJ\\SPI.AXF" 
* JLink Info: Device "STM32F103VC" selected (256 KB flash, 48 KB RAM).
Set JLink Project File to "F:\Graduate\Git_program\STM32-v1.0\user\JLinkSettings.ini"
 
JLink info:
------------
DLL: V4.50j, compiled Jun 26 2012 09:19:07
Firmware: J-Link ARM V8 compiled Jun 19 2012 11:29:30
Hardware: V8.00
S/N : 286370559 
Feature(s) : RDI,FlashDL,FlashBP,JFlash 
 
* JLink Info: Found SWD-DP with ID 0x1BA01477
* JLink Info: Found SWD-DP with ID 0x1BA01477
* JLink Info: TPIU fitted.
* JLink Info: ETM fitted.
* JLink Info: FPUnit: 6 code (BP) slots and 2 literal slots
* JLink Info: Found Cortex-M3 r1p1, Little endian.
ROMTableAddr = 0xE00FF003
 
Target info:
------------
Device: STM32F103VC
VTarget = 3.293V
State of Pins: 
TCK: 0, TDI: 1, TDO: 0, TMS: 1, TRES: 1, TRST: 1
Hardware-Breakpoints: 6
Software-Breakpoints: 8192
Watchpoints:          4
JTAG speed: 4000 kHz
 
Full Chip Erase Done.
Programming Done.
Verify OK.
Application running ...
Build target 'Target 1'
compiling main.c...
linking...
Program Size: Code=15274 RO-data=410 RW-data=160 ZI-data=2024  
FromELF: creating hex file...
"..\OBJ\SPI.axf" - 0 Error(s), 0 Warning(s).
Load "..\\OBJ\\SPI.AXF" 
* JLink Info: Device "STM32F103VC" selected (256 KB flash, 48 KB RAM).
Set JLink Project File to "F:\Graduate\Git_program\STM32-v1.0\user\JLinkSettings.ini"
 
JLink info:
------------
DLL: V4.50j, compiled Jun 26 2012 09:19:07
Firmware: J-Link ARM V8 compiled Jun 19 2012 11:29:30
Hardware: V8.00
S/N : 286370559 
Feature(s) : RDI,FlashDL,FlashBP,JFlash 
 
* JLink Info: Found SWD-DP with ID 0x1BA01477
* JLink Info: Found SWD-DP with ID 0x1BA01477
* JLink Info: TPIU fitted.
* JLink Info: ETM fitted.
* JLink Info: FPUnit: 6 code (BP) slots and 2 literal slots
* JLink Info: Found Cortex-M3 r1p1, Little endian.
ROMTableAddr = 0xE00FF003
 
Target info:
------------
Device: STM32F103VC
VTarget = 3.293V
State of Pins: 
TCK: 0, TDI: 1, TDO: 0, TMS: 1, TRES: 1, TRST: 1
Hardware-Breakpoints: 6
Software-Breakpoints: 8192
Watchpoints:          4
JTAG speed: 4000 kHz
 
Full Chip Erase Done.
Programming Done.
Verify OK.
Application running ...
Build target 'Target 1'
compiling main.c...
linking...
Program Size: Code=15274 RO-data=410 RW-data=160 ZI-data=2024  
FromELF: creating hex file...
"..\OBJ\SPI.axf" - 0 Error(s), 0 Warning(s).
Build target 'Target 1'
linking...
Program Size: Code=15274 RO-data=410 RW-data=160 ZI-data=2024  
FromELF: creating hex file...
"..\OBJ\SPI.axf" - 0 Error(s), 0 Warning(s).
Build target 'Target 1'
compiling main.c...
main.c(69): warning:  #223-D: function "LED0_REV" declared implicitly
linking...
..\OBJ\SPI.axf: Error: L6218E: Undefined symbol LED0_REV (referred from main.o).
Target not created
Build target 'Target 1'
compiling main.c...
linking...
Program Size: Code=15274 RO-data=410 RW-data=160 ZI-data=2024  
FromELF: creating hex file...
"..\OBJ\SPI.axf" - 0 Error(s), 0 Warning(s).
Build target 'Target 1'
compiling main.c...
linking...
Program Size: Code=15286 RO-data=410 RW-data=160 ZI-data=2024  
FromELF: creating hex file...
"..\OBJ\SPI.axf" - 0 Error(s), 0 Warning(s).
Build target 'Target 1'
linking...
Program Size: Code=15286 RO-data=410 RW-data=160 ZI-data=2024  
FromELF: creating hex file...
"..\OBJ\SPI.axf" - 0 Error(s), 0 Warning(s).
Load "..\\OBJ\\SPI.AXF" 
* JLink Info: Device "STM32F103VC" selected (256 KB flash, 48 KB RAM).
Set JLink Project File to "F:\Graduate\Git_program\STM32-v1.0\user\JLinkSettings.ini"
 
JLink info:
------------
DLL: V4.50j, compiled Jun 26 2012 09:19:07
Firmware: J-Link ARM V8 compiled Jun 19 2012 11:29:30
Hardware: V8.00
S/N : 286370559 
Feature(s) : RDI,FlashDL,FlashBP,JFlash 
 
* JLink Info: Found SWD-DP with ID 0x1BA01477
* JLink Info: Found SWD-DP with ID 0x1BA01477
* JLink Info: TPIU fitted.
* JLink Info: ETM fitted.
* JLink Info: FPUnit: 6 code (BP) slots and 2 literal slots
* JLink Info: Found Cortex-M3 r1p1, Little endian.
ROMTableAddr = 0xE00FF003
 
Target info:
------------
Device: STM32F103VC
VTarget = 3.293V
State of Pins: 
TCK: 0, TDI: 1, TDO: 0, TMS: 1, TRES: 1, TRST: 1
Hardware-Breakpoints: 6
Software-Breakpoints: 8192
Watchpoints:          4
JTAG speed: 4000 kHz
 
Full Chip Erase Done.
Programming Done.
Verify OK.
Application running ...
Build target 'Target 1'
compiling interrupt.c...
compiling main.c...
linking...
Program Size: Code=15250 RO-data=410 RW-data=160 ZI-data=2024  
FromELF: creating hex file...
"..\OBJ\SPI.axf" - 0 Error(s), 0 Warning(s).
Load "..\\OBJ\\SPI.AXF" 
* JLink Info: Device "STM32F103VC" selected (256 KB flash, 48 KB RAM).
Set JLink Project File to "F:\Graduate\Git_program\STM32-v1.0\user\JLinkSettings.ini"
 
JLink info:
------------
DLL: V4.50j, compiled Jun 26 2012 09:19:07
Firmware: J-Link ARM V8 compiled Jun 19 2012 11:29:30
Hardware: V8.00
S/N : 286370559 
Feature(s) : RDI,FlashDL,FlashBP,JFlash 
 
* JLink Info: Found SWD-DP with ID 0x1BA01477
* JLink Info: Found SWD-DP with ID 0x1BA01477
* JLink Info: TPIU fitted.
* JLink Info: ETM fitted.
* JLink Info: FPUnit: 6 code (BP) slots and 2 literal slots
* JLink Info: Found Cortex-M3 r1p1, Little endian.
ROMTableAddr = 0xE00FF003
 
Target info:
------------
Device: STM32F103VC
VTarget = 3.293V
State of Pins: 
TCK: 0, TDI: 1, TDO: 0, TMS: 1, TRES: 1, TRST: 1
Hardware-Breakpoints: 6
Software-Breakpoints: 8192
Watchpoints:          4
JTAG speed: 4000 kHz
 
Full Chip Erase Done.
Programming Done.
Verify OK.
Application running ...
