<html>
<body>
<pre>
<h1>µVision Build Log</h1>
<h2>Project:</h2>
F:\Graduate\Git_program\STM32-v1.0\user\SPI.uvproj
Project File Date:  04/30/2015

<h2>Output:</h2>
Build target 'Target 1'
compiling main.c...
linking...
Program Size: Code=15294 RO-data=410 RW-data=156 ZI-data=1764  
FromELF: creating hex file...
"..\OBJ\SPI.axf" - 0 Error(s), 0 Warning(s).
Load "..\\OBJ\\SPI.AXF" 
* JLink Info: Device "STM32F103VC" selected (256 KB flash, 48 KB RAM).
Set JLink Project File to "F:\Graduate\Git_program\STM32-v1.0\user\JLinkSettings.ini"
 
JLink info:
------------
DLL: V4.50j, compiled Jun 26 2012 09:19:07
Firmware: J-Link ARM V8 compiled Jun 19 2012 11:29:30
Hardware: V8.00
S/N : 286370559 
Feature(s) : RDI,FlashDL,FlashBP,JFlash 
 
* JLink Info: Found SWD-DP with ID 0x1BA01477
* JLink Info: Found SWD-DP with ID 0x1BA01477
* JLink Info: TPIU fitted.
* JLink Info: ETM fitted.
* JLink Info: FPUnit: 6 code (BP) slots and 2 literal slots
* JLink Info: Found Cortex-M3 r1p1, Little endian.
ROMTableAddr = 0xE00FF003
 
Target info:
------------
Device: STM32F103VC
VTarget = 3.267V
State of Pins: 
TCK: 0, TDI: 1, TDO: 0, TMS: 1, TRES: 1, TRST: 1
Hardware-Breakpoints: 6
Software-Breakpoints: 8192
Watchpoints:          4
JTAG speed: 4000 kHz
 
Full Chip Erase Done.
Programming Done.
Verify OK.
Application running ...
Build target 'Target 1'
compiling A7139.c...
..\hardware\A7139\A7139.c(2): error:  #5: cannot open source input file "A7129.h": No such file or directory
Target not created
Build target 'Target 1'
compiling A7139.c...
..\hardware\A7139\A7139.c(97): warning:  #177-D: variable "i" was declared but never referenced
linking...
..\OBJ\SPI.axf: Error: L6200E: Symbol Interrupt_Init multiply defined (by interrupt.o and a7139.o).
Target not created
Build target 'Target 1'
compiling A7139.c...
..\hardware\A7139\A7139.c(97): warning:  #177-D: variable "i" was declared but never referenced
linking...
Program Size: Code=15090 RO-data=410 RW-data=156 ZI-data=1764  
FromELF: creating hex file...
"..\OBJ\SPI.axf" - 0 Error(s), 1 Warning(s).
Load "..\\OBJ\\SPI.AXF" 
* JLink Info: Device "STM32F103VC" selected (256 KB flash, 48 KB RAM).
Set JLink Project File to "F:\Graduate\Git_program\STM32-v1.0\user\JLinkSettings.ini"
 
JLink info:
------------
DLL: V4.50j, compiled Jun 26 2012 09:19:07
Firmware: J-Link ARM V8 compiled Jun 19 2012 11:29:30
Hardware: V8.00
S/N : 286370559 
Feature(s) : RDI,FlashDL,FlashBP,JFlash 
 
* JLink Info: Found SWD-DP with ID 0x1BA01477
* JLink Info: Found SWD-DP with ID 0x1BA01477
* JLink Info: TPIU fitted.
* JLink Info: ETM fitted.
* JLink Info: FPUnit: 6 code (BP) slots and 2 literal slots
* JLink Info: Found Cortex-M3 r1p1, Little endian.
ROMTableAddr = 0xE00FF003
 
Target info:
------------
Device: STM32F103VC
VTarget = 3.267V
State of Pins: 
TCK: 0, TDI: 1, TDO: 0, TMS: 1, TRES: 1, TRST: 1
Hardware-Breakpoints: 6
Software-Breakpoints: 8192
Watchpoints:          4
JTAG speed: 4000 kHz
 
Full Chip Erase Done.
Programming Done.
Verify OK.
Application running ...
Build target 'Target 1'
compiling A7139_CONFIG.c...
linking...
Program Size: Code=15090 RO-data=410 RW-data=156 ZI-data=1764  
FromELF: creating hex file...
"..\OBJ\SPI.axf" - 0 Error(s), 0 Warning(s).
Load "..\\OBJ\\SPI.AXF" 
* JLink Info: Device "STM32F103VC" selected (256 KB flash, 48 KB RAM).
Set JLink Project File to "F:\Graduate\Git_program\STM32-v1.0\user\JLinkSettings.ini"
 
JLink info:
------------
DLL: V4.50j, compiled Jun 26 2012 09:19:07
Firmware: J-Link ARM V8 compiled Jun 19 2012 11:29:30
Hardware: V8.00
S/N : 286370559 
Feature(s) : RDI,FlashDL,FlashBP,JFlash 
 
* JLink Info: Found SWD-DP with ID 0x1BA01477
* JLink Info: Found SWD-DP with ID 0x1BA01477
* JLink Info: TPIU fitted.
* JLink Info: ETM fitted.
* JLink Info: FPUnit: 6 code (BP) slots and 2 literal slots
* JLink Info: Found Cortex-M3 r1p1, Little endian.
ROMTableAddr = 0xE00FF003
 
Target info:
------------
Device: STM32F103VC
VTarget = 3.267V
State of Pins: 
TCK: 0, TDI: 1, TDO: 0, TMS: 1, TRES: 1, TRST: 1
Hardware-Breakpoints: 6
Software-Breakpoints: 8192
Watchpoints:          4
JTAG speed: 4000 kHz
 
Full Chip Erase Done.
Programming Done.
Verify OK.
Application running ...
Build target 'Target 1'
compiling interrupt.c...
..\hardware\interrupt\interrupt.c(6): error:  #169: expected a declaration
..\hardware\interrupt\interrupt.c(27): error:  #79: expected a type specifier
..\hardware\interrupt\interrupt.c(27): warning:  #77-D: this declaration has no storage class or type specifier
..\hardware\interrupt\interrupt.c(27): error:  #147: declaration is incompatible with "void delay_us(u32)" (declared at line 19 of "..\SYSTEM\delay\delay.h")
..\hardware\interrupt\interrupt.c(28): error:  #79: expected a type specifier
..\hardware\interrupt\interrupt.c(28): warning:  #77-D: this declaration has no storage class or type specifier
..\hardware\interrupt\interrupt.c(28): error:  #147: declaration is incompatible with "void A7139_StrobeCmd(u8)" (declared at line 83 of "..\HARDWARE\A7139\A7139.h")
..\hardware\interrupt\interrupt.c(29): error:  #79: expected a type specifier
..\hardware\interrupt\interrupt.c(29): warning:  #77-D: this declaration has no storage class or type specifier
..\hardware\interrupt\interrupt.c(31): error:  #169: expected a declaration
..\hardware\interrupt\interrupt.c(62): warning: At end of source:  #12-D: parsing restarts here after previous syntax error
Target not created
Build target 'Target 1'
compiling interrupt.c...
linking...
Program Size: Code=15090 RO-data=410 RW-data=156 ZI-data=1764  
FromELF: creating hex file...
"..\OBJ\SPI.axf" - 0 Error(s), 0 Warning(s).
Load "..\\OBJ\\SPI.AXF" 
* JLink Info: Device "STM32F103VC" selected (256 KB flash, 48 KB RAM).
Set JLink Project File to "F:\Graduate\Git_program\STM32-v1.0\user\JLinkSettings.ini"
 
JLink info:
------------
DLL: V4.50j, compiled Jun 26 2012 09:19:07
Firmware: J-Link ARM V8 compiled Jun 19 2012 11:29:30
Hardware: V8.00
S/N : 286370559 
Feature(s) : RDI,FlashDL,FlashBP,JFlash 
 
* JLink Info: Found SWD-DP with ID 0x1BA01477
* JLink Info: Found SWD-DP with ID 0x1BA01477
* JLink Info: TPIU fitted.
* JLink Info: ETM fitted.
* JLink Info: FPUnit: 6 code (BP) slots and 2 literal slots
* JLink Info: Found Cortex-M3 r1p1, Little endian.
ROMTableAddr = 0xE00FF003
 
Target info:
------------
Device: STM32F103VC
VTarget = 3.267V
State of Pins: 
TCK: 0, TDI: 1, TDO: 0, TMS: 1, TRES: 1, TRST: 1
Hardware-Breakpoints: 6
Software-Breakpoints: 8192
Watchpoints:          4
JTAG speed: 4000 kHz
 
Full Chip Erase Done.
Programming Done.
Verify OK.
Application running ...
Build target 'Target 1'
compiling led.c...
compiling key.c...
compiling spi.c...
compiling A7139.c...
..\hardware\A7139\A7139.c(97): warning:  #177-D: variable "i" was declared but never referenced
compiling A7139_CONFIG.c...
compiling interrupt.c...
compiling sys.c...
compiling main.c...
compiling beacon.c...
compiling ProcessEvent.c...
compiling scan.c...
linking...
Program Size: Code=15114 RO-data=410 RW-data=160 ZI-data=1760  
FromELF: creating hex file...
"..\OBJ\SPI.axf" - 0 Error(s), 1 Warning(s).
Load "..\\OBJ\\SPI.AXF" 
* JLink Info: Device "STM32F103VC" selected (256 KB flash, 48 KB RAM).
Set JLink Project File to "F:\Graduate\Git_program\STM32-v1.0\user\JLinkSettings.ini"
 
JLink info:
------------
DLL: V4.50j, compiled Jun 26 2012 09:19:07
Firmware: J-Link ARM V8 compiled Jun 19 2012 11:29:30
Hardware: V8.00
S/N : 286370559 
Feature(s) : RDI,FlashDL,FlashBP,JFlash 
 
* JLink Info: Found SWD-DP with ID 0x1BA01477
* JLink Info: Found SWD-DP with ID 0x1BA01477
* JLink Info: TPIU fitted.
* JLink Info: ETM fitted.
* JLink Info: FPUnit: 6 code (BP) slots and 2 literal slots
* JLink Info: Found Cortex-M3 r1p1, Little endian.
ROMTableAddr = 0xE00FF003
 
Target info:
------------
Device: STM32F103VC
VTarget = 3.267V
State of Pins: 
TCK: 0, TDI: 1, TDO: 0, TMS: 1, TRES: 1, TRST: 1
Hardware-Breakpoints: 6
Software-Breakpoints: 8192
Watchpoints:          4
JTAG speed: 4000 kHz
 
Full Chip Erase Done.
Programming Done.
Verify OK.
Application running ...
Build target 'Target 1'
compiling main.c...
linking...
Program Size: Code=15110 RO-data=410 RW-data=160 ZI-data=1760  
FromELF: creating hex file...
"..\OBJ\SPI.axf" - 0 Error(s), 0 Warning(s).
Load "..\\OBJ\\SPI.AXF" 
* JLink Info: Device "STM32F103VC" selected (256 KB flash, 48 KB RAM).
Set JLink Project File to "F:\Graduate\Git_program\STM32-v1.0\user\JLinkSettings.ini"
 
JLink info:
------------
DLL: V4.50j, compiled Jun 26 2012 09:19:07
Firmware: J-Link ARM V8 compiled Jun 19 2012 11:29:30
Hardware: V8.00
S/N : 286370559 
Feature(s) : RDI,FlashDL,FlashBP,JFlash 
 
* JLink Info: Found SWD-DP with ID 0x1BA01477
* JLink Info: Found SWD-DP with ID 0x1BA01477
* JLink Info: TPIU fitted.
* JLink Info: ETM fitted.
* JLink Info: FPUnit: 6 code (BP) slots and 2 literal slots
* JLink Info: Found Cortex-M3 r1p1, Little endian.
ROMTableAddr = 0xE00FF003
 
Target info:
------------
Device: STM32F103VC
VTarget = 3.267V
State of Pins: 
TCK: 0, TDI: 1, TDO: 0, TMS: 1, TRES: 1, TRST: 1
Hardware-Breakpoints: 6
Software-Breakpoints: 8192
Watchpoints:          4
JTAG speed: 4000 kHz
 
Full Chip Erase Done.
Programming Done.
Verify OK.
Application running ...
Build target 'Target 1'
compiling A7139.c...
..\hardware\A7139\A7139.c(96): warning:  #177-D: variable "i" was declared but never referenced
linking...
Program Size: Code=15314 RO-data=410 RW-data=160 ZI-data=1760  
FromELF: creating hex file...
"..\OBJ\SPI.axf" - 0 Error(s), 1 Warning(s).
Load "..\\OBJ\\SPI.AXF" 
* JLink Info: Device "STM32F103VC" selected (256 KB flash, 48 KB RAM).
Set JLink Project File to "F:\Graduate\Git_program\STM32-v1.0\user\JLinkSettings.ini"
 
JLink info:
------------
DLL: V4.50j, compiled Jun 26 2012 09:19:07
Firmware: J-Link ARM V8 compiled Jun 19 2012 11:29:30
Hardware: V8.00
S/N : 286370559 
Feature(s) : RDI,FlashDL,FlashBP,JFlash 
 
* JLink Info: Found SWD-DP with ID 0x1BA01477
* JLink Info: Found SWD-DP with ID 0x1BA01477
* JLink Info: TPIU fitted.
* JLink Info: ETM fitted.
* JLink Info: FPUnit: 6 code (BP) slots and 2 literal slots
* JLink Info: Found Cortex-M3 r1p1, Little endian.
ROMTableAddr = 0xE00FF003
 
Target info:
------------
Device: STM32F103VC
VTarget = 3.261V
State of Pins: 
TCK: 0, TDI: 1, TDO: 0, TMS: 1, TRES: 1, TRST: 1
Hardware-Breakpoints: 6
Software-Breakpoints: 8192
Watchpoints:          4
JTAG speed: 4000 kHz
 
Full Chip Erase Done.
Programming Done.
Verify OK.
Application running ...
Build target 'Target 1'
compiling main.c...
linking...
Program Size: Code=15294 RO-data=410 RW-data=160 ZI-data=1760  
FromELF: creating hex file...
"..\OBJ\SPI.axf" - 0 Error(s), 0 Warning(s).
Load "..\\OBJ\\SPI.AXF" 
* JLink Info: Device "STM32F103VC" selected (256 KB flash, 48 KB RAM).
Set JLink Project File to "F:\Graduate\Git_program\STM32-v1.0\user\JLinkSettings.ini"
 
JLink info:
------------
DLL: V4.50j, compiled Jun 26 2012 09:19:07
Firmware: J-Link ARM V8 compiled Jun 19 2012 11:29:30
Hardware: V8.00
S/N : 286370559 
Feature(s) : RDI,FlashDL,FlashBP,JFlash 
 
* JLink Info: Found SWD-DP with ID 0x1BA01477
* JLink Info: Found SWD-DP with ID 0x1BA01477
* JLink Info: TPIU fitted.
* JLink Info: ETM fitted.
* JLink Info: FPUnit: 6 code (BP) slots and 2 literal slots
* JLink Info: Found Cortex-M3 r1p1, Little endian.
ROMTableAddr = 0xE00FF003
 
Target info:
------------
Device: STM32F103VC
VTarget = 3.267V
State of Pins: 
TCK: 0, TDI: 1, TDO: 0, TMS: 1, TRES: 1, TRST: 1
Hardware-Breakpoints: 6
Software-Breakpoints: 8192
Watchpoints:          4
JTAG speed: 4000 kHz
 
Full Chip Erase Done.
Programming Done.
Verify OK.
Application running ...
Build target 'Target 1'
compiling main.c...
linking...
Program Size: Code=15282 RO-data=410 RW-data=160 ZI-data=1760  
FromELF: creating hex file...
"..\OBJ\SPI.axf" - 0 Error(s), 0 Warning(s).
Load "..\\OBJ\\SPI.AXF" 
* JLink Info: Device "STM32F103VC" selected (256 KB flash, 48 KB RAM).
Set JLink Project File to "F:\Graduate\Git_program\STM32-v1.0\user\JLinkSettings.ini"
 
JLink info:
------------
DLL: V4.50j, compiled Jun 26 2012 09:19:07
Firmware: J-Link ARM V8 compiled Jun 19 2012 11:29:30
Hardware: V8.00
S/N : 286370559 
Feature(s) : RDI,FlashDL,FlashBP,JFlash 
 
* JLink Info: Found SWD-DP with ID 0x1BA01477
* JLink Info: Found SWD-DP with ID 0x1BA01477
* JLink Info: TPIU fitted.
* JLink Info: ETM fitted.
* JLink Info: FPUnit: 6 code (BP) slots and 2 literal slots
* JLink Info: Found Cortex-M3 r1p1, Little endian.
ROMTableAddr = 0xE00FF003
 
Target info:
------------
Device: STM32F103VC
VTarget = 3.267V
State of Pins: 
TCK: 0, TDI: 1, TDO: 0, TMS: 1, TRES: 1, TRST: 1
Hardware-Breakpoints: 6
Software-Breakpoints: 8192
Watchpoints:          4
JTAG speed: 4000 kHz
 
Full Chip Erase Done.
Programming Done.
Verify OK.
Application running ...
Build target 'Target 1'
compiling main.c...
linking...
Program Size: Code=15294 RO-data=410 RW-data=160 ZI-data=1760  
FromELF: creating hex file...
"..\OBJ\SPI.axf" - 0 Error(s), 0 Warning(s).
Load "..\\OBJ\\SPI.AXF" 
* JLink Info: Device "STM32F103VC" selected (256 KB flash, 48 KB RAM).
Set JLink Project File to "F:\Graduate\Git_program\STM32-v1.0\user\JLinkSettings.ini"
 
JLink info:
------------
DLL: V4.50j, compiled Jun 26 2012 09:19:07
Firmware: J-Link ARM V8 compiled Jun 19 2012 11:29:30
Hardware: V8.00
S/N : 286370559 
Feature(s) : RDI,FlashDL,FlashBP,JFlash 
 
* JLink Info: Found SWD-DP with ID 0x1BA01477
* JLink Info: Found SWD-DP with ID 0x1BA01477
* JLink Info: TPIU fitted.
* JLink Info: ETM fitted.
* JLink Info: FPUnit: 6 code (BP) slots and 2 literal slots
* JLink Info: Found Cortex-M3 r1p1, Little endian.
ROMTableAddr = 0xE00FF003
 
Target info:
------------
Device: STM32F103VC
VTarget = 3.267V
State of Pins: 
TCK: 0, TDI: 1, TDO: 0, TMS: 1, TRES: 1, TRST: 1
Hardware-Breakpoints: 6
Software-Breakpoints: 8192
Watchpoints:          4
JTAG speed: 4000 kHz
 
Full Chip Erase Done.
Programming Done.
Verify OK.
Application running ...
Build target 'Target 1'
compiling main.c...
linking...
Program Size: Code=15306 RO-data=410 RW-data=160 ZI-data=1760  
FromELF: creating hex file...
"..\OBJ\SPI.axf" - 0 Error(s), 0 Warning(s).
Build target 'Target 1'
compiling interrupt.c...
linking...
Program Size: Code=15306 RO-data=410 RW-data=160 ZI-data=1760  
FromELF: creating hex file...
"..\OBJ\SPI.axf" - 0 Error(s), 0 Warning(s).
Load "..\\OBJ\\SPI.AXF" 
* JLink Info: Device "STM32F103VC" selected (256 KB flash, 48 KB RAM).
Set JLink Project File to "F:\Graduate\Git_program\STM32-v1.0\user\JLinkSettings.ini"
 
JLink info:
------------
DLL: V4.50j, compiled Jun 26 2012 09:19:07
Firmware: J-Link ARM V8 compiled Jun 19 2012 11:29:30
Hardware: V8.00
S/N : 286370559 
Feature(s) : RDI,FlashDL,FlashBP,JFlash 
 
* JLink Info: Found SWD-DP with ID 0x1BA01477
* JLink Info: Found SWD-DP with ID 0x1BA01477
* JLink Info: TPIU fitted.
* JLink Info: ETM fitted.
* JLink Info: FPUnit: 6 code (BP) slots and 2 literal slots
* JLink Info: Found Cortex-M3 r1p1, Little endian.
ROMTableAddr = 0xE00FF003
 
Target info:
------------
Device: STM32F103VC
VTarget = 3.267V
State of Pins: 
TCK: 0, TDI: 1, TDO: 0, TMS: 1, TRES: 1, TRST: 1
Hardware-Breakpoints: 6
Software-Breakpoints: 8192
Watchpoints:          4
JTAG speed: 4000 kHz
 
Full Chip Erase Done.
Programming Done.
Verify OK.
Application running ...
Build target 'Target 1'
compiling interrupt.c...
linking...
Program Size: Code=15294 RO-data=410 RW-data=156 ZI-data=1764  
FromELF: creating hex file...
"..\OBJ\SPI.axf" - 0 Error(s), 0 Warning(s).
Load "..\\OBJ\\SPI.AXF" 
* JLink Info: Device "STM32F103VC" selected (256 KB flash, 48 KB RAM).
Set JLink Project File to "F:\Graduate\Git_program\STM32-v1.0\user\JLinkSettings.ini"
 
JLink info:
------------
DLL: V4.50j, compiled Jun 26 2012 09:19:07
Firmware: J-Link ARM V8 compiled Jun 19 2012 11:29:30
Hardware: V8.00
S/N : 286370559 
Feature(s) : RDI,FlashDL,FlashBP,JFlash 
 
* JLink Info: Found SWD-DP with ID 0x1BA01477
* JLink Info: Found SWD-DP with ID 0x1BA01477
* JLink Info: TPIU fitted.
* JLink Info: ETM fitted.
* JLink Info: FPUnit: 6 code (BP) slots and 2 literal slots
* JLink Info: Found Cortex-M3 r1p1, Little endian.
ROMTableAddr = 0xE00FF003
 
Target info:
------------
Device: STM32F103VC
VTarget = 3.267V
State of Pins: 
TCK: 0, TDI: 1, TDO: 0, TMS: 1, TRES: 1, TRST: 1
Hardware-Breakpoints: 6
Software-Breakpoints: 8192
Watchpoints:          4
JTAG speed: 4000 kHz
 
Full Chip Erase Done.
Programming Done.
Verify OK.
Application running ...
Build target 'Target 1'
compiling main.c...
main.c(38): warning:  #9-D: nested comment is not allowed
main.c(53): error: At end of source:  #67: expected a "}"
Target not created
Load "..\\OBJ\\SPI.AXF" 
_____^
*** error 56: cannot open file
Build target 'Target 1'
compiling main.c...
linking...
Program Size: Code=15214 RO-data=410 RW-data=156 ZI-data=1764  
FromELF: creating hex file...
"..\OBJ\SPI.axf" - 0 Error(s), 0 Warning(s).
Load "..\\OBJ\\SPI.AXF" 
* JLink Info: Device "STM32F103VC" selected (256 KB flash, 48 KB RAM).
Set JLink Project File to "F:\Graduate\Git_program\STM32-v1.0\user\JLinkSettings.ini"
 
JLink info:
------------
DLL: V4.50j, compiled Jun 26 2012 09:19:07
Firmware: J-Link ARM V8 compiled Jun 19 2012 11:29:30
Hardware: V8.00
S/N : 286370559 
Feature(s) : RDI,FlashDL,FlashBP,JFlash 
 
* JLink Info: Found SWD-DP with ID 0x1BA01477
* JLink Info: Found SWD-DP with ID 0x1BA01477
* JLink Info: TPIU fitted.
* JLink Info: ETM fitted.
* JLink Info: FPUnit: 6 code (BP) slots and 2 literal slots
* JLink Info: Found Cortex-M3 r1p1, Little endian.
ROMTableAddr = 0xE00FF003
 
Target info:
------------
Device: STM32F103VC
VTarget = 3.267V
State of Pins: 
TCK: 0, TDI: 1, TDO: 0, TMS: 1, TRES: 1, TRST: 1
Hardware-Breakpoints: 6
Software-Breakpoints: 8192
Watchpoints:          4
JTAG speed: 4000 kHz
 
Full Chip Erase Done.
Programming Done.
Verify OK.
Application running ...
Build target 'Target 1'
compiling led.c...
compiling key.c...
compiling spi.c...
compiling A7139.c...
..\hardware\A7139\A7139.c(96): warning:  #177-D: variable "i" was declared but never referenced
..\hardware\A7139\A7139.c(748): error:  #127: expected a statement
compiling A7139_CONFIG.c...
compiling interrupt.c...
compiling sys.c...
compiling main.c...
compiling beacon.c...
compiling ProcessEvent.c...
compiling scan.c...
Target not created
Build target 'Target 1'
compiling A7139.c...
..\hardware\A7139\A7139.c(96): warning:  #177-D: variable "i" was declared but never referenced
..\hardware\A7139\A7139.c(748): error:  #127: expected a statement
compiling interrupt.c...
Target not created
Build target 'Target 1'
compiling A7139.c...
..\hardware\A7139\A7139.c(96): warning:  #177-D: variable "i" was declared but never referenced
linking...
Program Size: Code=15234 RO-data=410 RW-data=156 ZI-data=1764  
FromELF: creating hex file...
"..\OBJ\SPI.axf" - 0 Error(s), 1 Warning(s).
Build target 'Target 1'
compiling A7139_CONFIG.c...
compiling interrupt.c...
compiling main.c...
linking...
Program Size: Code=15198 RO-data=410 RW-data=156 ZI-data=1764  
FromELF: creating hex file...
"..\OBJ\SPI.axf" - 0 Error(s), 0 Warning(s).
Load "..\\OBJ\\SPI.AXF" 
* JLink Info: Device "STM32F103VC" selected (256 KB flash, 48 KB RAM).
Set JLink Project File to "F:\Graduate\Git_program\STM32-v1.0\user\JLinkSettings.ini"
 
JLink info:
------------
DLL: V4.50j, compiled Jun 26 2012 09:19:07
Firmware: J-Link ARM V8 compiled Jun 19 2012 11:29:30
Hardware: V8.00
S/N : 286370559 
Feature(s) : RDI,FlashDL,FlashBP,JFlash 
 
* JLink Info: Found SWD-DP with ID 0x1BA01477
* JLink Info: Found SWD-DP with ID 0x1BA01477
* JLink Info: TPIU fitted.
* JLink Info: ETM fitted.
* JLink Info: FPUnit: 6 code (BP) slots and 2 literal slots
* JLink Info: Found Cortex-M3 r1p1, Little endian.
ROMTableAddr = 0xE00FF003
 
Target info:
------------
Device: STM32F103VC
VTarget = 3.267V
State of Pins: 
TCK: 0, TDI: 1, TDO: 0, TMS: 1, TRES: 1, TRST: 1
Hardware-Breakpoints: 6
Software-Breakpoints: 8192
Watchpoints:          4
JTAG speed: 4000 kHz
 
Full Chip Erase Done.
Programming Done.
Verify OK.
Application running ...
Build target 'Target 1'
compiling led.c...
compiling key.c...
compiling spi.c...
compiling A7139.c...
..\hardware\A7139\A7139.c(96): warning:  #177-D: variable "i" was declared but never referenced
compiling A7139_CONFIG.c...
compiling interrupt.c...
compiling sys.c...
compiling main.c...
compiling beacon.c...
compiling ProcessEvent.c...
compiling scan.c...
linking...
Program Size: Code=15214 RO-data=410 RW-data=156 ZI-data=1764  
FromELF: creating hex file...
"..\OBJ\SPI.axf" - 0 Error(s), 1 Warning(s).
Load "..\\OBJ\\SPI.AXF" 
* JLink Info: Device "STM32F103VC" selected (256 KB flash, 48 KB RAM).
Set JLink Project File to "F:\Graduate\Git_program\STM32-v1.0\user\JLinkSettings.ini"
 
JLink info:
------------
DLL: V4.50j, compiled Jun 26 2012 09:19:07
Firmware: J-Link ARM V8 compiled Jun 19 2012 11:29:30
Hardware: V8.00
S/N : 286370559 
Feature(s) : RDI,FlashDL,FlashBP,JFlash 
 
* JLink Info: Found SWD-DP with ID 0x1BA01477
* JLink Info: Found SWD-DP with ID 0x1BA01477
* JLink Info: TPIU fitted.
* JLink Info: ETM fitted.
* JLink Info: FPUnit: 6 code (BP) slots and 2 literal slots
* JLink Info: Found Cortex-M3 r1p1, Little endian.
ROMTableAddr = 0xE00FF003
 
Target info:
------------
Device: STM32F103VC
VTarget = 3.267V
State of Pins: 
TCK: 0, TDI: 1, TDO: 0, TMS: 1, TRES: 1, TRST: 1
Hardware-Breakpoints: 6
Software-Breakpoints: 8192
Watchpoints:          4
JTAG speed: 4000 kHz
 
Full Chip Erase Done.
Programming Done.
Verify OK.
Application running ...
Build target 'Target 1'
compiling led.c...
compiling key.c...
compiling spi.c...
compiling A7139.c...
..\hardware\A7139\A7139.c(96): warning:  #177-D: variable "i" was declared but never referenced
compiling A7139_CONFIG.c...
compiling interrupt.c...
compiling sys.c...
compiling main.c...
compiling beacon.c...
compiling ProcessEvent.c...
compiling scan.c...
linking...
Program Size: Code=15462 RO-data=410 RW-data=168 ZI-data=1760  
FromELF: creating hex file...
"..\OBJ\SPI.axf" - 0 Error(s), 1 Warning(s).
Load "..\\OBJ\\SPI.AXF" 
* JLink Info: Device "STM32F103VC" selected (256 KB flash, 48 KB RAM).
Set JLink Project File to "F:\Graduate\Git_program\STM32-v1.0\user\JLinkSettings.ini"
 
JLink info:
------------
DLL: V4.50j, compiled Jun 26 2012 09:19:07
Firmware: J-Link ARM V8 compiled Jun 19 2012 11:29:30
Hardware: V8.00
S/N : 286370559 
Feature(s) : RDI,FlashDL,FlashBP,JFlash 
 
* JLink Info: Found SWD-DP with ID 0x1BA01477
* JLink Info: Found SWD-DP with ID 0x1BA01477
* JLink Info: TPIU fitted.
* JLink Info: ETM fitted.
* JLink Info: FPUnit: 6 code (BP) slots and 2 literal slots
* JLink Info: Found Cortex-M3 r1p1, Little endian.
ROMTableAddr = 0xE00FF003
 
Target info:
------------
Device: STM32F103VC
VTarget = 3.293V
State of Pins: 
TCK: 0, TDI: 1, TDO: 0, TMS: 1, TRES: 1, TRST: 1
Hardware-Breakpoints: 6
Software-Breakpoints: 8192
Watchpoints:          4
JTAG speed: 4000 kHz
 
Full Chip Erase Done.
Programming Done.
Verify OK.
Application running ...
Build target 'Target 1'
compiling led.c...
compiling key.c...
compiling spi.c...
compiling A7139.c...
..\hardware\A7139\A7139.c(96): warning:  #177-D: variable "i" was declared but never referenced
compiling A7139_CONFIG.c...
compiling interrupt.c...
compiling sys.c...
compiling main.c...
compiling beacon.c...
compiling ProcessEvent.c...
compiling scan.c...
linking...
Program Size: Code=15462 RO-data=410 RW-data=168 ZI-data=1760  
FromELF: creating hex file...
"..\OBJ\SPI.axf" - 0 Error(s), 1 Warning(s).
Build target 'Target 1'
compiling main.c...
linking...
Program Size: Code=15438 RO-data=410 RW-data=168 ZI-data=1696  
FromELF: creating hex file...
"..\OBJ\SPI.axf" - 0 Error(s), 0 Warning(s).
Build target 'Target 1'
compiling A7139.c...
..\hardware\A7139\A7139.c(97): warning:  #177-D: variable "i" was declared but never referenced
compiling main.c...
compiling beacon.c...
linking...
Program Size: Code=15442 RO-data=410 RW-data=168 ZI-data=1696  
FromELF: creating hex file...
"..\OBJ\SPI.axf" - 0 Error(s), 1 Warning(s).
Build target 'Target 1'
compiling A7139.c...
..\hardware\A7139\A7139.c(98): warning:  #177-D: variable "i" was declared but never referenced
linking...
Program Size: Code=15434 RO-data=410 RW-data=88 ZI-data=1696  
FromELF: creating hex file...
"..\OBJ\SPI.axf" - 0 Error(s), 1 Warning(s).
Build target 'Target 1'
compiling beacon.c...
linking...
Program Size: Code=15430 RO-data=410 RW-data=88 ZI-data=1696  
FromELF: creating hex file...
"..\OBJ\SPI.axf" - 0 Error(s), 0 Warning(s).
Build target 'Target 1'
linking...
Program Size: Code=15430 RO-data=410 RW-data=88 ZI-data=1696  
FromELF: creating hex file...
"..\OBJ\SPI.axf" - 0 Error(s), 0 Warning(s).
Load "..\\OBJ\\SPI.AXF" 
* JLink Info: Device "STM32F103VC" selected (256 KB flash, 48 KB RAM).
Set JLink Project File to "F:\Graduate\Git_program\STM32-v1.0\user\JLinkSettings.ini"
 
JLink info:
------------
DLL: V4.50j, compiled Jun 26 2012 09:19:07
Firmware: J-Link ARM V8 compiled Jun 19 2012 11:29:30
Hardware: V8.00
S/N : 286370559 
Feature(s) : RDI,FlashDL,FlashBP,JFlash 
 
* JLink Info: Found SWD-DP with ID 0x1BA01477
* JLink Info: Found SWD-DP with ID 0x1BA01477
* JLink Info: TPIU fitted.
* JLink Info: ETM fitted.
* JLink Info: FPUnit: 6 code (BP) slots and 2 literal slots
* JLink Info: Found Cortex-M3 r1p1, Little endian.
ROMTableAddr = 0xE00FF003
 
Target info:
------------
Device: STM32F103VC
VTarget = 3.267V
State of Pins: 
TCK: 0, TDI: 1, TDO: 0, TMS: 1, TRES: 1, TRST: 1
Hardware-Breakpoints: 6
Software-Breakpoints: 8192
Watchpoints:          4
JTAG speed: 4000 kHz
 
Full Chip Erase Done.
Programming Done.
Verify OK.
Application running ...
Build target 'Target 1'
compiling interrupt.c...
linking...
Program Size: Code=15434 RO-data=410 RW-data=88 ZI-data=1696  
FromELF: creating hex file...
"..\OBJ\SPI.axf" - 0 Error(s), 0 Warning(s).
Load "..\\OBJ\\SPI.AXF" 
* JLink Info: Device "STM32F103VC" selected (256 KB flash, 48 KB RAM).
Set JLink Project File to "F:\Graduate\Git_program\STM32-v1.0\user\JLinkSettings.ini"
 
JLink info:
------------
DLL: V4.50j, compiled Jun 26 2012 09:19:07
Firmware: J-Link ARM V8 compiled Jun 19 2012 11:29:30
Hardware: V8.00
S/N : 286370559 
Feature(s) : RDI,FlashDL,FlashBP,JFlash 
 
* JLink Info: Found SWD-DP with ID 0x1BA01477
* JLink Info: Found SWD-DP with ID 0x1BA01477
* JLink Info: TPIU fitted.
* JLink Info: ETM fitted.
* JLink Info: FPUnit: 6 code (BP) slots and 2 literal slots
* JLink Info: Found Cortex-M3 r1p1, Little endian.
ROMTableAddr = 0xE00FF003
 
Target info:
------------
Device: STM32F103VC
VTarget = 3.267V
State of Pins: 
TCK: 0, TDI: 1, TDO: 0, TMS: 1, TRES: 1, TRST: 1
Hardware-Breakpoints: 6
Software-Breakpoints: 8192
Watchpoints:          4
JTAG speed: 4000 kHz
 
Full Chip Erase Done.
Programming Done.
Verify OK.
Application running ...
Build target 'Target 1'
compiling beacon.c...
linking...
Program Size: Code=15454 RO-data=410 RW-data=88 ZI-data=1696  
FromELF: creating hex file...
"..\OBJ\SPI.axf" - 0 Error(s), 0 Warning(s).
Load "..\\OBJ\\SPI.AXF" 
* JLink Info: Device "STM32F103VC" selected (256 KB flash, 48 KB RAM).
Set JLink Project File to "F:\Graduate\Git_program\STM32-v1.0\user\JLinkSettings.ini"
 
JLink info:
------------
DLL: V4.50j, compiled Jun 26 2012 09:19:07
Firmware: J-Link ARM V8 compiled Jun 19 2012 11:29:30
Hardware: V8.00
S/N : 286370559 
Feature(s) : RDI,FlashDL,FlashBP,JFlash 
 
* JLink Info: Found SWD-DP with ID 0x1BA01477
* JLink Info: Found SWD-DP with ID 0x1BA01477
* JLink Info: TPIU fitted.
* JLink Info: ETM fitted.
* JLink Info: FPUnit: 6 code (BP) slots and 2 literal slots
* JLink Info: Found Cortex-M3 r1p1, Little endian.
ROMTableAddr = 0xE00FF003
 
Target info:
------------
Device: STM32F103VC
VTarget = 3.267V
State of Pins: 
TCK: 0, TDI: 1, TDO: 0, TMS: 1, TRES: 1, TRST: 1
Hardware-Breakpoints: 6
Software-Breakpoints: 8192
Watchpoints:          4
JTAG speed: 4000 kHz
 
Full Chip Erase Done.
Programming Done.
Verify OK.
Application running ...
Build target 'Target 1'
compiling beacon.c...
linking...
Program Size: Code=15466 RO-data=410 RW-data=88 ZI-data=1696  
FromELF: creating hex file...
"..\OBJ\SPI.axf" - 0 Error(s), 0 Warning(s).
Load "..\\OBJ\\SPI.AXF" 
* JLink Info: Device "STM32F103VC" selected (256 KB flash, 48 KB RAM).
Set JLink Project File to "F:\Graduate\Git_program\STM32-v1.0\user\JLinkSettings.ini"
 
JLink info:
------------
DLL: V4.50j, compiled Jun 26 2012 09:19:07
Firmware: J-Link ARM V8 compiled Jun 19 2012 11:29:30
Hardware: V8.00
S/N : 286370559 
Feature(s) : RDI,FlashDL,FlashBP,JFlash 
 
* JLink Info: Found SWD-DP with ID 0x1BA01477
* JLink Info: Found SWD-DP with ID 0x1BA01477
* JLink Info: TPIU fitted.
* JLink Info: ETM fitted.
* JLink Info: FPUnit: 6 code (BP) slots and 2 literal slots
* JLink Info: Found Cortex-M3 r1p1, Little endian.
ROMTableAddr = 0xE00FF003
 
Target info:
------------
Device: STM32F103VC
VTarget = 3.267V
State of Pins: 
TCK: 0, TDI: 1, TDO: 0, TMS: 1, TRES: 1, TRST: 1
Hardware-Breakpoints: 6
Software-Breakpoints: 8192
Watchpoints:          4
JTAG speed: 4000 kHz
 
Full Chip Erase Done.
Programming Done.
Verify OK.
Application running ...
Build target 'Target 1'
compiling beacon.c...
linking...
Program Size: Code=15474 RO-data=410 RW-data=88 ZI-data=1696  
FromELF: creating hex file...
"..\OBJ\SPI.axf" - 0 Error(s), 0 Warning(s).
Load "..\\OBJ\\SPI.AXF" 
* JLink Info: Device "STM32F103VC" selected (256 KB flash, 48 KB RAM).
Set JLink Project File to "F:\Graduate\Git_program\STM32-v1.0\user\JLinkSettings.ini"
 
JLink info:
------------
DLL: V4.50j, compiled Jun 26 2012 09:19:07
Firmware: J-Link ARM V8 compiled Jun 19 2012 11:29:30
Hardware: V8.00
S/N : 286370559 
Feature(s) : RDI,FlashDL,FlashBP,JFlash 
 
* JLink Info: Found SWD-DP with ID 0x1BA01477
* JLink Info: Found SWD-DP with ID 0x1BA01477
* JLink Info: TPIU fitted.
* JLink Info: ETM fitted.
* JLink Info: FPUnit: 6 code (BP) slots and 2 literal slots
* JLink Info: Found Cortex-M3 r1p1, Little endian.
ROMTableAddr = 0xE00FF003
 
Target info:
------------
Device: STM32F103VC
VTarget = 3.267V
State of Pins: 
TCK: 0, TDI: 1, TDO: 0, TMS: 1, TRES: 1, TRST: 1
Hardware-Breakpoints: 6
Software-Breakpoints: 8192
Watchpoints:          4
JTAG speed: 4000 kHz
 
Full Chip Erase Done.
Programming Done.
Verify OK.
Application running ...
Build target 'Target 1'
compiling A7139.c...
..\hardware\A7139\A7139.c(98): warning:  #177-D: variable "i" was declared but never referenced
compiling sys.c...
compiling main.c...
linking...
Program Size: Code=15474 RO-data=410 RW-data=88 ZI-data=1696  
FromELF: creating hex file...
"..\OBJ\SPI.axf" - 0 Error(s), 1 Warning(s).
Load "..\\OBJ\\SPI.AXF" 
* JLink Info: Device "STM32F103VC" selected (256 KB flash, 48 KB RAM).
Set JLink Project File to "F:\Graduate\Git_program\STM32-v1.0\user\JLinkSettings.ini"
 
JLink info:
------------
DLL: V4.50j, compiled Jun 26 2012 09:19:07
Firmware: J-Link ARM V8 compiled Jun 19 2012 11:29:30
Hardware: V8.00
S/N : 286370559 
Feature(s) : RDI,FlashDL,FlashBP,JFlash 
 
* JLink Info: Found SWD-DP with ID 0x1BA01477
* JLink Info: Found SWD-DP with ID 0x1BA01477
* JLink Info: TPIU fitted.
* JLink Info: ETM fitted.
* JLink Info: FPUnit: 6 code (BP) slots and 2 literal slots
* JLink Info: Found Cortex-M3 r1p1, Little endian.
ROMTableAddr = 0xE00FF003
 
Target info:
------------
Device: STM32F103VC
VTarget = 3.293V
State of Pins: 
TCK: 0, TDI: 1, TDO: 0, TMS: 1, TRES: 1, TRST: 1
Hardware-Breakpoints: 6
Software-Breakpoints: 8192
Watchpoints:          4
JTAG speed: 4000 kHz
 
Full Chip Erase Done.
Programming Done.
Verify OK.
Application running ...
Build target 'Target 1'
compiling sys.c...
linking...
Program Size: Code=15474 RO-data=410 RW-data=88 ZI-data=1696  
FromELF: creating hex file...
"..\OBJ\SPI.axf" - 0 Error(s), 0 Warning(s).
Load "..\\OBJ\\SPI.AXF" 
* JLink Info: Device "STM32F103VC" selected (256 KB flash, 48 KB RAM).
Set JLink Project File to "F:\Graduate\Git_program\STM32-v1.0\user\JLinkSettings.ini"
 
JLink info:
------------
DLL: V4.50j, compiled Jun 26 2012 09:19:07
Firmware: J-Link ARM V8 compiled Jun 19 2012 11:29:30
Hardware: V8.00
S/N : 286370559 
Feature(s) : RDI,FlashDL,FlashBP,JFlash 
 
* JLink Info: Found SWD-DP with ID 0x1BA01477
* JLink Info: Found SWD-DP with ID 0x1BA01477
* JLink Info: TPIU fitted.
* JLink Info: ETM fitted.
* JLink Info: FPUnit: 6 code (BP) slots and 2 literal slots
* JLink Info: Found Cortex-M3 r1p1, Little endian.
ROMTableAddr = 0xE00FF003
 
Target info:
------------
Device: STM32F103VC
VTarget = 3.293V
State of Pins: 
TCK: 0, TDI: 1, TDO: 0, TMS: 1, TRES: 1, TRST: 1
Hardware-Breakpoints: 6
Software-Breakpoints: 8192
Watchpoints:          4
JTAG speed: 4000 kHz
 
Full Chip Erase Done.
Programming Done.
Verify OK.
Application running ...
Build target 'Target 1'
linking...
Program Size: Code=15474 RO-data=410 RW-data=88 ZI-data=1696  
FromELF: creating hex file...
"..\OBJ\SPI.axf" - 0 Error(s), 0 Warning(s).
Load "..\\OBJ\\SPI.AXF" 
* JLink Info: Device "STM32F103VC" selected (256 KB flash, 48 KB RAM).
Set JLink Project File to "F:\Graduate\Git_program\STM32-v1.0\user\JLinkSettings.ini"
 
JLink info:
------------
DLL: V4.50j, compiled Jun 26 2012 09:19:07
Firmware: J-Link ARM V8 compiled Jun 19 2012 11:29:30
Hardware: V8.00
S/N : 286370559 
Feature(s) : RDI,FlashDL,FlashBP,JFlash 
 
* JLink Info: Found SWD-DP with ID 0x1BA01477
* JLink Info: Found SWD-DP with ID 0x1BA01477
* JLink Info: TPIU fitted.
* JLink Info: ETM fitted.
* JLink Info: FPUnit: 6 code (BP) slots and 2 literal slots
* JLink Info: Found Cortex-M3 r1p1, Little endian.
ROMTableAddr = 0xE00FF003
 
Target info:
------------
Device: STM32F103VC
VTarget = 3.267V
State of Pins: 
TCK: 0, TDI: 1, TDO: 0, TMS: 1, TRES: 1, TRST: 1
Hardware-Breakpoints: 6
Software-Breakpoints: 8192
Watchpoints:          4
JTAG speed: 4000 kHz
 
Full Chip Erase Done.
Programming Done.
Verify OK.
Application running ...
Build target 'Target 1'
linking...
Program Size: Code=15474 RO-data=410 RW-data=88 ZI-data=1696  
FromELF: creating hex file...
"..\OBJ\SPI.axf" - 0 Error(s), 0 Warning(s).
Load "..\\OBJ\\SPI.AXF" 
* JLink Info: Device "STM32F103VC" selected (256 KB flash, 48 KB RAM).
Set JLink Project File to "F:\Graduate\Git_program\STM32-v1.0\user\JLinkSettings.ini"
 
JLink info:
------------
DLL: V4.50j, compiled Jun 26 2012 09:19:07
Firmware: J-Link ARM V8 compiled Jun 19 2012 11:29:30
Hardware: V8.00
S/N : 286370559 
Feature(s) : RDI,FlashDL,FlashBP,JFlash 
 
* JLink Info: Found SWD-DP with ID 0x1BA01477
* JLink Info: Found SWD-DP with ID 0x1BA01477
* JLink Info: TPIU fitted.
* JLink Info: ETM fitted.
* JLink Info: FPUnit: 6 code (BP) slots and 2 literal slots
* JLink Info: Found Cortex-M3 r1p1, Little endian.
ROMTableAddr = 0xE00FF003
 
Target info:
------------
Device: STM32F103VC
VTarget = 3.293V
State of Pins: 
TCK: 0, TDI: 1, TDO: 0, TMS: 1, TRES: 1, TRST: 1
Hardware-Breakpoints: 6
Software-Breakpoints: 8192
Watchpoints:          4
JTAG speed: 4000 kHz
 
Full Chip Erase Done.
Programming Done.
Verify OK.
Application running ...
Build target 'Target 1'
compiling sys.c...
linking...
Program Size: Code=15474 RO-data=410 RW-data=88 ZI-data=1696  
FromELF: creating hex file...
"..\OBJ\SPI.axf" - 0 Error(s), 0 Warning(s).
Load "..\\OBJ\\SPI.AXF" 
* JLink Info: Device "STM32F103VC" selected (256 KB flash, 48 KB RAM).
Set JLink Project File to "F:\Graduate\Git_program\STM32-v1.0\user\JLinkSettings.ini"
 
JLink info:
------------
DLL: V4.50j, compiled Jun 26 2012 09:19:07
Firmware: J-Link ARM V8 compiled Jun 19 2012 11:29:30
Hardware: V8.00
S/N : 286370559 
Feature(s) : RDI,FlashDL,FlashBP,JFlash 
 
* JLink Info: Found SWD-DP with ID 0x1BA01477
* JLink Info: Found SWD-DP with ID 0x1BA01477
* JLink Info: TPIU fitted.
* JLink Info: ETM fitted.
* JLink Info: FPUnit: 6 code (BP) slots and 2 literal slots
* JLink Info: Found Cortex-M3 r1p1, Little endian.
ROMTableAddr = 0xE00FF003
 
Target info:
------------
Device: STM32F103VC
VTarget = 3.293V
State of Pins: 
TCK: 0, TDI: 1, TDO: 0, TMS: 1, TRES: 1, TRST: 1
Hardware-Breakpoints: 6
Software-Breakpoints: 8192
Watchpoints:          4
JTAG speed: 4000 kHz
 
Full Chip Erase Done.
Programming Done.
Verify OK.
Application running ...
Build target 'Target 1'
compiling sys.c...
linking...
Program Size: Code=15474 RO-data=410 RW-data=88 ZI-data=1696  
FromELF: creating hex file...
"..\OBJ\SPI.axf" - 0 Error(s), 0 Warning(s).
Load "..\\OBJ\\SPI.AXF" 
* JLink Info: Device "STM32F103VC" selected (256 KB flash, 48 KB RAM).
Set JLink Project File to "F:\Graduate\Git_program\STM32-v1.0\user\JLinkSettings.ini"
 
JLink info:
------------
DLL: V4.50j, compiled Jun 26 2012 09:19:07
Firmware: J-Link ARM V8 compiled Jun 19 2012 11:29:30
Hardware: V8.00
S/N : 286370559 
Feature(s) : RDI,FlashDL,FlashBP,JFlash 
 
* JLink Info: Found SWD-DP with ID 0x1BA01477
* JLink Info: Found SWD-DP with ID 0x1BA01477
* JLink Info: TPIU fitted.
* JLink Info: ETM fitted.
* JLink Info: FPUnit: 6 code (BP) slots and 2 literal slots
* JLink Info: Found Cortex-M3 r1p1, Little endian.
ROMTableAddr = 0xE00FF003
 
Target info:
------------
Device: STM32F103VC
VTarget = 3.293V
State of Pins: 
TCK: 0, TDI: 1, TDO: 0, TMS: 1, TRES: 1, TRST: 1
Hardware-Breakpoints: 6
Software-Breakpoints: 8192
Watchpoints:          4
JTAG speed: 4000 kHz
 
Full Chip Erase Done.
Programming Done.
Verify OK.
Application running ...
Build target 'Target 1'
compiling led.c...
compiling key.c...
compiling spi.c...
compiling A7139.c...
..\hardware\A7139\A7139.c(98): warning:  #177-D: variable "i" was declared but never referenced
compiling A7139_CONFIG.c...
compiling interrupt.c...
compiling sys.c...
compiling main.c...
compiling beacon.c...
compiling ProcessEvent.c...
compiling scan.c...
linking...
Program Size: Code=15474 RO-data=410 RW-data=88 ZI-data=1696  
FromELF: creating hex file...
"..\OBJ\SPI.axf" - 0 Error(s), 1 Warning(s).
Build target 'Target 1'
compiling sys.c...
linking...
Program Size: Code=15474 RO-data=410 RW-data=88 ZI-data=1696  
FromELF: creating hex file...
"..\OBJ\SPI.axf" - 0 Error(s), 0 Warning(s).
Load "..\\OBJ\\SPI.AXF" 
* JLink Info: Device "STM32F103VC" selected (256 KB flash, 48 KB RAM).
Set JLink Project File to "F:\Graduate\Git_program\STM32-v1.0\user\JLinkSettings.ini"
 
JLink info:
------------
DLL: V4.50j, compiled Jun 26 2012 09:19:07
Firmware: J-Link ARM V8 compiled Jun 19 2012 11:29:30
Hardware: V8.00
S/N : 286370559 
Feature(s) : RDI,FlashDL,FlashBP,JFlash 
 
* JLink Info: Found SWD-DP with ID 0x1BA01477
* JLink Info: Found SWD-DP with ID 0x1BA01477
* JLink Info: TPIU fitted.
* JLink Info: ETM fitted.
* JLink Info: FPUnit: 6 code (BP) slots and 2 literal slots
* JLink Info: Found Cortex-M3 r1p1, Little endian.
ROMTableAddr = 0xE00FF003
 
Target info:
------------
Device: STM32F103VC
VTarget = 3.533V
State of Pins: 
TCK: 0, TDI: 1, TDO: 0, TMS: 1, TRES: 1, TRST: 1
Hardware-Breakpoints: 6
Software-Breakpoints: 8192
Watchpoints:          4
JTAG speed: 4000 kHz
 
Full Chip Erase Done.
Programming Done.
Verify OK.
Application running ...
Build target 'Target 1'
compiling led.c...
compiling key.c...
compiling spi.c...
compiling A7139.c...
..\hardware\A7139\A7139.c(98): warning:  #177-D: variable "i" was declared but never referenced
compiling A7139_CONFIG.c...
compiling interrupt.c...
compiling sys.c...
compiling main.c...
compiling beacon.c...
compiling ProcessEvent.c...
compiling scan.c...
linking...
Program Size: Code=15474 RO-data=410 RW-data=88 ZI-data=1656  
FromELF: creating hex file...
"..\OBJ\SPI.axf" - 0 Error(s), 1 Warning(s).
Load "..\\OBJ\\SPI.AXF" 
* JLink Info: Device "STM32F103VC" selected (256 KB flash, 48 KB RAM).
Set JLink Project File to "F:\Graduate\Git_program\STM32-v1.0\user\JLinkSettings.ini"
 
JLink info:
------------
DLL: V4.50j, compiled Jun 26 2012 09:19:07
Firmware: J-Link ARM V8 compiled Jun 19 2012 11:29:30
Hardware: V8.00
S/N : 286370559 
Feature(s) : RDI,FlashDL,FlashBP,JFlash 
 
* JLink Info: Found SWD-DP with ID 0x1BA01477
* JLink Info: Found SWD-DP with ID 0x1BA01477
* JLink Info: TPIU fitted.
* JLink Info: ETM fitted.
* JLink Info: FPUnit: 6 code (BP) slots and 2 literal slots
* JLink Info: Found Cortex-M3 r1p1, Little endian.
ROMTableAddr = 0xE00FF003
 
Target info:
------------
Device: STM32F103VC
VTarget = 3.545V
State of Pins: 
TCK: 0, TDI: 1, TDO: 0, TMS: 1, TRES: 1, TRST: 1
Hardware-Breakpoints: 6
Software-Breakpoints: 8192
Watchpoints:          4
JTAG speed: 4000 kHz
 
Full Chip Erase Done.
Programming Done.
Verify OK.
Application running ...
Build target 'Target 1'
compiling main.c...
linking...
Program Size: Code=15470 RO-data=410 RW-data=88 ZI-data=1656  
FromELF: creating hex file...
"..\OBJ\SPI.axf" - 0 Error(s), 0 Warning(s).
Load "..\\OBJ\\SPI.AXF" 
* JLink Info: Device "STM32F103VC" selected (256 KB flash, 48 KB RAM).
Set JLink Project File to "F:\Graduate\Git_program\STM32-v1.0\user\JLinkSettings.ini"
 
JLink info:
------------
DLL: V4.50j, compiled Jun 26 2012 09:19:07
Firmware: J-Link ARM V8 compiled Jun 19 2012 11:29:30
Hardware: V8.00
S/N : 286370559 
Feature(s) : RDI,FlashDL,FlashBP,JFlash 
 
* JLink Info: Found SWD-DP with ID 0x1BA01477
* JLink Info: Found SWD-DP with ID 0x1BA01477
* JLink Info: TPIU fitted.
* JLink Info: ETM fitted.
* JLink Info: FPUnit: 6 code (BP) slots and 2 literal slots
* JLink Info: Found Cortex-M3 r1p1, Little endian.
ROMTableAddr = 0xE00FF003
 
Target info:
------------
Device: STM32F103VC
VTarget = 3.545V
State of Pins: 
TCK: 0, TDI: 1, TDO: 0, TMS: 1, TRES: 1, TRST: 1
Hardware-Breakpoints: 6
Software-Breakpoints: 8192
Watchpoints:          4
JTAG speed: 4000 kHz
 
Full Chip Erase Done.
Programming Done.
Verify OK.
Application running ...
Build target 'Target 1'
compiling main.c...
linking...
Program Size: Code=15474 RO-data=410 RW-data=88 ZI-data=1656  
FromELF: creating hex file...
"..\OBJ\SPI.axf" - 0 Error(s), 0 Warning(s).
Load "..\\OBJ\\SPI.AXF" 
* JLink Info: Device "STM32F103VC" selected (256 KB flash, 48 KB RAM).
Set JLink Project File to "F:\Graduate\Git_program\STM32-v1.0\user\JLinkSettings.ini"
 
JLink info:
------------
DLL: V4.50j, compiled Jun 26 2012 09:19:07
Firmware: J-Link ARM V8 compiled Jun 19 2012 11:29:30
Hardware: V8.00
S/N : 286370559 
Feature(s) : RDI,FlashDL,FlashBP,JFlash 
 
* JLink Info: Found SWD-DP with ID 0x1BA01477
* JLink Info: Found SWD-DP with ID 0x1BA01477
* JLink Info: TPIU fitted.
* JLink Info: ETM fitted.
* JLink Info: FPUnit: 6 code (BP) slots and 2 literal slots
* JLink Info: Found Cortex-M3 r1p1, Little endian.
ROMTableAddr = 0xE00FF003
 
Target info:
------------
Device: STM32F103VC
VTarget = 3.545V
State of Pins: 
TCK: 0, TDI: 1, TDO: 0, TMS: 1, TRES: 1, TRST: 1
Hardware-Breakpoints: 6
Software-Breakpoints: 8192
Watchpoints:          4
JTAG speed: 4000 kHz
 
Full Chip Erase Done.
Programming Done.
Verify OK.
Application running ...
Build target 'Target 1'
compiling led.c...
..\HARDWARE\A7139\A7139.h(90): warning:  #1295-D: Deprecated declaration RXMode - give arg types
compiling key.c...
..\HARDWARE\A7139\A7139.h(90): warning:  #1295-D: Deprecated declaration RXMode - give arg types
compiling spi.c...
..\HARDWARE\A7139\A7139.h(90): warning:  #1295-D: Deprecated declaration RXMode - give arg types
compiling A7139.c...
..\HARDWARE\A7139\A7139.h(90): warning:  #1295-D: Deprecated declaration RXMode - give arg types
..\hardware\A7139\A7139.c(98): warning:  #177-D: variable "i" was declared but never referenced
compiling A7139_CONFIG.c...
..\HARDWARE\A7139\A7139.h(90): warning:  #1295-D: Deprecated declaration RXMode - give arg types
compiling interrupt.c...
..\HARDWARE\A7139\A7139.h(90): warning:  #1295-D: Deprecated declaration RXMode - give arg types
compiling sys.c...
..\HARDWARE\A7139\A7139.h(90): warning:  #1295-D: Deprecated declaration RXMode - give arg types
compiling main.c...
..\HARDWARE\A7139\A7139.h(90): warning:  #1295-D: Deprecated declaration RXMode - give arg types
compiling beacon.c...
..\HARDWARE\A7139\A7139.h(90): warning:  #1295-D: Deprecated declaration RXMode - give arg types
compiling ProcessEvent.c...
..\HARDWARE\A7139\A7139.h(90): warning:  #1295-D: Deprecated declaration RXMode - give arg types
compiling scan.c...
..\HARDWARE\A7139\A7139.h(90): warning:  #1295-D: Deprecated declaration RXMode - give arg types
linking...
Program Size: Code=15506 RO-data=410 RW-data=88 ZI-data=1656  
FromELF: creating hex file...
"..\OBJ\SPI.axf" - 0 Error(s), 12 Warning(s).
Build target 'Target 1'
compiling led.c...
compiling key.c...
compiling spi.c...
compiling A7139.c...
..\hardware\A7139\A7139.c(98): warning:  #177-D: variable "i" was declared but never referenced
compiling A7139_CONFIG.c...
compiling interrupt.c...
compiling sys.c...
compiling main.c...
compiling beacon.c...
compiling ProcessEvent.c...
compiling scan.c...
linking...
Program Size: Code=15506 RO-data=410 RW-data=88 ZI-data=1656  
FromELF: creating hex file...
"..\OBJ\SPI.axf" - 0 Error(s), 1 Warning(s).
Load "..\\OBJ\\SPI.AXF" 
* JLink Info: Device "STM32F103VC" selected (256 KB flash, 48 KB RAM).
Set JLink Project File to "F:\Graduate\Git_program\STM32-v1.0\user\JLinkSettings.ini"
 
JLink info:
------------
DLL: V4.50j, compiled Jun 26 2012 09:19:07
Firmware: J-Link ARM V8 compiled Jun 19 2012 11:29:30
Hardware: V8.00
S/N : 286370559 
Feature(s) : RDI,FlashDL,FlashBP,JFlash 
 
* JLink Info: Found SWD-DP with ID 0x1BA01477
* JLink Info: Found SWD-DP with ID 0x1BA01477
* JLink Info: TPIU fitted.
* JLink Info: ETM fitted.
* JLink Info: FPUnit: 6 code (BP) slots and 2 literal slots
* JLink Info: Found Cortex-M3 r1p1, Little endian.
ROMTableAddr = 0xE00FF003
 
Target info:
------------
Device: STM32F103VC
VTarget = 3.545V
State of Pins: 
TCK: 0, TDI: 1, TDO: 0, TMS: 1, TRES: 1, TRST: 1
Hardware-Breakpoints: 6
Software-Breakpoints: 8192
Watchpoints:          4
JTAG speed: 4000 kHz
 
Full Chip Erase Done.
Programming Done.
Verify OK.
Application running ...
Build target 'Target 1'
compiling led.c...
compiling key.c...
compiling spi.c...
compiling A7139.c...
..\hardware\A7139\A7139.c(98): warning:  #177-D: variable "i" was declared but never referenced
compiling A7139_CONFIG.c...
compiling interrupt.c...
compiling sys.c...
compiling main.c...
compiling beacon.c...
compiling ProcessEvent.c...
compiling join.c...
linking...
Program Size: Code=15506 RO-data=410 RW-data=88 ZI-data=1656  
FromELF: creating hex file...
"..\OBJ\SPI.axf" - 0 Error(s), 1 Warning(s).
