ARM Linker, 4.1 [Build 894] [Standard]

==============================================================================

Section Cross References

    system_stm32f10x.o(.text) refers to system_stm32f10x.o(.data) for SystemCoreClock
    timer.o(.text) refers to stm32f10x_rcc.o(.text) for RCC_APB1PeriphClockCmd
    timer.o(.text) refers to stm32f10x_tim.o(.text) for TIM_TimeBaseInit
    timer.o(.text) refers to misc.o(.text) for NVIC_Init
    led.o(.text) refers to stm32f10x_rcc.o(.text) for RCC_APB2PeriphClockCmd
    led.o(.text) refers to stm32f10x_gpio.o(.text) for GPIO_Init
    key.o(.text) refers to stm32f10x_rcc.o(.text) for RCC_APB2PeriphClockCmd
    key.o(.text) refers to stm32f10x_gpio.o(.text) for GPIO_Init
    key.o(.text) refers to delay.o(.text) for delay_ms
    key.o(.text) refers to key.o(.data) for key_up
    spi.o(.text) refers to stm32f10x_rcc.o(.text) for RCC_APB2PeriphClockCmd
    spi.o(.text) refers to stm32f10x_gpio.o(.text) for GPIO_Init
    spi.o(.text) refers to stm32f10x_spi.o(.text) for SPI_I2S_GetFlagStatus
    spi.o(.text) refers to delay.o(.text) for delay_us
    a7139.o(.text) refers to spi.o(.text) for SPIx_WriteByte
    a7139.o(.text) refers to delay.o(.text) for delay_us
    a7139.o(.text) refers to fdiv.o(x$fpl$fdiv) for __aeabi_fdiv
    a7139.o(.text) refers to ffixu.o(x$fpl$ffixu) for __aeabi_f2uiz
    a7139.o(.text) refers to fflt_clz.o(x$fpl$ffltu) for __aeabi_ui2f
    a7139.o(.text) refers to fmul.o(x$fpl$fmul) for __aeabi_fmul
    a7139.o(.text) refers to faddsub_clz.o(x$fpl$frsb) for __aeabi_frsub
    a7139.o(.text) refers to fleqf.o(x$fpl$fleqf) for __aeabi_cfcmple
    a7139.o(.text) refers to a7139_config.o(.constdata) for A7139Config
    a7139.o(.text) refers to stm32f10x_gpio.o(.text) for GPIO_ReadInputDataBit
    a7139.o(.text) refers to device.o(.bss) for DataSendBuffer
    interrupt.o(.text) refers to stm32f10x_rcc.o(.text) for RCC_APB2PeriphClockCmd
    interrupt.o(.text) refers to stm32f10x_gpio.o(.text) for GPIO_EXTILineConfig
    interrupt.o(.text) refers to stm32f10x_exti.o(.text) for EXTI_Init
    interrupt.o(.text) refers to misc.o(.text) for NVIC_Init
    interrupt.o(.text) refers to a7139.o(.text) for A7139_StrobeCmd
    interrupt.o(.text) refers to delay.o(.text) for delay_us
    interrupt.o(.text) refers to stm32f10x_tim.o(.text) for TIM_ClearITPendingBit
    interrupt.o(.text) refers to beacon.o(.text) for PostBeacon
    interrupt.o(.text) refers to processevent.o(.text) for PostTask
    interrupt.o(.text) refers to noretval__2printf.o(.text) for __2printf
    interrupt.o(.text) refers to device.o(.text) for PackValid
    interrupt.o(.text) refers to device.o(.data) for Frame_Time
    interrupt.o(.text) refers to interrupt.o(.data) for time_out
    interrupt.o(.text) refers to device.o(.bss) for DataRecvBuffer
    delay.o(.text) refers to misc.o(.text) for SysTick_CLKSourceConfig
    delay.o(.text) refers to system_stm32f10x.o(.data) for SystemCoreClock
    delay.o(.text) refers to delay.o(.data) for fac_us
    sys.o(.text) refers to misc.o(.text) for NVIC_PriorityGroupConfig
    sys.o(.text) refers to delay.o(.text) for delay_init
    sys.o(.text) refers to usart.o(.text) for uart_init
    sys.o(.text) refers to led.o(.text) for LED_Init
    sys.o(.text) refers to key.o(.text) for KEY_Init
    sys.o(.text) refers to spi.o(.text) for SPI3_Init
    sys.o(.text) refers to a7139.o(.text) for A7139_Init
    sys.o(.text) refers to timer.o(.text) for TIM3_Int_Init
    sys.o(.text) refers to interrupt.o(.text) for Interrupt_Init
    sys.o(.text) refers to processevent.o(.text) for Init_TQ
    sys.o(.text) refers to upload.o(.text) for Init_Upload_TQ
    usart.o(.text) refers (Special) to use_no_semi_2.o(.text) for __use_no_semihosting
    usart.o(.text) refers to stm32f10x_usart.o(.text) for USART_GetFlagStatus
    usart.o(.text) refers to stm32f10x_rcc.o(.text) for RCC_APB2PeriphClockCmd
    usart.o(.text) refers to stm32f10x_gpio.o(.text) for GPIO_Init
    usart.o(.text) refers to usart.o(.data) for buda
    usart.o(.data) refers (Special) to use_no_semi_2.o(.text) for __use_no_semihosting
    startup_stm32f10x_hd.o(STACK) refers (Special) to heapauxi.o(.text) for __use_two_region_memory
    startup_stm32f10x_hd.o(HEAP) refers (Special) to heapauxi.o(.text) for __use_two_region_memory
    startup_stm32f10x_hd.o(RESET) refers (Special) to heapauxi.o(.text) for __use_two_region_memory
    startup_stm32f10x_hd.o(RESET) refers to startup_stm32f10x_hd.o(STACK) for __initial_sp
    startup_stm32f10x_hd.o(RESET) refers to startup_stm32f10x_hd.o(.text) for Reset_Handler
    startup_stm32f10x_hd.o(RESET) refers to stm32f10x_it.o(.text) for NMI_Handler
    startup_stm32f10x_hd.o(RESET) refers to interrupt.o(.text) for EXTI3_IRQHandler
    startup_stm32f10x_hd.o(RESET) refers to usart.o(.text) for USART1_IRQHandler
    startup_stm32f10x_hd.o(.text) refers (Special) to heapauxi.o(.text) for __use_two_region_memory
[...]
    __raise.o(.text) refers to defsig.o(CL$$defsig) for __default_signal_handler
    defsig_general.o(.text) refers to sys_wrch.o(.text) for _ttywrch
    sys_wrch.o(.text) refers (Special) to use_no_semi.o(.text) for __I$use$semihosting
    sys_wrch.o(.text) refers (Special) to indicate_semi.o(.text) for __semihosting_library_function
    defsig.o(CL$$defsig) refers to defsig_rtmem_inner.o(.text) for __rt_SIGRTMEM_inner
    defsig_abrt_inner.o(.text) refers to defsig_general.o(.text) for __default_signal_display
    defsig_fpe_inner.o(.text) refers to defsig_general.o(.text) for __default_signal_display
    defsig_rtred_inner.o(.text) refers to defsig_general.o(.text) for __default_signal_display
    defsig_stak_inner.o(.text) refers to defsig_general.o(.text) for __default_signal_display
    defsig_pvfn_inner.o(.text) refers to defsig_general.o(.text) for __default_signal_display
    defsig_cppl_inner.o(.text) refers to defsig_general.o(.text) for __default_signal_display
    defsig_segv_inner.o(.text) refers to defsig_general.o(.text) for __default_signal_display
    defsig_other.o(.text) refers to defsig_general.o(.text) for __default_signal_display


==============================================================================

Removing Unused input sections from the image.

    Removing timer.o(.data), (3 bytes).
    Removing a7139.o(.bss), (64 bytes).
    Removing a7139.o(.constdata), (24 bytes).
    Removing a7139.o(.data), (76 bytes).
    Removing core_cm3.o(.emb_text), (32 bytes).
    Removing stm32f10x_fsmc.o(.text), (1560 bytes).
    Removing main.o(.data), (2 bytes).

7 unused section(s) (total 1761 bytes) removed from the image.

==============================================================================

Image Symbol Table

    Local Symbols

    Symbol Name                              Value     Ov Type        Size  Object(Section)

    ../../angel/boardlib.s                   0x00000000   Number         0  boardinit1.o ABSOLUTE
    ../../angel/boardlib.s                   0x00000000   Number         0  boardinit2.o ABSOLUTE
    ../../angel/boardlib.s                   0x00000000   Number         0  boardinit3.o ABSOLUTE
    ../../angel/boardlib.s                   0x00000000   Number         0  boardshut.o ABSOLUTE
    ../../angel/handlers.s                   0x00000000   Number         0  __scatter_copy.o ABSOLUTE
    ../../angel/handlers.s                   0x00000000   Number         0  __scatter_zi.o ABSOLUTE
    ../../angel/kernel.s                     0x00000000   Number         0  rtentry4.o ABSOLUTE
    ../../angel/kernel.s                     0x00000000   Number         0  rtentry.o ABSOLUTE
    ../../angel/kernel.s                     0x00000000   Number         0  rtexit.o ABSOLUTE
    ../../angel/kernel.s                     0x00000000   Number         0  rtentry2.o ABSOLUTE
    ../../angel/kernel.s                     0x00000000   Number         0  rtexit2.o ABSOLUTE
    ../../angel/rt.s                         0x00000000   Number         0  rt_raise.o ABSOLUTE
    ../../angel/rt.s                         0x00000000   Number         0  rt_fp_status_addr.o ABSOLUTE
    ../../angel/rt.s                         0x00000000   Number         0  rt_fp_status_addr_intlibspace.o ABSOLUTE
    ../../angel/scatter.s                    0x00000000   Number         0  __scatter.o ABSOLUTE
    ../../angel/startup.s                    0x00000000   Number         0  __main.o ABSOLUTE
    ../../angel/sys.s                        0x00000000   Number         0  indicate_semi.o ABSOLUTE
    ../../angel/sys.s                        0x00000000   Number         0  use_no_semi_2.o ABSOLUTE
    ../../angel/sys.s                        0x00000000   Number         0  sys_stackheap_outer.o ABSOLUTE
    ../../angel/sys.s                        0x00000000   Number         0  libspace.o ABSOLUTE
    ../../angel/sys.s                        0x00000000   Number         0  use_no_semi.o ABSOLUTE
    ../../angel/sysapp.c                     0x00000000   Number         0  sys_command.o ABSOLUTE
    ../../angel/sysapp.c                     0x00000000   Number         0  sys_wrch.o ABSOLUTE
    ../../armsys.c                           0x00000000   Number         0  _get_argv_nomalloc.o ABSOLUTE
    ../../armsys.c                           0x00000000   Number         0  no_argv.o ABSOLUTE
    ../../armsys.c                           0x00000000   Number         0  argv_veneer.o ABSOLUTE
    ../../armsys.c                           0x00000000   Number         0  argv_veneer.o ABSOLUTE
    ../../faddsub.s                          0x00000000   Number         0  faddsub_clz.o ABSOLUTE
    ../../fcmpi.s                            0x00000000   Number         0  fcmpi.o ABSOLUTE
    ../../fdiv.s                             0x00000000   Number         0  fdiv.o ABSOLUTE
    ../../ffixu.s                            0x00000000   Number         0  ffixu.o ABSOLUTE
    ../../fflt.s                             0x00000000   Number         0  fflt_clz.o ABSOLUTE
    ../../fleqf.s                            0x00000000   Number         0  fleqf.o ABSOLUTE
    ../../fmul.s                             0x00000000   Number         0  fmul.o ABSOLUTE
    ../../fnaninf.s                          0x00000000   Number         0  fnaninf.o ABSOLUTE
    ../../fpinit.s                           0x00000000   Number         0  fpinit.o ABSOLUTE
    ../../fretinf.s                          0x00000000   Number         0  fretinf.o ABSOLUTE
    ../../heapalloc.c                        0x00000000   Number         0  hrguard.o ABSOLUTE
    ../../heapaux.c                          0x00000000   Number         0  heapauxi.o ABSOLUTE
    ../../libinit.s                          0x00000000   Number         0  libinit2.o ABSOLUTE
    ../../libinit.s                          0x00000000   Number         0  libshutdown.o ABSOLUTE
    ../../libinit.s                          0x00000000   Number         0  libshutdown2.o ABSOLUTE
    ../../libinit.s                          0x00000000   Number         0  libinit.o ABSOLUTE
    ../../printf.c                           0x00000000   Number         0  noretval__2printf.o ABSOLUTE
    ../../printf.c                           0x00000000   Number         0  _printf_char_file.o ABSOLUTE
    ../../printf.c                           0x00000000   Number         0  __printf_nopercent.o ABSOLUTE
    ../../printf.c                           0x00000000   Number         0  _printf_char_common.o ABSOLUTE
    ../../printf.c                           0x00000000   Number         0  __2printf.o ABSOLUTE
    ../../signal.c                           0x00000000   Number         0  defsig_fpe_inner.o ABSOLUTE
    ../../signal.c                           0x00000000   Number         0  defsig_rtmem_formal.o ABSOLUTE
    ../../signal.c                           0x00000000   Number         0  defsig_other.o ABSOLUTE
    ../../signal.c                           0x00000000   Number         0  defsig_segv_inner.o ABSOLUTE
    ../../signal.c                           0x00000000   Number         0  defsig_exit.o ABSOLUTE
    ../../signal.c                           0x00000000   Number         0  defsig_rtmem_outer.o ABSOLUTE
    ../../signal.c                           0x00000000   Number         0  defsig_general.o ABSOLUTE
    ../../signal.c                           0x00000000   Number         0  defsig_rtmem_inner.o ABSOLUTE
    ../../signal.c                           0x00000000   Number         0  defsig_abrt_inner.o ABSOLUTE
    ../../signal.c                           0x00000000   Number         0  defsig_pvfn_inner.o ABSOLUTE
    ../../signal.c                           0x00000000   Number         0  __raise.o ABSOLUTE
    ../../signal.c                           0x00000000   Number         0  defsig_stak_inner.o ABSOLUTE
    ../../signal.c                           0x00000000   Number         0  defsig_cppl_inner.o ABSOLUTE
    ../../signal.c                           0x00000000   Number         0  defsig_rtred_inner.o ABSOLUTE
    ../../signal.s                           0x00000000   Number         0  defsig.o ABSOLUTE
    ../../stdio.c                            0x00000000   Number         0  ferror.o ABSOLUTE
    ../../stdio.c                            0x00000000   Number         0  ferror_locked.o ABSOLUTE
    ../../stdlib.c                           0x00000000   Number         0  exit.o ABSOLUTE
    ../../usenofp.s                          0x00000000   Number         0  usenofp.o ABSOLUTE
    ..\CORE\core_cm3.c                       0x00000000   Number         0  core_cm3.o ABSOLUTE
    ..\CORE\startup_stm32f10x_hd.s           0x00000000   Number         0  startup_stm32f10x_hd.o ABSOLUTE
    ..\HARDWARE\KEY\key.c                    0x00000000   Number         0  key.o ABSOLUTE
    ..\HARDWARE\LED\led.c                    0x00000000   Number         0  led.o ABSOLUTE
    ..\HARDWARE\SPI\spi.c                    0x00000000   Number         0  spi.o ABSOLUTE
    ..\HARDWARE\TIMER\timer.c                0x00000000   Number         0  timer.o ABSOLUTE
    ..\STM32F10x_FWLib\src\misc.c            0x00000000   Number         0  misc.o ABSOLUTE
    ..\STM32F10x_FWLib\src\stm32f10x_exti.c  0x00000000   Number         0  stm32f10x_exti.o ABSOLUTE
    ..\STM32F10x_FWLib\src\stm32f10x_fsmc.c  0x00000000   Number         0  stm32f10x_fsmc.o ABSOLUTE
    ..\STM32F10x_FWLib\src\stm32f10x_gpio.c  0x00000000   Number         0  stm32f10x_gpio.o ABSOLUTE
    ..\STM32F10x_FWLib\src\stm32f10x_rcc.c   0x00000000   Number         0  stm32f10x_rcc.o ABSOLUTE
    ..\STM32F10x_FWLib\src\stm32f10x_spi.c   0x00000000   Number         0  stm32f10x_spi.o ABSOLUTE
    ..\STM32F10x_FWLib\src\stm32f10x_tim.c   0x00000000   Number         0  stm32f10x_tim.o ABSOLUTE
    ..\STM32F10x_FWLib\src\stm32f10x_usart.c 0x00000000   Number         0  stm32f10x_usart.o ABSOLUTE
    ..\SYSTEM\delay\delay.c                  0x00000000   Number         0  delay.o ABSOLUTE
    ..\SYSTEM\sys\sys.c                      0x00000000   Number         0  sys.o ABSOLUTE
    ..\SYSTEM\usart\usart.c                  0x00000000   Number         0  usart.o ABSOLUTE
    ..\Schdule\ProcessEvent.c                0x00000000   Number         0  processevent.o ABSOLUTE
    ..\Schdule\beacon.c                      0x00000000   Number         0  beacon.o ABSOLUTE
    ..\Schdule\device.c                      0x00000000   Number         0  device.o ABSOLUTE
    ..\Schdule\join.c                        0x00000000   Number         0  join.o ABSOLUTE
    ..\Schdule\tdma.c                        0x00000000   Number         0  tdma.o ABSOLUTE
    ..\Schdule\upload.c                      0x00000000   Number         0  upload.o ABSOLUTE
    ..\\CORE\\core_cm3.c                     0x00000000   Number         0  core_cm3.o ABSOLUTE
    ..\hardware\A7139\A7139.c                0x00000000   Number         0  a7139.o ABSOLUTE
    ..\hardware\A7139\A7139_CONFIG.c         0x00000000   Number         0  a7139_config.o ABSOLUTE
    ..\hardware\Flash\flash.c                0x00000000   Number         0  flash.o ABSOLUTE
    ..\hardware\interrupt\interrupt.c        0x00000000   Number         0  interrupt.o ABSOLUTE
    dc.s                                     0x00000000   Number         0  dc.o ABSOLUTE
    main.c                                   0x00000000   Number         0  main.o ABSOLUTE
    stm32f10x_it.c                           0x00000000   Number         0  stm32f10x_it.o ABSOLUTE
    system_stm32f10x.c                       0x00000000   Number         0  system_stm32f10x.o ABSOLUTE
    RESET                                    0x08000000   Section      304  startup_stm32f10x_hd.o(RESET)
    !!!main                                  0x08000130   Section        8  __main.o(!!!main)
    !!!scatter                               0x08000138   Section       52  __scatter.o(!!!scatter)
    !!handler_copy                           0x0800016c   Section       26  __scatter_copy.o(!!handler_copy)
    !!handler_zi                             0x08000188   Section       28  __scatter_zi.o(!!handler_zi)
    .ARM.Collect$$libinit$$00000000          0x080001a4   Section        6  libinit.o(.ARM.Collect$$libinit$$00000000)
    .ARM.Collect$$libinit$$00000006          0x080001aa   Section        0  libinit2.o(.ARM.Collect$$libinit$$00000006)
    .ARM.Collect$$libinit$$00000008          0x080001aa   Section        0  libinit2.o(.ARM.Collect$$libinit$$00000008)
    .ARM.Collect$$libinit$$0000000A          0x080001aa   Section        0  libinit2.o(.ARM.Collect$$libinit$$0000000A)
    .ARM.Collect$$libinit$$0000000D          0x080001aa   Section        0  libinit2.o(.ARM.Collect$$libinit$$0000000D)
    .ARM.Collect$$libinit$$0000000F          0x080001aa   Section        0  libinit2.o(.ARM.Collect$$libinit$$0000000F)
    .ARM.Collect$$libinit$$00000011          0x080001aa   Section        0  libinit2.o(.ARM.Collect$$libinit$$00000011)
    .ARM.Collect$$libinit$$00000013          0x080001aa   Section        0  libinit2.o(.ARM.Collect$$libinit$$00000013)
    .ARM.Collect$$libinit$$00000015          0x080001aa   Section        0  libinit2.o(.ARM.Collect$$libinit$$00000015)
    .ARM.Collect$$libinit$$00000017          0x080001aa   Section        0  libinit2.o(.ARM.Collect$$libinit$$00000017)
    .ARM.Collect$$libinit$$00000019          0x080001aa   Section        0  libinit2.o(.ARM.Collect$$libinit$$00000019)
    .ARM.Collect$$libinit$$0000001B          0x080001aa   Section        0  libinit2.o(.ARM.Collect$$libinit$$0000001B)
    .ARM.Collect$$libinit$$0000001D          0x080001aa   Section        0  libinit2.o(.ARM.Collect$$libinit$$0000001D)
    .ARM.Collect$$libinit$$0000001F          0x080001aa   Section        0  libinit2.o(.ARM.Collect$$libinit$$0000001F)
    .ARM.Collect$$libinit$$00000021          0x080001aa   Section        0  libinit2.o(.ARM.Collect$$libinit$$00000021)
    .ARM.Collect$$libinit$$00000028          0x080001aa   Section        0  libinit2.o(.ARM.Collect$$libinit$$00000028)
    .ARM.Collect$$libinit$$0000002A          0x080001aa   Section        0  libinit2.o(.ARM.Collect$$libinit$$0000002A)
    .ARM.Collect$$libinit$$0000002C          0x080001aa   Section        0  libinit2.o(.ARM.Collect$$libinit$$0000002C)
    .ARM.Collect$$libinit$$0000002E          0x080001aa   Section        0  libinit2.o(.ARM.Collect$$libinit$$0000002E)
    .ARM.Collect$$libinit$$0000002F          0x080001aa   Section        2  libinit2.o(.ARM.Collect$$libinit$$0000002F)
    .ARM.Collect$$libshutdown$$00000000      0x080001ac   Section        2  libshutdown.o(.ARM.Collect$$libshutdown$$00000000)
    .ARM.Collect$$libshutdown$$00000003      0x080001ae   Section        0  libshutdown2.o(.ARM.Collect$$libshutdown$$00000003)
    .ARM.Collect$$libshutdown$$00000006      0x080001ae   Section        0  libshutdown2.o(.ARM.Collect$$libshutdown$$00000006)
    .ARM.Collect$$libshutdown$$00000009      0x080001ae   Section        0  libshutdown2.o(.ARM.Collect$$libshutdown$$00000009)
    .ARM.Collect$$libshutdown$$0000000B      0x080001ae   Section        0  libshutdown2.o(.ARM.Collect$$libshutdown$$0000000B)
    .ARM.Collect$$libshutdown$$0000000E      0x080001ae   Section        0  libshutdown2.o(.ARM.Collect$$libshutdown$$0000000E)
    .ARM.Collect$$libshutdown$$0000000F      0x080001ae   Section        2  libshutdown2.o(.ARM.Collect$$libshutdown$$0000000F)
    .ARM.Collect$$rtentry$$00000000          0x080001b0   Section        0  rtentry.o(.ARM.Collect$$rtentry$$00000000)
    .ARM.Collect$$rtentry$$00000002          0x080001b0   Section        0  rtentry2.o(.ARM.Collect$$rtentry$$00000002)
    .ARM.Collect$$rtentry$$00000004          0x080001b0   Section        6  rtentry4.o(.ARM.Collect$$rtentry$$00000004)
    .ARM.Collect$$rtentry$$00000009          0x080001b6   Section        0  rtentry2.o(.ARM.Collect$$rtentry$$00000009)
    .ARM.Collect$$rtentry$$0000000A          0x080001b6   Section        4  rtentry2.o(.ARM.Collect$$rtentry$$0000000A)
    .ARM.Collect$$rtentry$$0000000C          0x080001ba   Section        0  rtentry2.o(.ARM.Collect$$rtentry$$0000000C)
    .ARM.Collect$$rtentry$$0000000D          0x080001ba   Section        8  rtentry2.o(.ARM.Collect$$rtentry$$0000000D)
    .ARM.Collect$$rtexit$$00000000           0x080001c2   Section        2  rtexit.o(.ARM.Collect$$rtexit$$00000000)
    .ARM.Collect$$rtexit$$00000002           0x080001c4   Section        0  rtexit2.o(.ARM.Collect$$rtexit$$00000002)
    .ARM.Collect$$rtexit$$00000003           0x080001c4   Section        4  rtexit2.o(.ARM.Collect$$rtexit$$00000003)
    .ARM.Collect$$rtexit$$00000004           0x080001c8   Section        6  rtexit2.o(.ARM.Collect$$rtexit$$00000004)
    .text                                    0x080001ce   Section        0  stm32f10x_it.o(.text)
    .text                                    0x080001e8   Section        0  system_stm32f10x.o(.text)
    SetSysClockTo72                          0x080001e9   Thumb Code   192  system_stm32f10x.o(.text)
    SetSysClock                              0x080002a9   Thumb Code     8  system_stm32f10x.o(.text)
    .text                                    0x080003b0   Section        0  timer.o(.text)
    .text                                    0x0800046c   Section        0  led.o(.text)
    .text                                    0x080005d4   Section        0  key.o(.text)
    .text                                    0x080006c0   Section        0  spi.o(.text)
    .text                                    0x08000ab4   Section        0  a7139.o(.text)
    A7139_WriteReg                           0x08000ab5   Thumb Code    48  a7139.o(.text)
    A7139_ReadReg                            0x08000ae5   Thumb Code    50  a7139.o(.text)
    A7139_WritePageA                         0x08000b17   Thumb Code    36  a7139.o(.text)
    A7139_WritePageB                         0x08000b3b   Thumb Code    34  a7139.o(.text)
    A7139_ReadPageA                          0x08000b5d   Thumb Code    36  a7139.o(.text)
    A7139_Config                             0x08000c17   Thumb Code   126  a7139.o(.text)
    A7139_Cal                                0x08000c95   Thumb Code   224  a7139.o(.text)
    A7139_RCOSC_Cal                          0x08000e2f   Thumb Code    98  a7139.o(.text)
    .text                                    0x08001518   Section        0  interrupt.o(.text)
    .text                                    0x08001728   Section        0  delay.o(.text)
    .text                                    0x080017ec   Section        0  sys.o(.text)
    .text                                    0x08001838   Section        0  usart.o(.text)
    .text                                    0x08001958   Section        0  stm32f10x_exti.o(.text)
    .text                                    0x08001a74   Section       64  startup_stm32f10x_hd.o(.text)
    .text                                    0x08001ab4   Section        0  misc.o(.text)
    .text                                    0x08001b90   Section        0  stm32f10x_gpio.o(.text)
    .text                                    0x08001ee8   Section        0  stm32f10x_rcc.o(.text)
    .text                                    0x08002288   Section        0  stm32f10x_tim.o(.text)
    TI4_Config                               0x08002713   Thumb Code   118  stm32f10x_tim.o(.text)
    TI3_Config                               0x0800279b   Thumb Code   114  stm32f10x_tim.o(.text)
    TI2_Config                               0x08002823   Thumb Code   118  stm32f10x_tim.o(.text)
    TI1_Config                               0x080028ab   Thumb Code   106  stm32f10x_tim.o(.text)
    .text                                    0x08003038   Section        0  stm32f10x_usart.o(.text)
    .text                                    0x08003444   Section        0  stm32f10x_spi.o(.text)
    .text                                    0x08003754   Section        0  main.o(.text)
    .text                                    0x08003780   Section        0  beacon.o(.text)
    .text                                    0x08003850   Section        0  processevent.o(.text)
    .text                                    0x08003928   Section        0  join.o(.text)
    .text                                    0x08003af0   Section        0  device.o(.text)
    .text                                    0x08003b34   Section        0  tdma.o(.text)
    .text                                    0x08003c44   Section        0  upload.o(.text)
    .text                                    0x08003de8   Section        2  use_no_semi_2.o(.text)
    .text                                    0x08003dec   Section        0  noretval__2printf.o(.text)
    .text                                    0x08003e04   Section        0  heapauxi.o(.text)
    .text                                    0x08003e0a   Section        2  use_no_semi.o(.text)
    .text                                    0x08003e0c   Section        0  _printf_char_file.o(.text)
    .text                                    0x08003e30   Section        0  _printf_char_common.o(.text)
    _printf_input_char                       0x08003e31   Thumb Code    10  _printf_char_common.o(.text)
    .text                                    0x08003e60   Section        0  ferror.o(.text)
    .text                                    0x08003e68   Section       74  sys_stackheap_outer.o(.text)
    .text                                    0x08003eb2   Section        0  __printf_nopercent.o(.text)
    .text                                    0x08003ed8   Section        0  exit.o(.text)
    .text                                    0x08003ee4   Section        8  libspace.o(.text)
    .text                                    0x08003eec   Section        8  rt_fp_status_addr_intlibspace.o(.text)
    x$fpl$fadd                               0x08003ef4   Section      196  faddsub_clz.o(x$fpl$fadd)
    _fadd1                                   0x08003f03   Thumb Code     0  faddsub_clz.o(x$fpl$fadd)
    x$fpl$fcmpinf                            0x08003fb8   Section       24  fcmpi.o(x$fpl$fcmpinf)
    x$fpl$fdiv                               0x08003fd0   Section      388  fdiv.o(x$fpl$fdiv)
    _fdiv1                                   0x08003fd1   Thumb Code     0  fdiv.o(x$fpl$fdiv)
    x$fpl$ffixu                              0x08004154   Section       62  ffixu.o(x$fpl$ffixu)
    x$fpl$ffltu                              0x08004194   Section       38  fflt_clz.o(x$fpl$ffltu)
    x$fpl$fleqf                              0x080041bc   Section      104  fleqf.o(x$fpl$fleqf)
    x$fpl$fmul                               0x08004224   Section      258  fmul.o(x$fpl$fmul)
    x$fpl$fnaninf                            0x08004326   Section      140  fnaninf.o(x$fpl$fnaninf)
    x$fpl$fpinit                             0x080043b2   Section       14  fpinit.o(x$fpl$fpinit)
    x$fpl$fretinf                            0x080043c0   Section       10  fretinf.o(x$fpl$fretinf)
    x$fpl$frsb                               0x080043ca   Section       20  faddsub_clz.o(x$fpl$frsb)
    x$fpl$fsub                               0x080043e0   Section      234  faddsub_clz.o(x$fpl$fsub)
    _fsub1                                   0x080043ef   Thumb Code     0  faddsub_clz.o(x$fpl$fsub)
    .constdata                               0x080044ca   Section       74  a7139_config.o(.constdata)
    x$fpl$usenofp                            0x080044ca   Section        0  usenofp.o(x$fpl$usenofp)
    .data                                    0x20000000   Section       20  system_stm32f10x.o(.data)
    .data                                    0x20000014   Section        1  key.o(.data)
    key_up                                   0x20000014   Data           1  key.o(.data)
    .data                                    0x20000018   Section        6  interrupt.o(.data)
    .data                                    0x2000001e   Section        4  delay.o(.data)
    fac_us                                   0x2000001e   Data           1  delay.o(.data)
    fac_ms                                   0x20000020   Data           2  delay.o(.data)
    .data                                    0x20000024   Section        8  usart.o(.data)
    .data                                    0x2000002c   Section       20  stm32f10x_rcc.o(.data)
    APBAHBPrescTable                         0x2000002c   Data          16  stm32f10x_rcc.o(.data)
    ADCPrescTable                            0x2000003c   Data           4  stm32f10x_rcc.o(.data)
    .data                                    0x20000040   Section       14  beacon.o(.data)
    .data                                    0x20000050   Section       16  processevent.o(.data)
    .data                                    0x20000060   Section       12  join.o(.data)
    .data                                    0x2000006c   Section        3  device.o(.data)
    .data                                    0x20000070   Section       12  tdma.o(.data)
    .data                                    0x2000007c   Section        4  upload.o(.data)
    .bss                                     0x20000080   Section     2068  device.o(.bss)
    .bss                                     0x20000894   Section      400  upload.o(.bss)
    .bss                                     0x20000a24   Section       96  libspace.o(.bss)
    HEAP                                     0x20000a88   Section      512  startup_stm32f10x_hd.o(HEAP)
    Heap_Mem                                 0x20000a88   Data         512  startup_stm32f10x_hd.o(HEAP)
    STACK                                    0x20000c88   Section     1024  startup_stm32f10x_hd.o(STACK)
    Stack_Mem                                0x20000c88   Data        1024  startup_stm32f10x_hd.o(STACK)
    __initial_sp                             0x20001088   Data           0  startup_stm32f10x_hd.o(STACK)

    Global Symbols

    Symbol Name                              Value     Ov Type        Size  Object(Section)

    BuildAttributes$$THM_ISAv4$P$D$K$B$S$PE$A:L22UL41UL21$X:L11$S22US41US21$IEEE1$IW$USESV6$~STKCKD$USESV7$~SHL$OSPACE$ROPI$EBA8$UX$STANDARDLIB$REQ8$PRES8$EABIv2 0x00000000   Number         0  anon$$obj.o ABSOLUTE
    __ARM_use_no_argv                        0x00000000   Number         0  main.o ABSOLUTE
    __ARM_exceptions_init                     - Undefined Weak Reference
    __alloca_initialize                       - Undefined Weak Reference
    __cpp_initialize__aeabi_                  - Undefined Weak Reference
    __cxa_finalize                            - Undefined Weak Reference
    __rt_locale                               - Undefined Weak Reference
    __sigvec_lookup                           - Undefined Weak Reference
    _atexit_init                              - Undefined Weak Reference
    _call_atexit_fns                          - Undefined Weak Reference
    _clock_init                               - Undefined Weak Reference
    _fp_trap_init                             - Undefined Weak Reference
    _fp_trap_shutdown                         - Undefined Weak Reference
    _get_lc_collate                           - Undefined Weak Reference
    _get_lc_ctype                             - Undefined Weak Reference
    _get_lc_monetary                          - Undefined Weak Reference
    _get_lc_numeric                           - Undefined Weak Reference
    _get_lc_time                              - Undefined Weak Reference
    _getenv_init                              - Undefined Weak Reference
    _handle_redirection                       - Undefined Weak Reference
    _init_alloc                               - Undefined Weak Reference
    _init_user_alloc                          - Undefined Weak Reference
    _initio                                   - Undefined Weak Reference
    _mutex_acquire                            - Undefined Weak Reference
    _mutex_release                            - Undefined Weak Reference
    _rand_init                                - Undefined Weak Reference
    _signal_finish                            - Undefined Weak Reference
    _signal_init                              - Undefined Weak Reference
    _terminate_alloc                          - Undefined Weak Reference
    _terminate_user_alloc                     - Undefined Weak Reference
    _terminateio                              - Undefined Weak Reference
    __Vectors_Size                           0x00000130   Number         0  startup_stm32f10x_hd.o ABSOLUTE
    __Vectors                                0x08000000   Data           4  startup_stm32f10x_hd.o(RESET)
    __Vectors_End                            0x08000130   Data           0  startup_stm32f10x_hd.o(RESET)
    __main                                   0x08000131   Thumb Code     8  __main.o(!!!main)
    __scatterload                            0x08000139   Thumb Code     0  __scatter.o(!!!scatter)
    __scatterload_rt2                        0x08000139   Thumb Code    44  __scatter.o(!!!scatter)
    __scatterload_rt2_thumb_only             0x08000139   Thumb Code     0  __scatter.o(!!!scatter)
    __scatterload_null                       0x08000147   Thumb Code     0  __scatter.o(!!!scatter)
    __scatterload_copy                       0x0800016d   Thumb Code    26  __scatter_copy.o(!!handler_copy)
    __scatterload_zeroinit                   0x08000189   Thumb Code    28  __scatter_zi.o(!!handler_zi)
    __rt_lib_init                            0x080001a5   Thumb Code     0  libinit.o(.ARM.Collect$$libinit$$00000000)
    __rt_lib_init_alloca_1                   0x080001ab   Thumb Code     0  libinit2.o(.ARM.Collect$$libinit$$0000002A)
    __rt_lib_init_argv_1                     0x080001ab   Thumb Code     0  libinit2.o(.ARM.Collect$$libinit$$00000028)
    __rt_lib_init_atexit_1                   0x080001ab   Thumb Code     0  libinit2.o(.ARM.Collect$$libinit$$00000017)
    __rt_lib_init_clock_1                    0x080001ab   Thumb Code     0  libinit2.o(.ARM.Collect$$libinit$$0000001D)
    __rt_lib_init_cpp_1                      0x080001ab   Thumb Code     0  libinit2.o(.ARM.Collect$$libinit$$0000002E)
    __rt_lib_init_exceptions_1               0x080001ab   Thumb Code     0  libinit2.o(.ARM.Collect$$libinit$$0000002C)
    __rt_lib_init_fp_trap_1                  0x080001ab   Thumb Code     0  libinit2.o(.ARM.Collect$$libinit$$0000001B)
    __rt_lib_init_getenv_1                   0x080001ab   Thumb Code     0  libinit2.o(.ARM.Collect$$libinit$$0000001F)
    __rt_lib_init_heap_1                     0x080001ab   Thumb Code     0  libinit2.o(.ARM.Collect$$libinit$$00000006)
    __rt_lib_init_lc_collate_1               0x080001ab   Thumb Code     0  libinit2.o(.ARM.Collect$$libinit$$0000000D)
    __rt_lib_init_lc_ctype_1                 0x080001ab   Thumb Code     0  libinit2.o(.ARM.Collect$$libinit$$0000000F)
    __rt_lib_init_lc_monetary_1              0x080001ab   Thumb Code     0  libinit2.o(.ARM.Collect$$libinit$$00000011)
    __rt_lib_init_lc_numeric_1               0x080001ab   Thumb Code     0  libinit2.o(.ARM.Collect$$libinit$$00000013)
    __rt_lib_init_lc_time_1                  0x080001ab   Thumb Code     0  libinit2.o(.ARM.Collect$$libinit$$00000015)
    __rt_lib_init_rand_1                     0x080001ab   Thumb Code     0  libinit2.o(.ARM.Collect$$libinit$$0000000A)
    __rt_lib_init_return                     0x080001ab   Thumb Code     0  libinit2.o(.ARM.Collect$$libinit$$0000002F)
    __rt_lib_init_signal_1                   0x080001ab   Thumb Code     0  libinit2.o(.ARM.Collect$$libinit$$00000019)
    __rt_lib_init_stdio_1                    0x080001ab   Thumb Code     0  libinit2.o(.ARM.Collect$$libinit$$00000021)
    __rt_lib_init_user_alloc_1               0x080001ab   Thumb Code     0  libinit2.o(.ARM.Collect$$libinit$$00000008)
    __rt_lib_shutdown                        0x080001ad   Thumb Code     0  libshutdown.o(.ARM.Collect$$libshutdown$$00000000)
    __rt_lib_shutdown_fp_trap_1              0x080001af   Thumb Code     0  libshutdown2.o(.ARM.Collect$$libshutdown$$00000006)
    __rt_lib_shutdown_heap_1                 0x080001af   Thumb Code     0  libshutdown2.o(.ARM.Collect$$libshutdown$$0000000E)
    __rt_lib_shutdown_return                 0x080001af   Thumb Code     0  libshutdown2.o(.ARM.Collect$$libshutdown$$0000000F)
    __rt_lib_shutdown_signal_1               0x080001af   Thumb Code     0  libshutdown2.o(.ARM.Collect$$libshutdown$$00000009)
    __rt_lib_shutdown_stdio_1                0x080001af   Thumb Code     0  libshutdown2.o(.ARM.Collect$$libshutdown$$00000003)
    __rt_lib_shutdown_user_alloc_1           0x080001af   Thumb Code     0  libshutdown2.o(.ARM.Collect$$libshutdown$$0000000B)
    __rt_entry                               0x080001b1   Thumb Code     0  rtentry.o(.ARM.Collect$$rtentry$$00000000)
    __rt_entry_presh_1                       0x080001b1   Thumb Code     0  rtentry2.o(.ARM.Collect$$rtentry$$00000002)
    __rt_entry_sh                            0x080001b1   Thumb Code     0  rtentry4.o(.ARM.Collect$$rtentry$$00000004)
    __rt_entry_li                            0x080001b7   Thumb Code     0  rtentry2.o(.ARM.Collect$$rtentry$$0000000A)
    __rt_entry_postsh_1                      0x080001b7   Thumb Code     0  rtentry2.o(.ARM.Collect$$rtentry$$00000009)
    __rt_entry_main                          0x080001bb   Thumb Code     0  rtentry2.o(.ARM.Collect$$rtentry$$0000000D)
    __rt_entry_postli_1                      0x080001bb   Thumb Code     0  rtentry2.o(.ARM.Collect$$rtentry$$0000000C)
    __rt_exit                                0x080001c3   Thumb Code     0  rtexit.o(.ARM.Collect$$rtexit$$00000000)
    __rt_exit_ls                             0x080001c5   Thumb Code     0  rtexit2.o(.ARM.Collect$$rtexit$$00000003)
    __rt_exit_prels_1                        0x080001c5   Thumb Code     0  rtexit2.o(.ARM.Collect$$rtexit$$00000002)
    __rt_exit_exit                           0x080001c9   Thumb Code     0  rtexit2.o(.ARM.Collect$$rtexit$$00000004)
    NMI_Handler                              0x080001cf   Thumb Code     2  stm32f10x_it.o(.text)
    HardFault_Handler                        0x080001d1   Thumb Code     4  stm32f10x_it.o(.text)
    MemManage_Handler                        0x080001d5   Thumb Code     4  stm32f10x_it.o(.text)
    BusFault_Handler                         0x080001d9   Thumb Code     4  stm32f10x_it.o(.text)
    UsageFault_Handler                       0x080001dd   Thumb Code     4  stm32f10x_it.o(.text)
    SVC_Handler                              0x080001e1   Thumb Code     2  stm32f10x_it.o(.text)
    DebugMon_Handler                         0x080001e3   Thumb Code     2  stm32f10x_it.o(.text)
    PendSV_Handler                           0x080001e5   Thumb Code     2  stm32f10x_it.o(.text)
    SysTick_Handler                          0x080001e7   Thumb Code     2  stm32f10x_it.o(.text)
    SystemInit                               0x080002b1   Thumb Code    78  system_stm32f10x.o(.text)
    SystemCoreClockUpdate                    0x080002ff   Thumb Code   142  system_stm32f10x.o(.text)
    TIM3_Int_Init                            0x080003b1   Thumb Code    90  timer.o(.text)
    TIM4_Int_Init                            0x0800040b   Thumb Code    90  timer.o(.text)
    LED_Init                                 0x0800046d   Thumb Code   342  led.o(.text)
    KEY_Init                                 0x080005d5   Thumb Code    72  key.o(.text)
    KEY_Scan                                 0x0800061d   Thumb Code   148  key.o(.text)
    MOSI_IN                                  0x080006c1   Thumb Code    24  spi.o(.text)
    MOSI_OUT                                 0x080006d9   Thumb Code    24  spi.o(.text)
    SPI3_Init                                0x080006f1   Thumb Code   114  spi.o(.text)
    SPI2_ReadWriteByte                       0x08000763   Thumb Code    78  spi.o(.text)
    SPI1_Init                                0x080007b1   Thumb Code   124  spi.o(.text)
    SPI2_Init                                0x0800082d   Thumb Code   140  spi.o(.text)
    SPI2_SetSpeed                            0x080008b9   Thumb Code    36  spi.o(.text)
    SPI1_SetSpeed                            0x080008dd   Thumb Code    36  spi.o(.text)
    SPI1_ReadWriteByte                       0x08000901   Thumb Code    78  spi.o(.text)
    SPIx_WriteByte                           0x0800094f   Thumb Code    74  spi.o(.text)
    SPIx_WriteWord                           0x08000999   Thumb Code    80  spi.o(.text)
    SPIx_ReadWord                            0x080009e9   Thumb Code    88  spi.o(.text)
    SPIx_ReadByte                            0x08000a41   Thumb Code    82  spi.o(.text)
    Err_State                                0x08000b81   Thumb Code    70  a7139.o(.text)
    A7139_StrobeCmd                          0x08000bc7   Thumb Code    26  a7139.o(.text)
    A7139_SetPackLen                         0x08000be1   Thumb Code    54  a7139.o(.text)
    A7139_SetFreq                            0x08000d75   Thumb Code   186  a7139.o(.text)
    Correct_State                            0x08000e91   Thumb Code   298  a7139.o(.text)
    A7139_SetCID                             0x08000fbb   Thumb Code    58  a7139.o(.text)
    A7139_Init                               0x08000ff5   Thumb Code    94  a7139.o(.text)
    A7139_ReadPID                            0x08001053   Thumb Code    36  a7139.o(.text)
    A7139_SetDataRate                        0x08001077   Thumb Code   236  a7139.o(.text)
    A7139_SetCIDLen                          0x08001163   Thumb Code    78  a7139.o(.text)
    A7139_WriteFIFO                          0x080011b1   Thumb Code    60  a7139.o(.text)
    A7139_ReadFIFO                           0x080011ed   Thumb Code    60  a7139.o(.text)
    A7139_IsBatteryLow                       0x08001229   Thumb Code    70  a7139.o(.text)
    A7139_GetRSSI                            0x0800126f   Thumb Code   154  a7139.o(.text)
    A7139_WOT                                0x08001309   Thumb Code    68  a7139.o(.text)
    A7139_WOR_BySync                         0x0800134d   Thumb Code    68  a7139.o(.text)
    A7139_WOR_ByPreamble                     0x08001391   Thumb Code    68  a7139.o(.text)
    A7139_SetChannel                         0x080013d5   Thumb Code    22  a7139.o(.text)
    A7139_SetPowerLevel                      0x080013eb   Thumb Code   176  a7139.o(.text)
    RXMode                                   0x0800149b   Thumb Code    40  a7139.o(.text)
    SendPack                                 0x080014c3   Thumb Code    62  a7139.o(.text)
    Interrupt_Init                           0x08001519   Thumb Code   166  interrupt.o(.text)
    TIM3_IRQHandler                          0x080015bf   Thumb Code    96  interrupt.o(.text)
    TIM4_IRQHandler                          0x0800161f   Thumb Code    22  interrupt.o(.text)
    EXTI9_5_IRQHandler                       0x08001635   Thumb Code   100  interrupt.o(.text)
    EXTI3_IRQHandler                         0x08001699   Thumb Code    78  interrupt.o(.text)
    DisableInterrupt                         0x080016e7   Thumb Code     4  interrupt.o(.text)
    EnableInterrupt                          0x080016eb   Thumb Code     4  interrupt.o(.text)
    delay_init                               0x08001729   Thumb Code    40  delay.o(.text)
    delay_us                                 0x08001751   Thumb Code    70  delay.o(.text)
    delay_ms                                 0x08001797   Thumb Code    70  delay.o(.text)
    NVIC_Configuration                       0x080017ed   Thumb Code    12  sys.o(.text)
    sys_init                                 0x080017f9   Thumb Code    58  sys.o(.text)
    _sys_exit                                0x08001839   Thumb Code     6  usart.o(.text)
    fputc                                    0x0800183f   Thumb Code    32  usart.o(.text)
    uart_init                                0x0800185f   Thumb Code   138  usart.o(.text)
    Usart1_PutChar                           0x080018e9   Thumb Code    28  usart.o(.text)
    Usart1_PutData                           0x08001905   Thumb Code    24  usart.o(.text)
    USART1_IRQHandler                        0x0800191d   Thumb Code    34  usart.o(.text)
    USART1_Getchar                           0x0800193f   Thumb Code    12  usart.o(.text)
    EXTI_DeInit                              0x08001959   Thumb Code    28  stm32f10x_exti.o(.text)
    EXTI_Init                                0x08001975   Thumb Code   142  stm32f10x_exti.o(.text)
    EXTI_StructInit                          0x08001a03   Thumb Code    16  stm32f10x_exti.o(.text)
    EXTI_GenerateSWInterrupt                 0x08001a13   Thumb Code    16  stm32f10x_exti.o(.text)
    EXTI_GetFlagStatus                       0x08001a23   Thumb Code    22  stm32f10x_exti.o(.text)
    EXTI_ClearFlag                           0x08001a39   Thumb Code     8  stm32f10x_exti.o(.text)
    EXTI_GetITStatus                         0x08001a41   Thumb Code    34  stm32f10x_exti.o(.text)
    EXTI_ClearITPendingBit                   0x08001a63   Thumb Code     8  stm32f10x_exti.o(.text)
    Reset_Handler                            0x08001a75   Thumb Code     8  startup_stm32f10x_hd.o(.text)
    ADC1_2_IRQHandler                        0x08001a8f   Thumb Code     0  startup_stm32f10x_hd.o(.text)
    ADC3_IRQHandler                          0x08001a8f   Thumb Code     0  startup_stm32f10x_hd.o(.text)
    CAN1_RX1_IRQHandler                      0x08001a8f   Thumb Code     0  startup_stm32f10x_hd.o(.text)
    CAN1_SCE_IRQHandler                      0x08001a8f   Thumb Code     0  startup_stm32f10x_hd.o(.text)
    DMA1_Channel1_IRQHandler                 0x08001a8f   Thumb Code     0  startup_stm32f10x_hd.o(.text)
    DMA1_Channel2_IRQHandler                 0x08001a8f   Thumb Code     0  startup_stm32f10x_hd.o(.text)
    DMA1_Channel3_IRQHandler                 0x08001a8f   Thumb Code     0  startup_stm32f10x_hd.o(.text)
    DMA1_Channel4_IRQHandler                 0x08001a8f   Thumb Code     0  startup_stm32f10x_hd.o(.text)
    DMA1_Channel5_IRQHandler                 0x08001a8f   Thumb Code     0  startup_stm32f10x_hd.o(.text)
    DMA1_Channel6_IRQHandler                 0x08001a8f   Thumb Code     0  startup_stm32f10x_hd.o(.text)
    DMA1_Channel7_IRQHandler                 0x08001a8f   Thumb Code     0  startup_stm32f10x_hd.o(.text)
    DMA2_Channel1_IRQHandler                 0x08001a8f   Thumb Code     0  startup_stm32f10x_hd.o(.text)
    DMA2_Channel2_IRQHandler                 0x08001a8f   Thumb Code     0  startup_stm32f10x_hd.o(.text)
    DMA2_Channel3_IRQHandler                 0x08001a8f   Thumb Code     0  startup_stm32f10x_hd.o(.text)
    DMA2_Channel4_5_IRQHandler               0x08001a8f   Thumb Code     0  startup_stm32f10x_hd.o(.text)
    EXTI0_IRQHandler                         0x08001a8f   Thumb Code     0  startup_stm32f10x_hd.o(.text)
    EXTI15_10_IRQHandler                     0x08001a8f   Thumb Code     0  startup_stm32f10x_hd.o(.text)
    EXTI1_IRQHandler                         0x08001a8f   Thumb Code     0  startup_stm32f10x_hd.o(.text)
    EXTI2_IRQHandler                         0x08001a8f   Thumb Code     0  startup_stm32f10x_hd.o(.text)
    EXTI4_IRQHandler                         0x08001a8f   Thumb Code     0  startup_stm32f10x_hd.o(.text)
    FLASH_IRQHandler                         0x08001a8f   Thumb Code     0  startup_stm32f10x_hd.o(.text)
    FSMC_IRQHandler                          0x08001a8f   Thumb Code     0  startup_stm32f10x_hd.o(.text)
    I2C1_ER_IRQHandler                       0x08001a8f   Thumb Code     0  startup_stm32f10x_hd.o(.text)
    I2C1_EV_IRQHandler                       0x08001a8f   Thumb Code     0  startup_stm32f10x_hd.o(.text)
    I2C2_ER_IRQHandler                       0x08001a8f   Thumb Code     0  startup_stm32f10x_hd.o(.text)
    I2C2_EV_IRQHandler                       0x08001a8f   Thumb Code     0  startup_stm32f10x_hd.o(.text)
    PVD_IRQHandler                           0x08001a8f   Thumb Code     0  startup_stm32f10x_hd.o(.text)
    RCC_IRQHandler                           0x08001a8f   Thumb Code     0  startup_stm32f10x_hd.o(.text)
    RTCAlarm_IRQHandler                      0x08001a8f   Thumb Code     0  startup_stm32f10x_hd.o(.text)
    RTC_IRQHandler                           0x08001a8f   Thumb Code     0  startup_stm32f10x_hd.o(.text)
    SDIO_IRQHandler                          0x08001a8f   Thumb Code     0  startup_stm32f10x_hd.o(.text)
    SPI1_IRQHandler                          0x08001a8f   Thumb Code     0  startup_stm32f10x_hd.o(.text)
    SPI2_IRQHandler                          0x08001a8f   Thumb Code     0  startup_stm32f10x_hd.o(.text)
    SPI3_IRQHandler                          0x08001a8f   Thumb Code     0  startup_stm32f10x_hd.o(.text)
    TAMPER_IRQHandler                        0x08001a8f   Thumb Code     0  startup_stm32f10x_hd.o(.text)
    TIM1_BRK_IRQHandler                      0x08001a8f   Thumb Code     0  startup_stm32f10x_hd.o(.text)
    TIM1_CC_IRQHandler                       0x08001a8f   Thumb Code     0  startup_stm32f10x_hd.o(.text)
    TIM1_TRG_COM_IRQHandler                  0x08001a8f   Thumb Code     0  startup_stm32f10x_hd.o(.text)
    TIM1_UP_IRQHandler                       0x08001a8f   Thumb Code     0  startup_stm32f10x_hd.o(.text)
    TIM2_IRQHandler                          0x08001a8f   Thumb Code     0  startup_stm32f10x_hd.o(.text)
    TIM5_IRQHandler                          0x08001a8f   Thumb Code     0  startup_stm32f10x_hd.o(.text)
    TIM6_IRQHandler                          0x08001a8f   Thumb Code     0  startup_stm32f10x_hd.o(.text)
    TIM7_IRQHandler                          0x08001a8f   Thumb Code     0  startup_stm32f10x_hd.o(.text)
    TIM8_BRK_IRQHandler                      0x08001a8f   Thumb Code     0  startup_stm32f10x_hd.o(.text)
    TIM8_CC_IRQHandler                       0x08001a8f   Thumb Code     0  startup_stm32f10x_hd.o(.text)
    TIM8_TRG_COM_IRQHandler                  0x08001a8f   Thumb Code     0  startup_stm32f10x_hd.o(.text)
    TIM8_UP_IRQHandler                       0x08001a8f   Thumb Code     0  startup_stm32f10x_hd.o(.text)
    UART4_IRQHandler                         0x08001a8f   Thumb Code     0  startup_stm32f10x_hd.o(.text)
    UART5_IRQHandler                         0x08001a8f   Thumb Code     0  startup_stm32f10x_hd.o(.text)
    USART2_IRQHandler                        0x08001a8f   Thumb Code     0  startup_stm32f10x_hd.o(.text)
    USART3_IRQHandler                        0x08001a8f   Thumb Code     0  startup_stm32f10x_hd.o(.text)
    USBWakeUp_IRQHandler                     0x08001a8f   Thumb Code     0  startup_stm32f10x_hd.o(.text)
    USB_HP_CAN1_TX_IRQHandler                0x08001a8f   Thumb Code     0  startup_stm32f10x_hd.o(.text)
    USB_LP_CAN1_RX0_IRQHandler               0x08001a8f   Thumb Code     0  startup_stm32f10x_hd.o(.text)
    WWDG_IRQHandler                          0x08001a8f   Thumb Code     0  startup_stm32f10x_hd.o(.text)
    __user_initial_stackheap                 0x08001a91   Thumb Code     0  startup_stm32f10x_hd.o(.text)
    NVIC_PriorityGroupConfig                 0x08001ab5   Thumb Code    10  misc.o(.text)
    NVIC_Init                                0x08001abf   Thumb Code   102  misc.o(.text)
    NVIC_SetVectorTable                      0x08001b25   Thumb Code    14  misc.o(.text)
    NVIC_SystemLPConfig                      0x08001b33   Thumb Code    34  misc.o(.text)
    SysTick_CLKSourceConfig                  0x08001b55   Thumb Code    40  misc.o(.text)
    GPIO_DeInit                              0x08001b91   Thumb Code   172  stm32f10x_gpio.o(.text)
    GPIO_AFIODeInit                          0x08001c3d   Thumb Code    20  stm32f10x_gpio.o(.text)
    GPIO_Init                                0x08001c51   Thumb Code   274  stm32f10x_gpio.o(.text)
    GPIO_StructInit                          0x08001d63   Thumb Code    16  stm32f10x_gpio.o(.text)
    GPIO_ReadInputDataBit                    0x08001d73   Thumb Code    18  stm32f10x_gpio.o(.text)
    GPIO_ReadInputData                       0x08001d85   Thumb Code     8  stm32f10x_gpio.o(.text)
    GPIO_ReadOutputDataBit                   0x08001d8d   Thumb Code    18  stm32f10x_gpio.o(.text)
    GPIO_ReadOutputData                      0x08001d9f   Thumb Code     8  stm32f10x_gpio.o(.text)
    GPIO_SetBits                             0x08001da7   Thumb Code     4  stm32f10x_gpio.o(.text)
    GPIO_ResetBits                           0x08001dab   Thumb Code     4  stm32f10x_gpio.o(.text)
    GPIO_WriteBit                            0x08001daf   Thumb Code    10  stm32f10x_gpio.o(.text)
    GPIO_Write                               0x08001db9   Thumb Code     4  stm32f10x_gpio.o(.text)
    GPIO_PinLockConfig                       0x08001dbd   Thumb Code    18  stm32f10x_gpio.o(.text)
    GPIO_EventOutputConfig                   0x08001dcf   Thumb Code    26  stm32f10x_gpio.o(.text)
    GPIO_EventOutputCmd                      0x08001de9   Thumb Code     6  stm32f10x_gpio.o(.text)
    GPIO_PinRemapConfig                      0x08001def   Thumb Code   138  stm32f10x_gpio.o(.text)
    GPIO_EXTILineConfig                      0x08001e79   Thumb Code    66  stm32f10x_gpio.o(.text)
    GPIO_ETH_MediaInterfaceConfig            0x08001ebb   Thumb Code     6  stm32f10x_gpio.o(.text)
    RCC_DeInit                               0x08001ee9   Thumb Code    64  stm32f10x_rcc.o(.text)
    RCC_HSEConfig                            0x08001f29   Thumb Code    70  stm32f10x_rcc.o(.text)
    RCC_GetFlagStatus                        0x08001f6f   Thumb Code    56  stm32f10x_rcc.o(.text)
    RCC_WaitForHSEStartUp                    0x08001fa7   Thumb Code    48  stm32f10x_rcc.o(.text)
    RCC_AdjustHSICalibrationValue            0x08001fd7   Thumb Code    20  stm32f10x_rcc.o(.text)
    RCC_HSICmd                               0x08001feb   Thumb Code     6  stm32f10x_rcc.o(.text)
    RCC_PLLConfig                            0x08001ff1   Thumb Code    24  stm32f10x_rcc.o(.text)
    RCC_PLLCmd                               0x08002009   Thumb Code     6  stm32f10x_rcc.o(.text)
    RCC_SYSCLKConfig                         0x0800200f   Thumb Code    18  stm32f10x_rcc.o(.text)
    RCC_GetSYSCLKSource                      0x08002021   Thumb Code    10  stm32f10x_rcc.o(.text)
    RCC_HCLKConfig                           0x0800202b   Thumb Code    18  stm32f10x_rcc.o(.text)
    RCC_PCLK1Config                          0x0800203d   Thumb Code    18  stm32f10x_rcc.o(.text)
    RCC_PCLK2Config                          0x0800204f   Thumb Code    20  stm32f10x_rcc.o(.text)
    RCC_ITConfig                             0x08002063   Thumb Code    30  stm32f10x_rcc.o(.text)
    RCC_USBCLKConfig                         0x08002081   Thumb Code     6  stm32f10x_rcc.o(.text)
    RCC_ADCCLKConfig                         0x08002087   Thumb Code    18  stm32f10x_rcc.o(.text)
    RCC_LSEConfig                            0x08002099   Thumb Code    44  stm32f10x_rcc.o(.text)
    RCC_LSICmd                               0x080020c5   Thumb Code     6  stm32f10x_rcc.o(.text)
    RCC_RTCCLKConfig                         0x080020cb   Thumb Code    12  stm32f10x_rcc.o(.text)
    RCC_RTCCLKCmd                            0x080020d7   Thumb Code     8  stm32f10x_rcc.o(.text)
    RCC_GetClocksFreq                        0x080020df   Thumb Code   192  stm32f10x_rcc.o(.text)
    RCC_AHBPeriphClockCmd                    0x0800219f   Thumb Code    26  stm32f10x_rcc.o(.text)
    RCC_APB2PeriphClockCmd                   0x080021b9   Thumb Code    26  stm32f10x_rcc.o(.text)
    RCC_APB1PeriphClockCmd                   0x080021d3   Thumb Code    26  stm32f10x_rcc.o(.text)
    RCC_APB2PeriphResetCmd                   0x080021ed   Thumb Code    26  stm32f10x_rcc.o(.text)
    RCC_APB1PeriphResetCmd                   0x08002207   Thumb Code    26  stm32f10x_rcc.o(.text)
    RCC_BackupResetCmd                       0x08002221   Thumb Code     8  stm32f10x_rcc.o(.text)
    RCC_ClockSecuritySystemCmd               0x08002229   Thumb Code     6  stm32f10x_rcc.o(.text)
    RCC_MCOConfig                            0x0800222f   Thumb Code     6  stm32f10x_rcc.o(.text)
    RCC_ClearFlag                            0x08002235   Thumb Code    14  stm32f10x_rcc.o(.text)
    RCC_GetITStatus                          0x08002243   Thumb Code    20  stm32f10x_rcc.o(.text)
    RCC_ClearITPendingBit                    0x08002257   Thumb Code     6  stm32f10x_rcc.o(.text)
    TIM_DeInit                               0x08002289   Thumb Code   424  stm32f10x_tim.o(.text)
    TIM_TimeBaseInit                         0x08002431   Thumb Code   122  stm32f10x_tim.o(.text)
    TIM_OC1Init                              0x080024ab   Thumb Code   132  stm32f10x_tim.o(.text)
    TIM_OC2Init                              0x0800252f   Thumb Code   146  stm32f10x_tim.o(.text)
    TIM_OC3Init                              0x080025c1   Thumb Code   142  stm32f10x_tim.o(.text)
    TIM_OC4Init                              0x0800264f   Thumb Code   174  stm32f10x_tim.o(.text)
    TIM_SetIC4Prescaler                      0x080026fd   Thumb Code    22  stm32f10x_tim.o(.text)
    TIM_SetIC3Prescaler                      0x08002789   Thumb Code    18  stm32f10x_tim.o(.text)
    TIM_SetIC2Prescaler                      0x0800280d   Thumb Code    22  stm32f10x_tim.o(.text)
    TIM_SetIC1Prescaler                      0x08002899   Thumb Code    18  stm32f10x_tim.o(.text)
    TIM_ICInit                               0x08002915   Thumb Code   150  stm32f10x_tim.o(.text)
    TIM_PWMIConfig                           0x080029ab   Thumb Code   124  stm32f10x_tim.o(.text)
    TIM_BDTRConfig                           0x08002a27   Thumb Code    32  stm32f10x_tim.o(.text)
    TIM_TimeBaseStructInit                   0x08002a47   Thumb Code    18  stm32f10x_tim.o(.text)
    TIM_OCStructInit                         0x08002a59   Thumb Code    20  stm32f10x_tim.o(.text)
    TIM_ICStructInit                         0x08002a6d   Thumb Code    18  stm32f10x_tim.o(.text)
    TIM_BDTRStructInit                       0x08002a7f   Thumb Code    18  stm32f10x_tim.o(.text)
    TIM_Cmd                                  0x08002a91   Thumb Code    24  stm32f10x_tim.o(.text)
    TIM_CtrlPWMOutputs                       0x08002aa9   Thumb Code    50  stm32f10x_tim.o(.text)
    TIM_ITConfig                             0x08002adb   Thumb Code    24  stm32f10x_tim.o(.text)
    TIM_GenerateEvent                        0x08002af3   Thumb Code     4  stm32f10x_tim.o(.text)
    TIM_DMAConfig                            0x08002af7   Thumb Code    10  stm32f10x_tim.o(.text)
    TIM_DMACmd                               0x08002b01   Thumb Code    24  stm32f10x_tim.o(.text)
    TIM_InternalClockConfig                  0x08002b19   Thumb Code    12  stm32f10x_tim.o(.text)
    TIM_SelectInputTrigger                   0x08002b25   Thumb Code    18  stm32f10x_tim.o(.text)
    TIM_ITRxExternalClockConfig              0x08002b37   Thumb Code    24  stm32f10x_tim.o(.text)
    TIM_TIxExternalClockConfig               0x08002b4f   Thumb Code    62  stm32f10x_tim.o(.text)
    TIM_ETRConfig                            0x08002b8d   Thumb Code    24  stm32f10x_tim.o(.text)
    TIM_ETRClockMode1Config                  0x08002ba5   Thumb Code    54  stm32f10x_tim.o(.text)
    TIM_ETRClockMode2Config                  0x08002bdb   Thumb Code    32  stm32f10x_tim.o(.text)
    TIM_PrescalerConfig                      0x08002bfb   Thumb Code     6  stm32f10x_tim.o(.text)
    TIM_CounterModeConfig                    0x08002c01   Thumb Code    18  stm32f10x_tim.o(.text)
    TIM_EncoderInterfaceConfig               0x08002c13   Thumb Code    62  stm32f10x_tim.o(.text)
    TIM_ForcedOC1Config                      0x08002c51   Thumb Code    18  stm32f10x_tim.o(.text)
    TIM_ForcedOC2Config                      0x08002c63   Thumb Code    22  stm32f10x_tim.o(.text)
    TIM_ForcedOC3Config                      0x08002c79   Thumb Code    18  stm32f10x_tim.o(.text)
    TIM_ForcedOC4Config                      0x08002c8b   Thumb Code    22  stm32f10x_tim.o(.text)
    TIM_ARRPreloadConfig                     0x08002ca1   Thumb Code    24  stm32f10x_tim.o(.text)
    TIM_SelectCOM                            0x08002cb9   Thumb Code    24  stm32f10x_tim.o(.text)
    TIM_SelectCCDMA                          0x08002cd1   Thumb Code    24  stm32f10x_tim.o(.text)
    TIM_CCPreloadControl                     0x08002ce9   Thumb Code    24  stm32f10x_tim.o(.text)
    TIM_OC1PreloadConfig                     0x08002d01   Thumb Code    18  stm32f10x_tim.o(.text)
    TIM_OC2PreloadConfig                     0x08002d13   Thumb Code    22  stm32f10x_tim.o(.text)
    TIM_OC3PreloadConfig                     0x08002d29   Thumb Code    18  stm32f10x_tim.o(.text)
    TIM_OC4PreloadConfig                     0x08002d3b   Thumb Code    22  stm32f10x_tim.o(.text)
    TIM_OC1FastConfig                        0x08002d51   Thumb Code    18  stm32f10x_tim.o(.text)
    TIM_OC2FastConfig                        0x08002d63   Thumb Code    22  stm32f10x_tim.o(.text)
    TIM_OC3FastConfig                        0x08002d79   Thumb Code    18  stm32f10x_tim.o(.text)
    TIM_OC4FastConfig                        0x08002d8b   Thumb Code    22  stm32f10x_tim.o(.text)
    TIM_ClearOC1Ref                          0x08002da1   Thumb Code    18  stm32f10x_tim.o(.text)
    TIM_ClearOC2Ref                          0x08002db3   Thumb Code    20  stm32f10x_tim.o(.text)
    TIM_ClearOC3Ref                          0x08002dc7   Thumb Code    18  stm32f10x_tim.o(.text)
    TIM_ClearOC4Ref                          0x08002dd9   Thumb Code    20  stm32f10x_tim.o(.text)
    TIM_OC1PolarityConfig                    0x08002ded   Thumb Code    18  stm32f10x_tim.o(.text)
    TIM_OC1NPolarityConfig                   0x08002dff   Thumb Code    18  stm32f10x_tim.o(.text)
    TIM_OC2PolarityConfig                    0x08002e11   Thumb Code    22  stm32f10x_tim.o(.text)
    TIM_OC2NPolarityConfig                   0x08002e27   Thumb Code    22  stm32f10x_tim.o(.text)
    TIM_OC3PolarityConfig                    0x08002e3d   Thumb Code    22  stm32f10x_tim.o(.text)
    TIM_OC3NPolarityConfig                   0x08002e53   Thumb Code    22  stm32f10x_tim.o(.text)
    TIM_OC4PolarityConfig                    0x08002e69   Thumb Code    22  stm32f10x_tim.o(.text)
    TIM_CCxCmd                               0x08002e7f   Thumb Code    34  stm32f10x_tim.o(.text)
    TIM_CCxNCmd                              0x08002ea1   Thumb Code    34  stm32f10x_tim.o(.text)
    TIM_SelectOCxM                           0x08002ec3   Thumb Code    82  stm32f10x_tim.o(.text)
    TIM_UpdateDisableConfig                  0x08002f15   Thumb Code    24  stm32f10x_tim.o(.text)
    TIM_UpdateRequestConfig                  0x08002f2d   Thumb Code    24  stm32f10x_tim.o(.text)
    TIM_SelectHallSensor                     0x08002f45   Thumb Code    24  stm32f10x_tim.o(.text)
    TIM_SelectOnePulseMode                   0x08002f5d   Thumb Code    18  stm32f10x_tim.o(.text)
    TIM_SelectOutputTrigger                  0x08002f6f   Thumb Code    18  stm32f10x_tim.o(.text)
    TIM_SelectSlaveMode                      0x08002f81   Thumb Code    18  stm32f10x_tim.o(.text)
    TIM_SelectMasterSlaveMode                0x08002f93   Thumb Code    18  stm32f10x_tim.o(.text)
    TIM_SetCounter                           0x08002fa5   Thumb Code     4  stm32f10x_tim.o(.text)
    TIM_SetAutoreload                        0x08002fa9   Thumb Code     4  stm32f10x_tim.o(.text)
    TIM_SetCompare1                          0x08002fad   Thumb Code     4  stm32f10x_tim.o(.text)
    TIM_SetCompare2                          0x08002fb1   Thumb Code     4  stm32f10x_tim.o(.text)
    TIM_SetCompare3                          0x08002fb5   Thumb Code     4  stm32f10x_tim.o(.text)
    TIM_SetCompare4                          0x08002fb9   Thumb Code     6  stm32f10x_tim.o(.text)
    TIM_SetClockDivision                     0x08002fbf   Thumb Code    18  stm32f10x_tim.o(.text)
    TIM_GetCapture1                          0x08002fd1   Thumb Code     6  stm32f10x_tim.o(.text)
    TIM_GetCapture2                          0x08002fd7   Thumb Code     6  stm32f10x_tim.o(.text)
    TIM_GetCapture3                          0x08002fdd   Thumb Code     6  stm32f10x_tim.o(.text)
    TIM_GetCapture4                          0x08002fe3   Thumb Code     8  stm32f10x_tim.o(.text)
    TIM_GetCounter                           0x08002feb   Thumb Code     6  stm32f10x_tim.o(.text)
    TIM_GetPrescaler                         0x08002ff1   Thumb Code     6  stm32f10x_tim.o(.text)
    TIM_GetFlagStatus                        0x08002ff7   Thumb Code    18  stm32f10x_tim.o(.text)
    TIM_ClearFlag                            0x08003009   Thumb Code     6  stm32f10x_tim.o(.text)
    TIM_GetITStatus                          0x0800300f   Thumb Code    34  stm32f10x_tim.o(.text)
    TIM_ClearITPendingBit                    0x08003031   Thumb Code     6  stm32f10x_tim.o(.text)
    USART_DeInit                             0x08003039   Thumb Code   134  stm32f10x_usart.o(.text)
    USART_Init                               0x080030bf   Thumb Code   210  stm32f10x_usart.o(.text)
    USART_StructInit                         0x08003191   Thumb Code    24  stm32f10x_usart.o(.text)
    USART_ClockInit                          0x080031a9   Thumb Code    34  stm32f10x_usart.o(.text)
    USART_ClockStructInit                    0x080031cb   Thumb Code    12  stm32f10x_usart.o(.text)
    USART_Cmd                                0x080031d7   Thumb Code    24  stm32f10x_usart.o(.text)
    USART_ITConfig                           0x080031ef   Thumb Code    74  stm32f10x_usart.o(.text)
    USART_DMACmd                             0x08003239   Thumb Code    24  stm32f10x_usart.o(.text)
    USART_SetAddress                         0x08003251   Thumb Code    18  stm32f10x_usart.o(.text)
    USART_WakeUpConfig                       0x08003263   Thumb Code    18  stm32f10x_usart.o(.text)
    USART_ReceiverWakeUpCmd                  0x08003275   Thumb Code    24  stm32f10x_usart.o(.text)
    USART_LINBreakDetectLengthConfig         0x0800328d   Thumb Code    18  stm32f10x_usart.o(.text)
    USART_LINCmd                             0x0800329f   Thumb Code    24  stm32f10x_usart.o(.text)
    USART_SendData                           0x080032b7   Thumb Code     8  stm32f10x_usart.o(.text)
    USART_ReceiveData                        0x080032bf   Thumb Code    10  stm32f10x_usart.o(.text)
    USART_SendBreak                          0x080032c9   Thumb Code    10  stm32f10x_usart.o(.text)
    USART_SetGuardTime                       0x080032d3   Thumb Code    16  stm32f10x_usart.o(.text)
    USART_SetPrescaler                       0x080032e3   Thumb Code    16  stm32f10x_usart.o(.text)
    USART_SmartCardCmd                       0x080032f3   Thumb Code    24  stm32f10x_usart.o(.text)
    USART_SmartCardNACKCmd                   0x0800330b   Thumb Code    24  stm32f10x_usart.o(.text)
    USART_HalfDuplexCmd                      0x08003323   Thumb Code    24  stm32f10x_usart.o(.text)
    USART_OverSampling8Cmd                   0x0800333b   Thumb Code    22  stm32f10x_usart.o(.text)
    USART_OneBitMethodCmd                    0x08003351   Thumb Code    24  stm32f10x_usart.o(.text)
    USART_IrDAConfig                         0x08003369   Thumb Code    18  stm32f10x_usart.o(.text)
    USART_IrDACmd                            0x0800337b   Thumb Code    24  stm32f10x_usart.o(.text)
    USART_GetFlagStatus                      0x08003393   Thumb Code    26  stm32f10x_usart.o(.text)
    USART_ClearFlag                          0x080033ad   Thumb Code    18  stm32f10x_usart.o(.text)
    USART_GetITStatus                        0x080033bf   Thumb Code    84  stm32f10x_usart.o(.text)
    USART_ClearITPendingBit                  0x08003413   Thumb Code    50  stm32f10x_usart.o(.text)
    SPI_I2S_DeInit                           0x08003445   Thumb Code    76  stm32f10x_spi.o(.text)
    SPI_Init                                 0x08003491   Thumb Code    60  stm32f10x_spi.o(.text)
    I2S_Init                                 0x080034cd   Thumb Code   222  stm32f10x_spi.o(.text)
    SPI_StructInit                           0x080035ab   Thumb Code    24  stm32f10x_spi.o(.text)
    I2S_StructInit                           0x080035c3   Thumb Code    20  stm32f10x_spi.o(.text)
    SPI_Cmd                                  0x080035d7   Thumb Code    24  stm32f10x_spi.o(.text)
    I2S_Cmd                                  0x080035ef   Thumb Code    24  stm32f10x_spi.o(.text)
    SPI_I2S_ITConfig                         0x08003607   Thumb Code    36  stm32f10x_spi.o(.text)
    SPI_I2S_DMACmd                           0x0800362b   Thumb Code    24  stm32f10x_spi.o(.text)
    SPI_I2S_SendData                         0x08003643   Thumb Code     4  stm32f10x_spi.o(.text)
    SPI_I2S_ReceiveData                      0x08003647   Thumb Code     6  stm32f10x_spi.o(.text)
    SPI_NSSInternalSoftwareConfig            0x0800364d   Thumb Code    30  stm32f10x_spi.o(.text)
    SPI_SSOutputCmd                          0x0800366b   Thumb Code    24  stm32f10x_spi.o(.text)
    SPI_DataSizeConfig                       0x08003683   Thumb Code    18  stm32f10x_spi.o(.text)
    SPI_TransmitCRC                          0x08003695   Thumb Code    10  stm32f10x_spi.o(.text)
    SPI_CalculateCRC                         0x0800369f   Thumb Code    24  stm32f10x_spi.o(.text)
    SPI_GetCRC                               0x080036b7   Thumb Code    16  stm32f10x_spi.o(.text)
    SPI_GetCRCPolynomial                     0x080036c7   Thumb Code     6  stm32f10x_spi.o(.text)
    SPI_BiDirectionalLineConfig              0x080036cd   Thumb Code    28  stm32f10x_spi.o(.text)
    SPI_I2S_GetFlagStatus                    0x080036e9   Thumb Code    18  stm32f10x_spi.o(.text)
    SPI_I2S_ClearFlag                        0x080036fb   Thumb Code     6  stm32f10x_spi.o(.text)
    SPI_I2S_GetITStatus                      0x08003701   Thumb Code    52  stm32f10x_spi.o(.text)
    SPI_I2S_ClearITPendingBit                0x08003735   Thumb Code    20  stm32f10x_spi.o(.text)
    main                                     0x08003755   Thumb Code    40  main.o(.text)
    CreatBeacon                              0x08003781   Thumb Code   142  beacon.o(.text)
    PostBeacon                               0x0800380f   Thumb Code    14  beacon.o(.text)
    SendBeacon                               0x0800381d   Thumb Code    26  beacon.o(.text)
    Init_TQ                                  0x08003851   Thumb Code    28  processevent.o(.text)
    PostTask                                 0x0800386d   Thumb Code    48  processevent.o(.text)
    Pop_T                                    0x0800389d   Thumb Code    56  processevent.o(.text)
    Process_Event                            0x080038d5   Thumb Code    70  processevent.o(.text)
    CreateJoinRequectACK                     0x08003929   Thumb Code   226  join.o(.text)
    JoinRequestHandler                       0x08003a0b   Thumb Code   136  join.o(.text)
    JoinRequestACKOKHandler                  0x08003a93   Thumb Code    72  join.o(.text)
    Unpack                                   0x08003af1   Thumb Code    10  device.o(.text)
    PackValid                                0x08003afb   Thumb Code    48  device.o(.text)
    CreateDataACK                            0x08003b35   Thumb Code   136  tdma.o(.text)
    DataHandler                              0x08003bbd   Thumb Code   110  tdma.o(.text)
    Clear_Node                               0x08003c45   Thumb Code     8  upload.o(.text)
    Init_Upload_TQ                           0x08003c4d   Thumb Code    34  upload.o(.text)
    Empty_Node                               0x08003c6f   Thumb Code    18  upload.o(.text)
    PostUploadNode                           0x08003c81   Thumb Code    72  upload.o(.text)
    PopUploadNode                            0x08003cc9   Thumb Code    66  upload.o(.text)
    Clear_Buffer                             0x08003d0b   Thumb Code    30  upload.o(.text)
    Upload_Data                              0x08003d29   Thumb Code   172  upload.o(.text)
    __use_no_semihosting                     0x08003de9   Thumb Code     2  use_no_semi_2.o(.text)
    __2printf                                0x08003ded   Thumb Code    20  noretval__2printf.o(.text)
    __use_two_region_memory                  0x08003e05   Thumb Code     2  heapauxi.o(.text)
    __rt_heap_escrow$2region                 0x08003e07   Thumb Code     2  heapauxi.o(.text)
    __rt_heap_expand$2region                 0x08003e09   Thumb Code     2  heapauxi.o(.text)
    __I$use$semihosting                      0x08003e0b   Thumb Code     0  use_no_semi.o(.text)
    __use_no_semihosting_swi                 0x08003e0b   Thumb Code     2  use_no_semi.o(.text)
    _printf_char_file                        0x08003e0d   Thumb Code    32  _printf_char_file.o(.text)
    _printf_char_common                      0x08003e3b   Thumb Code    32  _printf_char_common.o(.text)
    ferror                                   0x08003e61   Thumb Code     8  ferror.o(.text)
    __user_setup_stackheap                   0x08003e69   Thumb Code    74  sys_stackheap_outer.o(.text)
    __printf                                 0x08003eb3   Thumb Code    38  __printf_nopercent.o(.text)
    exit                                     0x08003ed9   Thumb Code    12  exit.o(.text)
    __user_libspace                          0x08003ee5   Thumb Code     8  libspace.o(.text)
    __user_perproc_libspace                  0x08003ee5   Thumb Code     0  libspace.o(.text)
    __user_perthread_libspace                0x08003ee5   Thumb Code     0  libspace.o(.text)
    __rt_fp_status_addr                      0x08003eed   Thumb Code     8  rt_fp_status_addr_intlibspace.o(.text)
    __aeabi_fadd                             0x08003ef5   Thumb Code     0  faddsub_clz.o(x$fpl$fadd)
    _fadd                                    0x08003ef5   Thumb Code   196  faddsub_clz.o(x$fpl$fadd)
    __fpl_fcmp_Inf                           0x08003fb9   Thumb Code    24  fcmpi.o(x$fpl$fcmpinf)
    __aeabi_fdiv                             0x08003fd1   Thumb Code     0  fdiv.o(x$fpl$fdiv)
    _fdiv                                    0x08003fd1   Thumb Code   384  fdiv.o(x$fpl$fdiv)
    __aeabi_f2uiz                            0x08004155   Thumb Code     0  ffixu.o(x$fpl$ffixu)
    _ffixu                                   0x08004155   Thumb Code    62  ffixu.o(x$fpl$ffixu)
    __aeabi_ui2f                             0x08004195   Thumb Code     0  fflt_clz.o(x$fpl$ffltu)
    _ffltu                                   0x08004195   Thumb Code    38  fflt_clz.o(x$fpl$ffltu)
    __aeabi_cfcmple                          0x080041bd   Thumb Code     0  fleqf.o(x$fpl$fleqf)
    _fcmple                                  0x080041bd   Thumb Code   104  fleqf.o(x$fpl$fleqf)
    __fpl_fcmple_InfNaN                      0x0800420f   Thumb Code     0  fleqf.o(x$fpl$fleqf)
    __aeabi_fmul                             0x08004225   Thumb Code     0  fmul.o(x$fpl$fmul)
    _fmul                                    0x08004225   Thumb Code   258  fmul.o(x$fpl$fmul)
    __fpl_fnaninf                            0x08004327   Thumb Code   140  fnaninf.o(x$fpl$fnaninf)
    _fp_init                                 0x080043b3   Thumb Code    14  fpinit.o(x$fpl$fpinit)
    __fplib_config_pureend_doubles           0x080043bf   Thumb Code     0  fpinit.o(x$fpl$fpinit)
    __fpl_fretinf                            0x080043c1   Thumb Code    10  fretinf.o(x$fpl$fretinf)
    __aeabi_frsub                            0x080043cb   Thumb Code     0  faddsub_clz.o(x$fpl$frsb)
    _frsb                                    0x080043cb   Thumb Code    20  faddsub_clz.o(x$fpl$frsb)
    __aeabi_fsub                             0x080043e1   Thumb Code     0  faddsub_clz.o(x$fpl$fsub)
    _fsub                                    0x080043e1   Thumb Code   234  faddsub_clz.o(x$fpl$fsub)
    A7139Config                              0x080044ca   Data          32  a7139_config.o(.constdata)
    __I$use$fp                               0x080044cb   Thumb Code     0  usenofp.o(x$fpl$usenofp)
    A7139Config_PageA                        0x080044ea   Data          32  a7139_config.o(.constdata)
    A7139Config_PageB                        0x0800450a   Data          10  a7139_config.o(.constdata)
    Region$$Table$$Base                      0x08004514   Number         0  anon$$obj.o(Region$$Table)
    Region$$Table$$Limit                     0x08004534   Number         0  anon$$obj.o(Region$$Table)
    SystemCoreClock                          0x20000000   Data           4  system_stm32f10x.o(.data)
    AHBPrescTable                            0x20000004   Data          16  system_stm32f10x.o(.data)
    time_out                                 0x20000018   Data           4  interrupt.o(.data)
    rssisee                                  0x2000001c   Data           1  interrupt.o(.data)
    mode                                     0x2000001d   Data           1  interrupt.o(.data)
    buda                                     0x20000024   Data           1  usart.o(.data)
    __stdout                                 0x20000028   Data           4  usart.o(.data)
    BeaconPacket                             0x20000040   Data           7  beacon.o(.data)
    BeaconPacketFIFO                         0x20000047   Data           7  beacon.o(.data)
    TQ                                       0x20000050   Data           5  processevent.o(.data)
    current_tsk                              0x20000058   Data           4  processevent.o(.data)
    last_tsk                                 0x2000005c   Data           4  processevent.o(.data)
    new_node_pyh_address                     0x20000060   Data           4  join.o(.data)
    JoinRequestACKPacket                     0x20000064   Data           8  join.o(.data)
    Frame_Time                               0x2000006c   Data           2  device.o(.data)
    Power_Mode                               0x2000006e   Data           1  device.o(.data)
    DataACKPacket                            0x20000070   Data           7  tdma.o(.data)
    bufnode                                  0x20000078   Data           4  tdma.o(.data)
    Node_Inwaiting                           0x2000007c   Data           1  upload.o(.data)
    current_upload_tsk                       0x2000007d   Data           1  upload.o(.data)
    last_upload_tsk                          0x2000007e   Data           1  upload.o(.data)
    rec                                      0x2000007f   Data           1  upload.o(.data)
    DataSendBuffer                           0x20000080   Data          12  device.o(.bss)
    DataRecvBuffer                           0x2000008c   Data          12  device.o(.bss)
    RootDevice                               0x20000098   Data        2044  device.o(.bss)
    UploadTQ                                 0x20000894   Data         400  upload.o(.bss)
    __libspace_start                         0x20000a24   Data          96  libspace.o(.bss)
    __temporary_stack_top$libspace           0x20000a84   Data           0  libspace.o(.bss)



==============================================================================

Memory Map of the image

  Image Entry point : 0x08000131

  Load Region LR_IROM1 (Base: 0x08000000, Size: 0x000045b4, Max: 0x00040000, ABSOLUTE)

    Execution Region ER_IROM1 (Base: 0x08000000, Size: 0x00004534, Max: 0x00040000, ABSOLUTE)

    Base Addr    Size         Type   Attr      Idx    E Section Name        Object

    0x08000000   0x00000130   Data   RO          328    RESET               startup_stm32f10x_hd.o
    0x08000130   0x00000008   Code   RO          539  * !!!main             c_w.l(__main.o)
    0x08000138   0x00000034   Code   RO          735    !!!scatter          c_w.l(__scatter.o)
    0x0800016c   0x0000001a   Code   RO          737    !!handler_copy      c_w.l(__scatter_copy.o)
    0x08000186   0x00000002   PAD
    0x08000188   0x0000001c   Code   RO          739    !!handler_zi        c_w.l(__scatter_zi.o)
    0x080001a4   0x00000006   Code   RO          609    .ARM.Collect$$libinit$$00000000  c_w.l(libinit.o)
    0x080001aa   0x00000000   Code   RO          617    .ARM.Collect$$libinit$$00000006  c_w.l(libinit2.o)
    0x080001aa   0x00000000   Code   RO          619    .ARM.Collect$$libinit$$00000008  c_w.l(libinit2.o)
    0x080001aa   0x00000000   Code   RO          621    .ARM.Collect$$libinit$$0000000A  c_w.l(libinit2.o)
    0x080001aa   0x00000000   Code   RO          624    .ARM.Collect$$libinit$$0000000D  c_w.l(libinit2.o)
    0x080001aa   0x00000000   Code   RO          626    .ARM.Collect$$libinit$$0000000F  c_w.l(libinit2.o)
    0x080001aa   0x00000000   Code   RO          628    .ARM.Collect$$libinit$$00000011  c_w.l(libinit2.o)
    0x080001aa   0x00000000   Code   RO          630    .ARM.Collect$$libinit$$00000013  c_w.l(libinit2.o)
    0x080001aa   0x00000000   Code   RO          632    .ARM.Collect$$libinit$$00000015  c_w.l(libinit2.o)
    0x080001aa   0x00000000   Code   RO          634    .ARM.Collect$$libinit$$00000017  c_w.l(libinit2.o)
    0x080001aa   0x00000000   Code   RO          636    .ARM.Collect$$libinit$$00000019  c_w.l(libinit2.o)
    0x080001aa   0x00000000   Code   RO          638    .ARM.Collect$$libinit$$0000001B  c_w.l(libinit2.o)
    0x080001aa   0x00000000   Code   RO          640    .ARM.Collect$$libinit$$0000001D  c_w.l(libinit2.o)
    0x080001aa   0x00000000   Code   RO          642    .ARM.Collect$$libinit$$0000001F  c_w.l(libinit2.o)
    0x080001aa   0x00000000   Code   RO          644    .ARM.Collect$$libinit$$00000021  c_w.l(libinit2.o)
    0x080001aa   0x00000000   Code   RO          648    .ARM.Collect$$libinit$$00000028  c_w.l(libinit2.o)
    0x080001aa   0x00000000   Code   RO          650    .ARM.Collect$$libinit$$0000002A  c_w.l(libinit2.o)
    0x080001aa   0x00000000   Code   RO          652    .ARM.Collect$$libinit$$0000002C  c_w.l(libinit2.o)
    0x080001aa   0x00000000   Code   RO          654    .ARM.Collect$$libinit$$0000002E  c_w.l(libinit2.o)
    0x080001aa   0x00000002   Code   RO          655    .ARM.Collect$$libinit$$0000002F  c_w.l(libinit2.o)
    0x080001ac   0x00000002   Code   RO          678    .ARM.Collect$$libshutdown$$00000000  c_w.l(libshutdown.o)
    0x080001ae   0x00000000   Code   RO          689    .ARM.Collect$$libshutdown$$00000003  c_w.l(libshutdown2.o)
    0x080001ae   0x00000000   Code   RO          692    .ARM.Collect$$libshutdown$$00000006  c_w.l(libshutdown2.o)
    0x080001ae   0x00000000   Code   RO          695    .ARM.Collect$$libshutdown$$00000009  c_w.l(libshutdown2.o)
    0x080001ae   0x00000000   Code   RO          697    .ARM.Collect$$libshutdown$$0000000B  c_w.l(libshutdown2.o)
    0x080001ae   0x00000000   Code   RO          700    .ARM.Collect$$libshutdown$$0000000E  c_w.l(libshutdown2.o)
    0x080001ae   0x00000002   Code   RO          701    .ARM.Collect$$libshutdown$$0000000F  c_w.l(libshutdown2.o)
    0x080001b0   0x00000000   Code   RO          567    .ARM.Collect$$rtentry$$00000000  c_w.l(rtentry.o)
    0x080001b0   0x00000000   Code   RO          578    .ARM.Collect$$rtentry$$00000002  c_w.l(rtentry2.o)
    0x080001b0   0x00000006   Code   RO          590    .ARM.Collect$$rtentry$$00000004  c_w.l(rtentry4.o)
    0x080001b6   0x00000000   Code   RO          580    .ARM.Collect$$rtentry$$00000009  c_w.l(rtentry2.o)
    0x080001b6   0x00000004   Code   RO          581    .ARM.Collect$$rtentry$$0000000A  c_w.l(rtentry2.o)
    0x080001ba   0x00000000   Code   RO          583    .ARM.Collect$$rtentry$$0000000C  c_w.l(rtentry2.o)
    0x080001ba   0x00000008   Code   RO          584    .ARM.Collect$$rtentry$$0000000D  c_w.l(rtentry2.o)
    0x080001c2   0x00000002   Code   RO          613    .ARM.Collect$$rtexit$$00000000  c_w.l(rtexit.o)
    0x080001c4   0x00000000   Code   RO          659    .ARM.Collect$$rtexit$$00000002  c_w.l(rtexit2.o)
    0x080001c4   0x00000004   Code   RO          660    .ARM.Collect$$rtexit$$00000003  c_w.l(rtexit2.o)
    0x080001c8   0x00000006   Code   RO          661    .ARM.Collect$$rtexit$$00000004  c_w.l(rtexit2.o)
    0x080001ce   0x0000001a   Code   RO            1    .text               stm32f10x_it.o
    0x080001e8   0x000001c8   Code   RO           56    .text               system_stm32f10x.o
    0x080003b0   0x000000bc   Code   RO           74    .text               timer.o
    0x0800046c   0x00000168   Code   RO          115    .text               led.o
    0x080005d4   0x000000ec   Code   RO          183    .text               key.o
    0x080006c0   0x000003f4   Code   RO          196    .text               spi.o
    0x08000ab4   0x00000a64   Code   RO          208    .text               a7139.o
    0x08001518   0x00000210   Code   RO          237    .text               interrupt.o
    0x08001728   0x000000c4   Code   RO          258    .text               delay.o
    0x080017ec   0x0000004c   Code   RO          272    .text               sys.o
    0x08001838   0x00000120   Code   RO          284    .text               usart.o
    0x08001958   0x0000011c   Code   RO          303    .text               stm32f10x_exti.o
    0x08001a74   0x00000040   Code   RO          329    .text               startup_stm32f10x_hd.o
    0x08001ab4   0x000000dc   Code   RO          333    .text               misc.o
    0x08001b90   0x00000358   Code   RO          357    .text               stm32f10x_gpio.o
    0x08001ee8   0x000003a0   Code   RO          369    .text               stm32f10x_rcc.o
    0x08002288   0x00000dae   Code   RO          383    .text               stm32f10x_tim.o
    0x08003036   0x00000002   PAD
    0x08003038   0x0000040c   Code   RO          395    .text               stm32f10x_usart.o
    0x08003444   0x00000310   Code   RO          407    .text               stm32f10x_spi.o
    0x08003754   0x0000002c   Code   RO          419    .text               main.o
    0x08003780   0x000000d0   Code   RO          434    .text               beacon.o
    0x08003850   0x000000d8   Code   RO          449    .text               processevent.o
    0x08003928   0x000001c8   Code   RO          464    .text               join.o
    0x08003af0   0x00000044   Code   RO          479    .text               device.o
    0x08003b34   0x00000110   Code   RO          498    .text               tdma.o
    0x08003c44   0x000001a4   Code   RO          513    .text               upload.o
    0x08003de8   0x00000002   Code   RO          531    .text               c_w.l(use_no_semi_2.o)
    0x08003dea   0x00000002   PAD
    0x08003dec   0x00000018   Code   RO          535    .text               c_w.l(noretval__2printf.o)
    0x08003e04   0x00000006   Code   RO          537    .text               c_w.l(heapauxi.o)
    0x08003e0a   0x00000002   Code   RO          565    .text               c_w.l(use_no_semi.o)
    0x08003e0c   0x00000024   Code   RO          568    .text               c_w.l(_printf_char_file.o)
    0x08003e30   0x00000030   Code   RO          592    .text               c_w.l(_printf_char_common.o)
    0x08003e60   0x00000008   Code   RO          594    .text               c_w.l(ferror.o)
    0x08003e68   0x0000004a   Code   RO          598    .text               c_w.l(sys_stackheap_outer.o)
    0x08003eb2   0x00000026   Code   RO          600    .text               c_w.l(__printf_nopercent.o)
    0x08003ed8   0x0000000c   Code   RO          602    .text               c_w.l(exit.o)
    0x08003ee4   0x00000008   Code   RO          610    .text               c_w.l(libspace.o)
    0x08003eec   0x00000008   Code   RO          668    .text               c_w.l(rt_fp_status_addr_intlibspace.o)
    0x08003ef4   0x000000c4   Code   RO          541    x$fpl$fadd          fz_ws.l(faddsub_clz.o)
    0x08003fb8   0x00000018   Code   RO          570    x$fpl$fcmpinf       fz_ws.l(fcmpi.o)
    0x08003fd0   0x00000184   Code   RO          548    x$fpl$fdiv          fz_ws.l(fdiv.o)
    0x08004154   0x0000003e   Code   RO          551    x$fpl$ffixu         fz_ws.l(ffixu.o)
    0x08004192   0x00000002   PAD
    0x08004194   0x00000026   Code   RO          555    x$fpl$ffltu         fz_ws.l(fflt_clz.o)
    0x080041ba   0x00000002   PAD
    0x080041bc   0x00000068   Code   RO          561    x$fpl$fleqf         fz_ws.l(fleqf.o)
    0x08004224   0x00000102   Code   RO          563    x$fpl$fmul          fz_ws.l(fmul.o)
    0x08004326   0x0000008c   Code   RO          572    x$fpl$fnaninf       fz_ws.l(fnaninf.o)
    0x080043b2   0x0000000e   Code   RO          656    x$fpl$fpinit        fz_ws.l(fpinit.o)
    0x080043c0   0x0000000a   Code   RO          574    x$fpl$fretinf       fz_ws.l(fretinf.o)
    0x080043ca   0x00000014   Code   RO          542    x$fpl$frsb          fz_ws.l(faddsub_clz.o)
    0x080043de   0x00000002   PAD
    0x080043e0   0x000000ea   Code   RO          543    x$fpl$fsub          fz_ws.l(faddsub_clz.o)
    0x080044ca   0x00000000   Code   RO          576    x$fpl$usenofp       fz_ws.l(usenofp.o)
    0x080044ca   0x0000004a   Data   RO          225    .constdata          a7139_config.o
    0x08004514   0x00000020   Data   RO          733    Region$$Table       anon$$obj.o


    Execution Region RW_IRAM1 (Base: 0x20000000, Size: 0x00001088, Max: 0x0000c000, ABSOLUTE)

    Base Addr    Size         Type   Attr      Idx    E Section Name        Object

    0x20000000   0x00000014   Data   RW           57    .data               system_stm32f10x.o
    0x20000014   0x00000001   Data   RW          184    .data               key.o
    0x20000015   0x00000003   PAD
    0x20000018   0x00000006   Data   RW          238    .data               interrupt.o
    0x2000001e   0x00000004   Data   RW          259    .data               delay.o
    0x20000022   0x00000002   PAD
    0x20000024   0x00000008   Data   RW          285    .data               usart.o
    0x2000002c   0x00000014   Data   RW          370    .data               stm32f10x_rcc.o
    0x20000040   0x0000000e   Data   RW          435    .data               beacon.o
    0x2000004e   0x00000002   PAD
    0x20000050   0x00000010   Data   RW          450    .data               processevent.o
    0x20000060   0x0000000c   Data   RW          465    .data               join.o
    0x2000006c   0x00000003   Data   RW          481    .data               device.o
    0x2000006f   0x00000001   PAD
    0x20000070   0x0000000c   Data   RW          499    .data               tdma.o
    0x2000007c   0x00000004   Data   RW          515    .data               upload.o
    0x20000080   0x00000814   Zero   RW          480    .bss                device.o
    0x20000894   0x00000190   Zero   RW          514    .bss                upload.o
    0x20000a24   0x00000060   Zero   RW          611    .bss                c_w.l(libspace.o)
    0x20000a84   0x00000004   PAD
    0x20000a88   0x00000200   Zero   RW          327    HEAP                startup_stm32f10x_hd.o
    0x20000c88   0x00000400   Zero   RW          326    STACK               startup_stm32f10x_hd.o


==============================================================================

Image component sizes


      Code (inc. data)   RO Data    RW Data    ZI Data      Debug   Object Name

      2660        100          0          0          0       7522   a7139.o
         0          0         74          0          0        606   a7139_config.o
       208         26          0         14          0       1212   beacon.o
         0          0          0          0          0         32   core_cm3.o
       196         16          0          4          0        923   delay.o
        68         10          0          3       2068       2116   device.o
       528         58          0          6          0       1774   interrupt.o
       456         22          0         12          0       1494   join.o
       236         16          0          1          0        776   key.o
       360         18          0          0          0       4391   led.o
        44          4          0          0          0        403   main.o
       220         20          0          0          0       1685   misc.o
       216         14          0         16          0       1553   processevent.o
      1012         34          0          0          0       3265   spi.o
        64         26        304          0       1536        740   startup_stm32f10x_hd.o
       284         10          0          0          0       2143   stm32f10x_exti.o
       856         40          0          0          0       5617   stm32f10x_gpio.o
        26          0          0          0          0      55478   stm32f10x_it.o
       928         44          0         20          0       8736   stm32f10x_rcc.o
       784         12          0          0          0       6522   stm32f10x_spi.o
      3502         86          0          0          0      22788   stm32f10x_tim.o
      1036         20          0          0          0       8364   stm32f10x_usart.o
        76          6          0          0          0        546   sys.o
       456         36          0         20          0       1571   system_stm32f10x.o
       272         26          0         12          0       1004   tdma.o
       188          8          0          0          0     205642   timer.o
       420         20          0          4        400       2522   upload.o
       288         14          0          8          0       3338   usart.o

    ----------------------------------------------------------------------
     15386        686        410        128       4004     352763   Object Totals
         0          0         32          0          0          0   (incl. Generated)
         2          0          0          8          0          0   (incl. Padding)

    ----------------------------------------------------------------------

      Code (inc. data)   RO Data    RW Data    ZI Data      Debug   Library Member Name

         8          0          0          0          0         68   __main.o
        38          0          0          0          0         84   __printf_nopercent.o
        52          8          0          0          0          0   __scatter.o
        26          0          0          0          0          0   __scatter_copy.o
        28          0          0          0          0          0   __scatter_zi.o
        48          6          0          0          0         96   _printf_char_common.o
        36          4          0          0          0         80   _printf_char_file.o
        12          0          0          0          0         72   exit.o
         8          0          0          0          0         68   ferror.o
         6          0          0          0          0        152   heapauxi.o
         6          0          0          0          0          0   libinit.o
         2          0          0          0          0          0   libinit2.o
         2          0          0          0          0          0   libshutdown.o
         2          0          0          0          0          0   libshutdown2.o
         8          4          0          0         96         68   libspace.o
        24          4          0          0          0         84   noretval__2printf.o
         8          4          0          0          0         68   rt_fp_status_addr_intlibspace.o
         0          0          0          0          0          0   rtentry.o
        12          0          0          0          0          0   rtentry2.o
         6          0          0          0          0          0   rtentry4.o
         2          0          0          0          0          0   rtexit.o
        10          0          0          0          0          0   rtexit2.o
        74          0          0          0          0         80   sys_stackheap_outer.o
         2          0          0          0          0         68   use_no_semi.o
         2          0          0          0          0         68   use_no_semi_2.o
       450          8          0          0          0        236   faddsub_clz.o
        24          0          0          0          0         68   fcmpi.o
       388         76          0          0          0         96   fdiv.o
        62          4          0          0          0         84   ffixu.o
        38          0          0          0          0         68   fflt_clz.o
       104          4          0          0          0         84   fleqf.o
       258          4          0          0          0         84   fmul.o
       140          4          0          0          0         84   fnaninf.o
        14          0          0          0          0         76   fpinit.o
        10          0          0          0          0         68   fretinf.o
         0          0          0          0          0          0   usenofp.o

    ----------------------------------------------------------------------
      1920        130          0          0        100       2004   Library Totals
        10          0          0          0          4          0   (incl. Padding)

    ----------------------------------------------------------------------

      Code (inc. data)   RO Data    RW Data    ZI Data      Debug   Library Name

       422         30          0          0         96       1056   c_w.l
      1488        100          0          0          0        948   fz_ws.l

    ----------------------------------------------------------------------
      1920        130          0          0        100       2004   Library Totals

    ----------------------------------------------------------------------

==============================================================================


      Code (inc. data)   RO Data    RW Data    ZI Data      Debug   

     17306        816        410        128       4104     351231   Grand Totals
     17306        816        410        128       4104     351231   ELF Image Totals
     17306        816        410        128          0          0   ROM Totals

==============================================================================

    Total RO  Size (Code + RO Data)                17716 (  17.30kB)
    Total RW  Size (RW Data + ZI Data)              4232 (   4.13kB)
    Total ROM Size (Code + RO Data + RW Data)      17844 (  17.43kB)

==============================================================================

