ARM Linker, 4.1 [Build 894] [Standard]

==============================================================================

Section Cross References

    system_stm32f10x.o(.text) refers to system_stm32f10x.o(.data) for SystemCoreClock
    led.o(.text) refers to stm32f10x_rcc.o(.text) for RCC_APB2PeriphClockCmd
    led.o(.text) refers to stm32f10x_gpio.o(.text) for GPIO_Init
    key.o(.text) refers to stm32f10x_rcc.o(.text) for RCC_APB2PeriphClockCmd
    key.o(.text) refers to stm32f10x_gpio.o(.text) for GPIO_Init
    key.o(.text) refers to delay.o(.text) for delay_ms
    key.o(.text) refers to key.o(.data) for key_up
    spi.o(.text) refers to stm32f10x_rcc.o(.text) for RCC_APB2PeriphClockCmd
    spi.o(.text) refers to stm32f10x_gpio.o(.text) for GPIO_Init
    spi.o(.text) refers to stm32f10x_spi.o(.text) for SPI_I2S_GetFlagStatus
    spi.o(.text) refers to delay.o(.text) for delay_us
    timer.o(.text) refers to stm32f10x_rcc.o(.text) for RCC_APB1PeriphClockCmd
    timer.o(.text) refers to stm32f10x_tim.o(.text) for TIM_TimeBaseInit
    timer.o(.text) refers to misc.o(.text) for NVIC_Init
    interrupt.o(.text) refers to stm32f10x_rcc.o(.text) for RCC_APB2PeriphClockCmd
    interrupt.o(.text) refers to stm32f10x_gpio.o(.text) for GPIO_EXTILineConfig
    interrupt.o(.text) refers to stm32f10x_exti.o(.text) for EXTI_Init
    interrupt.o(.text) refers to misc.o(.text) for NVIC_Init
    interrupt.o(.text) refers to stm32f10x_tim.o(.text) for TIM_ClearITPendingBit
    interrupt.o(.text) refers to a7139.o(.text) for A7139_ReadFIFO
    interrupt.o(.text) refers to delay.o(.text) for delay_us
    interrupt.o(.text) refers to interrupt.o(.data) for BeaconTimeCount
    interrupt.o(.text) refers to trsdata.o(.bss) for DataRecv
    a7139.o(.text) refers to spi.o(.text) for SPIx_WriteByte
    a7139.o(.text) refers to delay.o(.text) for delay_us
    a7139.o(.text) refers to fdiv.o(x$fpl$fdiv) for __aeabi_fdiv
    a7139.o(.text) refers to ffixu.o(x$fpl$ffixu) for __aeabi_f2uiz
    a7139.o(.text) refers to fflt_clz.o(x$fpl$ffltu) for __aeabi_ui2f
    a7139.o(.text) refers to fmul.o(x$fpl$fmul) for __aeabi_fmul
    a7139.o(.text) refers to faddsub_clz.o(x$fpl$frsb) for __aeabi_frsub
    a7139.o(.text) refers to fleqf.o(x$fpl$fleqf) for __aeabi_cfcmple
    a7139.o(.text) refers to a7139_config.o(.constdata) for A7139Config
    a7139.o(.text) refers to a7139.o(.data) for look
    delay.o(.text) refers to misc.o(.text) for SysTick_CLKSourceConfig
    delay.o(.text) refers to system_stm32f10x.o(.data) for SystemCoreClock
    delay.o(.text) refers to delay.o(.data) for fac_us
    sys.o(.text) refers to misc.o(.text) for NVIC_PriorityGroupConfig
    sys.o(.text) refers to delay.o(.text) for delay_init
    sys.o(.text) refers to usart.o(.text) for uart_init
    sys.o(.text) refers to led.o(.text) for LED_Init
    sys.o(.text) refers to key.o(.text) for KEY_Init
    sys.o(.text) refers to spi.o(.text) for SPI3_Init
    sys.o(.text) refers to a7139.o(.text) for A7139_Init
    sys.o(.text) refers to timer.o(.text) for TIM3_Int_Init
    sys.o(.text) refers to interrupt.o(.text) for Interrupt_Init
    usart.o(.text) refers (Special) to use_no_semi_2.o(.text) for __use_no_semihosting
    usart.o(.text) refers to stm32f10x_usart.o(.text) for USART_GetFlagStatus
    usart.o(.text) refers to stm32f10x_rcc.o(.text) for RCC_APB2PeriphClockCmd
    usart.o(.text) refers to stm32f10x_gpio.o(.text) for GPIO_Init
    usart.o(.text) refers to misc.o(.text) for NVIC_Init
    usart.o(.text) refers to usart.o(.data) for USART_RX_STA
    usart.o(.text) refers to usart.o(.bss) for USART_RX_BUF
    usart.o(.bss) refers (Special) to use_no_semi_2.o(.text) for __use_no_semihosting
    usart.o(.data) refers (Special) to use_no_semi_2.o(.text) for __use_no_semihosting
    startup_stm32f10x_hd.o(STACK) refers (Special) to heapauxi.o(.text) for __use_two_region_memory
    startup_stm32f10x_hd.o(HEAP) refers (Special) to heapauxi.o(.text) for __use_two_region_memory
    startup_stm32f10x_hd.o(RESET) refers (Special) to heapauxi.o(.text) for __use_two_region_memory
    startup_stm32f10x_hd.o(RESET) refers to startup_stm32f10x_hd.o(STACK) for __initial_sp
    startup_stm32f10x_hd.o(RESET) refers to startup_stm32f10x_hd.o(.text) for Reset_Handler
    startup_stm32f10x_hd.o(RESET) refers to stm32f10x_it.o(.text) for NMI_Handler
    startup_stm32f10x_hd.o(RESET) refers to interrupt.o(.text) for EXTI9_5_IRQHandler
    startup_stm32f10x_hd.o(RESET) refers to usart.o(.text) for USART1_IRQHandler
    startup_stm32f10x_hd.o(.text) refers (Special) to heapauxi.o(.text) for __use_two_region_memory
    startup_stm32f10x_hd.o(.text) refers to system_stm32f10x.o(.text) for SystemInit
    startup_stm32f10x_hd.o(.text) refers to __main.o(!!!main) for __main
    startup_stm32f10x_hd.o(.text) refers to startup_stm32f10x_hd.o(HEAP) for Heap_Mem
    startup_stm32f10x_hd.o(.text) refers to startup_stm32f10x_hd.o(STACK) for Stack_Mem
[...]
    rtentry4.o(.ARM.exidx) refers to rtentry4.o(.ARM.Collect$$rtentry$$00000004) for .ARM.Collect$$rtentry$$00000004
    sys_stackheap_outer.o(.text) refers to libspace.o(.text) for __user_perproc_libspace
    sys_stackheap_outer.o(.text) refers to startup_stm32f10x_hd.o(.text) for __user_initial_stackheap
    exit.o(.text) refers to rtexit.o(.ARM.Collect$$rtexit$$00000000) for __rt_exit
    libinit.o(.ARM.Collect$$libinit$$00000000) refers (Special) to libinit2.o(.ARM.Collect$$libinit$$0000002A) for __rt_lib_init_alloca_1
    libinit.o(.ARM.Collect$$libinit$$00000000) refers (Special) to libinit2.o(.ARM.Collect$$libinit$$00000028) for __rt_lib_init_argv_1
    libinit.o(.ARM.Collect$$libinit$$00000000) refers (Special) to libinit2.o(.ARM.Collect$$libinit$$00000017) for __rt_lib_init_atexit_1
    libinit.o(.ARM.Collect$$libinit$$00000000) refers (Special) to libinit2.o(.ARM.Collect$$libinit$$0000001D) for __rt_lib_init_clock_1
    libinit.o(.ARM.Collect$$libinit$$00000000) refers (Special) to libinit2.o(.ARM.Collect$$libinit$$0000002E) for __rt_lib_init_cpp_1
    libinit.o(.ARM.Collect$$libinit$$00000000) refers (Special) to libinit2.o(.ARM.Collect$$libinit$$0000002C) for __rt_lib_init_exceptions_1
    libinit.o(.ARM.Collect$$libinit$$00000000) refers (Special) to libinit2.o(.ARM.Collect$$libinit$$0000001B) for __rt_lib_init_fp_trap_1
    libinit.o(.ARM.Collect$$libinit$$00000000) refers (Special) to libinit2.o(.ARM.Collect$$libinit$$0000001F) for __rt_lib_init_getenv_1
    libinit.o(.ARM.Collect$$libinit$$00000000) refers (Special) to libinit2.o(.ARM.Collect$$libinit$$00000006) for __rt_lib_init_heap_1
    libinit.o(.ARM.Collect$$libinit$$00000000) refers (Special) to libinit2.o(.ARM.Collect$$libinit$$0000000D) for __rt_lib_init_lc_collate_1
    libinit.o(.ARM.Collect$$libinit$$00000000) refers (Special) to libinit2.o(.ARM.Collect$$libinit$$0000000F) for __rt_lib_init_lc_ctype_1
    libinit.o(.ARM.Collect$$libinit$$00000000) refers (Special) to libinit2.o(.ARM.Collect$$libinit$$00000011) for __rt_lib_init_lc_monetary_1
    libinit.o(.ARM.Collect$$libinit$$00000000) refers (Special) to libinit2.o(.ARM.Collect$$libinit$$00000013) for __rt_lib_init_lc_numeric_1
    libinit.o(.ARM.Collect$$libinit$$00000000) refers (Special) to libinit2.o(.ARM.Collect$$libinit$$00000015) for __rt_lib_init_lc_time_1
    libinit.o(.ARM.Collect$$libinit$$00000000) refers (Special) to libinit2.o(.ARM.Collect$$libinit$$0000000A) for __rt_lib_init_rand_1
    libinit.o(.ARM.Collect$$libinit$$00000000) refers (Special) to libinit2.o(.ARM.Collect$$libinit$$0000002F) for __rt_lib_init_return
    libinit.o(.ARM.Collect$$libinit$$00000000) refers (Special) to libinit2.o(.ARM.Collect$$libinit$$00000019) for __rt_lib_init_signal_1
    libinit.o(.ARM.Collect$$libinit$$00000000) refers (Special) to libinit2.o(.ARM.Collect$$libinit$$00000021) for __rt_lib_init_stdio_1
    libinit.o(.ARM.Collect$$libinit$$00000000) refers (Special) to libinit2.o(.ARM.Collect$$libinit$$00000008) for __rt_lib_init_user_alloc_1
    libinit.o(.ARM.Collect$$libinit$$00000000) refers to fpinit.o(x$fpl$fpinit) for _fp_init
    libspace.o(.text) refers to libspace.o(.bss) for __libspace_start
    rtexit.o(.ARM.Collect$$rtexit$$00000000) refers (Special) to rtexit2.o(.ARM.Collect$$rtexit$$00000004) for __rt_exit_exit
    rtexit.o(.ARM.Collect$$rtexit$$00000000) refers (Special) to rtexit2.o(.ARM.Collect$$rtexit$$00000003) for __rt_exit_ls
    rtexit.o(.ARM.Collect$$rtexit$$00000000) refers (Special) to rtexit2.o(.ARM.Collect$$rtexit$$00000002) for __rt_exit_prels_1
    rtexit.o(.ARM.exidx) refers (Special) to rtexit2.o(.ARM.Collect$$rtexit$$00000004) for __rt_exit_exit
    rtexit.o(.ARM.exidx) refers (Special) to rtexit2.o(.ARM.Collect$$rtexit$$00000003) for __rt_exit_ls
    rtexit.o(.ARM.exidx) refers (Special) to rtexit2.o(.ARM.Collect$$rtexit$$00000002) for __rt_exit_prels_1
    rtexit.o(.ARM.exidx) refers to rtexit.o(.ARM.Collect$$rtexit$$00000000) for .ARM.Collect$$rtexit$$00000000
    libinit2.o(.ARM.Collect$$libinit$$0000000C) refers to libinit2.o(.ARM.Collect$$libinit$$0000000B) for .ARM.Collect$$libinit$$0000000B
    libinit2.o(.ARM.Collect$$libinit$$0000000E) refers to libinit2.o(.ARM.Collect$$libinit$$0000000B) for .ARM.Collect$$libinit$$0000000B
    libinit2.o(.ARM.Collect$$libinit$$00000010) refers to libinit2.o(.ARM.Collect$$libinit$$0000000B) for .ARM.Collect$$libinit$$0000000B
    libinit2.o(.ARM.Collect$$libinit$$00000012) refers to libinit2.o(.ARM.Collect$$libinit$$0000000B) for .ARM.Collect$$libinit$$0000000B
    libinit2.o(.ARM.Collect$$libinit$$00000014) refers to libinit2.o(.ARM.Collect$$libinit$$0000000B) for .ARM.Collect$$libinit$$0000000B
    libinit2.o(.ARM.Collect$$libinit$$00000022) refers to argv_veneer.o(.emb_text) for __ARM_argv_veneer
    libinit2.o(.ARM.Collect$$libinit$$00000023) refers to argv_veneer.o(.emb_text) for __ARM_argv_veneer
    fpinit.o(x$fpl$fpinit) refers to rt_fp_status_addr_intlibspace.o(.text) for __rt_fp_status_addr
    rtexit2.o(.ARM.Collect$$rtexit$$00000003) refers to libshutdown.o(.ARM.Collect$$libshutdown$$00000000) for __rt_lib_shutdown
    rtexit2.o(.ARM.Collect$$rtexit$$00000004) refers to usart.o(.text) for _sys_exit
    rtexit2.o(.ARM.exidx) refers to rtexit2.o(.ARM.Collect$$rtexit$$00000001) for .ARM.Collect$$rtexit$$00000001
    rtexit2.o(.ARM.exidx) refers to rtexit2.o(.ARM.Collect$$rtexit$$00000003) for .ARM.Collect$$rtexit$$00000003
    rtexit2.o(.ARM.exidx) refers to rtexit2.o(.ARM.Collect$$rtexit$$00000004) for .ARM.Collect$$rtexit$$00000004
    rt_fp_status_addr.o(.text) refers to rt_fp_status_addr.o(.bss) for __rt_fp_status_addr_data
    rt_fp_status_addr_intlibspace.o(.text) refers to libspace.o(.bss) for __libspace_start
    argv_veneer.o(.emb_text) refers to no_argv.o(.text) for __ARM_get_argv
    _get_argv_nomalloc.o(.text) refers (Special) to hrguard.o(.text) for __heap_region$guard
    _get_argv_nomalloc.o(.text) refers to defsig_rtmem_outer.o(.text) for __rt_SIGRTMEM
    _get_argv_nomalloc.o(.text) refers to sys_command.o(.text) for _sys_command_string
    libshutdown.o(.ARM.Collect$$libshutdown$$00000000) refers (Special) to libshutdown2.o(.ARM.Collect$$libshutdown$$00000006) for __rt_lib_shutdown_fp_trap_1
    libshutdown.o(.ARM.Collect$$libshutdown$$00000000) refers (Special) to libshutdown2.o(.ARM.Collect$$libshutdown$$0000000E) for __rt_lib_shutdown_heap_1
    libshutdown.o(.ARM.Collect$$libshutdown$$00000000) refers (Special) to libshutdown2.o(.ARM.Collect$$libshutdown$$0000000F) for __rt_lib_shutdown_return
    libshutdown.o(.ARM.Collect$$libshutdown$$00000000) refers (Special) to libshutdown2.o(.ARM.Collect$$libshutdown$$00000009) for __rt_lib_shutdown_signal_1
    libshutdown.o(.ARM.Collect$$libshutdown$$00000000) refers (Special) to libshutdown2.o(.ARM.Collect$$libshutdown$$00000003) for __rt_lib_shutdown_stdio_1
    libshutdown.o(.ARM.Collect$$libshutdown$$00000000) refers (Special) to libshutdown2.o(.ARM.Collect$$libshutdown$$0000000B) for __rt_lib_shutdown_user_alloc_1
    sys_command.o(.text) refers (Special) to use_no_semi.o(.text) for __I$use$semihosting
    sys_command.o(.text) refers (Special) to indicate_semi.o(.text) for __semihosting_library_function
    defsig_rtmem_outer.o(.text) refers to defsig_rtmem_inner.o(.text) for __rt_SIGRTMEM_inner
    defsig_rtmem_outer.o(.text) refers to defsig_exit.o(.text) for __sig_exit
    defsig_rtmem_formal.o(.text) refers to rt_raise.o(.text) for __rt_raise
    rt_raise.o(.text) refers to __raise.o(.text) for __raise
    rt_raise.o(.text) refers to usart.o(.text) for _sys_exit
    defsig_exit.o(.text) refers to usart.o(.text) for _sys_exit
    defsig_rtmem_inner.o(.text) refers to defsig_general.o(.text) for __default_signal_display
    __raise.o(.text) refers to defsig.o(CL$$defsig) for __default_signal_handler
    defsig_general.o(.text) refers to sys_wrch.o(.text) for _ttywrch
    sys_wrch.o(.text) refers (Special) to use_no_semi.o(.text) for __I$use$semihosting
    sys_wrch.o(.text) refers (Special) to indicate_semi.o(.text) for __semihosting_library_function
    defsig.o(CL$$defsig) refers to defsig_rtmem_inner.o(.text) for __rt_SIGRTMEM_inner
    defsig_abrt_inner.o(.text) refers to defsig_general.o(.text) for __default_signal_display
    defsig_fpe_inner.o(.text) refers to defsig_general.o(.text) for __default_signal_display
    defsig_rtred_inner.o(.text) refers to defsig_general.o(.text) for __default_signal_display
    defsig_stak_inner.o(.text) refers to defsig_general.o(.text) for __default_signal_display
    defsig_pvfn_inner.o(.text) refers to defsig_general.o(.text) for __default_signal_display
    defsig_cppl_inner.o(.text) refers to defsig_general.o(.text) for __default_signal_display
    defsig_segv_inner.o(.text) refers to defsig_general.o(.text) for __default_signal_display
    defsig_other.o(.text) refers to defsig_general.o(.text) for __default_signal_display


==============================================================================

Removing Unused input sections from the image.

    Removing timer.o(.data), (3 bytes).
    Removing a7139.o(.bss), (64 bytes).
    Removing a7139.o(.constdata), (24 bytes).
    Removing core_cm3.o(.emb_text), (32 bytes).
    Removing stm32f10x_fsmc.o(.text), (1560 bytes).
    Removing trsdata.o(.text), (60 bytes).

6 unused section(s) (total 1743 bytes) removed from the image.

==============================================================================

Image Symbol Table

    Local Symbols

    Symbol Name                              Value     Ov Type        Size  Object(Section)

    ../../angel/boardlib.s                   0x00000000   Number         0  boardinit2.o ABSOLUTE
    ../../angel/boardlib.s                   0x00000000   Number         0  boardshut.o ABSOLUTE
    ../../angel/boardlib.s                   0x00000000   Number         0  boardinit1.o ABSOLUTE
    ../../angel/boardlib.s                   0x00000000   Number         0  boardinit3.o ABSOLUTE
    ../../angel/handlers.s                   0x00000000   Number         0  __scatter_zi.o ABSOLUTE
    ../../angel/handlers.s                   0x00000000   Number         0  __scatter_copy.o ABSOLUTE
    ../../angel/kernel.s                     0x00000000   Number         0  rtexit.o ABSOLUTE
    ../../angel/kernel.s                     0x00000000   Number         0  rtentry4.o ABSOLUTE
    ../../angel/kernel.s                     0x00000000   Number         0  rtentry2.o ABSOLUTE
    ../../angel/kernel.s                     0x00000000   Number         0  rtentry.o ABSOLUTE
    ../../angel/kernel.s                     0x00000000   Number         0  rtexit2.o ABSOLUTE
    ../../angel/rt.s                         0x00000000   Number         0  rt_fp_status_addr_intlibspace.o ABSOLUTE
    ../../angel/rt.s                         0x00000000   Number         0  rt_fp_status_addr.o ABSOLUTE
    ../../angel/rt.s                         0x00000000   Number         0  rt_raise.o ABSOLUTE
    ../../angel/scatter.s                    0x00000000   Number         0  __scatter.o ABSOLUTE
    ../../angel/startup.s                    0x00000000   Number         0  __main.o ABSOLUTE
    ../../angel/sys.s                        0x00000000   Number         0  use_no_semi.o ABSOLUTE
    ../../angel/sys.s                        0x00000000   Number         0  libspace.o ABSOLUTE
    ../../angel/sys.s                        0x00000000   Number         0  use_no_semi_2.o ABSOLUTE
    ../../angel/sys.s                        0x00000000   Number         0  sys_stackheap_outer.o ABSOLUTE
    ../../angel/sys.s                        0x00000000   Number         0  indicate_semi.o ABSOLUTE
    ../../angel/sysapp.c                     0x00000000   Number         0  sys_wrch.o ABSOLUTE
    ../../angel/sysapp.c                     0x00000000   Number         0  sys_command.o ABSOLUTE
    ../../armsys.c                           0x00000000   Number         0  argv_veneer.o ABSOLUTE
    ../../armsys.c                           0x00000000   Number         0  argv_veneer.o ABSOLUTE
    ../../armsys.c                           0x00000000   Number         0  _get_argv_nomalloc.o ABSOLUTE
    ../../armsys.c                           0x00000000   Number         0  no_argv.o ABSOLUTE
    ../../faddsub.s                          0x00000000   Number         0  faddsub_clz.o ABSOLUTE
    ../../fcmpi.s                            0x00000000   Number         0  fcmpi.o ABSOLUTE
    ../../fdiv.s                             0x00000000   Number         0  fdiv.o ABSOLUTE
    ../../ffixu.s                            0x00000000   Number         0  ffixu.o ABSOLUTE
    ../../fflt.s                             0x00000000   Number         0  fflt_clz.o ABSOLUTE
    ../../fleqf.s                            0x00000000   Number         0  fleqf.o ABSOLUTE
    ../../fmul.s                             0x00000000   Number         0  fmul.o ABSOLUTE
    ../../fnaninf.s                          0x00000000   Number         0  fnaninf.o ABSOLUTE
    ../../fpinit.s                           0x00000000   Number         0  fpinit.o ABSOLUTE
    ../../fretinf.s                          0x00000000   Number         0  fretinf.o ABSOLUTE
    ../../heapalloc.c                        0x00000000   Number         0  hrguard.o ABSOLUTE
    ../../heapaux.c                          0x00000000   Number         0  heapauxi.o ABSOLUTE
    ../../libinit.s                          0x00000000   Number         0  libshutdown2.o ABSOLUTE
    ../../libinit.s                          0x00000000   Number         0  libinit2.o ABSOLUTE
    ../../libinit.s                          0x00000000   Number         0  libshutdown.o ABSOLUTE
    ../../libinit.s                          0x00000000   Number         0  libinit.o ABSOLUTE
    ../../signal.c                           0x00000000   Number         0  defsig_abrt_inner.o ABSOLUTE
    ../../signal.c                           0x00000000   Number         0  defsig_general.o ABSOLUTE
    ../../signal.c                           0x00000000   Number         0  defsig_rtmem_inner.o ABSOLUTE
    ../../signal.c                           0x00000000   Number         0  __raise.o ABSOLUTE
    ../../signal.c                           0x00000000   Number         0  defsig_rtmem_formal.o ABSOLUTE
    ../../signal.c                           0x00000000   Number         0  defsig_rtmem_outer.o ABSOLUTE
    ../../signal.c                           0x00000000   Number         0  defsig_rtred_inner.o ABSOLUTE
    ../../signal.c                           0x00000000   Number         0  defsig_stak_inner.o ABSOLUTE
    ../../signal.c                           0x00000000   Number         0  defsig_pvfn_inner.o ABSOLUTE
    ../../signal.c                           0x00000000   Number         0  defsig_cppl_inner.o ABSOLUTE
    ../../signal.c                           0x00000000   Number         0  defsig_segv_inner.o ABSOLUTE
    ../../signal.c                           0x00000000   Number         0  defsig_other.o ABSOLUTE
    ../../signal.c                           0x00000000   Number         0  defsig_exit.o ABSOLUTE
    ../../signal.c                           0x00000000   Number         0  defsig_fpe_inner.o ABSOLUTE
    ../../signal.s                           0x00000000   Number         0  defsig.o ABSOLUTE
    ../../stdlib.c                           0x00000000   Number         0  exit.o ABSOLUTE
    ../../usenofp.s                          0x00000000   Number         0  usenofp.o ABSOLUTE
    ..\CORE\core_cm3.c                       0x00000000   Number         0  core_cm3.o ABSOLUTE
    ..\CORE\startup_stm32f10x_hd.s           0x00000000   Number         0  startup_stm32f10x_hd.o ABSOLUTE
    ..\HARDWARE\KEY\key.c                    0x00000000   Number         0  key.o ABSOLUTE
    ..\HARDWARE\LED\led.c                    0x00000000   Number         0  led.o ABSOLUTE
    ..\HARDWARE\SPI\spi.c                    0x00000000   Number         0  spi.o ABSOLUTE
    ..\HARDWARE\TIMER\timer.c                0x00000000   Number         0  timer.o ABSOLUTE
    ..\STM32F10x_FWLib\src\misc.c            0x00000000   Number         0  misc.o ABSOLUTE
    ..\STM32F10x_FWLib\src\stm32f10x_exti.c  0x00000000   Number         0  stm32f10x_exti.o ABSOLUTE
    ..\STM32F10x_FWLib\src\stm32f10x_fsmc.c  0x00000000   Number         0  stm32f10x_fsmc.o ABSOLUTE
    ..\STM32F10x_FWLib\src\stm32f10x_gpio.c  0x00000000   Number         0  stm32f10x_gpio.o ABSOLUTE
    ..\STM32F10x_FWLib\src\stm32f10x_rcc.c   0x00000000   Number         0  stm32f10x_rcc.o ABSOLUTE
    ..\STM32F10x_FWLib\src\stm32f10x_spi.c   0x00000000   Number         0  stm32f10x_spi.o ABSOLUTE
    ..\STM32F10x_FWLib\src\stm32f10x_tim.c   0x00000000   Number         0  stm32f10x_tim.o ABSOLUTE
    ..\STM32F10x_FWLib\src\stm32f10x_usart.c 0x00000000   Number         0  stm32f10x_usart.o ABSOLUTE
    ..\SYSTEM\delay\delay.c                  0x00000000   Number         0  delay.o ABSOLUTE
    ..\SYSTEM\sys\sys.c                      0x00000000   Number         0  sys.o ABSOLUTE
    ..\SYSTEM\usart\usart.c                  0x00000000   Number         0  usart.o ABSOLUTE
    ..\\CORE\\core_cm3.c                     0x00000000   Number         0  core_cm3.o ABSOLUTE
    ..\\hardware\\interrupt\\interrupt.c     0x00000000   Number         0  interrupt.o ABSOLUTE
    ..\hardware\A7139\A7139.c                0x00000000   Number         0  a7139.o ABSOLUTE
    ..\hardware\A7139\A7139_CONFIG.c         0x00000000   Number         0  a7139_config.o ABSOLUTE
    ..\hardware\interrupt\interrupt.c        0x00000000   Number         0  interrupt.o ABSOLUTE
    ..\trsdata\trsdata.c                     0x00000000   Number         0  trsdata.o ABSOLUTE
    dc.s                                     0x00000000   Number         0  dc.o ABSOLUTE
    main.c                                   0x00000000   Number         0  main.o ABSOLUTE
    stm32f10x_it.c                           0x00000000   Number         0  stm32f10x_it.o ABSOLUTE
    system_stm32f10x.c                       0x00000000   Number         0  system_stm32f10x.o ABSOLUTE
    RESET                                    0x08000000   Section      304  startup_stm32f10x_hd.o(RESET)
    !!!main                                  0x08000130   Section        8  __main.o(!!!main)
    !!!scatter                               0x08000138   Section       52  __scatter.o(!!!scatter)
    !!handler_copy                           0x0800016c   Section       26  __scatter_copy.o(!!handler_copy)
    !!handler_zi                             0x08000188   Section       28  __scatter_zi.o(!!handler_zi)
    .ARM.Collect$$libinit$$00000000          0x080001a4   Section        6  libinit.o(.ARM.Collect$$libinit$$00000000)
    .ARM.Collect$$libinit$$00000006          0x080001aa   Section        0  libinit2.o(.ARM.Collect$$libinit$$00000006)
    .ARM.Collect$$libinit$$00000008          0x080001aa   Section        0  libinit2.o(.ARM.Collect$$libinit$$00000008)
    .ARM.Collect$$libinit$$0000000A          0x080001aa   Section        0  libinit2.o(.ARM.Collect$$libinit$$0000000A)
    .ARM.Collect$$libinit$$0000000D          0x080001aa   Section        0  libinit2.o(.ARM.Collect$$libinit$$0000000D)
    .ARM.Collect$$libinit$$0000000F          0x080001aa   Section        0  libinit2.o(.ARM.Collect$$libinit$$0000000F)
    .ARM.Collect$$libinit$$00000011          0x080001aa   Section        0  libinit2.o(.ARM.Collect$$libinit$$00000011)
    .ARM.Collect$$libinit$$00000013          0x080001aa   Section        0  libinit2.o(.ARM.Collect$$libinit$$00000013)
    .ARM.Collect$$libinit$$00000015          0x080001aa   Section        0  libinit2.o(.ARM.Collect$$libinit$$00000015)
    .ARM.Collect$$libinit$$00000017          0x080001aa   Section        0  libinit2.o(.ARM.Collect$$libinit$$00000017)
    .ARM.Collect$$libinit$$00000019          0x080001aa   Section        0  libinit2.o(.ARM.Collect$$libinit$$00000019)
    .ARM.Collect$$libinit$$0000001B          0x080001aa   Section        0  libinit2.o(.ARM.Collect$$libinit$$0000001B)
    .ARM.Collect$$libinit$$0000001D          0x080001aa   Section        0  libinit2.o(.ARM.Collect$$libinit$$0000001D)
    .ARM.Collect$$libinit$$0000001F          0x080001aa   Section        0  libinit2.o(.ARM.Collect$$libinit$$0000001F)
    .ARM.Collect$$libinit$$00000021          0x080001aa   Section        0  libinit2.o(.ARM.Collect$$libinit$$00000021)
    .ARM.Collect$$libinit$$00000028          0x080001aa   Section        0  libinit2.o(.ARM.Collect$$libinit$$00000028)
    .ARM.Collect$$libinit$$0000002A          0x080001aa   Section        0  libinit2.o(.ARM.Collect$$libinit$$0000002A)
    .ARM.Collect$$libinit$$0000002C          0x080001aa   Section        0  libinit2.o(.ARM.Collect$$libinit$$0000002C)
    .ARM.Collect$$libinit$$0000002E          0x080001aa   Section        0  libinit2.o(.ARM.Collect$$libinit$$0000002E)
    .ARM.Collect$$libinit$$0000002F          0x080001aa   Section        2  libinit2.o(.ARM.Collect$$libinit$$0000002F)
    .ARM.Collect$$libshutdown$$00000000      0x080001ac   Section        2  libshutdown.o(.ARM.Collect$$libshutdown$$00000000)
    .ARM.Collect$$libshutdown$$00000003      0x080001ae   Section        0  libshutdown2.o(.ARM.Collect$$libshutdown$$00000003)
    .ARM.Collect$$libshutdown$$00000006      0x080001ae   Section        0  libshutdown2.o(.ARM.Collect$$libshutdown$$00000006)
    .ARM.Collect$$libshutdown$$00000009      0x080001ae   Section        0  libshutdown2.o(.ARM.Collect$$libshutdown$$00000009)
    .ARM.Collect$$libshutdown$$0000000B      0x080001ae   Section        0  libshutdown2.o(.ARM.Collect$$libshutdown$$0000000B)
    .ARM.Collect$$libshutdown$$0000000E      0x080001ae   Section        0  libshutdown2.o(.ARM.Collect$$libshutdown$$0000000E)
    .ARM.Collect$$libshutdown$$0000000F      0x080001ae   Section        2  libshutdown2.o(.ARM.Collect$$libshutdown$$0000000F)
    .ARM.Collect$$rtentry$$00000000          0x080001b0   Section        0  rtentry.o(.ARM.Collect$$rtentry$$00000000)
    .ARM.Collect$$rtentry$$00000002          0x080001b0   Section        0  rtentry2.o(.ARM.Collect$$rtentry$$00000002)
    .ARM.Collect$$rtentry$$00000004          0x080001b0   Section        6  rtentry4.o(.ARM.Collect$$rtentry$$00000004)
    .ARM.Collect$$rtentry$$00000009          0x080001b6   Section        0  rtentry2.o(.ARM.Collect$$rtentry$$00000009)
    .ARM.Collect$$rtentry$$0000000A          0x080001b6   Section        4  rtentry2.o(.ARM.Collect$$rtentry$$0000000A)
    .ARM.Collect$$rtentry$$0000000C          0x080001ba   Section        0  rtentry2.o(.ARM.Collect$$rtentry$$0000000C)
    .ARM.Collect$$rtentry$$0000000D          0x080001ba   Section        8  rtentry2.o(.ARM.Collect$$rtentry$$0000000D)
    .ARM.Collect$$rtexit$$00000000           0x080001c2   Section        2  rtexit.o(.ARM.Collect$$rtexit$$00000000)
    .ARM.Collect$$rtexit$$00000002           0x080001c4   Section        0  rtexit2.o(.ARM.Collect$$rtexit$$00000002)
    .ARM.Collect$$rtexit$$00000003           0x080001c4   Section        4  rtexit2.o(.ARM.Collect$$rtexit$$00000003)
    .ARM.Collect$$rtexit$$00000004           0x080001c8   Section        6  rtexit2.o(.ARM.Collect$$rtexit$$00000004)
    .emb_text                                0x080001d0   Section        4  interrupt.o(.emb_text)
    .text                                    0x080001d4   Section        0  stm32f10x_it.o(.text)
    .text                                    0x080001f0   Section        0  system_stm32f10x.o(.text)
    SetSysClockTo72                          0x080001f1   Thumb Code   192  system_stm32f10x.o(.text)
    SetSysClock                              0x080002b1   Thumb Code     8  system_stm32f10x.o(.text)
    .text                                    0x080003b8   Section        0  led.o(.text)
    .text                                    0x08000450   Section        0  key.o(.text)
    .text                                    0x0800053c   Section        0  spi.o(.text)
    .text                                    0x08000930   Section        0  timer.o(.text)
    .text                                    0x080009e8   Section        0  interrupt.o(.text)
    .text                                    0x08000b98   Section        0  a7139.o(.text)
    A7139_WriteReg                           0x08000b99   Thumb Code    48  a7139.o(.text)
    A7139_ReadReg                            0x08000bc9   Thumb Code    50  a7139.o(.text)
    A7139_WritePageA                         0x08000bfb   Thumb Code    36  a7139.o(.text)
    A7139_WritePageB                         0x08000c1f   Thumb Code    34  a7139.o(.text)
    A7139_ReadPageA                          0x08000c41   Thumb Code    36  a7139.o(.text)
    A7139_Config                             0x08000cab   Thumb Code   124  a7139.o(.text)
    A7139_Cal                                0x08000d27   Thumb Code   224  a7139.o(.text)
    A7139_SetFreq                            0x08000e21   Thumb Code   186  a7139.o(.text)
    A7139_RCOSC_Cal                          0x08000edb   Thumb Code    98  a7139.o(.text)
    .text                                    0x080015b8   Section        0  delay.o(.text)
    .text                                    0x0800167c   Section        0  sys.o(.text)
    .text                                    0x080016c4   Section        0  usart.o(.text)
    .text                                    0x08001814   Section        0  stm32f10x_exti.o(.text)
    .text                                    0x08001930   Section       64  startup_stm32f10x_hd.o(.text)
    .text                                    0x08001970   Section        0  misc.o(.text)
    .text                                    0x08001a4c   Section        0  stm32f10x_gpio.o(.text)
    .text                                    0x08001da4   Section        0  stm32f10x_rcc.o(.text)
    .text                                    0x08002144   Section        0  stm32f10x_tim.o(.text)
    TI4_Config                               0x080025cf   Thumb Code   118  stm32f10x_tim.o(.text)
    TI3_Config                               0x08002657   Thumb Code   114  stm32f10x_tim.o(.text)
    TI2_Config                               0x080026df   Thumb Code   118  stm32f10x_tim.o(.text)
    TI1_Config                               0x08002767   Thumb Code   106  stm32f10x_tim.o(.text)
    .text                                    0x08002ef4   Section        0  stm32f10x_usart.o(.text)
    .text                                    0x08003300   Section        0  stm32f10x_spi.o(.text)
    .text                                    0x08003610   Section        0  main.o(.text)
    .text                                    0x0800367c   Section        2  use_no_semi_2.o(.text)
    .text                                    0x0800367e   Section        0  heapauxi.o(.text)
    .text                                    0x08003684   Section        2  use_no_semi.o(.text)
    .text                                    0x08003686   Section       74  sys_stackheap_outer.o(.text)
    .text                                    0x080036d0   Section        0  exit.o(.text)
    .text                                    0x080036dc   Section        8  libspace.o(.text)
    .text                                    0x080036e4   Section        8  rt_fp_status_addr_intlibspace.o(.text)
    x$fpl$fadd                               0x080036ec   Section      196  faddsub_clz.o(x$fpl$fadd)
    _fadd1                                   0x080036fb   Thumb Code     0  faddsub_clz.o(x$fpl$fadd)
    x$fpl$fcmpinf                            0x080037b0   Section       24  fcmpi.o(x$fpl$fcmpinf)
    x$fpl$fdiv                               0x080037c8   Section      388  fdiv.o(x$fpl$fdiv)
    _fdiv1                                   0x080037c9   Thumb Code     0  fdiv.o(x$fpl$fdiv)
    x$fpl$ffixu                              0x0800394c   Section       62  ffixu.o(x$fpl$ffixu)
    x$fpl$ffltu                              0x0800398c   Section       38  fflt_clz.o(x$fpl$ffltu)
    x$fpl$fleqf                              0x080039b4   Section      104  fleqf.o(x$fpl$fleqf)
    x$fpl$fmul                               0x08003a1c   Section      258  fmul.o(x$fpl$fmul)
    x$fpl$fnaninf                            0x08003b1e   Section      140  fnaninf.o(x$fpl$fnaninf)
    x$fpl$fpinit                             0x08003baa   Section       14  fpinit.o(x$fpl$fpinit)
    x$fpl$fretinf                            0x08003bb8   Section       10  fretinf.o(x$fpl$fretinf)
    x$fpl$frsb                               0x08003bc2   Section       20  faddsub_clz.o(x$fpl$frsb)
    x$fpl$fsub                               0x08003bd8   Section      234  faddsub_clz.o(x$fpl$fsub)
    _fsub1                                   0x08003be7   Thumb Code     0  faddsub_clz.o(x$fpl$fsub)
    .constdata                               0x08003cc2   Section       74  a7139_config.o(.constdata)
    x$fpl$usenofp                            0x08003cc2   Section        0  usenofp.o(x$fpl$usenofp)
    .data                                    0x20000000   Section       20  system_stm32f10x.o(.data)
    .data                                    0x20000014   Section        1  key.o(.data)
    key_up                                   0x20000014   Data           1  key.o(.data)
    .data                                    0x20000016   Section       22  interrupt.o(.data)
    .data                                    0x2000002c   Section       82  a7139.o(.data)
    .data                                    0x2000007e   Section        4  delay.o(.data)
    fac_us                                   0x2000007e   Data           1  delay.o(.data)
    fac_ms                                   0x20000080   Data           2  delay.o(.data)
    .data                                    0x20000084   Section        8  usart.o(.data)
    .data                                    0x2000008c   Section       20  stm32f10x_rcc.o(.data)
    APBAHBPrescTable                         0x2000008c   Data          16  stm32f10x_rcc.o(.data)
    ADCPrescTable                            0x2000009c   Data           4  stm32f10x_rcc.o(.data)
    .bss                                     0x200000a0   Section      200  usart.o(.bss)
    .bss                                     0x20000168   Section       64  main.o(.bss)
    .bss                                     0x200001a8   Section      128  trsdata.o(.bss)
    .bss                                     0x20000228   Section       96  libspace.o(.bss)
    HEAP                                     0x20000288   Section      512  startup_stm32f10x_hd.o(HEAP)
    Heap_Mem                                 0x20000288   Data         512  startup_stm32f10x_hd.o(HEAP)
    STACK                                    0x20000488   Section     1024  startup_stm32f10x_hd.o(STACK)
    Stack_Mem                                0x20000488   Data        1024  startup_stm32f10x_hd.o(STACK)
    __initial_sp                             0x20000888   Data           0  startup_stm32f10x_hd.o(STACK)

    Global Symbols

    Symbol Name                              Value     Ov Type        Size  Object(Section)

    BuildAttributes$$THM_ISAv4$P$D$K$B$S$PE$A:L22UL41UL21$X:L11$S22US41US21$IEEE1$IW$USESV6$~STKCKD$USESV7$~SHL$OSPACE$ROPI$EBA8$UX$STANDARDLIB$REQ8$PRES8$EABIv2 0x00000000   Number         0  anon$$obj.o ABSOLUTE
    __ARM_use_no_argv                        0x00000000   Number         0  main.o ABSOLUTE
    __ARM_exceptions_init                     - Undefined Weak Reference
    __alloca_initialize                       - Undefined Weak Reference
    __cpp_initialize__aeabi_                  - Undefined Weak Reference
    __cxa_finalize                            - Undefined Weak Reference
    __rt_locale                               - Undefined Weak Reference
    __sigvec_lookup                           - Undefined Weak Reference
    _atexit_init                              - Undefined Weak Reference
    _call_atexit_fns                          - Undefined Weak Reference
    _clock_init                               - Undefined Weak Reference
    _fp_trap_init                             - Undefined Weak Reference
    _fp_trap_shutdown                         - Undefined Weak Reference
    _get_lc_collate                           - Undefined Weak Reference
    _get_lc_ctype                             - Undefined Weak Reference
    _get_lc_monetary                          - Undefined Weak Reference
    _get_lc_numeric                           - Undefined Weak Reference
    _get_lc_time                              - Undefined Weak Reference
    _getenv_init                              - Undefined Weak Reference
    _handle_redirection                       - Undefined Weak Reference
    _init_alloc                               - Undefined Weak Reference
    _init_user_alloc                          - Undefined Weak Reference
    _initio                                   - Undefined Weak Reference
    _rand_init                                - Undefined Weak Reference
    _signal_finish                            - Undefined Weak Reference
    _signal_init                              - Undefined Weak Reference
    _terminate_alloc                          - Undefined Weak Reference
    _terminate_user_alloc                     - Undefined Weak Reference
    _terminateio                              - Undefined Weak Reference
    __Vectors_Size                           0x00000130   Number         0  startup_stm32f10x_hd.o ABSOLUTE
    __Vectors                                0x08000000   Data           4  startup_stm32f10x_hd.o(RESET)
    __Vectors_End                            0x08000130   Data           0  startup_stm32f10x_hd.o(RESET)
    __main                                   0x08000131   Thumb Code     8  __main.o(!!!main)
    __scatterload                            0x08000139   Thumb Code     0  __scatter.o(!!!scatter)
    __scatterload_rt2                        0x08000139   Thumb Code    44  __scatter.o(!!!scatter)
    __scatterload_rt2_thumb_only             0x08000139   Thumb Code     0  __scatter.o(!!!scatter)
    __scatterload_null                       0x08000147   Thumb Code     0  __scatter.o(!!!scatter)
    __scatterload_copy                       0x0800016d   Thumb Code    26  __scatter_copy.o(!!handler_copy)
    __scatterload_zeroinit                   0x08000189   Thumb Code    28  __scatter_zi.o(!!handler_zi)
    __rt_lib_init                            0x080001a5   Thumb Code     0  libinit.o(.ARM.Collect$$libinit$$00000000)
    __rt_lib_init_alloca_1                   0x080001ab   Thumb Code     0  libinit2.o(.ARM.Collect$$libinit$$0000002A)
    __rt_lib_init_argv_1                     0x080001ab   Thumb Code     0  libinit2.o(.ARM.Collect$$libinit$$00000028)
    __rt_lib_init_atexit_1                   0x080001ab   Thumb Code     0  libinit2.o(.ARM.Collect$$libinit$$00000017)
    __rt_lib_init_clock_1                    0x080001ab   Thumb Code     0  libinit2.o(.ARM.Collect$$libinit$$0000001D)
    __rt_lib_init_cpp_1                      0x080001ab   Thumb Code     0  libinit2.o(.ARM.Collect$$libinit$$0000002E)
    __rt_lib_init_exceptions_1               0x080001ab   Thumb Code     0  libinit2.o(.ARM.Collect$$libinit$$0000002C)
    __rt_lib_init_fp_trap_1                  0x080001ab   Thumb Code     0  libinit2.o(.ARM.Collect$$libinit$$0000001B)
    __rt_lib_init_getenv_1                   0x080001ab   Thumb Code     0  libinit2.o(.ARM.Collect$$libinit$$0000001F)
    __rt_lib_init_heap_1                     0x080001ab   Thumb Code     0  libinit2.o(.ARM.Collect$$libinit$$00000006)
    __rt_lib_init_lc_collate_1               0x080001ab   Thumb Code     0  libinit2.o(.ARM.Collect$$libinit$$0000000D)
    __rt_lib_init_lc_ctype_1                 0x080001ab   Thumb Code     0  libinit2.o(.ARM.Collect$$libinit$$0000000F)
    __rt_lib_init_lc_monetary_1              0x080001ab   Thumb Code     0  libinit2.o(.ARM.Collect$$libinit$$00000011)
    __rt_lib_init_lc_numeric_1               0x080001ab   Thumb Code     0  libinit2.o(.ARM.Collect$$libinit$$00000013)
    __rt_lib_init_lc_time_1                  0x080001ab   Thumb Code     0  libinit2.o(.ARM.Collect$$libinit$$00000015)
    __rt_lib_init_rand_1                     0x080001ab   Thumb Code     0  libinit2.o(.ARM.Collect$$libinit$$0000000A)
    __rt_lib_init_return                     0x080001ab   Thumb Code     0  libinit2.o(.ARM.Collect$$libinit$$0000002F)
    __rt_lib_init_signal_1                   0x080001ab   Thumb Code     0  libinit2.o(.ARM.Collect$$libinit$$00000019)
    __rt_lib_init_stdio_1                    0x080001ab   Thumb Code     0  libinit2.o(.ARM.Collect$$libinit$$00000021)
    __rt_lib_init_user_alloc_1               0x080001ab   Thumb Code     0  libinit2.o(.ARM.Collect$$libinit$$00000008)
    __rt_lib_shutdown                        0x080001ad   Thumb Code     0  libshutdown.o(.ARM.Collect$$libshutdown$$00000000)
    __rt_lib_shutdown_fp_trap_1              0x080001af   Thumb Code     0  libshutdown2.o(.ARM.Collect$$libshutdown$$00000006)
    __rt_lib_shutdown_heap_1                 0x080001af   Thumb Code     0  libshutdown2.o(.ARM.Collect$$libshutdown$$0000000E)
    __rt_lib_shutdown_return                 0x080001af   Thumb Code     0  libshutdown2.o(.ARM.Collect$$libshutdown$$0000000F)
    __rt_lib_shutdown_signal_1               0x080001af   Thumb Code     0  libshutdown2.o(.ARM.Collect$$libshutdown$$00000009)
    __rt_lib_shutdown_stdio_1                0x080001af   Thumb Code     0  libshutdown2.o(.ARM.Collect$$libshutdown$$00000003)
    __rt_lib_shutdown_user_alloc_1           0x080001af   Thumb Code     0  libshutdown2.o(.ARM.Collect$$libshutdown$$0000000B)
    __rt_entry                               0x080001b1   Thumb Code     0  rtentry.o(.ARM.Collect$$rtentry$$00000000)
    __rt_entry_presh_1                       0x080001b1   Thumb Code     0  rtentry2.o(.ARM.Collect$$rtentry$$00000002)
    __rt_entry_sh                            0x080001b1   Thumb Code     0  rtentry4.o(.ARM.Collect$$rtentry$$00000004)
    __rt_entry_li                            0x080001b7   Thumb Code     0  rtentry2.o(.ARM.Collect$$rtentry$$0000000A)
    __rt_entry_postsh_1                      0x080001b7   Thumb Code     0  rtentry2.o(.ARM.Collect$$rtentry$$00000009)
    __rt_entry_main                          0x080001bb   Thumb Code     0  rtentry2.o(.ARM.Collect$$rtentry$$0000000D)
    __rt_entry_postli_1                      0x080001bb   Thumb Code     0  rtentry2.o(.ARM.Collect$$rtentry$$0000000C)
    __rt_exit                                0x080001c3   Thumb Code     0  rtexit.o(.ARM.Collect$$rtexit$$00000000)
    __rt_exit_ls                             0x080001c5   Thumb Code     0  rtexit2.o(.ARM.Collect$$rtexit$$00000003)
    __rt_exit_prels_1                        0x080001c5   Thumb Code     0  rtexit2.o(.ARM.Collect$$rtexit$$00000002)
    __rt_exit_exit                           0x080001c9   Thumb Code     0  rtexit2.o(.ARM.Collect$$rtexit$$00000004)
    DisableInterrupt                         0x080001d1   Thumb Code     2  interrupt.o(.emb_text)
    EnableInterrupt                          0x080001d3   Thumb Code     2  interrupt.o(.emb_text)
    NMI_Handler                              0x080001d5   Thumb Code     2  stm32f10x_it.o(.text)
    HardFault_Handler                        0x080001d7   Thumb Code     4  stm32f10x_it.o(.text)
    MemManage_Handler                        0x080001db   Thumb Code     4  stm32f10x_it.o(.text)
    BusFault_Handler                         0x080001df   Thumb Code     4  stm32f10x_it.o(.text)
    UsageFault_Handler                       0x080001e3   Thumb Code     4  stm32f10x_it.o(.text)
    SVC_Handler                              0x080001e7   Thumb Code     2  stm32f10x_it.o(.text)
    DebugMon_Handler                         0x080001e9   Thumb Code     2  stm32f10x_it.o(.text)
    PendSV_Handler                           0x080001eb   Thumb Code     2  stm32f10x_it.o(.text)
    SysTick_Handler                          0x080001ed   Thumb Code     2  stm32f10x_it.o(.text)
    SystemInit                               0x080002b9   Thumb Code    78  system_stm32f10x.o(.text)
    SystemCoreClockUpdate                    0x08000307   Thumb Code   142  system_stm32f10x.o(.text)
    LED_Init                                 0x080003b9   Thumb Code   146  led.o(.text)
    KEY_Init                                 0x08000451   Thumb Code    72  key.o(.text)
    KEY_Scan                                 0x08000499   Thumb Code   148  key.o(.text)
    MOSI_IN                                  0x0800053d   Thumb Code    24  spi.o(.text)
    MOSI_OUT                                 0x08000555   Thumb Code    24  spi.o(.text)
    SPI3_Init                                0x0800056d   Thumb Code   114  spi.o(.text)
    SPI2_ReadWriteByte                       0x080005df   Thumb Code    78  spi.o(.text)
    SPI1_Init                                0x0800062d   Thumb Code   124  spi.o(.text)
    SPI2_Init                                0x080006a9   Thumb Code   140  spi.o(.text)
    SPI2_SetSpeed                            0x08000735   Thumb Code    36  spi.o(.text)
    SPI1_SetSpeed                            0x08000759   Thumb Code    36  spi.o(.text)
    SPI1_ReadWriteByte                       0x0800077d   Thumb Code    78  spi.o(.text)
    SPIx_WriteByte                           0x080007cb   Thumb Code    74  spi.o(.text)
    SPIx_WriteWord                           0x08000815   Thumb Code    80  spi.o(.text)
    SPIx_ReadWord                            0x08000865   Thumb Code    88  spi.o(.text)
    SPIx_ReadByte                            0x080008bd   Thumb Code    82  spi.o(.text)
    TIM3_Int_Init                            0x08000931   Thumb Code    88  timer.o(.text)
    TIM4_Int_Init                            0x08000989   Thumb Code    88  timer.o(.text)
    Interrupt_Init                           0x080009e9   Thumb Code    76  interrupt.o(.text)
    TIM3_IRQHandler                          0x08000a35   Thumb Code    46  interrupt.o(.text)
    TIM4_IRQHandler                          0x08000a63   Thumb Code    12  interrupt.o(.text)
    EXTI9_5_IRQHandler                       0x08000a6f   Thumb Code   224  interrupt.o(.text)
    Err_State                                0x08000c65   Thumb Code    70  a7139.o(.text)
    A7139_StrobeCmd                          0x08000e07   Thumb Code    26  a7139.o(.text)
    Correct_State                            0x08000f3d   Thumb Code   306  a7139.o(.text)
    A7139_SetCID                             0x0800106f   Thumb Code   108  a7139.o(.text)
    A7139_Init                               0x080010db   Thumb Code    96  a7139.o(.text)
    A7139_ReadPID                            0x0800113b   Thumb Code    36  a7139.o(.text)
    A7139_SetDataRate                        0x0800115f   Thumb Code   236  a7139.o(.text)
    A7139_SetPackLen                         0x0800124b   Thumb Code    54  a7139.o(.text)
    A7139_SetCIDLen                          0x08001281   Thumb Code    78  a7139.o(.text)
    A7139_WriteFIFO                          0x080012cf   Thumb Code    60  a7139.o(.text)
    A7139_ReadFIFO                           0x0800130b   Thumb Code    60  a7139.o(.text)
    A7139_IsBatteryLow                       0x08001347   Thumb Code    70  a7139.o(.text)
    A7139_GetRSSI                            0x0800138d   Thumb Code   140  a7139.o(.text)
    A7139_WOT                                0x08001419   Thumb Code    68  a7139.o(.text)
    A7139_WOR_BySync                         0x0800145d   Thumb Code    68  a7139.o(.text)
    A7139_WOR_ByPreamble                     0x080014a1   Thumb Code    68  a7139.o(.text)
    A7139_SetChannel                         0x080014e5   Thumb Code    22  a7139.o(.text)
    A7139_SetPowerLevel                      0x080014fb   Thumb Code   176  a7139.o(.text)
    delay_init                               0x080015b9   Thumb Code    40  delay.o(.text)
    delay_us                                 0x080015e1   Thumb Code    70  delay.o(.text)
    delay_ms                                 0x08001627   Thumb Code    70  delay.o(.text)
    NVIC_Configuration                       0x0800167d   Thumb Code    12  sys.o(.text)
    sys_init                                 0x08001689   Thumb Code    54  sys.o(.text)
    _sys_exit                                0x080016c5   Thumb Code     6  usart.o(.text)
    fputc                                    0x080016cb   Thumb Code    32  usart.o(.text)
    uart_init                                0x080016eb   Thumb Code   158  usart.o(.text)
    USART1_IRQHandler                        0x08001789   Thumb Code   122  usart.o(.text)
    EXTI_DeInit                              0x08001815   Thumb Code    28  stm32f10x_exti.o(.text)
    EXTI_Init                                0x08001831   Thumb Code   142  stm32f10x_exti.o(.text)
    EXTI_StructInit                          0x080018bf   Thumb Code    16  stm32f10x_exti.o(.text)
    EXTI_GenerateSWInterrupt                 0x080018cf   Thumb Code    16  stm32f10x_exti.o(.text)
    EXTI_GetFlagStatus                       0x080018df   Thumb Code    22  stm32f10x_exti.o(.text)
    EXTI_ClearFlag                           0x080018f5   Thumb Code     8  stm32f10x_exti.o(.text)
    EXTI_GetITStatus                         0x080018fd   Thumb Code    34  stm32f10x_exti.o(.text)
    EXTI_ClearITPendingBit                   0x0800191f   Thumb Code     8  stm32f10x_exti.o(.text)
    Reset_Handler                            0x08001931   Thumb Code     8  startup_stm32f10x_hd.o(.text)
    ADC1_2_IRQHandler                        0x0800194b   Thumb Code     0  startup_stm32f10x_hd.o(.text)
    ADC3_IRQHandler                          0x0800194b   Thumb Code     0  startup_stm32f10x_hd.o(.text)
    CAN1_RX1_IRQHandler                      0x0800194b   Thumb Code     0  startup_stm32f10x_hd.o(.text)
    CAN1_SCE_IRQHandler                      0x0800194b   Thumb Code     0  startup_stm32f10x_hd.o(.text)
    DMA1_Channel1_IRQHandler                 0x0800194b   Thumb Code     0  startup_stm32f10x_hd.o(.text)
    DMA1_Channel2_IRQHandler                 0x0800194b   Thumb Code     0  startup_stm32f10x_hd.o(.text)
    DMA1_Channel3_IRQHandler                 0x0800194b   Thumb Code     0  startup_stm32f10x_hd.o(.text)
    DMA1_Channel4_IRQHandler                 0x0800194b   Thumb Code     0  startup_stm32f10x_hd.o(.text)
    DMA1_Channel5_IRQHandler                 0x0800194b   Thumb Code     0  startup_stm32f10x_hd.o(.text)
    DMA1_Channel6_IRQHandler                 0x0800194b   Thumb Code     0  startup_stm32f10x_hd.o(.text)
    DMA1_Channel7_IRQHandler                 0x0800194b   Thumb Code     0  startup_stm32f10x_hd.o(.text)
    DMA2_Channel1_IRQHandler                 0x0800194b   Thumb Code     0  startup_stm32f10x_hd.o(.text)
    DMA2_Channel2_IRQHandler                 0x0800194b   Thumb Code     0  startup_stm32f10x_hd.o(.text)
    DMA2_Channel3_IRQHandler                 0x0800194b   Thumb Code     0  startup_stm32f10x_hd.o(.text)
    DMA2_Channel4_5_IRQHandler               0x0800194b   Thumb Code     0  startup_stm32f10x_hd.o(.text)
    EXTI0_IRQHandler                         0x0800194b   Thumb Code     0  startup_stm32f10x_hd.o(.text)
    EXTI15_10_IRQHandler                     0x0800194b   Thumb Code     0  startup_stm32f10x_hd.o(.text)
    EXTI1_IRQHandler                         0x0800194b   Thumb Code     0  startup_stm32f10x_hd.o(.text)
    EXTI2_IRQHandler                         0x0800194b   Thumb Code     0  startup_stm32f10x_hd.o(.text)
    EXTI3_IRQHandler                         0x0800194b   Thumb Code     0  startup_stm32f10x_hd.o(.text)
    EXTI4_IRQHandler                         0x0800194b   Thumb Code     0  startup_stm32f10x_hd.o(.text)
    FLASH_IRQHandler                         0x0800194b   Thumb Code     0  startup_stm32f10x_hd.o(.text)
    FSMC_IRQHandler                          0x0800194b   Thumb Code     0  startup_stm32f10x_hd.o(.text)
    I2C1_ER_IRQHandler                       0x0800194b   Thumb Code     0  startup_stm32f10x_hd.o(.text)
    I2C1_EV_IRQHandler                       0x0800194b   Thumb Code     0  startup_stm32f10x_hd.o(.text)
    I2C2_ER_IRQHandler                       0x0800194b   Thumb Code     0  startup_stm32f10x_hd.o(.text)
    I2C2_EV_IRQHandler                       0x0800194b   Thumb Code     0  startup_stm32f10x_hd.o(.text)
    PVD_IRQHandler                           0x0800194b   Thumb Code     0  startup_stm32f10x_hd.o(.text)
    RCC_IRQHandler                           0x0800194b   Thumb Code     0  startup_stm32f10x_hd.o(.text)
    RTCAlarm_IRQHandler                      0x0800194b   Thumb Code     0  startup_stm32f10x_hd.o(.text)
    RTC_IRQHandler                           0x0800194b   Thumb Code     0  startup_stm32f10x_hd.o(.text)
    SDIO_IRQHandler                          0x0800194b   Thumb Code     0  startup_stm32f10x_hd.o(.text)
    SPI1_IRQHandler                          0x0800194b   Thumb Code     0  startup_stm32f10x_hd.o(.text)
    SPI2_IRQHandler                          0x0800194b   Thumb Code     0  startup_stm32f10x_hd.o(.text)
    SPI3_IRQHandler                          0x0800194b   Thumb Code     0  startup_stm32f10x_hd.o(.text)
    TAMPER_IRQHandler                        0x0800194b   Thumb Code     0  startup_stm32f10x_hd.o(.text)
    TIM1_BRK_IRQHandler                      0x0800194b   Thumb Code     0  startup_stm32f10x_hd.o(.text)
    TIM1_CC_IRQHandler                       0x0800194b   Thumb Code     0  startup_stm32f10x_hd.o(.text)
    TIM1_TRG_COM_IRQHandler                  0x0800194b   Thumb Code     0  startup_stm32f10x_hd.o(.text)
    TIM1_UP_IRQHandler                       0x0800194b   Thumb Code     0  startup_stm32f10x_hd.o(.text)
    TIM2_IRQHandler                          0x0800194b   Thumb Code     0  startup_stm32f10x_hd.o(.text)
    TIM5_IRQHandler                          0x0800194b   Thumb Code     0  startup_stm32f10x_hd.o(.text)
    TIM6_IRQHandler                          0x0800194b   Thumb Code     0  startup_stm32f10x_hd.o(.text)
    TIM7_IRQHandler                          0x0800194b   Thumb Code     0  startup_stm32f10x_hd.o(.text)
    TIM8_BRK_IRQHandler                      0x0800194b   Thumb Code     0  startup_stm32f10x_hd.o(.text)
    TIM8_CC_IRQHandler                       0x0800194b   Thumb Code     0  startup_stm32f10x_hd.o(.text)
    TIM8_TRG_COM_IRQHandler                  0x0800194b   Thumb Code     0  startup_stm32f10x_hd.o(.text)
    TIM8_UP_IRQHandler                       0x0800194b   Thumb Code     0  startup_stm32f10x_hd.o(.text)
    UART4_IRQHandler                         0x0800194b   Thumb Code     0  startup_stm32f10x_hd.o(.text)
    UART5_IRQHandler                         0x0800194b   Thumb Code     0  startup_stm32f10x_hd.o(.text)
    USART2_IRQHandler                        0x0800194b   Thumb Code     0  startup_stm32f10x_hd.o(.text)
    USART3_IRQHandler                        0x0800194b   Thumb Code     0  startup_stm32f10x_hd.o(.text)
    USBWakeUp_IRQHandler                     0x0800194b   Thumb Code     0  startup_stm32f10x_hd.o(.text)
    USB_HP_CAN1_TX_IRQHandler                0x0800194b   Thumb Code     0  startup_stm32f10x_hd.o(.text)
    USB_LP_CAN1_RX0_IRQHandler               0x0800194b   Thumb Code     0  startup_stm32f10x_hd.o(.text)
    WWDG_IRQHandler                          0x0800194b   Thumb Code     0  startup_stm32f10x_hd.o(.text)
    __user_initial_stackheap                 0x0800194d   Thumb Code     0  startup_stm32f10x_hd.o(.text)
    NVIC_PriorityGroupConfig                 0x08001971   Thumb Code    10  misc.o(.text)
    NVIC_Init                                0x0800197b   Thumb Code   102  misc.o(.text)
    NVIC_SetVectorTable                      0x080019e1   Thumb Code    14  misc.o(.text)
    NVIC_SystemLPConfig                      0x080019ef   Thumb Code    34  misc.o(.text)
    SysTick_CLKSourceConfig                  0x08001a11   Thumb Code    40  misc.o(.text)
    GPIO_DeInit                              0x08001a4d   Thumb Code   172  stm32f10x_gpio.o(.text)
    GPIO_AFIODeInit                          0x08001af9   Thumb Code    20  stm32f10x_gpio.o(.text)
    GPIO_Init                                0x08001b0d   Thumb Code   274  stm32f10x_gpio.o(.text)
    GPIO_StructInit                          0x08001c1f   Thumb Code    16  stm32f10x_gpio.o(.text)
    GPIO_ReadInputDataBit                    0x08001c2f   Thumb Code    18  stm32f10x_gpio.o(.text)
    GPIO_ReadInputData                       0x08001c41   Thumb Code     8  stm32f10x_gpio.o(.text)
    GPIO_ReadOutputDataBit                   0x08001c49   Thumb Code    18  stm32f10x_gpio.o(.text)
    GPIO_ReadOutputData                      0x08001c5b   Thumb Code     8  stm32f10x_gpio.o(.text)
    GPIO_SetBits                             0x08001c63   Thumb Code     4  stm32f10x_gpio.o(.text)
    GPIO_ResetBits                           0x08001c67   Thumb Code     4  stm32f10x_gpio.o(.text)
    GPIO_WriteBit                            0x08001c6b   Thumb Code    10  stm32f10x_gpio.o(.text)
    GPIO_Write                               0x08001c75   Thumb Code     4  stm32f10x_gpio.o(.text)
    GPIO_PinLockConfig                       0x08001c79   Thumb Code    18  stm32f10x_gpio.o(.text)
    GPIO_EventOutputConfig                   0x08001c8b   Thumb Code    26  stm32f10x_gpio.o(.text)
    GPIO_EventOutputCmd                      0x08001ca5   Thumb Code     6  stm32f10x_gpio.o(.text)
    GPIO_PinRemapConfig                      0x08001cab   Thumb Code   138  stm32f10x_gpio.o(.text)
    GPIO_EXTILineConfig                      0x08001d35   Thumb Code    66  stm32f10x_gpio.o(.text)
    GPIO_ETH_MediaInterfaceConfig            0x08001d77   Thumb Code     6  stm32f10x_gpio.o(.text)
    RCC_DeInit                               0x08001da5   Thumb Code    64  stm32f10x_rcc.o(.text)
    RCC_HSEConfig                            0x08001de5   Thumb Code    70  stm32f10x_rcc.o(.text)
    RCC_GetFlagStatus                        0x08001e2b   Thumb Code    56  stm32f10x_rcc.o(.text)
    RCC_WaitForHSEStartUp                    0x08001e63   Thumb Code    48  stm32f10x_rcc.o(.text)
    RCC_AdjustHSICalibrationValue            0x08001e93   Thumb Code    20  stm32f10x_rcc.o(.text)
    RCC_HSICmd                               0x08001ea7   Thumb Code     6  stm32f10x_rcc.o(.text)
    RCC_PLLConfig                            0x08001ead   Thumb Code    24  stm32f10x_rcc.o(.text)
    RCC_PLLCmd                               0x08001ec5   Thumb Code     6  stm32f10x_rcc.o(.text)
    RCC_SYSCLKConfig                         0x08001ecb   Thumb Code    18  stm32f10x_rcc.o(.text)
    RCC_GetSYSCLKSource                      0x08001edd   Thumb Code    10  stm32f10x_rcc.o(.text)
    RCC_HCLKConfig                           0x08001ee7   Thumb Code    18  stm32f10x_rcc.o(.text)
    RCC_PCLK1Config                          0x08001ef9   Thumb Code    18  stm32f10x_rcc.o(.text)
    RCC_PCLK2Config                          0x08001f0b   Thumb Code    20  stm32f10x_rcc.o(.text)
    RCC_ITConfig                             0x08001f1f   Thumb Code    30  stm32f10x_rcc.o(.text)
    RCC_USBCLKConfig                         0x08001f3d   Thumb Code     6  stm32f10x_rcc.o(.text)
    RCC_ADCCLKConfig                         0x08001f43   Thumb Code    18  stm32f10x_rcc.o(.text)
    RCC_LSEConfig                            0x08001f55   Thumb Code    44  stm32f10x_rcc.o(.text)
    RCC_LSICmd                               0x08001f81   Thumb Code     6  stm32f10x_rcc.o(.text)
    RCC_RTCCLKConfig                         0x08001f87   Thumb Code    12  stm32f10x_rcc.o(.text)
    RCC_RTCCLKCmd                            0x08001f93   Thumb Code     8  stm32f10x_rcc.o(.text)
    RCC_GetClocksFreq                        0x08001f9b   Thumb Code   192  stm32f10x_rcc.o(.text)
    RCC_AHBPeriphClockCmd                    0x0800205b   Thumb Code    26  stm32f10x_rcc.o(.text)
    RCC_APB2PeriphClockCmd                   0x08002075   Thumb Code    26  stm32f10x_rcc.o(.text)
    RCC_APB1PeriphClockCmd                   0x0800208f   Thumb Code    26  stm32f10x_rcc.o(.text)
    RCC_APB2PeriphResetCmd                   0x080020a9   Thumb Code    26  stm32f10x_rcc.o(.text)
    RCC_APB1PeriphResetCmd                   0x080020c3   Thumb Code    26  stm32f10x_rcc.o(.text)
    RCC_BackupResetCmd                       0x080020dd   Thumb Code     8  stm32f10x_rcc.o(.text)
    RCC_ClockSecuritySystemCmd               0x080020e5   Thumb Code     6  stm32f10x_rcc.o(.text)
    RCC_MCOConfig                            0x080020eb   Thumb Code     6  stm32f10x_rcc.o(.text)
    RCC_ClearFlag                            0x080020f1   Thumb Code    14  stm32f10x_rcc.o(.text)
    RCC_GetITStatus                          0x080020ff   Thumb Code    20  stm32f10x_rcc.o(.text)
    RCC_ClearITPendingBit                    0x08002113   Thumb Code     6  stm32f10x_rcc.o(.text)
    TIM_DeInit                               0x08002145   Thumb Code   424  stm32f10x_tim.o(.text)
    TIM_TimeBaseInit                         0x080022ed   Thumb Code   122  stm32f10x_tim.o(.text)
    TIM_OC1Init                              0x08002367   Thumb Code   132  stm32f10x_tim.o(.text)
    TIM_OC2Init                              0x080023eb   Thumb Code   146  stm32f10x_tim.o(.text)
    TIM_OC3Init                              0x0800247d   Thumb Code   142  stm32f10x_tim.o(.text)
    TIM_OC4Init                              0x0800250b   Thumb Code   174  stm32f10x_tim.o(.text)
    TIM_SetIC4Prescaler                      0x080025b9   Thumb Code    22  stm32f10x_tim.o(.text)
    TIM_SetIC3Prescaler                      0x08002645   Thumb Code    18  stm32f10x_tim.o(.text)
    TIM_SetIC2Prescaler                      0x080026c9   Thumb Code    22  stm32f10x_tim.o(.text)
    TIM_SetIC1Prescaler                      0x08002755   Thumb Code    18  stm32f10x_tim.o(.text)
    TIM_ICInit                               0x080027d1   Thumb Code   150  stm32f10x_tim.o(.text)
    TIM_PWMIConfig                           0x08002867   Thumb Code   124  stm32f10x_tim.o(.text)
    TIM_BDTRConfig                           0x080028e3   Thumb Code    32  stm32f10x_tim.o(.text)
    TIM_TimeBaseStructInit                   0x08002903   Thumb Code    18  stm32f10x_tim.o(.text)
    TIM_OCStructInit                         0x08002915   Thumb Code    20  stm32f10x_tim.o(.text)
    TIM_ICStructInit                         0x08002929   Thumb Code    18  stm32f10x_tim.o(.text)
    TIM_BDTRStructInit                       0x0800293b   Thumb Code    18  stm32f10x_tim.o(.text)
    TIM_Cmd                                  0x0800294d   Thumb Code    24  stm32f10x_tim.o(.text)
    TIM_CtrlPWMOutputs                       0x08002965   Thumb Code    50  stm32f10x_tim.o(.text)
    TIM_ITConfig                             0x08002997   Thumb Code    24  stm32f10x_tim.o(.text)
    TIM_GenerateEvent                        0x080029af   Thumb Code     4  stm32f10x_tim.o(.text)
    TIM_DMAConfig                            0x080029b3   Thumb Code    10  stm32f10x_tim.o(.text)
    TIM_DMACmd                               0x080029bd   Thumb Code    24  stm32f10x_tim.o(.text)
    TIM_InternalClockConfig                  0x080029d5   Thumb Code    12  stm32f10x_tim.o(.text)
    TIM_SelectInputTrigger                   0x080029e1   Thumb Code    18  stm32f10x_tim.o(.text)
    TIM_ITRxExternalClockConfig              0x080029f3   Thumb Code    24  stm32f10x_tim.o(.text)
    TIM_TIxExternalClockConfig               0x08002a0b   Thumb Code    62  stm32f10x_tim.o(.text)
    TIM_ETRConfig                            0x08002a49   Thumb Code    24  stm32f10x_tim.o(.text)
    TIM_ETRClockMode1Config                  0x08002a61   Thumb Code    54  stm32f10x_tim.o(.text)
    TIM_ETRClockMode2Config                  0x08002a97   Thumb Code    32  stm32f10x_tim.o(.text)
    TIM_PrescalerConfig                      0x08002ab7   Thumb Code     6  stm32f10x_tim.o(.text)
    TIM_CounterModeConfig                    0x08002abd   Thumb Code    18  stm32f10x_tim.o(.text)
    TIM_EncoderInterfaceConfig               0x08002acf   Thumb Code    62  stm32f10x_tim.o(.text)
    TIM_ForcedOC1Config                      0x08002b0d   Thumb Code    18  stm32f10x_tim.o(.text)
    TIM_ForcedOC2Config                      0x08002b1f   Thumb Code    22  stm32f10x_tim.o(.text)
    TIM_ForcedOC3Config                      0x08002b35   Thumb Code    18  stm32f10x_tim.o(.text)
    TIM_ForcedOC4Config                      0x08002b47   Thumb Code    22  stm32f10x_tim.o(.text)
    TIM_ARRPreloadConfig                     0x08002b5d   Thumb Code    24  stm32f10x_tim.o(.text)
    TIM_SelectCOM                            0x08002b75   Thumb Code    24  stm32f10x_tim.o(.text)
    TIM_SelectCCDMA                          0x08002b8d   Thumb Code    24  stm32f10x_tim.o(.text)
    TIM_CCPreloadControl                     0x08002ba5   Thumb Code    24  stm32f10x_tim.o(.text)
    TIM_OC1PreloadConfig                     0x08002bbd   Thumb Code    18  stm32f10x_tim.o(.text)
    TIM_OC2PreloadConfig                     0x08002bcf   Thumb Code    22  stm32f10x_tim.o(.text)
    TIM_OC3PreloadConfig                     0x08002be5   Thumb Code    18  stm32f10x_tim.o(.text)
    TIM_OC4PreloadConfig                     0x08002bf7   Thumb Code    22  stm32f10x_tim.o(.text)
    TIM_OC1FastConfig                        0x08002c0d   Thumb Code    18  stm32f10x_tim.o(.text)
    TIM_OC2FastConfig                        0x08002c1f   Thumb Code    22  stm32f10x_tim.o(.text)
    TIM_OC3FastConfig                        0x08002c35   Thumb Code    18  stm32f10x_tim.o(.text)
    TIM_OC4FastConfig                        0x08002c47   Thumb Code    22  stm32f10x_tim.o(.text)
    TIM_ClearOC1Ref                          0x08002c5d   Thumb Code    18  stm32f10x_tim.o(.text)
    TIM_ClearOC2Ref                          0x08002c6f   Thumb Code    20  stm32f10x_tim.o(.text)
    TIM_ClearOC3Ref                          0x08002c83   Thumb Code    18  stm32f10x_tim.o(.text)
    TIM_ClearOC4Ref                          0x08002c95   Thumb Code    20  stm32f10x_tim.o(.text)
    TIM_OC1PolarityConfig                    0x08002ca9   Thumb Code    18  stm32f10x_tim.o(.text)
    TIM_OC1NPolarityConfig                   0x08002cbb   Thumb Code    18  stm32f10x_tim.o(.text)
    TIM_OC2PolarityConfig                    0x08002ccd   Thumb Code    22  stm32f10x_tim.o(.text)
    TIM_OC2NPolarityConfig                   0x08002ce3   Thumb Code    22  stm32f10x_tim.o(.text)
    TIM_OC3PolarityConfig                    0x08002cf9   Thumb Code    22  stm32f10x_tim.o(.text)
    TIM_OC3NPolarityConfig                   0x08002d0f   Thumb Code    22  stm32f10x_tim.o(.text)
    TIM_OC4PolarityConfig                    0x08002d25   Thumb Code    22  stm32f10x_tim.o(.text)
    TIM_CCxCmd                               0x08002d3b   Thumb Code    34  stm32f10x_tim.o(.text)
    TIM_CCxNCmd                              0x08002d5d   Thumb Code    34  stm32f10x_tim.o(.text)
    TIM_SelectOCxM                           0x08002d7f   Thumb Code    82  stm32f10x_tim.o(.text)
    TIM_UpdateDisableConfig                  0x08002dd1   Thumb Code    24  stm32f10x_tim.o(.text)
    TIM_UpdateRequestConfig                  0x08002de9   Thumb Code    24  stm32f10x_tim.o(.text)
    TIM_SelectHallSensor                     0x08002e01   Thumb Code    24  stm32f10x_tim.o(.text)
    TIM_SelectOnePulseMode                   0x08002e19   Thumb Code    18  stm32f10x_tim.o(.text)
    TIM_SelectOutputTrigger                  0x08002e2b   Thumb Code    18  stm32f10x_tim.o(.text)
    TIM_SelectSlaveMode                      0x08002e3d   Thumb Code    18  stm32f10x_tim.o(.text)
    TIM_SelectMasterSlaveMode                0x08002e4f   Thumb Code    18  stm32f10x_tim.o(.text)
    TIM_SetCounter                           0x08002e61   Thumb Code     4  stm32f10x_tim.o(.text)
    TIM_SetAutoreload                        0x08002e65   Thumb Code     4  stm32f10x_tim.o(.text)
    TIM_SetCompare1                          0x08002e69   Thumb Code     4  stm32f10x_tim.o(.text)
    TIM_SetCompare2                          0x08002e6d   Thumb Code     4  stm32f10x_tim.o(.text)
    TIM_SetCompare3                          0x08002e71   Thumb Code     4  stm32f10x_tim.o(.text)
    TIM_SetCompare4                          0x08002e75   Thumb Code     6  stm32f10x_tim.o(.text)
    TIM_SetClockDivision                     0x08002e7b   Thumb Code    18  stm32f10x_tim.o(.text)
    TIM_GetCapture1                          0x08002e8d   Thumb Code     6  stm32f10x_tim.o(.text)
    TIM_GetCapture2                          0x08002e93   Thumb Code     6  stm32f10x_tim.o(.text)
    TIM_GetCapture3                          0x08002e99   Thumb Code     6  stm32f10x_tim.o(.text)
    TIM_GetCapture4                          0x08002e9f   Thumb Code     8  stm32f10x_tim.o(.text)
    TIM_GetCounter                           0x08002ea7   Thumb Code     6  stm32f10x_tim.o(.text)
    TIM_GetPrescaler                         0x08002ead   Thumb Code     6  stm32f10x_tim.o(.text)
    TIM_GetFlagStatus                        0x08002eb3   Thumb Code    18  stm32f10x_tim.o(.text)
    TIM_ClearFlag                            0x08002ec5   Thumb Code     6  stm32f10x_tim.o(.text)
    TIM_GetITStatus                          0x08002ecb   Thumb Code    34  stm32f10x_tim.o(.text)
    TIM_ClearITPendingBit                    0x08002eed   Thumb Code     6  stm32f10x_tim.o(.text)
    USART_DeInit                             0x08002ef5   Thumb Code   134  stm32f10x_usart.o(.text)
    USART_Init                               0x08002f7b   Thumb Code   210  stm32f10x_usart.o(.text)
    USART_StructInit                         0x0800304d   Thumb Code    24  stm32f10x_usart.o(.text)
    USART_ClockInit                          0x08003065   Thumb Code    34  stm32f10x_usart.o(.text)
    USART_ClockStructInit                    0x08003087   Thumb Code    12  stm32f10x_usart.o(.text)
    USART_Cmd                                0x08003093   Thumb Code    24  stm32f10x_usart.o(.text)
    USART_ITConfig                           0x080030ab   Thumb Code    74  stm32f10x_usart.o(.text)
    USART_DMACmd                             0x080030f5   Thumb Code    24  stm32f10x_usart.o(.text)
    USART_SetAddress                         0x0800310d   Thumb Code    18  stm32f10x_usart.o(.text)
    USART_WakeUpConfig                       0x0800311f   Thumb Code    18  stm32f10x_usart.o(.text)
    USART_ReceiverWakeUpCmd                  0x08003131   Thumb Code    24  stm32f10x_usart.o(.text)
    USART_LINBreakDetectLengthConfig         0x08003149   Thumb Code    18  stm32f10x_usart.o(.text)
    USART_LINCmd                             0x0800315b   Thumb Code    24  stm32f10x_usart.o(.text)
    USART_SendData                           0x08003173   Thumb Code     8  stm32f10x_usart.o(.text)
    USART_ReceiveData                        0x0800317b   Thumb Code    10  stm32f10x_usart.o(.text)
    USART_SendBreak                          0x08003185   Thumb Code    10  stm32f10x_usart.o(.text)
    USART_SetGuardTime                       0x0800318f   Thumb Code    16  stm32f10x_usart.o(.text)
    USART_SetPrescaler                       0x0800319f   Thumb Code    16  stm32f10x_usart.o(.text)
    USART_SmartCardCmd                       0x080031af   Thumb Code    24  stm32f10x_usart.o(.text)
    USART_SmartCardNACKCmd                   0x080031c7   Thumb Code    24  stm32f10x_usart.o(.text)
    USART_HalfDuplexCmd                      0x080031df   Thumb Code    24  stm32f10x_usart.o(.text)
    USART_OverSampling8Cmd                   0x080031f7   Thumb Code    22  stm32f10x_usart.o(.text)
    USART_OneBitMethodCmd                    0x0800320d   Thumb Code    24  stm32f10x_usart.o(.text)
    USART_IrDAConfig                         0x08003225   Thumb Code    18  stm32f10x_usart.o(.text)
    USART_IrDACmd                            0x08003237   Thumb Code    24  stm32f10x_usart.o(.text)
    USART_GetFlagStatus                      0x0800324f   Thumb Code    26  stm32f10x_usart.o(.text)
    USART_ClearFlag                          0x08003269   Thumb Code    18  stm32f10x_usart.o(.text)
    USART_GetITStatus                        0x0800327b   Thumb Code    84  stm32f10x_usart.o(.text)
    USART_ClearITPendingBit                  0x080032cf   Thumb Code    50  stm32f10x_usart.o(.text)
    SPI_I2S_DeInit                           0x08003301   Thumb Code    76  stm32f10x_spi.o(.text)
    SPI_Init                                 0x0800334d   Thumb Code    60  stm32f10x_spi.o(.text)
    I2S_Init                                 0x08003389   Thumb Code   222  stm32f10x_spi.o(.text)
    SPI_StructInit                           0x08003467   Thumb Code    24  stm32f10x_spi.o(.text)
    I2S_StructInit                           0x0800347f   Thumb Code    20  stm32f10x_spi.o(.text)
    SPI_Cmd                                  0x08003493   Thumb Code    24  stm32f10x_spi.o(.text)
    I2S_Cmd                                  0x080034ab   Thumb Code    24  stm32f10x_spi.o(.text)
    SPI_I2S_ITConfig                         0x080034c3   Thumb Code    36  stm32f10x_spi.o(.text)
    SPI_I2S_DMACmd                           0x080034e7   Thumb Code    24  stm32f10x_spi.o(.text)
    SPI_I2S_SendData                         0x080034ff   Thumb Code     4  stm32f10x_spi.o(.text)
    SPI_I2S_ReceiveData                      0x08003503   Thumb Code     6  stm32f10x_spi.o(.text)
    SPI_NSSInternalSoftwareConfig            0x08003509   Thumb Code    30  stm32f10x_spi.o(.text)
    SPI_SSOutputCmd                          0x08003527   Thumb Code    24  stm32f10x_spi.o(.text)
    SPI_DataSizeConfig                       0x0800353f   Thumb Code    18  stm32f10x_spi.o(.text)
    SPI_TransmitCRC                          0x08003551   Thumb Code    10  stm32f10x_spi.o(.text)
    SPI_CalculateCRC                         0x0800355b   Thumb Code    24  stm32f10x_spi.o(.text)
    SPI_GetCRC                               0x08003573   Thumb Code    16  stm32f10x_spi.o(.text)
    SPI_GetCRCPolynomial                     0x08003583   Thumb Code     6  stm32f10x_spi.o(.text)
    SPI_BiDirectionalLineConfig              0x08003589   Thumb Code    28  stm32f10x_spi.o(.text)
    SPI_I2S_GetFlagStatus                    0x080035a5   Thumb Code    18  stm32f10x_spi.o(.text)
    SPI_I2S_ClearFlag                        0x080035b7   Thumb Code     6  stm32f10x_spi.o(.text)
    SPI_I2S_GetITStatus                      0x080035bd   Thumb Code    52  stm32f10x_spi.o(.text)
    SPI_I2S_ClearITPendingBit                0x080035f1   Thumb Code    20  stm32f10x_spi.o(.text)
    main                                     0x08003611   Thumb Code    90  main.o(.text)
    __use_no_semihosting                     0x0800367d   Thumb Code     2  use_no_semi_2.o(.text)
    __use_two_region_memory                  0x0800367f   Thumb Code     2  heapauxi.o(.text)
    __rt_heap_escrow$2region                 0x08003681   Thumb Code     2  heapauxi.o(.text)
    __rt_heap_expand$2region                 0x08003683   Thumb Code     2  heapauxi.o(.text)
    __I$use$semihosting                      0x08003685   Thumb Code     0  use_no_semi.o(.text)
    __use_no_semihosting_swi                 0x08003685   Thumb Code     2  use_no_semi.o(.text)
    __user_setup_stackheap                   0x08003687   Thumb Code    74  sys_stackheap_outer.o(.text)
    exit                                     0x080036d1   Thumb Code    12  exit.o(.text)
    __user_libspace                          0x080036dd   Thumb Code     8  libspace.o(.text)
    __user_perproc_libspace                  0x080036dd   Thumb Code     0  libspace.o(.text)
    __user_perthread_libspace                0x080036dd   Thumb Code     0  libspace.o(.text)
    __rt_fp_status_addr                      0x080036e5   Thumb Code     8  rt_fp_status_addr_intlibspace.o(.text)
    __aeabi_fadd                             0x080036ed   Thumb Code     0  faddsub_clz.o(x$fpl$fadd)
    _fadd                                    0x080036ed   Thumb Code   196  faddsub_clz.o(x$fpl$fadd)
    __fpl_fcmp_Inf                           0x080037b1   Thumb Code    24  fcmpi.o(x$fpl$fcmpinf)
    __aeabi_fdiv                             0x080037c9   Thumb Code     0  fdiv.o(x$fpl$fdiv)
    _fdiv                                    0x080037c9   Thumb Code   384  fdiv.o(x$fpl$fdiv)
    __aeabi_f2uiz                            0x0800394d   Thumb Code     0  ffixu.o(x$fpl$ffixu)
    _ffixu                                   0x0800394d   Thumb Code    62  ffixu.o(x$fpl$ffixu)
    __aeabi_ui2f                             0x0800398d   Thumb Code     0  fflt_clz.o(x$fpl$ffltu)
    _ffltu                                   0x0800398d   Thumb Code    38  fflt_clz.o(x$fpl$ffltu)
    __aeabi_cfcmple                          0x080039b5   Thumb Code     0  fleqf.o(x$fpl$fleqf)
    _fcmple                                  0x080039b5   Thumb Code   104  fleqf.o(x$fpl$fleqf)
    __fpl_fcmple_InfNaN                      0x08003a07   Thumb Code     0  fleqf.o(x$fpl$fleqf)
    __aeabi_fmul                             0x08003a1d   Thumb Code     0  fmul.o(x$fpl$fmul)
    _fmul                                    0x08003a1d   Thumb Code   258  fmul.o(x$fpl$fmul)
    __fpl_fnaninf                            0x08003b1f   Thumb Code   140  fnaninf.o(x$fpl$fnaninf)
    _fp_init                                 0x08003bab   Thumb Code    14  fpinit.o(x$fpl$fpinit)
    __fplib_config_pureend_doubles           0x08003bb7   Thumb Code     0  fpinit.o(x$fpl$fpinit)
    __fpl_fretinf                            0x08003bb9   Thumb Code    10  fretinf.o(x$fpl$fretinf)
    __aeabi_frsub                            0x08003bc3   Thumb Code     0  faddsub_clz.o(x$fpl$frsb)
    _frsb                                    0x08003bc3   Thumb Code    20  faddsub_clz.o(x$fpl$frsb)
    __aeabi_fsub                             0x08003bd9   Thumb Code     0  faddsub_clz.o(x$fpl$fsub)
    _fsub                                    0x08003bd9   Thumb Code   234  faddsub_clz.o(x$fpl$fsub)
    A7139Config                              0x08003cc2   Data          32  a7139_config.o(.constdata)
    __I$use$fp                               0x08003cc3   Thumb Code     0  usenofp.o(x$fpl$usenofp)
    A7139Config_PageA                        0x08003ce2   Data          32  a7139_config.o(.constdata)
    A7139Config_PageB                        0x08003d02   Data          10  a7139_config.o(.constdata)
    Region$$Table$$Base                      0x08003d0c   Number         0  anon$$obj.o(Region$$Table)
    Region$$Table$$Limit                     0x08003d2c   Number         0  anon$$obj.o(Region$$Table)
    SystemCoreClock                          0x20000000   Data           4  system_stm32f10x.o(.data)
    AHBPrescTable                            0x20000004   Data          16  system_stm32f10x.o(.data)
    BeaconTimeCount                          0x20000016   Data           2  interrupt.o(.data)
    BeaconSendFlag                           0x20000018   Data           1  interrupt.o(.data)
    node2_count                              0x2000001a   Data           2  interrupt.o(.data)
    node3_count                              0x2000001c   Data           2  interrupt.o(.data)
    node4_count                              0x2000001e   Data           2  interrupt.o(.data)
    node2_error                              0x20000020   Data           2  interrupt.o(.data)
    node3_error                              0x20000022   Data           2  interrupt.o(.data)
    node4_error                              0x20000024   Data           2  interrupt.o(.data)
    node2_reset                              0x20000026   Data           2  interrupt.o(.data)
    node3_reset                              0x20000028   Data           2  interrupt.o(.data)
    node4_reset                              0x2000002a   Data           2  interrupt.o(.data)
    RxCnt                                    0x2000002c   Data           2  a7139.o(.data)
    PN9_Tab                                  0x2000002e   Data          64  a7139.o(.data)
    Err_ByteCnt                              0x20000070   Data           4  a7139.o(.data)
    Err_BitCnt                               0x20000074   Data           4  a7139.o(.data)
    look                                     0x20000078   Data           2  a7139.o(.data)
    d1                                       0x2000007a   Data           1  a7139.o(.data)
    d2                                       0x2000007b   Data           1  a7139.o(.data)
    d3                                       0x2000007c   Data           1  a7139.o(.data)
    d4                                       0x2000007d   Data           1  a7139.o(.data)
    USART_RX_STA                             0x20000084   Data           2  usart.o(.data)
    __stdout                                 0x20000088   Data           4  usart.o(.data)
    USART_RX_BUF                             0x200000a0   Data         200  usart.o(.bss)
    test                                     0x20000168   Data          64  main.o(.bss)
    DataRecv                                 0x200001a8   Data          64  trsdata.o(.bss)
    DataSend                                 0x200001e8   Data          64  trsdata.o(.bss)
    __libspace_start                         0x20000228   Data          96  libspace.o(.bss)
    __temporary_stack_top$libspace           0x20000288   Data           0  libspace.o(.bss)



==============================================================================

Memory Map of the image

  Image Entry point : 0x08000131

  Load Region LR_IROM1 (Base: 0x08000000, Size: 0x00003dcc, Max: 0x00040000, ABSOLUTE)

    Execution Region ER_IROM1 (Base: 0x08000000, Size: 0x00003d2c, Max: 0x00040000, ABSOLUTE)

    Base Addr    Size         Type   Attr      Idx    E Section Name        Object

    0x08000000   0x00000130   Data   RO          315    RESET               startup_stm32f10x_hd.o
    0x08000130   0x00000008   Code   RO          446  * !!!main             c_w.l(__main.o)
    0x08000138   0x00000034   Code   RO          632    !!!scatter          c_w.l(__scatter.o)
    0x0800016c   0x0000001a   Code   RO          634    !!handler_copy      c_w.l(__scatter_copy.o)
    0x08000186   0x00000002   PAD
    0x08000188   0x0000001c   Code   RO          636    !!handler_zi        c_w.l(__scatter_zi.o)
    0x080001a4   0x00000006   Code   RO          506    .ARM.Collect$$libinit$$00000000  c_w.l(libinit.o)
    0x080001aa   0x00000000   Code   RO          514    .ARM.Collect$$libinit$$00000006  c_w.l(libinit2.o)
    0x080001aa   0x00000000   Code   RO          516    .ARM.Collect$$libinit$$00000008  c_w.l(libinit2.o)
    0x080001aa   0x00000000   Code   RO          518    .ARM.Collect$$libinit$$0000000A  c_w.l(libinit2.o)
    0x080001aa   0x00000000   Code   RO          521    .ARM.Collect$$libinit$$0000000D  c_w.l(libinit2.o)
    0x080001aa   0x00000000   Code   RO          523    .ARM.Collect$$libinit$$0000000F  c_w.l(libinit2.o)
    0x080001aa   0x00000000   Code   RO          525    .ARM.Collect$$libinit$$00000011  c_w.l(libinit2.o)
    0x080001aa   0x00000000   Code   RO          527    .ARM.Collect$$libinit$$00000013  c_w.l(libinit2.o)
    0x080001aa   0x00000000   Code   RO          529    .ARM.Collect$$libinit$$00000015  c_w.l(libinit2.o)
    0x080001aa   0x00000000   Code   RO          531    .ARM.Collect$$libinit$$00000017  c_w.l(libinit2.o)
    0x080001aa   0x00000000   Code   RO          533    .ARM.Collect$$libinit$$00000019  c_w.l(libinit2.o)
    0x080001aa   0x00000000   Code   RO          535    .ARM.Collect$$libinit$$0000001B  c_w.l(libinit2.o)
    0x080001aa   0x00000000   Code   RO          537    .ARM.Collect$$libinit$$0000001D  c_w.l(libinit2.o)
    0x080001aa   0x00000000   Code   RO          539    .ARM.Collect$$libinit$$0000001F  c_w.l(libinit2.o)
    0x080001aa   0x00000000   Code   RO          541    .ARM.Collect$$libinit$$00000021  c_w.l(libinit2.o)
    0x080001aa   0x00000000   Code   RO          545    .ARM.Collect$$libinit$$00000028  c_w.l(libinit2.o)
    0x080001aa   0x00000000   Code   RO          547    .ARM.Collect$$libinit$$0000002A  c_w.l(libinit2.o)
    0x080001aa   0x00000000   Code   RO          549    .ARM.Collect$$libinit$$0000002C  c_w.l(libinit2.o)
    0x080001aa   0x00000000   Code   RO          551    .ARM.Collect$$libinit$$0000002E  c_w.l(libinit2.o)
    0x080001aa   0x00000002   Code   RO          552    .ARM.Collect$$libinit$$0000002F  c_w.l(libinit2.o)
    0x080001ac   0x00000002   Code   RO          575    .ARM.Collect$$libshutdown$$00000000  c_w.l(libshutdown.o)
    0x080001ae   0x00000000   Code   RO          586    .ARM.Collect$$libshutdown$$00000003  c_w.l(libshutdown2.o)
    0x080001ae   0x00000000   Code   RO          589    .ARM.Collect$$libshutdown$$00000006  c_w.l(libshutdown2.o)
    0x080001ae   0x00000000   Code   RO          592    .ARM.Collect$$libshutdown$$00000009  c_w.l(libshutdown2.o)
    0x080001ae   0x00000000   Code   RO          594    .ARM.Collect$$libshutdown$$0000000B  c_w.l(libshutdown2.o)
    0x080001ae   0x00000000   Code   RO          597    .ARM.Collect$$libshutdown$$0000000E  c_w.l(libshutdown2.o)
    0x080001ae   0x00000002   Code   RO          598    .ARM.Collect$$libshutdown$$0000000F  c_w.l(libshutdown2.o)
    0x080001b0   0x00000000   Code   RO          474    .ARM.Collect$$rtentry$$00000000  c_w.l(rtentry.o)
    0x080001b0   0x00000000   Code   RO          483    .ARM.Collect$$rtentry$$00000002  c_w.l(rtentry2.o)
    0x080001b0   0x00000006   Code   RO          495    .ARM.Collect$$rtentry$$00000004  c_w.l(rtentry4.o)
    0x080001b6   0x00000000   Code   RO          485    .ARM.Collect$$rtentry$$00000009  c_w.l(rtentry2.o)
    0x080001b6   0x00000004   Code   RO          486    .ARM.Collect$$rtentry$$0000000A  c_w.l(rtentry2.o)
    0x080001ba   0x00000000   Code   RO          488    .ARM.Collect$$rtentry$$0000000C  c_w.l(rtentry2.o)
    0x080001ba   0x00000008   Code   RO          489    .ARM.Collect$$rtentry$$0000000D  c_w.l(rtentry2.o)
    0x080001c2   0x00000002   Code   RO          510    .ARM.Collect$$rtexit$$00000000  c_w.l(rtexit.o)
    0x080001c4   0x00000000   Code   RO          556    .ARM.Collect$$rtexit$$00000002  c_w.l(rtexit2.o)
    0x080001c4   0x00000004   Code   RO          557    .ARM.Collect$$rtexit$$00000003  c_w.l(rtexit2.o)
    0x080001c8   0x00000006   Code   RO          558    .ARM.Collect$$rtexit$$00000004  c_w.l(rtexit2.o)
    0x080001ce   0x00000002   PAD
    0x080001d0   0x00000004   Code   RO          189    .emb_text           interrupt.o
    0x080001d4   0x0000001a   Code   RO            1    .text               stm32f10x_it.o
    0x080001ee   0x00000002   PAD
    0x080001f0   0x000001c8   Code   RO           56    .text               system_stm32f10x.o
    0x080003b8   0x00000098   Code   RO           74    .text               led.o
    0x08000450   0x000000ec   Code   RO          149    .text               key.o
    0x0800053c   0x000003f4   Code   RO          162    .text               spi.o
    0x08000930   0x000000b8   Code   RO          174    .text               timer.o
    0x080009e8   0x000001b0   Code   RO          190    .text               interrupt.o
    0x08000b98   0x00000a20   Code   RO          213    .text               a7139.o
    0x080015b8   0x000000c4   Code   RO          242    .text               delay.o
    0x0800167c   0x00000048   Code   RO          256    .text               sys.o
    0x080016c4   0x00000150   Code   RO          268    .text               usart.o
    0x08001814   0x0000011c   Code   RO          291    .text               stm32f10x_exti.o
    0x08001930   0x00000040   Code   RO          316    .text               startup_stm32f10x_hd.o
    0x08001970   0x000000dc   Code   RO          320    .text               misc.o
    0x08001a4c   0x00000358   Code   RO          344    .text               stm32f10x_gpio.o
    0x08001da4   0x000003a0   Code   RO          356    .text               stm32f10x_rcc.o
    0x08002144   0x00000dae   Code   RO          370    .text               stm32f10x_tim.o
    0x08002ef2   0x00000002   PAD
    0x08002ef4   0x0000040c   Code   RO          382    .text               stm32f10x_usart.o
    0x08003300   0x00000310   Code   RO          394    .text               stm32f10x_spi.o
    0x08003610   0x0000006c   Code   RO          406    .text               main.o
    0x0800367c   0x00000002   Code   RO          442    .text               c_w.l(use_no_semi_2.o)
    0x0800367e   0x00000006   Code   RO          444    .text               c_w.l(heapauxi.o)
    0x08003684   0x00000002   Code   RO          472    .text               c_w.l(use_no_semi.o)
    0x08003686   0x0000004a   Code   RO          497    .text               c_w.l(sys_stackheap_outer.o)
    0x080036d0   0x0000000c   Code   RO          499    .text               c_w.l(exit.o)
    0x080036dc   0x00000008   Code   RO          507    .text               c_w.l(libspace.o)
    0x080036e4   0x00000008   Code   RO          565    .text               c_w.l(rt_fp_status_addr_intlibspace.o)
    0x080036ec   0x000000c4   Code   RO          448    x$fpl$fadd          fz_ws.l(faddsub_clz.o)
    0x080037b0   0x00000018   Code   RO          475    x$fpl$fcmpinf       fz_ws.l(fcmpi.o)
    0x080037c8   0x00000184   Code   RO          455    x$fpl$fdiv          fz_ws.l(fdiv.o)
    0x0800394c   0x0000003e   Code   RO          458    x$fpl$ffixu         fz_ws.l(ffixu.o)
    0x0800398a   0x00000002   PAD
    0x0800398c   0x00000026   Code   RO          462    x$fpl$ffltu         fz_ws.l(fflt_clz.o)
    0x080039b2   0x00000002   PAD
    0x080039b4   0x00000068   Code   RO          468    x$fpl$fleqf         fz_ws.l(fleqf.o)
    0x08003a1c   0x00000102   Code   RO          470    x$fpl$fmul          fz_ws.l(fmul.o)
    0x08003b1e   0x0000008c   Code   RO          477    x$fpl$fnaninf       fz_ws.l(fnaninf.o)
    0x08003baa   0x0000000e   Code   RO          553    x$fpl$fpinit        fz_ws.l(fpinit.o)
    0x08003bb8   0x0000000a   Code   RO          479    x$fpl$fretinf       fz_ws.l(fretinf.o)
    0x08003bc2   0x00000014   Code   RO          449    x$fpl$frsb          fz_ws.l(faddsub_clz.o)
    0x08003bd6   0x00000002   PAD
    0x08003bd8   0x000000ea   Code   RO          450    x$fpl$fsub          fz_ws.l(faddsub_clz.o)
    0x08003cc2   0x00000000   Code   RO          481    x$fpl$usenofp       fz_ws.l(usenofp.o)
    0x08003cc2   0x0000004a   Data   RO          230    .constdata          a7139_config.o
    0x08003d0c   0x00000020   Data   RO          630    Region$$Table       anon$$obj.o


    Execution Region RW_IRAM1 (Base: 0x20000000, Size: 0x00000888, Max: 0x0000c000, ABSOLUTE)

    Base Addr    Size         Type   Attr      Idx    E Section Name        Object

    0x20000000   0x00000014   Data   RW           57    .data               system_stm32f10x.o
    0x20000014   0x00000001   Data   RW          150    .data               key.o
    0x20000015   0x00000001   PAD
    0x20000016   0x00000016   Data   RW          191    .data               interrupt.o
    0x2000002c   0x00000052   Data   RW          216    .data               a7139.o
    0x2000007e   0x00000004   Data   RW          243    .data               delay.o
    0x20000082   0x00000002   PAD
    0x20000084   0x00000008   Data   RW          270    .data               usart.o
    0x2000008c   0x00000014   Data   RW          357    .data               stm32f10x_rcc.o
    0x200000a0   0x000000c8   Zero   RW          269    .bss                usart.o
    0x20000168   0x00000040   Zero   RW          407    .bss                main.o
    0x200001a8   0x00000080   Zero   RW          422    .bss                trsdata.o
    0x20000228   0x00000060   Zero   RW          508    .bss                c_w.l(libspace.o)
    0x20000288   0x00000200   Zero   RW          314    HEAP                startup_stm32f10x_hd.o
    0x20000488   0x00000400   Zero   RW          313    STACK               startup_stm32f10x_hd.o


==============================================================================

Image component sizes


      Code (inc. data)   RO Data    RW Data    ZI Data      Debug   Object Name

      2592        108          0         82          0       7687   a7139.o
         0          0         74          0          0        606   a7139_config.o
       196         16          0          4          0        923   delay.o
       436         74          0         22          0       2009   interrupt.o
       236         16          0          1          0        764   key.o
       152          6          0          0          0     207327   led.o
       108         18          0          0         64        826   main.o
       220         20          0          0          0       1685   misc.o
      1012         34          0          0          0       3229   spi.o
        64         26        304          0       1536        740   startup_stm32f10x_hd.o
       284         10          0          0          0       2143   stm32f10x_exti.o
       856         40          0          0          0       5617   stm32f10x_gpio.o
        26          0          0          0          0      55478   stm32f10x_it.o
       928         44          0         20          0       8736   stm32f10x_rcc.o
       784         12          0          0          0       6522   stm32f10x_spi.o
      3502         86          0          0          0      22788   stm32f10x_tim.o
      1036         20          0          0          0       8364   stm32f10x_usart.o
        72          6          0          0          0        534   sys.o
       456         36          0         20          0       1571   system_stm32f10x.o
       184          8          0          0          0        918   timer.o
         0          0          0          0        128        480   trsdata.o
       336         18          0          8        200       2986   usart.o

    ----------------------------------------------------------------------
     13484        598        410        160       1928     341933   Object Totals
         0          0         32          0          0          0   (incl. Generated)
         4          0          0          3          0          0   (incl. Padding)

    ----------------------------------------------------------------------

      Code (inc. data)   RO Data    RW Data    ZI Data      Debug   Library Member Name

         8          0          0          0          0         68   __main.o
        52          8          0          0          0          0   __scatter.o
        26          0          0          0          0          0   __scatter_copy.o
        28          0          0          0          0          0   __scatter_zi.o
        12          0          0          0          0         72   exit.o
         6          0          0          0          0        152   heapauxi.o
         6          0          0          0          0          0   libinit.o
         2          0          0          0          0          0   libinit2.o
         2          0          0          0          0          0   libshutdown.o
         2          0          0          0          0          0   libshutdown2.o
         8          4          0          0         96         68   libspace.o
         8          4          0          0          0         68   rt_fp_status_addr_intlibspace.o
         0          0          0          0          0          0   rtentry.o
        12          0          0          0          0          0   rtentry2.o
         6          0          0          0          0          0   rtentry4.o
         2          0          0          0          0          0   rtexit.o
        10          0          0          0          0          0   rtexit2.o
        74          0          0          0          0         80   sys_stackheap_outer.o
         2          0          0          0          0         68   use_no_semi.o
         2          0          0          0          0         68   use_no_semi_2.o
       450          8          0          0          0        236   faddsub_clz.o
        24          0          0          0          0         68   fcmpi.o
       388         76          0          0          0         96   fdiv.o
        62          4          0          0          0         84   ffixu.o
        38          0          0          0          0         68   fflt_clz.o
       104          4          0          0          0         84   fleqf.o
       258          4          0          0          0         84   fmul.o
       140          4          0          0          0         84   fnaninf.o
        14          0          0          0          0         76   fpinit.o
        10          0          0          0          0         68   fretinf.o
         0          0          0          0          0          0   usenofp.o

    ----------------------------------------------------------------------
      1766        116          0          0         96       1592   Library Totals
        10          0          0          0          0          0   (incl. Padding)

    ----------------------------------------------------------------------

      Code (inc. data)   RO Data    RW Data    ZI Data      Debug   Library Name

       268         16          0          0         96        644   c_w.l
      1488        100          0          0          0        948   fz_ws.l

    ----------------------------------------------------------------------
      1766        116          0          0         96       1592   Library Totals

    ----------------------------------------------------------------------

==============================================================================


      Code (inc. data)   RO Data    RW Data    ZI Data      Debug   

     15250        714        410        160       2024     340873   Grand Totals
     15250        714        410        160       2024     340873   ELF Image Totals
     15250        714        410        160          0          0   ROM Totals

==============================================================================

    Total RO  Size (Code + RO Data)                15660 (  15.29kB)
    Total RW  Size (RW Data + ZI Data)              2184 (   2.13kB)
    Total ROM Size (Code + RO Data + RW Data)      15820 (  15.45kB)

==============================================================================

