<html>
<body>
<pre>
<h1>µVision Build Log</h1>
<h2>Project:</h2>
F:\Graduate\Git_program\STM32-v2.1\user\SPI.uvproj
Project File Date:  05/15/2015

<h2>Output:</h2>
Build target 'Target 1'
compiling led.c...
compiling key.c...
compiling spi.c...
compiling A7139.c...
..\hardware\A7139\A7139.c(98): warning:  #177-D: variable "i" was declared but never referenced
compiling A7139_CONFIG.c...
compiling interrupt.c...
compiling flash.c...
compiling sys.c...
compiling main.c...
main.c(6): warning:  #177-D: variable "test" was declared but never referenced
main.c(6): warning:  #177-D: variable "i" was declared but never referenced
compiling beacon.c...
compiling ProcessEvent.c...
compiling join.c...
compiling device.c...
compiling tdma.c...
linking...
Program Size: Code=16670 RO-data=410 RW-data=116 ZI-data=3700  
FromELF: creating hex file...
"..\OBJ\SPI.axf" - 0 Error(s), 3 Warning(s).
Build target 'Target 1'
compiling led.c...
compiling key.c...
compiling spi.c...
compiling A7139.c...
..\hardware\A7139\A7139.c(98): warning:  #177-D: variable "i" was declared but never referenced
compiling A7139_CONFIG.c...
compiling interrupt.c...
compiling flash.c...
compiling sys.c...
compiling main.c...
main.c(6): warning:  #177-D: variable "test" was declared but never referenced
main.c(6): warning:  #177-D: variable "i" was declared but never referenced
compiling beacon.c...
compiling ProcessEvent.c...
compiling join.c...
compiling device.c...
compiling tdma.c...
linking...
Program Size: Code=16670 RO-data=410 RW-data=116 ZI-data=3700  
FromELF: creating hex file...
"..\OBJ\SPI.axf" - 0 Error(s), 3 Warning(s).
Build target 'Target 1'
compiling led.c...
compiling key.c...
compiling spi.c...
compiling A7139.c...
..\hardware\A7139\A7139.c(98): warning:  #177-D: variable "i" was declared but never referenced
compiling A7139_CONFIG.c...
compiling interrupt.c...
compiling flash.c...
compiling sys.c...
compiling main.c...
main.c(6): warning:  #177-D: variable "test" was declared but never referenced
main.c(6): warning:  #177-D: variable "i" was declared but never referenced
compiling beacon.c...
compiling ProcessEvent.c...
compiling join.c...
compiling device.c...
compiling tdma.c...
linking...
Program Size: Code=16690 RO-data=410 RW-data=116 ZI-data=3700  
FromELF: creating hex file...
"..\OBJ\SPI.axf" - 0 Error(s), 3 Warning(s).
Load "..\\OBJ\\SPI.AXF" 
* JLink Info: Device "STM32F103VC" selected (256 KB flash, 48 KB RAM).
Set JLink Project File to "F:\Graduate\Git_program\STM32-v2.1\user\JLinkSettings.ini"
 
JLink info:
------------
DLL: V4.50j, compiled Jun 26 2012 09:19:07
Firmware: J-Link ARM V8 compiled Jun 19 2012 11:29:30
Hardware: V8.00
S/N : 286370559 
Feature(s) : RDI,FlashDL,FlashBP,JFlash 
 
* JLink Info: Found SWD-DP with ID 0x1BA01477
* JLink Info: Found SWD-DP with ID 0x1BA01477
* JLink Info: TPIU fitted.
* JLink Info: ETM fitted.
* JLink Info: FPUnit: 6 code (BP) slots and 2 literal slots
* JLink Info: Found Cortex-M3 r1p1, Little endian.
ROMTableAddr = 0xE00FF003
 
Target info:
------------
Device: STM32F103VC
VTarget = 3.138V
State of Pins: 
TCK: 0, TDI: 1, TDO: 0, TMS: 1, TRES: 1, TRST: 1
Hardware-Breakpoints: 6
Software-Breakpoints: 8192
Watchpoints:          4
JTAG speed: 4000 kHz
 
Full Chip Erase Done.
Programming Done.
Verify OK.
Application running ...
Build target 'Target 1'
compiling interrupt.c...
linking...
Program Size: Code=16654 RO-data=410 RW-data=116 ZI-data=3700  
FromELF: creating hex file...
"..\OBJ\SPI.axf" - 0 Error(s), 0 Warning(s).
Load "..\\OBJ\\SPI.AXF" 
* JLink Info: Device "STM32F103VC" selected (256 KB flash, 48 KB RAM).
Set JLink Project File to "F:\Graduate\Git_program\STM32-v2.1\user\JLinkSettings.ini"
 
JLink info:
------------
DLL: V4.50j, compiled Jun 26 2012 09:19:07
Firmware: J-Link ARM V8 compiled Jun 19 2012 11:29:30
Hardware: V8.00
S/N : 286370559 
Feature(s) : RDI,FlashDL,FlashBP,JFlash 
 
* JLink Info: Found SWD-DP with ID 0x1BA01477
* JLink Info: Found SWD-DP with ID 0x1BA01477
* JLink Info: TPIU fitted.
* JLink Info: ETM fitted.
* JLink Info: FPUnit: 6 code (BP) slots and 2 literal slots
* JLink Info: Found Cortex-M3 r1p1, Little endian.
ROMTableAddr = 0xE00FF003
 
Target info:
------------
Device: STM32F103VC
VTarget = 3.144V
State of Pins: 
TCK: 0, TDI: 1, TDO: 0, TMS: 1, TRES: 1, TRST: 1
Hardware-Breakpoints: 6
Software-Breakpoints: 8192
Watchpoints:          4
JTAG speed: 4000 kHz
 
Full Chip Erase Done.
Programming Done.
Verify OK.
Application running ...
Build target 'Target 1'
compiling led.c...
compiling key.c...
compiling spi.c...
compiling A7139.c...
..\hardware\A7139\A7139.c(98): warning:  #177-D: variable "i" was declared but never referenced
compiling A7139_CONFIG.c...
compiling interrupt.c...
compiling flash.c...
compiling sys.c...
compiling main.c...
main.c(6): warning:  #177-D: variable "test" was declared but never referenced
main.c(6): warning:  #177-D: variable "i" was declared but never referenced
compiling beacon.c...
compiling ProcessEvent.c...
compiling join.c...
compiling device.c...
compiling tdma.c...
linking...
Program Size: Code=16650 RO-data=410 RW-data=116 ZI-data=3700  
FromELF: creating hex file...
"..\OBJ\SPI.axf" - 0 Error(s), 3 Warning(s).
Load "..\\OBJ\\SPI.AXF" 
* JLink Info: Device "STM32F103VC" selected (256 KB flash, 48 KB RAM).
Set JLink Project File to "F:\Graduate\Git_program\STM32-v2.1\user\JLinkSettings.ini"
 
JLink info:
------------
DLL: V4.50j, compiled Jun 26 2012 09:19:07
Firmware: J-Link ARM V8 compiled Jun 19 2012 11:29:30
Hardware: V8.00
S/N : 286370559 
Feature(s) : RDI,FlashDL,FlashBP,JFlash 
 
* JLink Info: Found SWD-DP with ID 0x1BA01477
* JLink Info: Found SWD-DP with ID 0x1BA01477
* JLink Info: TPIU fitted.
* JLink Info: ETM fitted.
* JLink Info: FPUnit: 6 code (BP) slots and 2 literal slots
* JLink Info: Found Cortex-M3 r1p1, Little endian.
ROMTableAddr = 0xE00FF003
 
Target info:
------------
Device: STM32F103VC
VTarget = 3.144V
State of Pins: 
TCK: 0, TDI: 1, TDO: 0, TMS: 1, TRES: 1, TRST: 1
Hardware-Breakpoints: 6
Software-Breakpoints: 8192
Watchpoints:          4
JTAG speed: 4000 kHz
 
Full Chip Erase Done.
Programming Done.
Verify OK.
Application running ...
Build target 'Target 1'
compiling led.c...
compiling key.c...
compiling spi.c...
compiling A7139.c...
..\hardware\A7139\A7139.c(98): warning:  #177-D: variable "i" was declared but never referenced
compiling A7139_CONFIG.c...
compiling interrupt.c...
compiling flash.c...
compiling sys.c...
compiling main.c...
main.c(6): warning:  #177-D: variable "test" was declared but never referenced
main.c(6): warning:  #177-D: variable "i" was declared but never referenced
compiling beacon.c...
compiling ProcessEvent.c...
compiling join.c...
compiling device.c...
compiling tdma.c...
linking...
Program Size: Code=16654 RO-data=410 RW-data=116 ZI-data=3700  
FromELF: creating hex file...
"..\OBJ\SPI.axf" - 0 Error(s), 3 Warning(s).
Load "..\\OBJ\\SPI.AXF" 
* JLink Info: Device "STM32F103VC" selected (256 KB flash, 48 KB RAM).
Set JLink Project File to "F:\Graduate\Git_program\STM32-v2.1\user\JLinkSettings.ini"
 
JLink info:
------------
DLL: V4.50j, compiled Jun 26 2012 09:19:07
Firmware: J-Link ARM V8 compiled Jun 19 2012 11:29:30
Hardware: V8.00
S/N : 286370559 
Feature(s) : RDI,FlashDL,FlashBP,JFlash 
 
* JLink Info: Found SWD-DP with ID 0x1BA01477
* JLink Info: Found SWD-DP with ID 0x1BA01477
* JLink Info: TPIU fitted.
* JLink Info: ETM fitted.
* JLink Info: FPUnit: 6 code (BP) slots and 2 literal slots
* JLink Info: Found Cortex-M3 r1p1, Little endian.
ROMTableAddr = 0xE00FF003
 
Target info:
------------
Device: STM32F103VC
VTarget = 3.144V
State of Pins: 
TCK: 0, TDI: 1, TDO: 0, TMS: 1, TRES: 1, TRST: 1
Hardware-Breakpoints: 6
Software-Breakpoints: 8192
Watchpoints:          4
JTAG speed: 4000 kHz
 
Full Chip Erase Done.
Programming Done.
Verify OK.
Application running ...
Build target 'Target 1'
compiling led.c...
compiling key.c...
compiling spi.c...
compiling A7139.c...
..\hardware\A7139\A7139.c(98): warning:  #177-D: variable "i" was declared but never referenced
compiling A7139_CONFIG.c...
compiling interrupt.c...
compiling flash.c...
compiling sys.c...
compiling main.c...
main.c(6): warning:  #177-D: variable "test" was declared but never referenced
main.c(6): warning:  #177-D: variable "i" was declared but never referenced
compiling beacon.c...
compiling ProcessEvent.c...
compiling join.c...
compiling device.c...
compiling tdma.c...
linking...
Program Size: Code=16650 RO-data=410 RW-data=116 ZI-data=3700  
FromELF: creating hex file...
"..\OBJ\SPI.axf" - 0 Error(s), 3 Warning(s).
Load "..\\OBJ\\SPI.AXF" 
* JLink Info: Device "STM32F103VC" selected (256 KB flash, 48 KB RAM).
Set JLink Project File to "F:\Graduate\Git_program\STM32-v2.1\user\JLinkSettings.ini"
 
JLink info:
------------
DLL: V4.50j, compiled Jun 26 2012 09:19:07
Firmware: J-Link ARM V8 compiled Jun 19 2012 11:29:30
Hardware: V8.00
S/N : 286370559 
Feature(s) : RDI,FlashDL,FlashBP,JFlash 
 
* JLink Info: Found SWD-DP with ID 0x1BA01477
* JLink Info: Found SWD-DP with ID 0x1BA01477
* JLink Info: TPIU fitted.
* JLink Info: ETM fitted.
* JLink Info: FPUnit: 6 code (BP) slots and 2 literal slots
* JLink Info: Found Cortex-M3 r1p1, Little endian.
ROMTableAddr = 0xE00FF003
 
Target info:
------------
Device: STM32F103VC
VTarget = 3.144V
State of Pins: 
TCK: 0, TDI: 1, TDO: 0, TMS: 1, TRES: 1, TRST: 1
Hardware-Breakpoints: 6
Software-Breakpoints: 8192
Watchpoints:          4
JTAG speed: 4000 kHz
 
Full Chip Erase Done.
Programming Done.
Verify OK.
Application running ...
