<html>
<body>
<pre>
<h1>µVision Build Log</h1>
<h2>Project:</h2>
F:\Graduate\Git_program\A7139-v2.3\user\SPI.uvproj
Project File Date:  04/17/2015

<h2>Output:</h2>
Build target 'Target 1'
compiling main.c...
main.c(56): warning:  #128-D: loop is not reachable from preceding code
linking...
Program Size: Code=14934 RO-data=410 RW-data=140 ZI-data=1764  
FromELF: creating hex file...
"..\OBJ\SPI.axf" - 0 Error(s), 1 Warning(s).
Load "..\\OBJ\\SPI.AXF" 
* JLink Info: Device "STM32F103VC" selected (256 KB flash, 48 KB RAM).
Set JLink Project File to "F:\Graduate\Git_program\A7139-v2.3\user\JLinkSettings.ini"
 
JLink info:
------------
DLL: V4.50j, compiled Jun 26 2012 09:19:07
Firmware: J-Link ARM V8 compiled Jun 19 2012 11:29:30
Hardware: V8.00
S/N : 286370559 
Feature(s) : RDI,FlashDL,FlashBP,JFlash 
 
* JLink Info: STM32F1xxx: Can not attach to CPU. Trying connect under reset.
**JLink Warning: RESET (pin 15) high, but should be low. Please check target hardware.
***JLink Error: Supply voltage too low (1 Volt is required, Measured: 0.0 Volt).
Please check target power.
Load "..\\OBJ\\SPI.AXF" 
* JLink Info: Device "STM32F103VC" selected (256 KB flash, 48 KB RAM).
Set JLink Project File to "F:\Graduate\Git_program\A7139-v2.3\user\JLinkSettings.ini"
 
JLink info:
------------
DLL: V4.50j, compiled Jun 26 2012 09:19:07
Firmware: J-Link ARM V8 compiled Jun 19 2012 11:29:30
Hardware: V8.00
S/N : 286370559 
Feature(s) : RDI,FlashDL,FlashBP,JFlash 
 
* JLink Info: Found SWD-DP with ID 0x1BA01477
* JLink Info: Found SWD-DP with ID 0x1BA01477
* JLink Info: TPIU fitted.
* JLink Info: ETM fitted.
* JLink Info: FPUnit: 6 code (BP) slots and 2 literal slots
* JLink Info: Found Cortex-M3 r1p1, Little endian.
ROMTableAddr = 0xE00FF003
 
Target info:
------------
Device: STM32F103VC
VTarget = 3.293V
State of Pins: 
TCK: 0, TDI: 1, TDO: 0, TMS: 1, TRES: 1, TRST: 1
Hardware-Breakpoints: 6
Software-Breakpoints: 8192
Watchpoints:          4
JTAG speed: 4000 kHz
 
Full Chip Erase Done.
Programming Done.
Verify OK.
Application running ...
Load "..\\OBJ\\SPI.AXF" 
* JLink Info: Device "STM32F103VC" selected (256 KB flash, 48 KB RAM).
Set JLink Project File to "F:\Graduate\Git_program\A7139-v2.3\user\JLinkSettings.ini"
 
JLink info:
------------
DLL: V4.50j, compiled Jun 26 2012 09:19:07
Firmware: J-Link ARM V8 compiled Jun 19 2012 11:29:30
Hardware: V8.00
S/N : 286370559 
Feature(s) : RDI,FlashDL,FlashBP,JFlash 
 
* JLink Info: Found SWD-DP with ID 0x1BA01477
* JLink Info: Found SWD-DP with ID 0x1BA01477
* JLink Info: TPIU fitted.
* JLink Info: ETM fitted.
* JLink Info: FPUnit: 6 code (BP) slots and 2 literal slots
* JLink Info: Found Cortex-M3 r1p1, Little endian.
ROMTableAddr = 0xE00FF003
 
Target info:
------------
Device: STM32F103VC
VTarget = 3.293V
State of Pins: 
TCK: 0, TDI: 1, TDO: 0, TMS: 1, TRES: 1, TRST: 1
Hardware-Breakpoints: 6
Software-Breakpoints: 8192
Watchpoints:          4
JTAG speed: 4000 kHz
 
Full Chip Erase Done.
Programming Done.
Verify OK.
Application running ...
Build target 'Target 1'
compiling main.c...
main.c(56): warning:  #128-D: loop is not reachable from preceding code
linking...
Program Size: Code=14934 RO-data=410 RW-data=140 ZI-data=1764  
FromELF: creating hex file...
"..\OBJ\SPI.axf" - 0 Error(s), 1 Warning(s).
Build target 'Target 1'
compiling main.c...
linking...
Program Size: Code=15026 RO-data=410 RW-data=140 ZI-data=1764  
FromELF: creating hex file...
"..\OBJ\SPI.axf" - 0 Error(s), 0 Warning(s).
Load "..\\OBJ\\SPI.AXF" 
* JLink Info: Device "STM32F103VC" selected (256 KB flash, 48 KB RAM).
Set JLink Project File to "F:\Graduate\Git_program\A7139-v2.3\user\JLinkSettings.ini"
 
JLink info:
------------
DLL: V4.50j, compiled Jun 26 2012 09:19:07
Firmware: J-Link ARM V8 compiled Jun 19 2012 11:29:30
Hardware: V8.00
S/N : 286370559 
Feature(s) : RDI,FlashDL,FlashBP,JFlash 
 
* JLink Info: Found SWD-DP with ID 0x1BA01477
* JLink Info: Found SWD-DP with ID 0x1BA01477
* JLink Info: TPIU fitted.
* JLink Info: ETM fitted.
* JLink Info: FPUnit: 6 code (BP) slots and 2 literal slots
* JLink Info: Found Cortex-M3 r1p1, Little endian.
ROMTableAddr = 0xE00FF003
 
Target info:
------------
Device: STM32F103VC
VTarget = 3.293V
State of Pins: 
TCK: 0, TDI: 1, TDO: 0, TMS: 1, TRES: 1, TRST: 1
Hardware-Breakpoints: 6
Software-Breakpoints: 8192
Watchpoints:          4
JTAG speed: 4000 kHz
 
Full Chip Erase Done.
Programming Done.
Verify OK.
Application running ...
Build target 'Target 1'
compiling main.c...
linking...
Program Size: Code=15014 RO-data=410 RW-data=140 ZI-data=1764  
FromELF: creating hex file...
"..\OBJ\SPI.axf" - 0 Error(s), 0 Warning(s).
Build target 'Target 1'
compiling main.c...
main.c(56): warning:  #128-D: loop is not reachable from preceding code
linking...
Program Size: Code=15046 RO-data=410 RW-data=140 ZI-data=1764  
FromELF: creating hex file...
"..\OBJ\SPI.axf" - 0 Error(s), 1 Warning(s).
Load "..\\OBJ\\SPI.AXF" 
* JLink Info: Device "STM32F103VC" selected (256 KB flash, 48 KB RAM).
Set JLink Project File to "F:\Graduate\Git_program\A7139-v2.3\user\JLinkSettings.ini"
 
JLink info:
------------
DLL: V4.50j, compiled Jun 26 2012 09:19:07
Firmware: J-Link ARM V8 compiled Jun 19 2012 11:29:30
Hardware: V8.00
S/N : 286370559 
Feature(s) : RDI,FlashDL,FlashBP,JFlash 
 
* JLink Info: Found SWD-DP with ID 0x1BA01477
* JLink Info: Found SWD-DP with ID 0x1BA01477
* JLink Info: TPIU fitted.
* JLink Info: ETM fitted.
* JLink Info: FPUnit: 6 code (BP) slots and 2 literal slots
* JLink Info: Found Cortex-M3 r1p1, Little endian.
ROMTableAddr = 0xE00FF003
 
Target info:
------------
Device: STM32F103VC
VTarget = 3.261V
State of Pins: 
TCK: 0, TDI: 1, TDO: 0, TMS: 1, TRES: 1, TRST: 1
Hardware-Breakpoints: 6
Software-Breakpoints: 8192
Watchpoints:          4
JTAG speed: 4000 kHz
 
Full Chip Erase Done.
Programming Done.
Verify OK.
Application running ...
Build target 'Target 1'
linking...
Program Size: Code=15046 RO-data=410 RW-data=140 ZI-data=1764  
FromELF: creating hex file...
"..\OBJ\SPI.axf" - 0 Error(s), 0 Warning(s).
Load "..\\OBJ\\SPI.AXF" 
* JLink Info: Device "STM32F103VC" selected (256 KB flash, 48 KB RAM).
Set JLink Project File to "F:\Graduate\Git_program\A7139-v2.3\user\JLinkSettings.ini"
 
JLink info:
------------
DLL: V4.50j, compiled Jun 26 2012 09:19:07
Firmware: J-Link ARM V8 compiled Jun 19 2012 11:29:30
Hardware: V8.00
S/N : 286370559 
Feature(s) : RDI,FlashDL,FlashBP,JFlash 
 
* JLink Info: Found SWD-DP with ID 0x1BA01477
* JLink Info: Found SWD-DP with ID 0x1BA01477
* JLink Info: TPIU fitted.
* JLink Info: ETM fitted.
* JLink Info: FPUnit: 6 code (BP) slots and 2 literal slots
* JLink Info: Found Cortex-M3 r1p1, Little endian.
ROMTableAddr = 0xE00FF003
 
Target info:
------------
Device: STM32F103VC
VTarget = 3.267V
State of Pins: 
TCK: 0, TDI: 1, TDO: 0, TMS: 1, TRES: 1, TRST: 1
Hardware-Breakpoints: 6
Software-Breakpoints: 8192
Watchpoints:          4
JTAG speed: 4000 kHz
 
Full Chip Erase Done.
Programming Done.
Verify OK.
Application running ...
Build target 'Target 1'
compiling A7139_CONFIG.c...
linking...
Program Size: Code=15046 RO-data=410 RW-data=140 ZI-data=1764  
FromELF: creating hex file...
"..\OBJ\SPI.axf" - 0 Error(s), 0 Warning(s).
Load "..\\OBJ\\SPI.AXF" 
* JLink Info: Device "STM32F103VC" selected (256 KB flash, 48 KB RAM).
Set JLink Project File to "F:\Graduate\Git_program\A7139-v2.3\user\JLinkSettings.ini"
 
JLink info:
------------
DLL: V4.50j, compiled Jun 26 2012 09:19:07
Firmware: J-Link ARM V8 compiled Jun 19 2012 11:29:30
Hardware: V8.00
S/N : 286370559 
Feature(s) : RDI,FlashDL,FlashBP,JFlash 
 
* JLink Info: Found SWD-DP with ID 0x1BA01477
* JLink Info: Found SWD-DP with ID 0x1BA01477
* JLink Info: TPIU fitted.
* JLink Info: ETM fitted.
* JLink Info: FPUnit: 6 code (BP) slots and 2 literal slots
* JLink Info: Found Cortex-M3 r1p1, Little endian.
ROMTableAddr = 0xE00FF003
 
Target info:
------------
Device: STM32F103VC
VTarget = 3.267V
State of Pins: 
TCK: 0, TDI: 1, TDO: 0, TMS: 1, TRES: 1, TRST: 1
Hardware-Breakpoints: 6
Software-Breakpoints: 8192
Watchpoints:          4
JTAG speed: 4000 kHz
 
Full Chip Erase Done.
Programming Done.
Verify OK.
Application running ...
Build target 'Target 1'
compiling A7139_CONFIG.c...
..\HARDWARE\A7129\A7139_CONFIG.c(259): error:  #20: identifier "uint16" is undefined
..\HARDWARE\A7129\A7139_CONFIG.c(279): error:  #20: identifier "uint16" is undefined
..\HARDWARE\A7129\A7139_CONFIG.c(299): error:  #20: identifier "uint16" is undefined
Target not created
Load "..\\OBJ\\SPI.AXF" 
_____^
*** error 56: cannot open file
Build target 'Target 1'
compiling A7139_CONFIG.c...
linking...
Program Size: Code=15046 RO-data=410 RW-data=140 ZI-data=1764  
FromELF: creating hex file...
"..\OBJ\SPI.axf" - 0 Error(s), 0 Warning(s).
Load "..\\OBJ\\SPI.AXF" 
* JLink Info: Device "STM32F103VC" selected (256 KB flash, 48 KB RAM).
Set JLink Project File to "F:\Graduate\Git_program\A7139-v2.3\user\JLinkSettings.ini"
 
JLink info:
------------
DLL: V4.50j, compiled Jun 26 2012 09:19:07
Firmware: J-Link ARM V8 compiled Jun 19 2012 11:29:30
Hardware: V8.00
S/N : 286370559 
Feature(s) : RDI,FlashDL,FlashBP,JFlash 
 
* JLink Info: Found SWD-DP with ID 0x1BA01477
* JLink Info: Found SWD-DP with ID 0x1BA01477
* JLink Info: TPIU fitted.
* JLink Info: ETM fitted.
* JLink Info: FPUnit: 6 code (BP) slots and 2 literal slots
* JLink Info: Found Cortex-M3 r1p1, Little endian.
ROMTableAddr = 0xE00FF003
 
Target info:
------------
Device: STM32F103VC
VTarget = 3.267V
State of Pins: 
TCK: 0, TDI: 1, TDO: 0, TMS: 1, TRES: 1, TRST: 1
Hardware-Breakpoints: 6
Software-Breakpoints: 8192
Watchpoints:          4
JTAG speed: 4000 kHz
 
Full Chip Erase Done.
Programming Done.
Verify OK.
Application running ...
Build target 'Target 1'
linking...
Program Size: Code=15046 RO-data=410 RW-data=140 ZI-data=1764  
FromELF: creating hex file...
"..\OBJ\SPI.axf" - 0 Error(s), 0 Warning(s).
Load "..\\OBJ\\SPI.AXF" 
* JLink Info: Device "STM32F103VC" selected (256 KB flash, 48 KB RAM).
Set JLink Project File to "F:\Graduate\Git_program\A7139-v2.3\user\JLinkSettings.ini"
 
JLink info:
------------
DLL: V4.50j, compiled Jun 26 2012 09:19:07
Firmware: J-Link ARM V8 compiled Jun 19 2012 11:29:30
Hardware: V8.00
S/N : 286370559 
Feature(s) : RDI,FlashDL,FlashBP,JFlash 
 
* JLink Info: Found SWD-DP with ID 0x1BA01477
* JLink Info: Found SWD-DP with ID 0x1BA01477
* JLink Info: TPIU fitted.
* JLink Info: ETM fitted.
* JLink Info: FPUnit: 6 code (BP) slots and 2 literal slots
* JLink Info: Found Cortex-M3 r1p1, Little endian.
ROMTableAddr = 0xE00FF003
 
Target info:
------------
Device: STM32F103VC
VTarget = 3.267V
State of Pins: 
TCK: 0, TDI: 1, TDO: 0, TMS: 1, TRES: 1, TRST: 1
Hardware-Breakpoints: 6
Software-Breakpoints: 8192
Watchpoints:          4
JTAG speed: 4000 kHz
 
Full Chip Erase Done.
Programming Done.
Verify OK.
Application running ...
Build target 'Target 1'
compiling A7129.c...
..\HARDWARE\A7129\A7129.c(97): warning:  #177-D: variable "i" was declared but never referenced
..\HARDWARE\A7129\A7129.c(717): error:  #20: identifier "uint8" is undefined
..\HARDWARE\A7129\A7129.c(719): error:  #20: identifier "uint16" is undefined
..\HARDWARE\A7129\A7129.c(724): error:  #20: identifier "uint8" is undefined
..\HARDWARE\A7129\A7129.c(724): error:  #20: identifier "uint8" is undefined
..\HARDWARE\A7129\A7129.c(726): error:  #20: identifier "uint16" is undefined
Target not created
Build target 'Target 1'
compiling stm32f10x_it.c...
compiling system_stm32f10x.c...
compiling led.c...
compiling key.c...
compiling spi.c...
compiling A7129.c...
..\HARDWARE\A7129\A7129.c(97): warning:  #177-D: variable "i" was declared but never referenced
compiling timer.c...
compiling A7139_CONFIG.c...
compiling delay.c...
compiling sys.c...
compiling usart.c...
..\SYSTEM\usart\usart.c(45): warning:  #177-D: variable "NVIC_InitStructure" was declared but never referenced
compiling stm32f10x_exti.c...
compiling misc.c...
compiling stm32f10x_fsmc.c...
compiling stm32f10x_gpio.c...
compiling stm32f10x_rcc.c...
compiling stm32f10x_tim.c...
compiling stm32f10x_usart.c...
compiling stm32f10x_spi.c...
compiling main.c...
main.c(56): warning:  #128-D: loop is not reachable from preceding code
compiling trsdata.c...
..\trsdata\trsdata.c(116): warning:  #177-D: variable "i" was declared but never referenced
linking...
Program Size: Code=15250 RO-data=410 RW-data=140 ZI-data=1764  
FromELF: creating hex file...
"..\OBJ\SPI.axf" - 0 Error(s), 4 Warning(s).
Build target 'Target 1'
compiling stm32f10x_it.c...
compiling system_stm32f10x.c...
compiling led.c...
compiling key.c...
compiling spi.c...
compiling timer.c...
compiling A7139_CONFIG.c...
A7139_CONFIG.c: Error:  #5: cannot open source input file "..\HARDWARE\A7129\A7139_CONFIG.c": No such file or directory
Target not created
Build target 'Target 1'
compiling A7139.c...
..\hardware\A7139\A7139.c(96): warning:  #177-D: variable "i" was declared but never referenced
compiling A7139_CONFIG.c...
compiling delay.c...
compiling sys.c...
compiling usart.c...
..\SYSTEM\usart\usart.c(45): warning:  #177-D: variable "NVIC_InitStructure" was declared but never referenced
compiling stm32f10x_exti.c...
compiling core_cm3.c...
compiling misc.c...
compiling stm32f10x_fsmc.c...
compiling stm32f10x_gpio.c...
compiling stm32f10x_rcc.c...
compiling stm32f10x_tim.c...
compiling stm32f10x_usart.c...
compiling stm32f10x_spi.c...
compiling main.c...
main.c(56): warning:  #128-D: loop is not reachable from preceding code
compiling trsdata.c...
..\trsdata\trsdata.c(116): warning:  #177-D: variable "i" was declared but never referenced
linking...
Program Size: Code=15250 RO-data=410 RW-data=140 ZI-data=1764  
FromELF: creating hex file...
"..\OBJ\SPI.axf" - 0 Error(s), 4 Warning(s).
Build target 'Target 1'
compiling stm32f10x_it.c...
compiling system_stm32f10x.c...
compiling led.c...
..\HARDWARE\common.h(18): error:  #5: cannot open source input file "trsdata.h": No such file or directory
compiling key.c...
..\HARDWARE\common.h(18): error:  #5: cannot open source input file "trsdata.h": No such file or directory
compiling spi.c...
..\HARDWARE\common.h(18): error:  #5: cannot open source input file "trsdata.h": No such file or directory
compiling timer.c...
compiling A7139.c...
..\HARDWARE\common.h(18): error:  #5: cannot open source input file "trsdata.h": No such file or directory
compiling A7139_CONFIG.c...
..\HARDWARE\common.h(18): error:  #5: cannot open source input file "trsdata.h": No such file or directory
compiling interrupt.c...
..\HARDWARE\common.h(18): error:  #5: cannot open source input file "trsdata.h": No such file or directory
compiling delay.c...
compiling sys.c...
..\HARDWARE\common.h(18): error:  #5: cannot open source input file "trsdata.h": No such file or directory
compiling usart.c...
..\SYSTEM\usart\usart.c(45): warning:  #177-D: variable "NVIC_InitStructure" was declared but never referenced
compiling stm32f10x_exti.c...
compiling core_cm3.c...
compiling misc.c...
compiling stm32f10x_fsmc.c...
compiling stm32f10x_gpio.c...
compiling stm32f10x_rcc.c...
compiling stm32f10x_tim.c...
Project build/rebuild aborted.
Target not created
Build target 'Target 1'
compiling stm32f10x_it.c...
compiling system_stm32f10x.c...
compiling led.c...
..\HARDWARE\common.h(18): error:  #5: cannot open source input file "trsdata.h": No such file or directory
compiling key.c...
..\HARDWARE\common.h(18): error:  #5: cannot open source input file "trsdata.h": No such file or directory
compiling spi.c...
..\HARDWARE\common.h(18): error:  #5: cannot open source input file "trsdata.h": No such file or directory
compiling timer.c...
compiling A7139.c...
..\HARDWARE\common.h(18): error:  #5: cannot open source input file "trsdata.h": No such file or directory
compiling A7139_CONFIG.c...
..\HARDWARE\common.h(18): error:  #5: cannot open source input file "trsdata.h": No such file or directory
compiling interrupt.c...
..\HARDWARE\common.h(18): error:  #5: cannot open source input file "trsdata.h": No such file or directory
compiling delay.c...
compiling sys.c...
..\HARDWARE\common.h(18): error:  #5: cannot open source input file "trsdata.h": No such file or directory
compiling usart.c...
..\SYSTEM\usart\usart.c(45): warning:  #177-D: variable "NVIC_InitStructure" was declared but never referenced
compiling stm32f10x_exti.c...
compiling core_cm3.c...
compiling misc.c...
compiling stm32f10x_fsmc.c...
compiling stm32f10x_gpio.c...
compiling stm32f10x_rcc.c...
compiling stm32f10x_tim.c...
compiling stm32f10x_usart.c...
compiling stm32f10x_spi.c...
compiling main.c...
..\HARDWARE\common.h(18): error:  #5: cannot open source input file "trsdata.h": No such file or directory
compiling trsdata.c...
..\HARDWARE\common.h(18): error:  #5: cannot open source input file "trsdata.h": No such file or directory
Target not created
Build target 'Target 1'
compiling stm32f10x_it.c...
compiling system_stm32f10x.c...
compiling led.c...
..\HARDWARE\common.h(18): error:  #5: cannot open source input file "trsdata.h": No such file or directory
compiling key.c...
..\HARDWARE\common.h(18): error:  #5: cannot open source input file "trsdata.h": No such file or directory
compiling spi.c...
..\HARDWARE\common.h(18): error:  #5: cannot open source input file "trsdata.h": No such file or directory
compiling timer.c...
compiling A7139.c...
..\HARDWARE\common.h(18): error:  #5: cannot open source input file "trsdata.h": No such file or directory
compiling A7139_CONFIG.c...
..\HARDWARE\common.h(18): error:  #5: cannot open source input file "trsdata.h": No such file or directory
compiling interrupt.c...
..\HARDWARE\common.h(18): error:  #5: cannot open source input file "trsdata.h": No such file or directory
compiling delay.c...
compiling sys.c...
..\HARDWARE\common.h(18): error:  #5: cannot open source input file "trsdata.h": No such file or directory
compiling usart.c...
..\SYSTEM\usart\usart.c(45): warning:  #177-D: variable "NVIC_InitStructure" was declared but never referenced
compiling stm32f10x_exti.c...
compiling core_cm3.c...
compiling misc.c...
compiling stm32f10x_fsmc.c...
compiling stm32f10x_gpio.c...
compiling stm32f10x_rcc.c...
compiling stm32f10x_tim.c...
compiling stm32f10x_usart.c...
compiling stm32f10x_spi.c...
compiling main.c...
..\HARDWARE\common.h(18): error:  #5: cannot open source input file "trsdata.h": No such file or directory
compiling trsdata.c...
..\HARDWARE\common.h(18): error:  #5: cannot open source input file "trsdata.h": No such file or directory
Project build/rebuild aborted.
Target not created
Build target 'Target 1'
compiling stm32f10x_it.c...
compiling system_stm32f10x.c...
compiling led.c...
compiling key.c...
compiling spi.c...
compiling timer.c...
compiling A7139.c...
..\hardware\A7139\A7139.c(96): warning:  #177-D: variable "i" was declared but never referenced
compiling A7139_CONFIG.c...
compiling interrupt.c...
..\hardware\interrupt\interrupt.c(44): warning:  #223-D: function "PostBeacon" declared implicitly
..\hardware\interrupt\interrupt.c(65): error:  #1113: Inline assembler not permitted when generating Thumb code
compiling delay.c...
compiling sys.c...
compiling usart.c...
..\SYSTEM\usart\usart.c(45): warning:  #177-D: variable "NVIC_InitStructure" was declared but never referenced
compiling stm32f10x_exti.c...
compiling core_cm3.c...
compiling misc.c...
compiling stm32f10x_fsmc.c...
compiling stm32f10x_gpio.c...
compiling stm32f10x_rcc.c...
compiling stm32f10x_tim.c...
compiling stm32f10x_usart.c...
compiling stm32f10x_spi.c...
compiling main.c...
main.c(56): warning:  #128-D: loop is not reachable from preceding code
compiling trsdata.c...
..\trsdata\trsdata.c(116): warning:  #177-D: variable "i" was declared but never referenced
Target not created
Build target 'Target 1'
compiling led.c...
compiling key.c...
compiling spi.c...
compiling A7139.c...
..\hardware\A7139\A7139.c(96): warning:  #177-D: variable "i" was declared but never referenced
compiling A7139_CONFIG.c...
compiling interrupt.c...
..\hardware\interrupt\interrupt.c(44): warning:  #223-D: function "PostBeacon" declared implicitly
..\hardware\interrupt\interrupt.c(65): error:  #1113: Inline assembler not permitted when generating Thumb code
compiling sys.c...
compiling main.c...
main.c(56): warning:  #128-D: loop is not reachable from preceding code
compiling trsdata.c...
..\trsdata\trsdata.c(116): warning:  #177-D: variable "i" was declared but never referenced
Target not created
Build target 'Target 1'
compiling stm32f10x_it.c...
compiling system_stm32f10x.c...
compiling led.c...
..\Schdule\beacon.h(5): warning:  #47-D: incompatible redefinition of macro "BECAON_PERIOD" (declared at line 13 of "..\trsdata\trsdata.h")
compiling key.c...
..\Schdule\beacon.h(5): warning:  #47-D: incompatible redefinition of macro "BECAON_PERIOD" (declared at line 13 of "..\trsdata\trsdata.h")
compiling spi.c...
..\Schdule\beacon.h(5): warning:  #47-D: incompatible redefinition of macro "BECAON_PERIOD" (declared at line 13 of "..\trsdata\trsdata.h")
compiling timer.c...
compiling A7139.c...
..\Schdule\beacon.h(5): warning:  #47-D: incompatible redefinition of macro "BECAON_PERIOD" (declared at line 13 of "..\trsdata\trsdata.h")
..\hardware\A7139\A7139.c(96): warning:  #177-D: variable "i" was declared but never referenced
compiling A7139_CONFIG.c...
..\Schdule\beacon.h(5): warning:  #47-D: incompatible redefinition of macro "BECAON_PERIOD" (declared at line 13 of "..\trsdata\trsdata.h")
compiling interrupt.c...
..\Schdule\beacon.h(5): warning:  #47-D: incompatible redefinition of macro "BECAON_PERIOD" (declared at line 13 of "..\trsdata\trsdata.h")
..\hardware\interrupt\interrupt.c(65): error:  #1113: Inline assembler not permitted when generating Thumb code
compiling delay.c...
compiling sys.c...
..\Schdule\beacon.h(5): warning:  #47-D: incompatible redefinition of macro "BECAON_PERIOD" (declared at line 13 of "..\trsdata\trsdata.h")
compiling usart.c...
..\SYSTEM\usart\usart.c(45): warning:  #177-D: variable "NVIC_InitStructure" was declared but never referenced
compiling stm32f10x_exti.c...
compiling core_cm3.c...
compiling misc.c...
compiling stm32f10x_fsmc.c...
compiling stm32f10x_gpio.c...
compiling stm32f10x_rcc.c...
compiling stm32f10x_tim.c...
Project build/rebuild aborted.
Target not created
Build target 'Target 1'
compiling led.c...
compiling key.c...
compiling spi.c...
compiling A7139.c...
..\hardware\A7139\A7139.c(96): warning:  #177-D: variable "i" was declared but never referenced
compiling A7139_CONFIG.c...
compiling interrupt.c...
..\hardware\interrupt\interrupt.c(56): error:  #20: identifier "DataRecv" is undefined
..\hardware\interrupt\interrupt.c(65): error:  #1113: Inline assembler not permitted when generating Thumb code
compiling sys.c...
compiling stm32f10x_usart.c...
compiling stm32f10x_spi.c...
compiling main.c...
main.c(17): error:  #20: identifier "BeaconSendFlag" is undefined
main.c(19): error:  #20: identifier "uart_data" is undefined
main.c(24): warning:  #223-D: function "DataQueue" declared implicitly
main.c(27): error:  #20: identifier "DataSend" is undefined
main.c(56): warning:  #128-D: loop is not reachable from preceding code
compiling trsdata.c...
compiling beacon.c...
compiling ProcessEvent.c...
compiling scan.c...
Target not created
Build target 'Target 1'
compiling interrupt.c...
..\hardware\interrupt\interrupt.c(56): error:  #20: identifier "DataRecv" is undefined
..\hardware\interrupt\interrupt.c(65): error:  #1113: Inline assembler not permitted when generating Thumb code
compiling main.c...
Target not created
Build target 'Target 1'
compiling interrupt.c...
..\hardware\interrupt\interrupt.c(58): error:  #1113: Inline assembler not permitted when generating Thumb code
Target not created
Build target 'Target 1'
compiling led.c...
compiling key.c...
compiling spi.c...
compiling A7139.c...
..\hardware\A7139\A7139.c(96): warning:  #177-D: variable "i" was declared but never referenced
compiling A7139_CONFIG.c...
compiling interrupt.c...
compiling sys.c...
compiling main.c...
compiling beacon.c...
compiling ProcessEvent.c...
compiling scan.c...
linking...
Program Size: Code=15234 RO-data=410 RW-data=156 ZI-data=1764  
FromELF: creating hex file...
"..\OBJ\SPI.axf" - 0 Error(s), 1 Warning(s).
Build target 'Target 1'
linking...
Program Size: Code=15234 RO-data=410 RW-data=156 ZI-data=1764  
FromELF: creating hex file...
"..\OBJ\SPI.axf" - 0 Error(s), 0 Warning(s).
Load "..\\OBJ\\SPI.AXF" 
* JLink Info: Device "STM32F103VC" selected (256 KB flash, 48 KB RAM).
Set JLink Project File to "F:\Graduate\Git_program\A7139-v2.3\user\JLinkSettings.ini"
 
JLink info:
------------
DLL: V4.50j, compiled Jun 26 2012 09:19:07
Firmware: J-Link ARM V8 compiled Jun 19 2012 11:29:30
Hardware: V8.00
S/N : 286370559 
Feature(s) : RDI,FlashDL,FlashBP,JFlash 
 
* JLink Info: Found SWD-DP with ID 0x1BA01477
* JLink Info: Found SWD-DP with ID 0x1BA01477
* JLink Info: TPIU fitted.
* JLink Info: ETM fitted.
* JLink Info: FPUnit: 6 code (BP) slots and 2 literal slots
* JLink Info: Found Cortex-M3 r1p1, Little endian.
ROMTableAddr = 0xE00FF003
 
Target info:
------------
Device: STM32F103VC
VTarget = 3.267V
State of Pins: 
TCK: 0, TDI: 1, TDO: 0, TMS: 1, TRES: 1, TRST: 1
Hardware-Breakpoints: 6
Software-Breakpoints: 8192
Watchpoints:          4
JTAG speed: 4000 kHz
 
Full Chip Erase Done.
Programming Done.
Verify OK.
Application running ...
Build target 'Target 1'
compiling main.c...
linking...
Program Size: Code=15234 RO-data=410 RW-data=156 ZI-data=1764  
FromELF: creating hex file...
"..\OBJ\SPI.axf" - 0 Error(s), 0 Warning(s).
Build target 'Target 1'
compiling main.c...
main.c(42): error:  #20: identifier "DataRecv" is undefined
Target not created
Load "..\\OBJ\\SPI.AXF" 
_____^
*** error 56: cannot open file
Build target 'Target 1'
compiling main.c...
linking...
Program Size: Code=15242 RO-data=410 RW-data=156 ZI-data=1764  
FromELF: creating hex file...
"..\OBJ\SPI.axf" - 0 Error(s), 0 Warning(s).
Load "..\\OBJ\\SPI.AXF" 
* JLink Info: Device "STM32F103VC" selected (256 KB flash, 48 KB RAM).
Set JLink Project File to "F:\Graduate\Git_program\A7139-v2.3\user\JLinkSettings.ini"
 
JLink info:
------------
DLL: V4.50j, compiled Jun 26 2012 09:19:07
Firmware: J-Link ARM V8 compiled Jun 19 2012 11:29:30
Hardware: V8.00
S/N : 286370559 
Feature(s) : RDI,FlashDL,FlashBP,JFlash 
 
* JLink Info: Found SWD-DP with ID 0x1BA01477
* JLink Info: Found SWD-DP with ID 0x1BA01477
* JLink Info: TPIU fitted.
* JLink Info: ETM fitted.
* JLink Info: FPUnit: 6 code (BP) slots and 2 literal slots
* JLink Info: Found Cortex-M3 r1p1, Little endian.
ROMTableAddr = 0xE00FF003
 
Target info:
------------
Device: STM32F103VC
VTarget = 3.267V
State of Pins: 
TCK: 0, TDI: 1, TDO: 0, TMS: 1, TRES: 1, TRST: 1
Hardware-Breakpoints: 6
Software-Breakpoints: 8192
Watchpoints:          4
JTAG speed: 4000 kHz
 
Full Chip Erase Done.
Programming Done.
Verify OK.
Application running ...
Build target 'Target 1'
compiling main.c...
linking...
Program Size: Code=15174 RO-data=410 RW-data=156 ZI-data=1764  
FromELF: creating hex file...
"..\OBJ\SPI.axf" - 0 Error(s), 0 Warning(s).
Load "..\\OBJ\\SPI.AXF" 
* JLink Info: Device "STM32F103VC" selected (256 KB flash, 48 KB RAM).
Set JLink Project File to "F:\Graduate\Git_program\A7139-v2.3\user\JLinkSettings.ini"
 
JLink info:
------------
DLL: V4.50j, compiled Jun 26 2012 09:19:07
Firmware: J-Link ARM V8 compiled Jun 19 2012 11:29:30
Hardware: V8.00
S/N : 286370559 
Feature(s) : RDI,FlashDL,FlashBP,JFlash 
 
* JLink Info: Found SWD-DP with ID 0x1BA01477
* JLink Info: Found SWD-DP with ID 0x1BA01477
* JLink Info: TPIU fitted.
* JLink Info: ETM fitted.
* JLink Info: FPUnit: 6 code (BP) slots and 2 literal slots
* JLink Info: Found Cortex-M3 r1p1, Little endian.
ROMTableAddr = 0xE00FF003
 
Target info:
------------
Device: STM32F103VC
VTarget = 3.267V
State of Pins: 
TCK: 0, TDI: 1, TDO: 0, TMS: 1, TRES: 1, TRST: 1
Hardware-Breakpoints: 6
Software-Breakpoints: 8192
Watchpoints:          4
JTAG speed: 4000 kHz
 
Full Chip Erase Done.
Programming Done.
Verify OK.
Application running ...
Build target 'Target 1'
compiling interrupt.c...
linking...
Program Size: Code=15154 RO-data=410 RW-data=156 ZI-data=1764  
FromELF: creating hex file...
"..\OBJ\SPI.axf" - 0 Error(s), 0 Warning(s).
Load "..\\OBJ\\SPI.AXF" 
* JLink Info: Device "STM32F103VC" selected (256 KB flash, 48 KB RAM).
Set JLink Project File to "F:\Graduate\Git_program\A7139-v2.3\user\JLinkSettings.ini"
 
JLink info:
------------
DLL: V4.50j, compiled Jun 26 2012 09:19:07
Firmware: J-Link ARM V8 compiled Jun 19 2012 11:29:30
Hardware: V8.00
S/N : 286370559 
Feature(s) : RDI,FlashDL,FlashBP,JFlash 
 
* JLink Info: Found SWD-DP with ID 0x1BA01477
* JLink Info: Found SWD-DP with ID 0x1BA01477
* JLink Info: TPIU fitted.
* JLink Info: ETM fitted.
* JLink Info: FPUnit: 6 code (BP) slots and 2 literal slots
* JLink Info: Found Cortex-M3 r1p1, Little endian.
ROMTableAddr = 0xE00FF003
 
Target info:
------------
Device: STM32F103VC
VTarget = 3.267V
State of Pins: 
TCK: 0, TDI: 1, TDO: 0, TMS: 1, TRES: 1, TRST: 1
Hardware-Breakpoints: 6
Software-Breakpoints: 8192
Watchpoints:          4
JTAG speed: 4000 kHz
 
Full Chip Erase Done.
Programming Done.
Verify OK.
Application running ...
Build target 'Target 1'
compiling main.c...
linking...
Program Size: Code=15226 RO-data=410 RW-data=156 ZI-data=1764  
FromELF: creating hex file...
"..\OBJ\SPI.axf" - 0 Error(s), 0 Warning(s).
Build target 'Target 1'
compiling main.c...
linking...
Program Size: Code=15214 RO-data=410 RW-data=156 ZI-data=1764  
FromELF: creating hex file...
"..\OBJ\SPI.axf" - 0 Error(s), 0 Warning(s).
Load "..\\OBJ\\SPI.AXF" 
* JLink Info: Device "STM32F103VC" selected (256 KB flash, 48 KB RAM).
Set JLink Project File to "F:\Graduate\Git_program\A7139-v2.3\user\JLinkSettings.ini"
 
JLink info:
------------
DLL: V4.50j, compiled Jun 26 2012 09:19:07
Firmware: J-Link ARM V8 compiled Jun 19 2012 11:29:30
Hardware: V8.00
S/N : 286370559 
Feature(s) : RDI,FlashDL,FlashBP,JFlash 
 
* JLink Info: Found SWD-DP with ID 0x1BA01477
* JLink Info: Found SWD-DP with ID 0x1BA01477
* JLink Info: TPIU fitted.
* JLink Info: ETM fitted.
* JLink Info: FPUnit: 6 code (BP) slots and 2 literal slots
* JLink Info: Found Cortex-M3 r1p1, Little endian.
ROMTableAddr = 0xE00FF003
 
Target info:
------------
Device: STM32F103VC
VTarget = 3.267V
State of Pins: 
TCK: 0, TDI: 1, TDO: 0, TMS: 1, TRES: 1, TRST: 1
Hardware-Breakpoints: 6
Software-Breakpoints: 8192
Watchpoints:          4
JTAG speed: 4000 kHz
 
Full Chip Erase Done.
Programming Done.
Verify OK.
Application running ...
Build target 'Target 1'
compiling led.c...
compiling key.c...
compiling spi.c...
compiling A7139.c...
..\hardware\A7139\A7139.c(96): warning:  #177-D: variable "i" was declared but never referenced
compiling A7139_CONFIG.c...
compiling interrupt.c...
compiling sys.c...
compiling main.c...
compiling beacon.c...
compiling ProcessEvent.c...
compiling scan.c...
linking...
Program Size: Code=15214 RO-data=410 RW-data=156 ZI-data=1764  
FromELF: creating hex file...
"..\OBJ\SPI.axf" - 0 Error(s), 1 Warning(s).
Load "..\\OBJ\\SPI.AXF" 
* JLink Info: Device "STM32F103VC" selected (256 KB flash, 48 KB RAM).
Set JLink Project File to "F:\Graduate\Git_program\A7139-v2.3\user\JLinkSettings.ini"
 
JLink info:
------------
DLL: V4.50j, compiled Jun 26 2012 09:19:07
Firmware: J-Link ARM V8 compiled Jun 19 2012 11:29:30
Hardware: V8.00
S/N : 286370559 
Feature(s) : RDI,FlashDL,FlashBP,JFlash 
 
* JLink Info: Found SWD-DP with ID 0x1BA01477
* JLink Info: Found SWD-DP with ID 0x1BA01477
* JLink Info: TPIU fitted.
* JLink Info: ETM fitted.
* JLink Info: FPUnit: 6 code (BP) slots and 2 literal slots
* JLink Info: Found Cortex-M3 r1p1, Little endian.
ROMTableAddr = 0xE00FF003
 
Target info:
------------
Device: STM32F103VC
VTarget = 3.267V
State of Pins: 
TCK: 0, TDI: 1, TDO: 0, TMS: 1, TRES: 1, TRST: 1
Hardware-Breakpoints: 6
Software-Breakpoints: 8192
Watchpoints:          4
JTAG speed: 4000 kHz
 
Full Chip Erase Done.
Programming Done.
Verify OK.
Application running ...
Build target 'Target 1'
compiling main.c...
linking...
Program Size: Code=15214 RO-data=410 RW-data=156 ZI-data=1764  
FromELF: creating hex file...
"..\OBJ\SPI.axf" - 0 Error(s), 0 Warning(s).
Load "..\\OBJ\\SPI.AXF" 
* JLink Info: Device "STM32F103VC" selected (256 KB flash, 48 KB RAM).
Set JLink Project File to "F:\Graduate\Git_program\A7139-v2.3\user\JLinkSettings.ini"
 
JLink info:
------------
DLL: V4.50j, compiled Jun 26 2012 09:19:07
Firmware: J-Link ARM V8 compiled Jun 19 2012 11:29:30
Hardware: V8.00
S/N : 286370559 
Feature(s) : RDI,FlashDL,FlashBP,JFlash 
 
* JLink Info: Found SWD-DP with ID 0x1BA01477
* JLink Info: Found SWD-DP with ID 0x1BA01477
* JLink Info: TPIU fitted.
* JLink Info: ETM fitted.
* JLink Info: FPUnit: 6 code (BP) slots and 2 literal slots
* JLink Info: Found Cortex-M3 r1p1, Little endian.
ROMTableAddr = 0xE00FF003
 
Target info:
------------
Device: STM32F103VC
VTarget = 3.267V
State of Pins: 
TCK: 0, TDI: 1, TDO: 0, TMS: 1, TRES: 1, TRST: 1
Hardware-Breakpoints: 6
Software-Breakpoints: 8192
Watchpoints:          4
JTAG speed: 4000 kHz
 
Full Chip Erase Done.
Programming Done.
Verify OK.
Application running ...
Build target 'Target 1'
compiling main.c...
linking...
Program Size: Code=15154 RO-data=410 RW-data=156 ZI-data=1764  
FromELF: creating hex file...
"..\OBJ\SPI.axf" - 0 Error(s), 0 Warning(s).
Load "..\\OBJ\\SPI.AXF" 
* JLink Info: Device "STM32F103VC" selected (256 KB flash, 48 KB RAM).
Set JLink Project File to "F:\Graduate\Git_program\A7139-v2.3\user\JLinkSettings.ini"
 
JLink info:
------------
DLL: V4.50j, compiled Jun 26 2012 09:19:07
Firmware: J-Link ARM V8 compiled Jun 19 2012 11:29:30
Hardware: V8.00
S/N : 286370559 
Feature(s) : RDI,FlashDL,FlashBP,JFlash 
 
* JLink Info: Found SWD-DP with ID 0x1BA01477
* JLink Info: Found SWD-DP with ID 0x1BA01477
* JLink Info: TPIU fitted.
* JLink Info: ETM fitted.
* JLink Info: FPUnit: 6 code (BP) slots and 2 literal slots
* JLink Info: Found Cortex-M3 r1p1, Little endian.
ROMTableAddr = 0xE00FF003
 
Target info:
------------
Device: STM32F103VC
VTarget = 3.267V
State of Pins: 
TCK: 0, TDI: 1, TDO: 0, TMS: 1, TRES: 1, TRST: 1
Hardware-Breakpoints: 6
Software-Breakpoints: 8192
Watchpoints:          4
JTAG speed: 4000 kHz
 
Full Chip Erase Done.
Programming Done.
Verify OK.
Application running ...
Build target 'Target 1'
compiling sys.c...
linking...
Program Size: Code=15158 RO-data=410 RW-data=156 ZI-data=1764  
FromELF: creating hex file...
"..\OBJ\SPI.axf" - 0 Error(s), 0 Warning(s).
Load "..\\OBJ\\SPI.AXF" 
* JLink Info: Device "STM32F103VC" selected (256 KB flash, 48 KB RAM).
Set JLink Project File to "F:\Graduate\Git_program\A7139-v2.3\user\JLinkSettings.ini"
 
JLink info:
------------
DLL: V4.50j, compiled Jun 26 2012 09:19:07
Firmware: J-Link ARM V8 compiled Jun 19 2012 11:29:30
Hardware: V8.00
S/N : 286370559 
Feature(s) : RDI,FlashDL,FlashBP,JFlash 
 
* JLink Info: Found SWD-DP with ID 0x1BA01477
* JLink Info: Found SWD-DP with ID 0x1BA01477
* JLink Info: TPIU fitted.
* JLink Info: ETM fitted.
* JLink Info: FPUnit: 6 code (BP) slots and 2 literal slots
* JLink Info: Found Cortex-M3 r1p1, Little endian.
ROMTableAddr = 0xE00FF003
 
Target info:
------------
Device: STM32F103VC
VTarget = 3.267V
State of Pins: 
TCK: 0, TDI: 1, TDO: 0, TMS: 1, TRES: 1, TRST: 1
Hardware-Breakpoints: 6
Software-Breakpoints: 8192
Watchpoints:          4
JTAG speed: 4000 kHz
 
Full Chip Erase Done.
Programming Done.
Verify OK.
Application running ...
Build target 'Target 1'
compiling interrupt.c...
linking...
Program Size: Code=15182 RO-data=410 RW-data=156 ZI-data=1764  
FromELF: creating hex file...
"..\OBJ\SPI.axf" - 0 Error(s), 0 Warning(s).
Load "..\\OBJ\\SPI.AXF" 
* JLink Info: Device "STM32F103VC" selected (256 KB flash, 48 KB RAM).
Set JLink Project File to "F:\Graduate\Git_program\A7139-v2.3\user\JLinkSettings.ini"
 
JLink info:
------------
DLL: V4.50j, compiled Jun 26 2012 09:19:07
Firmware: J-Link ARM V8 compiled Jun 19 2012 11:29:30
Hardware: V8.00
S/N : 286370559 
Feature(s) : RDI,FlashDL,FlashBP,JFlash 
 
* JLink Info: Found SWD-DP with ID 0x1BA01477
* JLink Info: Found SWD-DP with ID 0x1BA01477
* JLink Info: TPIU fitted.
* JLink Info: ETM fitted.
* JLink Info: FPUnit: 6 code (BP) slots and 2 literal slots
* JLink Info: Found Cortex-M3 r1p1, Little endian.
ROMTableAddr = 0xE00FF003
 
Target info:
------------
Device: STM32F103VC
VTarget = 3.267V
State of Pins: 
TCK: 0, TDI: 1, TDO: 0, TMS: 1, TRES: 1, TRST: 1
Hardware-Breakpoints: 6
Software-Breakpoints: 8192
Watchpoints:          4
JTAG speed: 4000 kHz
 
Full Chip Erase Done.
Programming Done.
Verify OK.
Application running ...
Build target 'Target 1'
compiling interrupt.c...
linking...
Program Size: Code=15202 RO-data=410 RW-data=156 ZI-data=1764  
FromELF: creating hex file...
"..\OBJ\SPI.axf" - 0 Error(s), 0 Warning(s).
Load "..\\OBJ\\SPI.AXF" 
* JLink Info: Device "STM32F103VC" selected (256 KB flash, 48 KB RAM).
Set JLink Project File to "F:\Graduate\Git_program\A7139-v2.3\user\JLinkSettings.ini"
 
JLink info:
------------
DLL: V4.50j, compiled Jun 26 2012 09:19:07
Firmware: J-Link ARM V8 compiled Jun 19 2012 11:29:30
Hardware: V8.00
S/N : 286370559 
Feature(s) : RDI,FlashDL,FlashBP,JFlash 
 
* JLink Info: Found SWD-DP with ID 0x1BA01477
* JLink Info: Found SWD-DP with ID 0x1BA01477
* JLink Info: TPIU fitted.
* JLink Info: ETM fitted.
* JLink Info: FPUnit: 6 code (BP) slots and 2 literal slots
* JLink Info: Found Cortex-M3 r1p1, Little endian.
ROMTableAddr = 0xE00FF003
 
Target info:
------------
Device: STM32F103VC
VTarget = 3.267V
State of Pins: 
TCK: 0, TDI: 1, TDO: 0, TMS: 1, TRES: 1, TRST: 1
Hardware-Breakpoints: 6
Software-Breakpoints: 8192
Watchpoints:          4
JTAG speed: 4000 kHz
 
Full Chip Erase Done.
Programming Done.
Verify OK.
Application running ...
Build target 'Target 1'
compiling main.c...
linking...
Program Size: Code=15262 RO-data=410 RW-data=156 ZI-data=1764  
FromELF: creating hex file...
"..\OBJ\SPI.axf" - 0 Error(s), 0 Warning(s).
Load "..\\OBJ\\SPI.AXF" 
* JLink Info: Device "STM32F103VC" selected (256 KB flash, 48 KB RAM).
Set JLink Project File to "F:\Graduate\Git_program\A7139-v2.3\user\JLinkSettings.ini"
 
JLink info:
------------
DLL: V4.50j, compiled Jun 26 2012 09:19:07
Firmware: J-Link ARM V8 compiled Jun 19 2012 11:29:30
Hardware: V8.00
S/N : 286370559 
Feature(s) : RDI,FlashDL,FlashBP,JFlash 
 
* JLink Info: Found SWD-DP with ID 0x1BA01477
* JLink Info: Found SWD-DP with ID 0x1BA01477
* JLink Info: TPIU fitted.
* JLink Info: ETM fitted.
* JLink Info: FPUnit: 6 code (BP) slots and 2 literal slots
* JLink Info: Found Cortex-M3 r1p1, Little endian.
ROMTableAddr = 0xE00FF003
 
Target info:
------------
Device: STM32F103VC
VTarget = 3.267V
State of Pins: 
TCK: 0, TDI: 1, TDO: 0, TMS: 1, TRES: 1, TRST: 1
Hardware-Breakpoints: 6
Software-Breakpoints: 8192
Watchpoints:          4
JTAG speed: 4000 kHz
 
Full Chip Erase Done.
Programming Done.
Verify OK.
Application running ...
Build target 'Target 1'
compiling main.c...
linking...
Program Size: Code=15198 RO-data=410 RW-data=156 ZI-data=1764  
FromELF: creating hex file...
"..\OBJ\SPI.axf" - 0 Error(s), 0 Warning(s).
Load "..\\OBJ\\SPI.AXF" 
* JLink Info: Device "STM32F103VC" selected (256 KB flash, 48 KB RAM).
Set JLink Project File to "F:\Graduate\Git_program\A7139-v2.3\user\JLinkSettings.ini"
 
JLink info:
------------
DLL: V4.50j, compiled Jun 26 2012 09:19:07
Firmware: J-Link ARM V8 compiled Jun 19 2012 11:29:30
Hardware: V8.00
S/N : 286370559 
Feature(s) : RDI,FlashDL,FlashBP,JFlash 
 
* JLink Info: Found SWD-DP with ID 0x1BA01477
* JLink Info: Found SWD-DP with ID 0x1BA01477
* JLink Info: TPIU fitted.
* JLink Info: ETM fitted.
* JLink Info: FPUnit: 6 code (BP) slots and 2 literal slots
* JLink Info: Found Cortex-M3 r1p1, Little endian.
ROMTableAddr = 0xE00FF003
 
Target info:
------------
Device: STM32F103VC
VTarget = 3.267V
State of Pins: 
TCK: 0, TDI: 1, TDO: 0, TMS: 1, TRES: 1, TRST: 1
Hardware-Breakpoints: 6
Software-Breakpoints: 8192
Watchpoints:          4
JTAG speed: 4000 kHz
 
Full Chip Erase Done.
Programming Done.
Verify OK.
Application running ...
Build target 'Target 1'
compiling main.c...
linking...
Program Size: Code=15202 RO-data=410 RW-data=156 ZI-data=1764  
FromELF: creating hex file...
"..\OBJ\SPI.axf" - 0 Error(s), 0 Warning(s).
Load "..\\OBJ\\SPI.AXF" 
* JLink Info: Device "STM32F103VC" selected (256 KB flash, 48 KB RAM).
Set JLink Project File to "F:\Graduate\Git_program\A7139-v2.3\user\JLinkSettings.ini"
 
JLink info:
------------
DLL: V4.50j, compiled Jun 26 2012 09:19:07
Firmware: J-Link ARM V8 compiled Jun 19 2012 11:29:30
Hardware: V8.00
S/N : 286370559 
Feature(s) : RDI,FlashDL,FlashBP,JFlash 
 
* JLink Info: Found SWD-DP with ID 0x1BA01477
* JLink Info: Found SWD-DP with ID 0x1BA01477
* JLink Info: TPIU fitted.
* JLink Info: ETM fitted.
* JLink Info: FPUnit: 6 code (BP) slots and 2 literal slots
* JLink Info: Found Cortex-M3 r1p1, Little endian.
ROMTableAddr = 0xE00FF003
 
Target info:
------------
Device: STM32F103VC
VTarget = 3.267V
State of Pins: 
TCK: 0, TDI: 1, TDO: 0, TMS: 1, TRES: 1, TRST: 1
Hardware-Breakpoints: 6
Software-Breakpoints: 8192
Watchpoints:          4
JTAG speed: 4000 kHz
 
Full Chip Erase Done.
Programming Done.
Verify OK.
Application running ...
Build target 'Target 1'
compiling interrupt.c...
compiling main.c...
linking...
Program Size: Code=15186 RO-data=410 RW-data=156 ZI-data=1764  
FromELF: creating hex file...
"..\OBJ\SPI.axf" - 0 Error(s), 0 Warning(s).
Load "..\\OBJ\\SPI.AXF" 
* JLink Info: Device "STM32F103VC" selected (256 KB flash, 48 KB RAM).
Set JLink Project File to "F:\Graduate\Git_program\A7139-v2.3\user\JLinkSettings.ini"
 
JLink info:
------------
DLL: V4.50j, compiled Jun 26 2012 09:19:07
Firmware: J-Link ARM V8 compiled Jun 19 2012 11:29:30
Hardware: V8.00
S/N : 286370559 
Feature(s) : RDI,FlashDL,FlashBP,JFlash 
 
* JLink Info: Found SWD-DP with ID 0x1BA01477
* JLink Info: Found SWD-DP with ID 0x1BA01477
* JLink Info: TPIU fitted.
* JLink Info: ETM fitted.
* JLink Info: FPUnit: 6 code (BP) slots and 2 literal slots
* JLink Info: Found Cortex-M3 r1p1, Little endian.
ROMTableAddr = 0xE00FF003
 
Target info:
------------
Device: STM32F103VC
VTarget = 3.267V
State of Pins: 
TCK: 0, TDI: 1, TDO: 0, TMS: 1, TRES: 1, TRST: 1
Hardware-Breakpoints: 6
Software-Breakpoints: 8192
Watchpoints:          4
JTAG speed: 4000 kHz
 
Full Chip Erase Done.
Programming Done.
Verify OK.
Application running ...
Build target 'Target 1'
compiling main.c...
linking...
Program Size: Code=15182 RO-data=410 RW-data=156 ZI-data=1764  
FromELF: creating hex file...
"..\OBJ\SPI.axf" - 0 Error(s), 0 Warning(s).
Load "..\\OBJ\\SPI.AXF" 
* JLink Info: Device "STM32F103VC" selected (256 KB flash, 48 KB RAM).
Set JLink Project File to "F:\Graduate\Git_program\A7139-v2.3\user\JLinkSettings.ini"
 
JLink info:
------------
DLL: V4.50j, compiled Jun 26 2012 09:19:07
Firmware: J-Link ARM V8 compiled Jun 19 2012 11:29:30
Hardware: V8.00
S/N : 286370559 
Feature(s) : RDI,FlashDL,FlashBP,JFlash 
 
* JLink Info: Found SWD-DP with ID 0x1BA01477
* JLink Info: Found SWD-DP with ID 0x1BA01477
* JLink Info: TPIU fitted.
* JLink Info: ETM fitted.
* JLink Info: FPUnit: 6 code (BP) slots and 2 literal slots
* JLink Info: Found Cortex-M3 r1p1, Little endian.
ROMTableAddr = 0xE00FF003
 
Target info:
------------
Device: STM32F103VC
VTarget = 3.267V
State of Pins: 
TCK: 0, TDI: 1, TDO: 0, TMS: 1, TRES: 1, TRST: 1
Hardware-Breakpoints: 6
Software-Breakpoints: 8192
Watchpoints:          4
JTAG speed: 4000 kHz
 
Full Chip Erase Done.
Programming Done.
Verify OK.
Application running ...
Build target 'Target 1'
compiling interrupt.c...
linking...
Program Size: Code=15190 RO-data=410 RW-data=156 ZI-data=1764  
FromELF: creating hex file...
"..\OBJ\SPI.axf" - 0 Error(s), 0 Warning(s).
Load "..\\OBJ\\SPI.AXF" 
* JLink Info: Device "STM32F103VC" selected (256 KB flash, 48 KB RAM).
Set JLink Project File to "F:\Graduate\Git_program\A7139-v2.3\user\JLinkSettings.ini"
 
JLink info:
------------
DLL: V4.50j, compiled Jun 26 2012 09:19:07
Firmware: J-Link ARM V8 compiled Jun 19 2012 11:29:30
Hardware: V8.00
S/N : 286370559 
Feature(s) : RDI,FlashDL,FlashBP,JFlash 
 
* JLink Info: Found SWD-DP with ID 0x1BA01477
* JLink Info: Found SWD-DP with ID 0x1BA01477
* JLink Info: TPIU fitted.
* JLink Info: ETM fitted.
* JLink Info: FPUnit: 6 code (BP) slots and 2 literal slots
* JLink Info: Found Cortex-M3 r1p1, Little endian.
ROMTableAddr = 0xE00FF003
 
Target info:
------------
Device: STM32F103VC
VTarget = 3.267V
State of Pins: 
TCK: 0, TDI: 1, TDO: 0, TMS: 1, TRES: 1, TRST: 1
Hardware-Breakpoints: 6
Software-Breakpoints: 8192
Watchpoints:          4
JTAG speed: 4000 kHz
 
Full Chip Erase Done.
Programming Done.
Verify OK.
Application running ...
Build target 'Target 1'
compiling interrupt.c...
linking...
Program Size: Code=15210 RO-data=410 RW-data=156 ZI-data=1764  
FromELF: creating hex file...
"..\OBJ\SPI.axf" - 0 Error(s), 0 Warning(s).
Load "..\\OBJ\\SPI.AXF" 
* JLink Info: Device "STM32F103VC" selected (256 KB flash, 48 KB RAM).
Set JLink Project File to "F:\Graduate\Git_program\A7139-v2.3\user\JLinkSettings.ini"
 
JLink info:
------------
DLL: V4.50j, compiled Jun 26 2012 09:19:07
Firmware: J-Link ARM V8 compiled Jun 19 2012 11:29:30
Hardware: V8.00
S/N : 286370559 
Feature(s) : RDI,FlashDL,FlashBP,JFlash 
 
* JLink Info: Found SWD-DP with ID 0x1BA01477
* JLink Info: Found SWD-DP with ID 0x1BA01477
* JLink Info: TPIU fitted.
* JLink Info: ETM fitted.
* JLink Info: FPUnit: 6 code (BP) slots and 2 literal slots
* JLink Info: Found Cortex-M3 r1p1, Little endian.
ROMTableAddr = 0xE00FF003
 
Target info:
------------
Device: STM32F103VC
VTarget = 3.267V
State of Pins: 
TCK: 0, TDI: 1, TDO: 0, TMS: 1, TRES: 1, TRST: 1
Hardware-Breakpoints: 6
Software-Breakpoints: 8192
Watchpoints:          4
JTAG speed: 4000 kHz
 
Full Chip Erase Done.
Programming Done.
Verify OK.
Application running ...
Build target 'Target 1'
compiling main.c...
linking...
Program Size: Code=15274 RO-data=410 RW-data=156 ZI-data=1764  
FromELF: creating hex file...
"..\OBJ\SPI.axf" - 0 Error(s), 0 Warning(s).
Load "..\\OBJ\\SPI.AXF" 
* JLink Info: Device "STM32F103VC" selected (256 KB flash, 48 KB RAM).
Set JLink Project File to "F:\Graduate\Git_program\A7139-v2.3\user\JLinkSettings.ini"
 
JLink info:
------------
DLL: V4.50j, compiled Jun 26 2012 09:19:07
Firmware: J-Link ARM V8 compiled Jun 19 2012 11:29:30
Hardware: V8.00
S/N : 286370559 
Feature(s) : RDI,FlashDL,FlashBP,JFlash 
 
* JLink Info: STM32F1xxx: Can not attach to CPU. Trying connect under reset.
**JLink Warning: RESET (pin 15) high, but should be low. Please check target hardware.
***JLink Error: Supply voltage too low (1 Volt is required, Measured: 0.0 Volt).
Please check target power.
Load "..\\OBJ\\SPI.AXF" 
* JLink Info: Device "STM32F103VC" selected (256 KB flash, 48 KB RAM).
Set JLink Project File to "F:\Graduate\Git_program\A7139-v2.3\user\JLinkSettings.ini"
 
JLink info:
------------
DLL: V4.50j, compiled Jun 26 2012 09:19:07
Firmware: J-Link ARM V8 compiled Jun 19 2012 11:29:30
Hardware: V8.00
S/N : 286370559 
Feature(s) : RDI,FlashDL,FlashBP,JFlash 
 
* JLink Info: Found SWD-DP with ID 0x1BA01477
* JLink Info: Found SWD-DP with ID 0x1BA01477
* JLink Info: TPIU fitted.
* JLink Info: ETM fitted.
* JLink Info: FPUnit: 6 code (BP) slots and 2 literal slots
* JLink Info: Found Cortex-M3 r1p1, Little endian.
ROMTableAddr = 0xE00FF003
 
Target info:
------------
Device: STM32F103VC
VTarget = 3.267V
State of Pins: 
TCK: 0, TDI: 1, TDO: 0, TMS: 1, TRES: 1, TRST: 1
Hardware-Breakpoints: 6
Software-Breakpoints: 8192
Watchpoints:          4
JTAG speed: 4000 kHz
 
Full Chip Erase Done.
Programming Done.
Verify OK.
Application running ...
Load "..\\OBJ\\SPI.AXF" 
* JLink Info: Device "STM32F103VC" selected (256 KB flash, 48 KB RAM).
Set JLink Project File to "F:\Graduate\Git_program\A7139-v2.3\user\JLinkSettings.ini"
 
JLink info:
------------
DLL: V4.50j, compiled Jun 26 2012 09:19:07
Firmware: J-Link ARM V8 compiled Jun 19 2012 11:29:30
Hardware: V8.00
S/N : 286370559 
Feature(s) : RDI,FlashDL,FlashBP,JFlash 
 
* JLink Info: Found SWD-DP with ID 0x1BA01477
* JLink Info: Found SWD-DP with ID 0x1BA01477
* JLink Info: TPIU fitted.
* JLink Info: ETM fitted.
* JLink Info: FPUnit: 6 code (BP) slots and 2 literal slots
* JLink Info: Found Cortex-M3 r1p1, Little endian.
ROMTableAddr = 0xE00FF003
 
Target info:
------------
Device: STM32F103VC
VTarget = 3.267V
State of Pins: 
TCK: 0, TDI: 1, TDO: 0, TMS: 1, TRES: 1, TRST: 1
Hardware-Breakpoints: 6
Software-Breakpoints: 8192
Watchpoints:          4
JTAG speed: 4000 kHz
 
Full Chip Erase Done.
Programming Done.
Verify OK.
Application running ...
Build target 'Target 1'
compiling main.c...
linking...
Program Size: Code=15210 RO-data=410 RW-data=156 ZI-data=1764  
FromELF: creating hex file...
"..\OBJ\SPI.axf" - 0 Error(s), 0 Warning(s).
Load "..\\OBJ\\SPI.AXF" 
* JLink Info: Device "STM32F103VC" selected (256 KB flash, 48 KB RAM).
Set JLink Project File to "F:\Graduate\Git_program\A7139-v2.3\user\JLinkSettings.ini"
 
JLink info:
------------
DLL: V4.50j, compiled Jun 26 2012 09:19:07
Firmware: J-Link ARM V8 compiled Jun 19 2012 11:29:30
Hardware: V8.00
S/N : 286370559 
Feature(s) : RDI,FlashDL,FlashBP,JFlash 
 
* JLink Info: Found SWD-DP with ID 0x1BA01477
* JLink Info: Found SWD-DP with ID 0x1BA01477
* JLink Info: TPIU fitted.
* JLink Info: ETM fitted.
* JLink Info: FPUnit: 6 code (BP) slots and 2 literal slots
* JLink Info: Found Cortex-M3 r1p1, Little endian.
ROMTableAddr = 0xE00FF003
 
Target info:
------------
Device: STM32F103VC
VTarget = 3.267V
State of Pins: 
TCK: 0, TDI: 1, TDO: 0, TMS: 1, TRES: 1, TRST: 1
Hardware-Breakpoints: 6
Software-Breakpoints: 8192
Watchpoints:          4
JTAG speed: 4000 kHz
 
Full Chip Erase Done.
Programming Done.
Verify OK.
Application running ...
Build target 'Target 1'
compiling usart.c...
linking...
Program Size: Code=15234 RO-data=410 RW-data=156 ZI-data=1764  
FromELF: creating hex file...
"..\OBJ\SPI.axf" - 0 Error(s), 0 Warning(s).
Load "..\\OBJ\\SPI.AXF" 
* JLink Info: Device "STM32F103VC" selected (256 KB flash, 48 KB RAM).
Set JLink Project File to "F:\Graduate\Git_program\A7139-v2.3\user\JLinkSettings.ini"
 
JLink info:
------------
DLL: V4.50j, compiled Jun 26 2012 09:19:07
Firmware: J-Link ARM V8 compiled Jun 19 2012 11:29:30
Hardware: V8.00
S/N : 286370559 
Feature(s) : RDI,FlashDL,FlashBP,JFlash 
 
* JLink Info: Found SWD-DP with ID 0x1BA01477
* JLink Info: Found SWD-DP with ID 0x1BA01477
* JLink Info: TPIU fitted.
* JLink Info: ETM fitted.
* JLink Info: FPUnit: 6 code (BP) slots and 2 literal slots
* JLink Info: Found Cortex-M3 r1p1, Little endian.
ROMTableAddr = 0xE00FF003
 
Target info:
------------
Device: STM32F103VC
VTarget = 3.267V
State of Pins: 
TCK: 0, TDI: 1, TDO: 0, TMS: 1, TRES: 1, TRST: 1
Hardware-Breakpoints: 6
Software-Breakpoints: 8192
Watchpoints:          4
JTAG speed: 4000 kHz
 
Full Chip Erase Done.
Programming Done.
Verify OK.
Application running ...
Build target 'Target 1'
compiling led.c...
..\SYSTEM\usart\usart.h(24): warning:  #1295-D: Deprecated declaration uart_init - give arg types
compiling key.c...
..\SYSTEM\usart\usart.h(24): warning:  #1295-D: Deprecated declaration uart_init - give arg types
compiling spi.c...
..\SYSTEM\usart\usart.h(24): warning:  #1295-D: Deprecated declaration uart_init - give arg types
compiling A7139.c...
..\SYSTEM\usart\usart.h(24): warning:  #1295-D: Deprecated declaration uart_init - give arg types
..\hardware\A7139\A7139.c(96): warning:  #177-D: variable "i" was declared but never referenced
compiling A7139_CONFIG.c...
..\SYSTEM\usart\usart.h(24): warning:  #1295-D: Deprecated declaration uart_init - give arg types
compiling interrupt.c...
..\SYSTEM\usart\usart.h(24): warning:  #1295-D: Deprecated declaration uart_init - give arg types
compiling sys.c...
..\SYSTEM\usart\usart.h(24): warning:  #1295-D: Deprecated declaration uart_init - give arg types
compiling usart.c...
..\SYSTEM\usart\usart.h(24): warning:  #1295-D: Deprecated declaration uart_init - give arg types
compiling main.c...
..\SYSTEM\usart\usart.h(24): warning:  #1295-D: Deprecated declaration uart_init - give arg types
compiling beacon.c...
..\SYSTEM\usart\usart.h(24): warning:  #1295-D: Deprecated declaration uart_init - give arg types
compiling ProcessEvent.c...
..\SYSTEM\usart\usart.h(24): warning:  #1295-D: Deprecated declaration uart_init - give arg types
compiling scan.c...
..\SYSTEM\usart\usart.h(24): warning:  #1295-D: Deprecated declaration uart_init - give arg types
linking...
Program Size: Code=15226 RO-data=410 RW-data=156 ZI-data=1764  
FromELF: creating hex file...
"..\OBJ\SPI.axf" - 0 Error(s), 13 Warning(s).
Build target 'Target 1'
compiling led.c...
compiling key.c...
compiling spi.c...
compiling A7139.c...
..\hardware\A7139\A7139.c(96): warning:  #177-D: variable "i" was declared but never referenced
compiling A7139_CONFIG.c...
compiling interrupt.c...
compiling sys.c...
compiling usart.c...
compiling main.c...
compiling beacon.c...
compiling ProcessEvent.c...
compiling scan.c...
linking...
Program Size: Code=15226 RO-data=410 RW-data=156 ZI-data=1764  
FromELF: creating hex file...
"..\OBJ\SPI.axf" - 0 Error(s), 1 Warning(s).
Load "..\\OBJ\\SPI.AXF" 
* JLink Info: Device "STM32F103VC" selected (256 KB flash, 48 KB RAM).
Set JLink Project File to "F:\Graduate\Git_program\A7139-v2.3\user\JLinkSettings.ini"
 
JLink info:
------------
DLL: V4.50j, compiled Jun 26 2012 09:19:07
Firmware: J-Link ARM V8 compiled Jun 19 2012 11:29:30
Hardware: V8.00
S/N : 286370559 
Feature(s) : RDI,FlashDL,FlashBP,JFlash 
 
* JLink Info: Found SWD-DP with ID 0x1BA01477
* JLink Info: Found SWD-DP with ID 0x1BA01477
* JLink Info: TPIU fitted.
* JLink Info: ETM fitted.
* JLink Info: FPUnit: 6 code (BP) slots and 2 literal slots
* JLink Info: Found Cortex-M3 r1p1, Little endian.
ROMTableAddr = 0xE00FF003
 
Target info:
------------
Device: STM32F103VC
VTarget = 3.267V
State of Pins: 
TCK: 0, TDI: 1, TDO: 0, TMS: 1, TRES: 1, TRST: 1
Hardware-Breakpoints: 6
Software-Breakpoints: 8192
Watchpoints:          4
JTAG speed: 4000 kHz
 
Full Chip Erase Done.
Programming Done.
Verify OK.
Application running ...
Build target 'Target 1'
compiling usart.c...
linking...
Program Size: Code=15226 RO-data=410 RW-data=156 ZI-data=1764  
FromELF: creating hex file...
"..\OBJ\SPI.axf" - 0 Error(s), 0 Warning(s).
Load "..\\OBJ\\SPI.AXF" 
* JLink Info: Device "STM32F103VC" selected (256 KB flash, 48 KB RAM).
Set JLink Project File to "F:\Graduate\Git_program\A7139-v2.3\user\JLinkSettings.ini"
 
JLink info:
------------
DLL: V4.50j, compiled Jun 26 2012 09:19:07
Firmware: J-Link ARM V8 compiled Jun 19 2012 11:29:30
Hardware: V8.00
S/N : 286370559 
Feature(s) : RDI,FlashDL,FlashBP,JFlash 
 
* JLink Info: STM32F1xxx: Can not attach to CPU. Trying connect under reset.
**JLink Warning: RESET (pin 15) high, but should be low. Please check target hardware.
***JLink Error: Supply voltage too low (1 Volt is required, Measured: 0.0 Volt).
Please check target power.
Build target 'Target 1'
linking...
Program Size: Code=15226 RO-data=410 RW-data=156 ZI-data=1764  
FromELF: creating hex file...
"..\OBJ\SPI.axf" - 0 Error(s), 0 Warning(s).
Load "..\\OBJ\\SPI.AXF" 
* JLink Info: Device "STM32F103VC" selected (256 KB flash, 48 KB RAM).
Set JLink Project File to "F:\Graduate\Git_program\A7139-v2.3\user\JLinkSettings.ini"
 
JLink info:
------------
DLL: V4.50j, compiled Jun 26 2012 09:19:07
Firmware: J-Link ARM V8 compiled Jun 19 2012 11:29:30
Hardware: V8.00
S/N : 286370559 
Feature(s) : RDI,FlashDL,FlashBP,JFlash 
 
* JLink Info: Found SWD-DP with ID 0x1BA01477
* JLink Info: Found SWD-DP with ID 0x1BA01477
* JLink Info: TPIU fitted.
* JLink Info: ETM fitted.
* JLink Info: FPUnit: 6 code (BP) slots and 2 literal slots
* JLink Info: Found Cortex-M3 r1p1, Little endian.
ROMTableAddr = 0xE00FF003
 
Target info:
------------
Device: STM32F103VC
VTarget = 3.267V
State of Pins: 
TCK: 0, TDI: 1, TDO: 0, TMS: 1, TRES: 1, TRST: 1
Hardware-Breakpoints: 6
Software-Breakpoints: 8192
Watchpoints:          4
JTAG speed: 4000 kHz
 
Full Chip Erase Done.
Programming Done.
Verify OK.
Application running ...
