################################################################################
#                                                                              #
#      IAR Universal Linker V6.2.0.62                                          #
#                                                                              #
#           Link time     =  28/May/2015  17:22:14                             #
#           Target CPU    =  MSP430                                            #
#           List file     =  F:\Graduate\Git_program\MSP430\Net\Debug\List\net #
#                            .map                                              #
#           Output file 1 =  F:\Graduate\Git_program\MSP430\Net\Debug\Exe\net. #
#                            d43                                               #
#                            Format: ubrof10                                   #
#                            UBROF version 10.0.6                              #
#                            Using library modules for C-SPY (-rt)             #
#           Command line  =  F:\Graduate\Git_program\MSP430\Net\Debug\Obj\A713 #
#                            9.r43                                             #
#                            F:\Graduate\Git_program\MSP430\Net\Debug\Obj\A713 #
#                            9_CONFIG.r43                                      #
#                            F:\Graduate\Git_program\MSP430\Net\Debug\Obj\adc. #
#                            r43                                               #
#                            F:\Graduate\Git_program\MSP430\Net\Debug\Obj\boar #
#                            d.r43                                             #
#                            F:\Graduate\Git_program\MSP430\Net\Debug\Obj\dela #
#                            y.r43                                             #
#                            F:\Graduate\Git_program\MSP430\Net\Debug\Obj\dete #
#                            ct.r43                                            #
#                            F:\Graduate\Git_program\MSP430\Net\Debug\Obj\digi #
#                            o.r43                                             #
#                            F:\Graduate\Git_program\MSP430\Net\Debug\Obj\flas #
#                            h.r43                                             #
#                            F:\Graduate\Git_program\MSP430\Net\Debug\Obj\int. #
#                            r43                                               #
#                            F:\Graduate\Git_program\MSP430\Net\Debug\Obj\inte #
#                            rrupt.r43                                         #
#                            F:\Graduate\Git_program\MSP430\Net\Debug\Obj\join #
#                            .r43                                              #
#                            F:\Graduate\Git_program\MSP430\Net\Debug\Obj\led. #
#                            r43                                               #
#                            F:\Graduate\Git_program\MSP430\Net\Debug\Obj\mac. #
#                            r43                                               #
#                            F:\Graduate\Git_program\MSP430\Net\Debug\Obj\main #
#                            .r43                                              #
#                            F:\Graduate\Git_program\MSP430\Net\Debug\Obj\mcu. #
#                            r43                                               #
#                            F:\Graduate\Git_program\MSP430\Net\Debug\Obj\Proc #
#                            essEvent.r43                                      #
#                            F:\Graduate\Git_program\MSP430\Net\Debug\Obj\spi. #
#                            r43                                               #
#                            F:\Graduate\Git_program\MSP430\Net\Debug\Obj\sys. #
#                            r43                                               #
#                            F:\Graduate\Git_program\MSP430\Net\Debug\Obj\tdma #
#                            .r43                                              #
#                            F:\Graduate\Git_program\MSP430\Net\Debug\Obj\time #
#                            r.r43                                             #
#                            F:\Graduate\Git_program\MSP430\Net\Debug\Obj\uart #
#                            .r43                                              #
#                            -o                                                #
#                            F:\Graduate\Git_program\MSP430\Net\Debug\Exe\net. #
#                            d43                                               #
#                            -l                                                #
#                            F:\Graduate\Git_program\MSP430\Net\Debug\List\net #
#                            .map                                              #
#                            -xms                                              #
#                            "-IE:\Program Files (x86)\IAR Systems\Embedded Wo #
#                            rkbench MSP430 7.2\430\LIB\"                      #
#                            -f                                                #
#                            "E:\Program Files (x86)\IAR Systems\Embedded Work #
#                            bench MSP430 7.2\430\config\linker\lnk430f2132.xc #
#                            l"                                                #
#                            (-cmsp430 -QCODE_I=CODE_ID -QTLS16_I=TLS16_ID     #
#                            -Z(CONST)INFO=1000-10FF                           #
#                            -Z(CONST)INFOA=10C0-10FF                          #
#                            -Z(CONST)INFOB=1080-10BF                          #
#                            -Z(CONST)INFOC=1040-107F                          #
#                            -Z(CONST)INFOD=1000-103F                          #
#                            -Z(DATA)DATA16_I,DATA16_Z,DATA16_N,TLS16_I=0200-0 #
#                            3FF                                               #
#                            -Z(DATA)DATA16_HEAP+_DATA16_HEAP_SIZE             #
#                            -Z(DATA)CODE_I -Z(DATA)CSTACK+_STACK_SIZE#        #
#                            -Z(CONST)DATA16_C,DATA16_ID,TLS16_ID,DIFUNCT,CHEC #
#                            KSUM=E000-FFDF                                    #
#                            -Z(CODE)CSTART,ISR_CODE,CODE_ID=E000-FFDF         #
#                            -P(CODE)CODE=E000-FFDF -Z(CODE)INTVEC=FFE0-FFFF   #
#                            -Z(CODE)RESET=FFFE-FFFF) -D_STACK_SIZE=50 -rt     #
#                            "E:\Program Files (x86)\IAR Systems\Embedded Work #
#                            bench MSP430 7.2\430\lib\dlib\dl430fn.r43"        #
#                            -D_DATA16_HEAP_SIZE=50 -s __program_start         #
#                            -D_DATA20_HEAP_SIZE=50                            #
#                                                                              #
#                           Copyright (C) 1987-2015 IAR Systems AB.            #
################################################################################





                ****************************************
                *                                      *
                *           CROSS REFERENCE            *
                *                                      *
                ****************************************

       Program entry at :           E0C4  Relocatable, from module : ?cstart




                ****************************************
                *                                      *
                *            RUNTIME MODEL             *
                *                                      *
                ****************************************

  __Heap_Handler             = Basic
  __SystemLibrary            = DLib
  __core                     = 430
  __dlib_file_descriptor     = 0
  __dlib_full_locale_support = 0
  __double_size              = 32
  __pic                      = no
  __reg_r4                   = free
  __reg_r5                   = free
  __rt_version               = 3

                ****************************************
                *                                      *
                *    AUTOMATIC SYMBOL REDIRECTIONS     *
                *                                      *
                ****************************************

                  There are no automatic symbol redirections.



                ****************************************
                *                                      *
                *              MODULE MAP              *
                *                                      *
                ****************************************


  DEFINED ABSOLUTE ENTRIES
    *************************************************************************

  DEFINED ABSOLUTE ENTRIES
  PROGRAM MODULE, NAME : ?ABS_ENTRY_MOD

Absolute parts
           ENTRY                   ADDRESS         REF BY
           =====                   =======         ======
           _DATA20_HEAP_SIZE       0050 
           _DATA16_HEAP_SIZE       0050 
           _STACK_SIZE             0050 
    *************************************************************************

  FILE NAME : F:\Graduate\Git_program\MSP430\Net\Debug\Obj\A7139.r43
  PROGRAM MODULE, NAME : A7139

  SEGMENTS IN THE MODULE
  ======================
DATA16_AN
  Relative segment, address: 0020 - 0020 (0x1 bytes), align: 0
  Segment part 1. ROOT        Intra module refs:   RecvDataACK (tdma)
                                                   Scan_Channel (join)
                                                   SendPack
           ENTRY                   ADDRESS         REF BY
           =====                   =======         ======
           P1IN                    0020 
    -------------------------------------------------------------------------
DATA16_AN
  Relative segment, address: 0029 - 0029 (0x1 bytes), align: 0
  Segment part 2. ROOT        Intra module refs:   A7139_Sleep
                                                   A7139_Wake
                                                   SendPack
                                                   halDigioConfig (digio)
                                                   port1_ISR (interrupt)
           ENTRY                   ADDRESS         REF BY
           =====                   =======         ======
           P2OUT                   0029 
    -------------------------------------------------------------------------
DATA16_AN
  Relative segment, address: 0019 - 0019 (0x1 bytes), align: 0
  Segment part 3. ROOT        Intra module refs:   A7139_Init
                                                   A7139_ReadFIFO
                                                   A7139_ReadReg
                                                   A7139_SetCID
                                                   A7139_StrobeCmd
                                                   A7139_WriteFIFO
                                                   A7139_WriteReg
                                                   SPI3_Init (spi)
                                                   SPIx_ReadByte (spi)
                                                   SPIx_ReadWord (spi)
                                                   SPIx_WriteByte (spi)
                                                   SPIx_WriteWord (spi)
                                                   SampleChannel (adc)
                                                   halDigioConfig (digio)
           ENTRY                   ADDRESS         REF BY
           =====                   =======         ======
           P3OUT                   0019 
    -------------------------------------------------------------------------
<CODE> 1 (was CODE)
  Relative segment, address: FB82 - FBA3 (0x22 bytes), align: 1
  Segment part 40.            Intra module refs:   A7139_Cal
                                                   A7139_Config
                                                   A7139_GetRSSI
                                                   A7139_ReadPageA
                                                   A7139_SetFreq
                                                   A7139_WritePageA
                                                   A7139_WritePageB
           LOCAL                   ADDRESS         
           =====                   =======         
           A7139_WriteReg          FB82 
               calls direct
    -------------------------------------------------------------------------
<CODE> 1 (was CODE)
  Relative segment, address: FAF6 - FB1B (0x26 bytes), align: 1
  Segment part 39.            Intra module refs:   A7139_Cal
                                                   A7139_Config
                                                   A7139_GetRSSI
                                                   A7139_ReadPageA
           LOCAL                   ADDRESS         
           =====                   =======         
           A7139_ReadReg           FAF6 
               calls direct
    -------------------------------------------------------------------------
<CODE> 1 (was CODE)
  Relative segment, address: F97E - F9A9 (0x2c bytes), align: 1
  Segment part 38.            Intra module refs:   A7139_Cal
                                                   A7139_Config
                                                   A7139_SetPackLen
           LOCAL                   ADDRESS         
           =====                   =======         
           A7139_WritePageA        F97E 
               calls direct
    -------------------------------------------------------------------------
<CODE> 1 (was CODE)
  Relative segment, address: F8F4 - F921 (0x2e bytes), align: 1
  Segment part 37.            Intra module refs:   A7139_Config
                                                   A7139_SetFreq
           LOCAL                   ADDRESS         
           =====                   =======         
           A7139_WritePageB        F8F4 
               calls direct
    -------------------------------------------------------------------------
<CODE> 1 (was CODE)
  Relative segment, address: FAA6 - FACD (0x28 bytes), align: 1
  Segment part 36.            Intra module refs:   A7139_Cal
           LOCAL                   ADDRESS         
           =====                   =======         
           A7139_ReadPageA         FAA6 
               calls direct
    -------------------------------------------------------------------------
DATA16_Z
  Relative segment, address: 0208 - 0209 (0x2 bytes), align: 1
  Segment part 5.             Intra module refs:   A7139_Config
           ENTRY                   ADDRESS         REF BY
           =====                   =======         ======
           look                    0208 
    -------------------------------------------------------------------------
<CODE> 1 (was CODE)
  Relative segment, address: ED8A - EE15 (0x8c bytes), align: 1
  Segment part 35.            Intra module refs:   A7139_Init
           LOCAL                   ADDRESS         
           =====                   =======         
           A7139_Config            ED8A 
               calls direct
    -------------------------------------------------------------------------
<CODE> 1 (was CODE)
  Relative segment, address: FC4A - FC5F (0x16 bytes), align: 1
  Segment part 34.            Intra module refs:   A7139_Cal
                                                   A7139_Config
           ENTRY                   ADDRESS         REF BY
           =====                   =======         ======
           Err_State               FC4A 
               calls direct
    -------------------------------------------------------------------------
<CODE> 1 (was CODE)
  Relative segment, address: E584 - E673 (0xf0 bytes), align: 1
  Segment part 33.            Intra module refs:   A7139_Init
           ENTRY                   ADDRESS         REF BY
           =====                   =======         ======
           A7139_Cal               E584            Scan_Channel (join)
                                                   SortChannel (join)
               calls direct
    -------------------------------------------------------------------------
<CODE> 1 (was CODE)
  Relative segment, address: E674 - E74D (0xda bytes), align: 1
  Segment part 32.            Intra module refs:   A7139_Init
           ENTRY                   ADDRESS         REF BY
           =====                   =======         ======
           A7139_SetFreq           E674            Scan_Channel (join)
                                                   SortChannel (join)
               calls direct
    -------------------------------------------------------------------------
<CODE> 1 (was CODE)
  Relative segment, address: FCDE - FCEB (0xe bytes), align: 1
  Segment part 30.            Intra module refs:   A7139_DeepSleep
                                                   A7139_GetRSSI
                                                   A7139_Init
                                                   A7139_ReadFIFO
                                                   A7139_SetFreq
                                                   A7139_SetPackLen
                                                   A7139_Sleep
                                                   A7139_Wake
                                                   A7139_WriteFIFO
                                                   RXMode
                                                   SendPack
           ENTRY                   ADDRESS         REF BY
           =====                   =======         ======
           A7139_StrobeCmd         FCDE            Timer_A0 (interrupt)
                                                   port1_ISR (interrupt)
               calls direct
    -------------------------------------------------------------------------
<CODE> 1 (was CODE)
  Relative segment, address: F030 - F0AD (0x7e bytes), align: 1
  Segment part 29.
           ENTRY                   ADDRESS         REF BY
           =====                   =======         ======
           A7139_Init              F030            halBoardInit (board)
               calls direct
    -------------------------------------------------------------------------
<CODE> 1 (was CODE)
  Relative segment, address: F2D4 - F32D (0x5a bytes), align: 1
  Segment part 28.            Intra module refs:   A7139_Init
           ENTRY                   ADDRESS         REF BY
           =====                   =======         ======
           A7139_SetCID            F2D4 
               calls direct
    -------------------------------------------------------------------------
<CODE> 1 (was CODE)
  Relative segment, address: F7BA - F7F1 (0x38 bytes), align: 1
  Segment part 25.            Intra module refs:   A7139_Config
           ENTRY                   ADDRESS         REF BY
           =====                   =======         ======
           A7139_SetPackLen        F7BA 
               calls direct
    -------------------------------------------------------------------------
<CODE> 1 (was CODE)
  Relative segment, address: F276 - F2D3 (0x5e bytes), align: 1
  Segment part 23.            Intra module refs:   SendPack
           ENTRY                   ADDRESS         REF BY
           =====                   =======         ======
           A7139_WriteFIFO         F276 
               calls direct
    -------------------------------------------------------------------------
<CODE> 1 (was CODE)
  Relative segment, address: F63A - F67F (0x46 bytes), align: 1
  Segment part 22.
           ENTRY                   ADDRESS         REF BY
           =====                   =======         ======
           A7139_ReadFIFO          F63A            RecvDataACK (tdma)
                                                   Scan_Channel (join)
                                                   port1_ISR (interrupt)
               calls direct
    -------------------------------------------------------------------------
<CODE> 1 (was CODE)
  Relative segment, address: EA98 - EB35 (0x9e bytes), align: 1
  Segment part 20.
           ENTRY                   ADDRESS         REF BY
           =====                   =======         ======
           A7139_GetRSSI           EA98            Scan_Channel (join)
                                                   SendByCSMA (mac)
               calls direct
    -------------------------------------------------------------------------
<CODE> 1 (was CODE)
  Relative segment, address: FD82 - FD83 (0x2 bytes), align: 1
  Segment part 16.            Intra module refs:   A7139_Init
           ENTRY                   ADDRESS         REF BY
           =====                   =======         ======
           Correct_State           FD82 
    -------------------------------------------------------------------------
<CODE> 1 (was CODE)
  Relative segment, address: F9AA - F9D5 (0x2c bytes), align: 1
  Segment part 13.            Intra module refs:   A7139_WakeToRecv
           ENTRY                   ADDRESS         REF BY
           =====                   =======         ======
           RXMode                  F9AA            DataSend (tdma)
                                                   Interrupt_Init (interrupt)
                                                   JoinRequestACKHandler (join)
                                                   RecvDataACK (tdma)
                                                   Scan_Channel (join)
                                                   SendByCSMA (mac)
               calls direct
    -------------------------------------------------------------------------
<CODE> 1 (was CODE)
  Relative segment, address: F518 - F561 (0x4a bytes), align: 1
  Segment part 12.
           ENTRY                   ADDRESS         REF BY
           =====                   =======         ======
           SendPack                F518            DataSend (tdma)
                                                   JoinRequestACKHandler (join)
                                                   SendByCSMA (mac)
               calls direct
    -------------------------------------------------------------------------
<CODE> 1 (was CODE)
  Relative segment, address: FD1C - FD27 (0xc bytes), align: 1
  Segment part 11.
           ENTRY                   ADDRESS         REF BY
           =====                   =======         ======
           A7139_Sleep             FD1C            BeaconHandler (mac)
                                                   CSMADataResend (tdma)
                                                   DataSend (tdma)
               calls direct
    -------------------------------------------------------------------------
<CODE> 1 (was CODE)
  Relative segment, address: FD3E - FD45 (0x8 bytes), align: 1
  Segment part 10.
           ENTRY                   ADDRESS         REF BY
           =====                   =======         ======
           A7139_DeepSleep         FD3E            JoinRequestACKHandler (join)
                                                   RecvDataACK (tdma)
               calls direct
    -------------------------------------------------------------------------
<CODE> 1 (was CODE)
  Relative segment, address: FA2C - FA55 (0x2a bytes), align: 1
  Segment part 9.             Intra module refs:   A7139_WakeToRecv
           ENTRY                   ADDRESS         REF BY
           =====                   =======         ======
           A7139_Wake              FA2C            DataSend (tdma)
               calls direct
    -------------------------------------------------------------------------
<CODE> 1 (was CODE)
  Relative segment, address: FD4E - FD55 (0x8 bytes), align: 1
  Segment part 8.
           ENTRY                   ADDRESS         REF BY
           =====                   =======         ======
           A7139_WakeToRecv        FD4E            Process_Event (ProcessEvent)
               calls direct

    *************************************************************************

  FILE NAME : F:\Graduate\Git_program\MSP430\Net\Debug\Obj\A7139_CONFIG.r43
  PROGRAM MODULE, NAME : A7139_CONFIG

  SEGMENTS IN THE MODULE
  ======================
DATA16_C
  Relative segment, address: E000 - E01F (0x20 bytes), align: 1
  Segment part 2.
           ENTRY                   ADDRESS         REF BY
           =====                   =======         ======
           A7139Config             E000            A7139_Cal (A7139)
                                                   A7139_Config (A7139)
                                                   A7139_GetRSSI (A7139)
                                                   A7139_ReadPageA (A7139)
                                                   A7139_SetFreq (A7139)
                                                   A7139_WritePageA (A7139)
                                                   A7139_WritePageB (A7139)
    -------------------------------------------------------------------------
DATA16_C
  Relative segment, address: E020 - E03F (0x20 bytes), align: 1
  Segment part 3.
           ENTRY                   ADDRESS         REF BY
           =====                   =======         ======
           A7139Config_PageA       E020            A7139_Cal (A7139)
                                                   A7139_Config (A7139)
                                                   A7139_SetPackLen (A7139)
    -------------------------------------------------------------------------
DATA16_C
  Relative segment, address: E040 - E049 (0xa bytes), align: 1
  Segment part 4.
           ENTRY                   ADDRESS         REF BY
           =====                   =======         ======
           A7139Config_PageB       E040            A7139_Config (A7139)

    *************************************************************************

  FILE NAME : F:\Graduate\Git_program\MSP430\Net\Debug\Obj\adc.r43
  PROGRAM MODULE, NAME : adc

  SEGMENTS IN THE MODULE
  ======================
DATA16_AN
  Relative segment, address: 004A - 004A (0x1 bytes), align: 0
  Segment part 1. ROOT        Intra module refs:   SampleChannel
           ENTRY                   ADDRESS         REF BY
           =====                   =======         ======
           ADC10AE0                004A 
    -------------------------------------------------------------------------
DATA16_AN
  Relative segment, address: 01B0 - 01B1 (0x2 bytes), align: 0
  Segment part 2. ROOT        Intra module refs:   SampleChannel
           ENTRY                   ADDRESS         REF BY
           =====                   =======         ======
           ADC10CTL0               01B0 
    -------------------------------------------------------------------------
DATA16_AN
  Relative segment, address: 01B2 - 01B3 (0x2 bytes), align: 0
  Segment part 3. ROOT        Intra module refs:   SampleChannel
           ENTRY                   ADDRESS         REF BY
           =====                   =======         ======
           ADC10CTL1               01B2 
    -------------------------------------------------------------------------
DATA16_AN
  Relative segment, address: 01B4 - 01B5 (0x2 bytes), align: 0
  Segment part 4. ROOT        Intra module refs:   SampleChannel
           ENTRY                   ADDRESS         REF BY
           =====                   =======         ======
           ADC10MEM                01B4 
    -------------------------------------------------------------------------
DATA16_AN
  Relative segment, address: 002A - 002A (0x1 bytes), align: 0
  Segment part 5. ROOT        Intra module refs:   SampleChannel
                                                   halDigioConfig (digio)
           ENTRY                   ADDRESS         REF BY
           =====                   =======         ======
           P2DIR                   002A 
    -------------------------------------------------------------------------
<CODE> 1 (was CODE)
  Relative segment, address: F5AA - F5F1 (0x48 bytes), align: 1
  Segment part 11.            Intra module refs:   AD_cal
           ENTRY                   ADDRESS         REF BY
           =====                   =======         ======
           SampleChannel           F5AA            CollectData (detect)
               calls direct
    -------------------------------------------------------------------------
<CODE> 1 (was CODE)
  Relative segment, address: FD56 - FD5D (0x8 bytes), align: 1
  Segment part 10.            Intra module refs:   ADC10_ISR::??INTVEC 10
           ENTRY                   ADDRESS         REF BY
           =====                   =======         ======
           ADC10_ISR               FD56 
               interrupt function
    -------------------------------------------------------------------------
<CODE> 1 (was CODE)
  Relative segment, address: E94C - E9F1 (0xa6 bytes), align: 1
  Segment part 9.
           ENTRY                   ADDRESS         REF BY
           =====                   =======         ======
           AD_cal                  E94C            halBoardInit (board)
               calls direct
    -------------------------------------------------------------------------
INTVEC
  Common segment, address: FFE0 - FFEB (0xc bytes), align: 1
  Segment part 7. ROOT 
           ENTRY                   ADDRESS         REF BY
           =====                   =======         ======
           ADC10_ISR::??INTVEC 10
                                   FFEA 

    *************************************************************************

  FILE NAME : F:\Graduate\Git_program\MSP430\Net\Debug\Obj\board.r43
  PROGRAM MODULE, NAME : board

  SEGMENTS IN THE MODULE
  ======================
<CODE> 1 (was CODE)
  Relative segment, address: F562 - F5A9 (0x48 bytes), align: 1
  Segment part 2.
           ENTRY                   ADDRESS         REF BY
           =====                   =======         ======
           halBoardInit            F562            main (main)
               calls direct

    *************************************************************************

  FILE NAME : F:\Graduate\Git_program\MSP430\Net\Debug\Obj\delay.r43
  PROGRAM MODULE, NAME : delay

  SEGMENTS IN THE MODULE
  ======================
<CODE> 1 (was CODE)
  Relative segment, address: FBD8 - FBEF (0x18 bytes), align: 1
  Segment part 13.
           ENTRY                   ADDRESS         REF BY
           =====                   =======         ======
           delayus                 FBD8            CSMABackOff (mac)
    -------------------------------------------------------------------------
<CODE> 1 (was CODE)
  Relative segment, address: FCBE - FCCD (0x10 bytes), align: 1
  Segment part 10.            Intra module refs:   delay_10us
           ENTRY                   ADDRESS         REF BY
           =====                   =======         ======
           delay_1us               FCBE            SPIx_ReadByte (spi)
                                                   SPIx_ReadWord (spi)
                                                   SPIx_WriteByte (spi)
                                                   SPIx_WriteWord (spi)
    -------------------------------------------------------------------------
<CODE> 1 (was CODE)
  Relative segment, address: F862 - F893 (0x32 bytes), align: 1
  Segment part 9.             Intra module refs:   delay_100us
           ENTRY                   ADDRESS         REF BY
           =====                   =======         ======
           delay_10us              F862            A7139_ReadReg (A7139)
                                                   A7139_WriteReg (A7139)
               calls direct
    -------------------------------------------------------------------------
<CODE> 1 (was CODE)
  Relative segment, address: FACE - FAF5 (0x28 bytes), align: 1
  Segment part 7.             Intra module refs:   delay_1ms
           ENTRY                   ADDRESS         REF BY
           =====                   =======         ======
           delay_100us             FACE 
               calls direct
    -------------------------------------------------------------------------
<CODE> 1 (was CODE)
  Relative segment, address: FA56 - FA7D (0x28 bytes), align: 1
  Segment part 5.
           ENTRY                   ADDRESS         REF BY
           =====                   =======         ======
           delay_1ms               FA56            SampleChannel (adc)
                                                   Scan_Channel (join)
               calls direct

    *************************************************************************

  FILE NAME : F:\Graduate\Git_program\MSP430\Net\Debug\Obj\detect.r43
  PROGRAM MODULE, NAME : detect

  SEGMENTS IN THE MODULE
  ======================
DATA16_Z
  Relative segment, address: 020A - 020B (0x2 bytes), align: 1
  Segment part 3.
           ENTRY                   ADDRESS         REF BY
           =====                   =======         ======
           AD_middle_value         020A            AD_cal (adc)
    -------------------------------------------------------------------------
DATA16_Z
  Relative segment, address: 02DC - 02DC (0x1 bytes), align: 0
  Segment part 4.             Intra module refs:   IdentifyCar
           ENTRY                   ADDRESS         REF BY
           =====                   =======         ======
           Car_Flag                02DC            CreatSendData (tdma)
    -------------------------------------------------------------------------
DATA16_Z
  Relative segment, address: 020C - 0215 (0xa bytes), align: 1
  Segment part 6.             Intra module refs:   CollectData
                                                   IdentifyCar
           ENTRY                   ADDRESS         REF BY
           =====                   =======         ======
           Magnet_Value            020C 
    -------------------------------------------------------------------------
DATA16_I
  Relative segment, address: 0204 - 0204 (0x1 bytes), align: 0
  Segment part 7.             Intra module refs:   CollectData
                                                   IdentifyCar
           ENTRY                   ADDRESS         REF BY
           =====                   =======         ======
           Start_Collect           0204            Timer_A (interrupt)
    -------------------------------------------------------------------------
DATA16_Z
  Relative segment, address: 0216 - 0217 (0x2 bytes), align: 1
  Segment part 9.             Intra module refs:   CollectData
           ENTRY                   ADDRESS         REF BY
           =====                   =======         ======
           collect_count           0216 
    -------------------------------------------------------------------------
DATA16_Z
  Relative segment, address: 0218 - 0219 (0x2 bytes), align: 1
  Segment part 10.            Intra module refs:   IdentifyCar
           ENTRY                   ADDRESS         REF BY
           =====                   =======         ======
           Ave_Slop                0218            CreatSendData (tdma)
    -------------------------------------------------------------------------
<CODE> 1 (was CODE)
  Relative segment, address: F744 - F77F (0x3c bytes), align: 1
  Segment part 13.
           ENTRY                   ADDRESS         REF BY
           =====                   =======         ======
           CollectData             F744            Process_Event (ProcessEvent)
               calls direct
    -------------------------------------------------------------------------
<CODE> 1 (was CODE)
  Relative segment, address: ECFA - ED89 (0x90 bytes), align: 1
  Segment part 11.
           ENTRY                   ADDRESS         REF BY
           =====                   =======         ======
           IdentifyCar             ECFA            Process_Event (ProcessEvent)
               calls direct
    -------------------------------------------------------------------------
DATA16_ID
  Relative segment, address: E0C0 - E0C0 (0x1 bytes), align: 0
  Segment part 8.             Intra module refs:   Start_Collect

    *************************************************************************

  FILE NAME : F:\Graduate\Git_program\MSP430\Net\Debug\Obj\digio.r43
  PROGRAM MODULE, NAME : digio

  SEGMENTS IN THE MODULE
  ======================
DATA16_AN
  Relative segment, address: 0021 - 0021 (0x1 bytes), align: 0
  Segment part 2. ROOT        Intra module refs:   halDigioConfig
                                                   halLedClear (led)
                                                   halLedSet (led)
                                                   halLedToggle (led)
           ENTRY                   ADDRESS         REF BY
           =====                   =======         ======
           P1OUT                   0021 
    -------------------------------------------------------------------------
DATA16_AN
  Relative segment, address: 0022 - 0022 (0x1 bytes), align: 0
  Segment part 3. ROOT        Intra module refs:   Interrupt_Init (interrupt)
                                                   halDigioConfig
                                                   halLedSet (led)
           ENTRY                   ADDRESS         REF BY
           =====                   =======         ======
           P1DIR                   0022 
    -------------------------------------------------------------------------
DATA16_AN
  Relative segment, address: 0023 - 0023 (0x1 bytes), align: 0
  Segment part 4. ROOT        Intra module refs:   Interrupt_Init (interrupt)
                                                   port1_ISR (interrupt)
           ENTRY                   ADDRESS         REF BY
           =====                   =======         ======
           P1IFG                   0023 
    -------------------------------------------------------------------------
DATA16_AN
  Relative segment, address: 0024 - 0024 (0x1 bytes), align: 0
  Segment part 5. ROOT        Intra module refs:   Interrupt_Init (interrupt)
           ENTRY                   ADDRESS         REF BY
           =====                   =======         ======
           P1IES                   0024 
    -------------------------------------------------------------------------
DATA16_AN
  Relative segment, address: 0025 - 0025 (0x1 bytes), align: 0
  Segment part 6. ROOT        Intra module refs:   DataSend (tdma)
                                                   Interrupt_Init (interrupt)
                                                   JoinRequestACKHandler (join)
                                                   RecvDataACK (tdma)
           ENTRY                   ADDRESS         REF BY
           =====                   =======         ======
           P1IE                    0025 
    -------------------------------------------------------------------------
DATA16_AN
  Relative segment, address: 0026 - 0026 (0x1 bytes), align: 0
  Segment part 7. ROOT        Intra module refs:   halDigioConfig
           ENTRY                   ADDRESS         REF BY
           =====                   =======         ======
           P1SEL                   0026 
    -------------------------------------------------------------------------
DATA16_AN
  Relative segment, address: 0028 - 0028 (0x1 bytes), align: 0
  Segment part 8. ROOT 
           ENTRY                   ADDRESS         REF BY
           =====                   =======         ======
           P2IN                    0028 
    -------------------------------------------------------------------------
DATA16_AN
  Relative segment, address: 002B - 002B (0x1 bytes), align: 0
  Segment part 11. ROOT 
           ENTRY                   ADDRESS         REF BY
           =====                   =======         ======
           P2IFG                   002B 
    -------------------------------------------------------------------------
DATA16_AN
  Relative segment, address: 002C - 002C (0x1 bytes), align: 0
  Segment part 12. ROOT 
           ENTRY                   ADDRESS         REF BY
           =====                   =======         ======
           P2IES                   002C 
    -------------------------------------------------------------------------
DATA16_AN
  Relative segment, address: 002D - 002D (0x1 bytes), align: 0
  Segment part 13. ROOT 
           ENTRY                   ADDRESS         REF BY
           =====                   =======         ======
           P2IE                    002D 
    -------------------------------------------------------------------------
DATA16_AN
  Relative segment, address: 002E - 002E (0x1 bytes), align: 0
  Segment part 14. ROOT       Intra module refs:   halDigioConfig
           ENTRY                   ADDRESS         REF BY
           =====                   =======         ======
           P2SEL                   002E 
    -------------------------------------------------------------------------
DATA16_AN
  Relative segment, address: 0018 - 0018 (0x1 bytes), align: 0
  Segment part 15. ROOT       Intra module refs:   SPIx_ReadByte (spi)
                                                   SPIx_ReadWord (spi)
           ENTRY                   ADDRESS         REF BY
           =====                   =======         ======
           P3IN                    0018 
    -------------------------------------------------------------------------
DATA16_AN
  Relative segment, address: 001A - 001A (0x1 bytes), align: 0
  Segment part 17. ROOT       Intra module refs:   MOSI_IN (spi)
                                                   MOSI_OUT (spi)
                                                   halDigioConfig
           ENTRY                   ADDRESS         REF BY
           =====                   =======         ======
           P3DIR                   001A 
    -------------------------------------------------------------------------
DATA16_AN
  Relative segment, address: 001B - 001B (0x1 bytes), align: 0
  Segment part 18. ROOT       Intra module refs:   halDigioConfig
                                                   halUartInit (uart)
           ENTRY                   ADDRESS         REF BY
           =====                   =======         ======
           P3SEL                   001B 
    -------------------------------------------------------------------------
<CODE> 1 (was CODE)
  Relative segment, address: EF2A - EFAD (0x84 bytes), align: 1
  Segment part 34.            Intra module refs:   GPIO_Init
           ENTRY                   ADDRESS         REF BY
           =====                   =======         ======
           halDigioConfig          EF2A            SPI3_Init (spi)
                                                   time_init (timer)
               calls direct
    -------------------------------------------------------------------------
DATA16_C
  Relative segment, address: E08E - E092 (0x5 bytes), align: 0
  Segment part 20.            Intra module refs:   GPIO_Init
           ENTRY                   ADDRESS         REF BY
           =====                   =======         ======
           pinLed1                 E08E            time_init (timer)
    -------------------------------------------------------------------------
DATA16_C
  Relative segment, address: E093 - E097 (0x5 bytes), align: 0
  Segment part 21.            Intra module refs:   GPIO_Init
           ENTRY                   ADDRESS         REF BY
           =====                   =======         ======
           pinGIO2                 E093            DataSend (tdma)
                                                   Interrupt_Init (interrupt)
                                                   JoinRequestACKHandler (join)
                                                   RecvDataACK (tdma)
                                                   port1_ISR (interrupt)
    -------------------------------------------------------------------------
DATA16_C
  Relative segment, address: E098 - E09C (0x5 bytes), align: 0
  Segment part 22.            Intra module refs:   GPIO_Init
           ENTRY                   ADDRESS         REF BY
           =====                   =======         ======
           pinGIO1                 E098 
    -------------------------------------------------------------------------
DATA16_C
  Relative segment, address: E09D - E0A1 (0x5 bytes), align: 0
  Segment part 23.            Intra module refs:   GPIO_Init
           ENTRY                   ADDRESS         REF BY
           =====                   =======         ======
           pinKZ                   E09D 
    -------------------------------------------------------------------------
DATA16_C
  Relative segment, address: E0A2 - E0A6 (0x5 bytes), align: 0
  Segment part 24.            Intra module refs:   GPIO_Init
           ENTRY                   ADDRESS         REF BY
           =====                   =======         ======
           TIME1                   E0A2 
    -------------------------------------------------------------------------
<CODE> 1 (was CODE)
  Relative segment, address: FA7E - FAA5 (0x28 bytes), align: 1
  Segment part 25.
           ENTRY                   ADDRESS         REF BY
           =====                   =======         ======
           GPIO_Init               FA7E            halBoardInit (board)
               calls direct

    *************************************************************************

  FILE NAME : F:\Graduate\Git_program\MSP430\Net\Debug\Obj\flash.r43
  PROGRAM MODULE, NAME : flash

  SEGMENTS IN THE MODULE
  ======================
DATA16_AN
  Relative segment, address: 0128 - 0129 (0x2 bytes), align: 0
  Segment part 1. ROOT 
           ENTRY                   ADDRESS         REF BY
           =====                   =======         ======
           FCTL1                   0128 
    -------------------------------------------------------------------------
DATA16_AN
  Relative segment, address: 012A - 012B (0x2 bytes), align: 0
  Segment part 2. ROOT        Intra module refs:   FLASHInit
           ENTRY                   ADDRESS         REF BY
           =====                   =======         ======
           FCTL2                   012A 
    -------------------------------------------------------------------------
DATA16_AN
  Relative segment, address: 012C - 012D (0x2 bytes), align: 0
  Segment part 3. ROOT 
           ENTRY                   ADDRESS         REF BY
           =====                   =======         ======
           FCTL3                   012C 
    -------------------------------------------------------------------------
<CODE> 1 (was CODE)
  Relative segment, address: FD46 - FD4D (0x8 bytes), align: 1
  Segment part 14.
           ENTRY                   ADDRESS         REF BY
           =====                   =======         ======
           FLASHInit               FD46            halBoardInit (board)
    -------------------------------------------------------------------------
<CODE> 1 (was CODE)
  Relative segment, address: FD76 - FD79 (0x4 bytes), align: 1
  Segment part 10.            Intra module refs:   GetPhyAddress
           ENTRY                   ADDRESS         REF BY
           =====                   =======         ======
           FLASH_Readw             FD76 
    -------------------------------------------------------------------------
<CODE> 1 (was CODE)
  Relative segment, address: FD5E - FD65 (0x8 bytes), align: 1
  Segment part 7.
           ENTRY                   ADDRESS         REF BY
           =====                   =======         ======
           GetPhyAddress           FD5E            main (main)
               calls direct

    *************************************************************************

  FILE NAME : F:\Graduate\Git_program\MSP430\Net\Debug\Obj\int.r43
    *************************************************************************

  FILE NAME : F:\Graduate\Git_program\MSP430\Net\Debug\Obj\interrupt.r43
  PROGRAM MODULE, NAME : interrupt

  SEGMENTS IN THE MODULE
  ======================
DATA16_AN
  Relative segment, address: 0027 - 0027 (0x1 bytes), align: 0
  Segment part 5. ROOT        Intra module refs:   Interrupt_Init
           ENTRY                   ADDRESS         REF BY
           =====                   =======         ======
           P1REN                   0027 
    -------------------------------------------------------------------------
DATA16_AN
  Relative segment, address: 0162 - 0163 (0x2 bytes), align: 0
  Segment part 7. ROOT        Intra module refs:   Timer_A0
                                                   time_init (timer)
           ENTRY                   ADDRESS         REF BY
           =====                   =======         ======
           TA0CCTL0                0162 
    -------------------------------------------------------------------------
DATA16_AN
  Relative segment, address: 0182 - 0183 (0x2 bytes), align: 0
  Segment part 8. ROOT        Intra module refs:   Timer_A
                                                   port1_ISR
           ENTRY                   ADDRESS         REF BY
           =====                   =======         ======
           TA1CCTL0                0182 
    -------------------------------------------------------------------------
DATA16_Z
  Relative segment, address: 02DD - 02DD (0x1 bytes), align: 0
  Segment part 13.            Intra module refs:   Timer_A0
                                                   port1_ISR
           ENTRY                   ADDRESS         REF BY
           =====                   =======         ======
           Receive_Timeout         02DD 
    -------------------------------------------------------------------------
DATA16_Z
  Relative segment, address: 021A - 021D (0x4 bytes), align: 1
  Segment part 14.            Intra module refs:   Timer_A
                                                   port1_ISR
           ENTRY                   ADDRESS         REF BY
           =====                   =======         ======
           Frame_Time              021A            DataSend (tdma)
                                                   RecvDataACK (tdma)
                                                   SendByCSMA (mac)
    -------------------------------------------------------------------------
DATA16_Z
  Relative segment, address: 021E - 021F (0x2 bytes), align: 1
  Segment part 15.            Intra module refs:   Timer_A
           ENTRY                   ADDRESS         REF BY
           =====                   =======         ======
           Collect_Time            021E 
    -------------------------------------------------------------------------
<CODE> 1 (was CODE)
  Relative segment, address: FB3E - FB5F (0x22 bytes), align: 1
  Segment part 22.
           ENTRY                   ADDRESS         REF BY
           =====                   =======         ======
           Interrupt_Init          FB3E            halBoardInit (board)
               calls direct
    -------------------------------------------------------------------------
<CODE> 1 (was CODE)
  Relative segment, address: EB36 - EBCF (0x9a bytes), align: 1
  Segment part 21.            Intra module refs:   port1_ISR::??INTVEC 4
           ENTRY                   ADDRESS         REF BY
           =====                   =======         ======
           port1_ISR               EB36 
               interrupt function
               calls direct
    -------------------------------------------------------------------------
<CODE> 1 (was CODE)
  Relative segment, address: F42C - F47D (0x52 bytes), align: 1
  Segment part 20.            Intra module refs:   Timer_A::??INTVEC 26
           ENTRY                   ADDRESS         REF BY
           =====                   =======         ======
           Timer_A                 F42C 
               interrupt function
               calls direct
    -------------------------------------------------------------------------
<CODE> 1 (was CODE)
  Relative segment, address: EE16 - EEA1 (0x8c bytes), align: 1
  Segment part 19.            Intra module refs:   Timer_A0::??INTVEC 18
           ENTRY                   ADDRESS         REF BY
           =====                   =======         ======
           Timer_A0                EE16 
               interrupt function
               calls direct
    -------------------------------------------------------------------------
INTVEC
  Common segment, address: FFE0 - FFE5 (0x6 bytes), align: 1
  Segment part 9. ROOT 
           ENTRY                   ADDRESS         REF BY
           =====                   =======         ======
           port1_ISR::??INTVEC 4   FFE4 
    -------------------------------------------------------------------------
INTVEC
  Common segment, address: FFE0 - FFF3 (0x14 bytes), align: 1
  Segment part 10. ROOT 
           ENTRY                   ADDRESS         REF BY
           =====                   =======         ======
           Timer_A0::??INTVEC 18   FFF2 
    -------------------------------------------------------------------------
INTVEC
  Common segment, address: FFE0 - FFFB (0x1c bytes), align: 1
  Segment part 11. ROOT 
           ENTRY                   ADDRESS         REF BY
           =====                   =======         ======
           Timer_A::??INTVEC 26    FFFA 

    *************************************************************************

  FILE NAME : F:\Graduate\Git_program\MSP430\Net\Debug\Obj\join.r43
  PROGRAM MODULE, NAME : join

  SEGMENTS IN THE MODULE
  ======================
DATA16_C
  Relative segment, address: E04A - E08D (0x44 bytes), align: 1
  Segment part 4.             Intra module refs:   Scan_Channel
                                                   SortChannel
           ENTRY                   ADDRESS         REF BY
           =====                   =======         ======
           ChannelList             E04A 
    -------------------------------------------------------------------------
DATA16_I
  Relative segment, address: 0205 - 0205 (0x1 bytes), align: 0
  Segment part 5.
           ENTRY                   ADDRESS         REF BY
           =====                   =======         ======
           StartChannel            0205            main (main)
    -------------------------------------------------------------------------
DATA16_I
  Relative segment, address: 0206 - 0206 (0x1 bytes), align: 0
  Segment part 7.
           ENTRY                   ADDRESS         REF BY
           =====                   =======         ======
           EndChannel              0206            main (main)
    -------------------------------------------------------------------------
DATA16_Z
  Relative segment, address: 02DE - 031D (0x40 bytes), align: 0
  Segment part 9.             Intra module refs:   Scan_Channel
                                                   SortChannel
           ENTRY                   ADDRESS         REF BY
           =====                   =======         ======
           ScanChannel             02DE 
    -------------------------------------------------------------------------
DATA16_Z
  Relative segment, address: 0220 - 0227 (0x8 bytes), align: 1
  Segment part 10.            Intra module refs:   CreatJoinRequest
           ENTRY                   ADDRESS         REF BY
           =====                   =======         ======
           JoinRequestPacket       0220 
    -------------------------------------------------------------------------
DATA16_Z
  Relative segment, address: 031E - 0323 (0x6 bytes), align: 0
  Segment part 11.            Intra module refs:   CreatJoinRequestACKOK
           ENTRY                   ADDRESS         REF BY
           =====                   =======         ======
           JoinRequestACKOKPacket
                                   031E 
    -------------------------------------------------------------------------
<CODE> 1 (was CODE)
  Relative segment, address: E48E - E583 (0xf6 bytes), align: 1
  Segment part 18.
           ENTRY                   ADDRESS         REF BY
           =====                   =======         ======
           Scan_Channel            E48E            main (main)
               calls direct
    -------------------------------------------------------------------------
<CODE> 1 (was CODE)
  Relative segment, address: E74E - E7FD (0xb0 bytes), align: 1
  Segment part 17.            Intra module refs:   SortChannel
           ENTRY                   ADDRESS         REF BY
           =====                   =======         ======
           bubble                  E74E 
               calls direct
    -------------------------------------------------------------------------
<CODE> 1 (was CODE)
  Relative segment, address: F32E - F385 (0x58 bytes), align: 1
  Segment part 16.
           ENTRY                   ADDRESS         REF BY
           =====                   =======         ======
           SortChannel             F32E            main (main)
               calls direct
    -------------------------------------------------------------------------
<CODE> 1 (was CODE)
  Relative segment, address: EFAE - F02F (0x82 bytes), align: 1
  Segment part 15.            Intra module refs:   SendJoinRequest
           ENTRY                   ADDRESS         REF BY
           =====                   =======         ======
           CreatJoinRequest        EFAE 
    -------------------------------------------------------------------------
<CODE> 1 (was CODE)
  Relative segment, address: FCCE - FCDD (0x10 bytes), align: 1
  Segment part 14.
           ENTRY                   ADDRESS         REF BY
           =====                   =======         ======
           SendJoinRequest         FCCE            Process_Event (ProcessEvent)
               calls direct
    -------------------------------------------------------------------------
<CODE> 1 (was CODE)
  Relative segment, address: EEA2 - EF29 (0x88 bytes), align: 1
  Segment part 13.            Intra module refs:   JoinRequestACKHandler
           ENTRY                   ADDRESS         REF BY
           =====                   =======         ======
           CreatJoinRequestACKOK   EEA2 
    -------------------------------------------------------------------------
<CODE> 1 (was CODE)
  Relative segment, address: F12C - F1A3 (0x78 bytes), align: 1
  Segment part 12.
           ENTRY                   ADDRESS         REF BY
           =====                   =======         ======
           JoinRequestACKHandler   F12C            Process_Event (ProcessEvent)
               calls direct
    -------------------------------------------------------------------------
DATA16_ID
  Relative segment, address: E0C1 - E0C1 (0x1 bytes), align: 0
  Segment part 6.             Intra module refs:   StartChannel
    -------------------------------------------------------------------------
DATA16_ID
  Relative segment, address: E0C2 - E0C2 (0x1 bytes), align: 0
  Segment part 8.             Intra module refs:   EndChannel

    *************************************************************************

  FILE NAME : F:\Graduate\Git_program\MSP430\Net\Debug\Obj\led.r43
  PROGRAM MODULE, NAME : led

  SEGMENTS IN THE MODULE
  ======================
<CODE> 1 (was CODE)
  Relative segment, address: FBA4 - FBBD (0x1a bytes), align: 1
  Segment part 6.
           ENTRY                   ADDRESS         REF BY
           =====                   =======         ======
           halLedSet               FBA4            AD_cal (adc)
                                                   IdentifyCar (detect)
                                                   halBoardInit (board)
    -------------------------------------------------------------------------
<CODE> 1 (was CODE)
  Relative segment, address: FC1E - FC33 (0x16 bytes), align: 1
  Segment part 5.
           ENTRY                   ADDRESS         REF BY
           =====                   =======         ======
           halLedClear             FC1E            AD_cal (adc)
                                                   IdentifyCar (detect)
    -------------------------------------------------------------------------
<CODE> 1 (was CODE)
  Relative segment, address: FC34 - FC49 (0x16 bytes), align: 1
  Segment part 4.
           ENTRY                   ADDRESS         REF BY
           =====                   =======         ======
           halLedToggle            FC34            Err_State (A7139)

    *************************************************************************

  FILE NAME : F:\Graduate\Git_program\MSP430\Net\Debug\Obj\mac.r43
  PROGRAM MODULE, NAME : mac

  SEGMENTS IN THE MODULE
  ======================
DATA16_AN
  Relative segment, address: 0170 - 0171 (0x2 bytes), align: 0
  Segment part 1. ROOT        Intra module refs:   CSMABackOff
           ENTRY                   ADDRESS         REF BY
           =====                   =======         ======
           TA0R                    0170 
    -------------------------------------------------------------------------
DATA16_Z
  Relative segment, address: 0228 - 0237 (0x10 bytes), align: 1
  Segment part 3.             Intra module refs:   BeaconHandler
                                                   CSMABackOff
                                                   PackValid
                                                   SendByCSMA
           ENTRY                   ADDRESS         REF BY
           =====                   =======         ======
           EndPointDevice          0228            CreatJoinRequest (join)
                                                   CreatJoinRequestACKOK (join)
                                                   CreatSendData (tdma)
                                                   DataACKHandler (tdma)
                                                   DataSend (tdma)
                                                   JoinRequestACKHandler (join)
                                                   RXMode (A7139)
                                                   RecvDataACK (tdma)
                                                   SendPack (A7139)
                                                   SortChannel (join)
                                                   Timer_A0 (interrupt)
                                                   main (main)
                                                   port1_ISR (interrupt)
    -------------------------------------------------------------------------
DATA16_Z
  Relative segment, address: 0324 - 032F (0xc bytes), align: 0
  Segment part 4.             Intra module refs:   PackValid
           ENTRY                   ADDRESS         REF BY
           =====                   =======         ======
           DataRecvBuffer          0324            JoinRequestACKHandler (join)
                                                   Process_Event (ProcessEvent)
                                                   RecvDataACK (tdma)
                                                   port1_ISR (interrupt)
    -------------------------------------------------------------------------
DATA16_Z
  Relative segment, address: 0330 - 033B (0xc bytes), align: 0
  Segment part 5.
           ENTRY                   ADDRESS         REF BY
           =====                   =======         ======
           DataSendBuffer          0330            CSMADataResend (tdma)
                                                   CreatJoinRequest (join)
                                                   CreatJoinRequestACKOK (join)
                                                   CreatSendData (tdma)
                                                   DataACKHandler (tdma)
                                                   SendJoinRequest (join)
                                                   SendPack (A7139)
    -------------------------------------------------------------------------
DATA16_Z
  Relative segment, address: 0238 - 0239 (0x2 bytes), align: 1
  Segment part 6.             Intra module refs:   CSMABackOff
           ENTRY                   ADDRESS         REF BY
           =====                   =======         ======
           CSMA_BackOff_Random     0238 
    -------------------------------------------------------------------------
DATA16_Z
  Relative segment, address: 033C - 033C (0x1 bytes), align: 0
  Segment part 7.             Intra module refs:   SendByCSMA
           ENTRY                   ADDRESS         REF BY
           =====                   =======         ======
           CSMA_BackOff_Count      033C 
    -------------------------------------------------------------------------
DATA16_Z
  Relative segment, address: 033D - 033D (0x1 bytes), align: 0
  Segment part 10.
           ENTRY                   ADDRESS         REF BY
           =====                   =======         ======
           Data_Change_Flag        033D            Timer_A0 (interrupt)
    -------------------------------------------------------------------------
<CODE> 1 (was CODE)
  Relative segment, address: FD04 - FD0F (0xc bytes), align: 1
  Segment part 15.
           ENTRY                   ADDRESS         REF BY
           =====                   =======         ======
           Unpack                  FD04            RecvDataACK (tdma)
                                                   port1_ISR (interrupt)
    -------------------------------------------------------------------------
<CODE> 1 (was CODE)
  Relative segment, address: F214 - F275 (0x62 bytes), align: 1
  Segment part 14.            Intra module refs:   SendByCSMA
           ENTRY                   ADDRESS         REF BY
           =====                   =======         ======
           CSMABackOff             F214 
               calls direct
    -------------------------------------------------------------------------
<CODE> 1 (was CODE)
  Relative segment, address: EBD0 - EC65 (0x96 bytes), align: 1
  Segment part 13.
           ENTRY                   ADDRESS         REF BY
           =====                   =======         ======
           SendByCSMA              EBD0            CSMADataResend (tdma)
                                                   SendJoinRequest (join)
               calls direct
    -------------------------------------------------------------------------
<CODE> 1 (was CODE)
  Relative segment, address: F386 - F3D9 (0x54 bytes), align: 1
  Segment part 12.
           ENTRY                   ADDRESS         REF BY
           =====                   =======         ======
           BeaconHandler           F386            Process_Event (ProcessEvent)
               calls direct
    -------------------------------------------------------------------------
<CODE> 1 (was CODE)
  Relative segment, address: F680 - F6C1 (0x42 bytes), align: 1
  Segment part 11.
           ENTRY                   ADDRESS         REF BY
           =====                   =======         ======
           PackValid               F680            RecvDataACK (tdma)
                                                   port1_ISR (interrupt)

    *************************************************************************

  FILE NAME : F:\Graduate\Git_program\MSP430\Net\Debug\Obj\main.r43
  PROGRAM MODULE, NAME : main

  SEGMENTS IN THE MODULE
  ======================
DATA16_Z
  Relative segment, address: 033E - 0349 (0xc bytes), align: 0
  Segment part 2.             Intra module refs:   main
           ENTRY                   ADDRESS         REF BY
           =====                   =======         ======
           normal_test             033E 
    -------------------------------------------------------------------------
<CODE> 1 (was CODE)
  Relative segment, address: F6C2 - F703 (0x42 bytes), align: 1
  Segment part 3.
           ENTRY                   ADDRESS         REF BY
           =====                   =======         ======
           main                    F6C2            Segment part 18 (?cstart)
               calls direct

    *************************************************************************

  FILE NAME : F:\Graduate\Git_program\MSP430\Net\Debug\Obj\mcu.r43
  PROGRAM MODULE, NAME : mcu

  SEGMENTS IN THE MODULE
  ======================
DATA16_AN
  Relative segment, address: 0056 - 0056 (0x1 bytes), align: 0
  Segment part 1. ROOT        Intra module refs:   halMcuInit
           ENTRY                   ADDRESS         REF BY
           =====                   =======         ======
           DCOCTL                  0056 
    -------------------------------------------------------------------------
DATA16_AN
  Relative segment, address: 0057 - 0057 (0x1 bytes), align: 0
  Segment part 2. ROOT        Intra module refs:   halMcuInit
           ENTRY                   ADDRESS         REF BY
           =====                   =======         ======
           BCSCTL1                 0057 
    -------------------------------------------------------------------------
DATA16_AN
  Relative segment, address: 0120 - 0121 (0x2 bytes), align: 0
  Segment part 3. ROOT        Intra module refs:   halMcuInit
                                                   time_init (timer)
           ENTRY                   ADDRESS         REF BY
           =====                   =======         ======
           WDTCTL                  0120 
    -------------------------------------------------------------------------
DATA16_AN
  Relative segment, address: 10F8 - 10F8 (0x1 bytes), align: 0
  Segment part 4. ROOT        Intra module refs:   halMcuInit
           ENTRY                   ADDRESS         REF BY
           =====                   =======         ======
           CALDCO_16MHZ            10F8 
    -------------------------------------------------------------------------
DATA16_AN
  Relative segment, address: 10F9 - 10F9 (0x1 bytes), align: 0
  Segment part 5. ROOT        Intra module refs:   halMcuInit
           ENTRY                   ADDRESS         REF BY
           =====                   =======         ======
           CALBC1_16MHZ            10F9 
    -------------------------------------------------------------------------
<CODE> 1 (was CODE)
  Relative segment, address: FB1C - FB3D (0x22 bytes), align: 1
  Segment part 9.
           ENTRY                   ADDRESS         REF BY
           =====                   =======         ======
           halMcuInit              FB1C            halBoardInit (board)

    *************************************************************************

  FILE NAME : F:\Graduate\Git_program\MSP430\Net\Debug\Obj\ProcessEvent.r43
  PROGRAM MODULE, NAME : ProcessEvent

  SEGMENTS IN THE MODULE
  ======================
DATA16_Z
  Relative segment, address: 034A - 034E (0x5 bytes), align: 0
  Segment part 2.             Intra module refs:   Init_TQ
                                                   Pop_T
                                                   PostTask
           ENTRY                   ADDRESS         REF BY
           =====                   =======         ======
           TQ                      034A 
    -------------------------------------------------------------------------
DATA16_Z
  Relative segment, address: 023A - 023B (0x2 bytes), align: 1
  Segment part 3.             Intra module refs:   Init_TQ
                                                   Pop_T
           ENTRY                   ADDRESS         REF BY
           =====                   =======         ======
           current_tsk             023A 
    -------------------------------------------------------------------------
DATA16_Z
  Relative segment, address: 023C - 023D (0x2 bytes), align: 1
  Segment part 4.             Intra module refs:   Init_TQ
                                                   PostTask
           ENTRY                   ADDRESS         REF BY
           =====                   =======         ======
           last_tsk                023C 
    -------------------------------------------------------------------------
<CODE> 1 (was CODE)
  Relative segment, address: FBBE - FBD7 (0x1a bytes), align: 1
  Segment part 8.
           ENTRY                   ADDRESS         REF BY
           =====                   =======         ======
           Init_TQ                 FBBE            halBoardInit (board)
    -------------------------------------------------------------------------
<CODE> 1 (was CODE)
  Relative segment, address: F9D6 - FA01 (0x2c bytes), align: 1
  Segment part 7.
           ENTRY                   ADDRESS         REF BY
           =====                   =======         ======
           PostTask                F9D6            BeaconHandler (mac)
                                                   CollectData (detect)
                                                   RecvDataACK (tdma)
                                                   Timer_A (interrupt)
                                                   Timer_A0 (interrupt)
                                                   port1_ISR (interrupt)
               calls direct
    -------------------------------------------------------------------------
<CODE> 1 (was CODE)
  Relative segment, address: F82A - F861 (0x38 bytes), align: 1
  Segment part 6.             Intra module refs:   Process_Event
           ENTRY                   ADDRESS         REF BY
           =====                   =======         ======
           Pop_T                   F82A 
               calls direct
    -------------------------------------------------------------------------
<CODE> 1 (was CODE)
  Relative segment, address: F1A4 - F213 (0x70 bytes), align: 1
  Segment part 5.
           ENTRY                   ADDRESS         REF BY
           =====                   =======         ======
           Process_Event           F1A4            main (main)
               calls direct

    *************************************************************************

  FILE NAME : F:\Graduate\Git_program\MSP430\Net\Debug\Obj\spi.r43
  PROGRAM MODULE, NAME : spi

  SEGMENTS IN THE MODULE
  ======================
DATA16_C
  Relative segment, address: E0A7 - E0AB (0x5 bytes), align: 0
  Segment part 5.             Intra module refs:   SPI3_Init
           ENTRY                   ADDRESS         REF BY
           =====                   =======         ======
           mosi_in                 E0A7 
    -------------------------------------------------------------------------
DATA16_C
  Relative segment, address: E0AC - E0B0 (0x5 bytes), align: 0
  Segment part 6.             Intra module refs:   SPI3_Init
           ENTRY                   ADDRESS         REF BY
           =====                   =======         ======
           mosi_out                E0AC 
    -------------------------------------------------------------------------
DATA16_C
  Relative segment, address: E0B1 - E0B5 (0x5 bytes), align: 0
  Segment part 8.             Intra module refs:   SPI3_Init
           ENTRY                   ADDRESS         REF BY
           =====                   =======         ======
           sck                     E0B1 
    -------------------------------------------------------------------------
DATA16_C
  Relative segment, address: E0B6 - E0BA (0x5 bytes), align: 0
  Segment part 9.             Intra module refs:   SPI3_Init
           ENTRY                   ADDRESS         REF BY
           =====                   =======         ======
           scs                     E0B6 
    -------------------------------------------------------------------------
<CODE> 1 (was CODE)
  Relative segment, address: FD66 - FD6B (0x6 bytes), align: 1
  Segment part 16.            Intra module refs:   SPIx_ReadByte
                                                   SPIx_ReadWord
           ENTRY                   ADDRESS         REF BY
           =====                   =======         ======
           MOSI_IN                 FD66 
    -------------------------------------------------------------------------
<CODE> 1 (was CODE)
  Relative segment, address: FD6C - FD71 (0x6 bytes), align: 1
  Segment part 15.            Intra module refs:   SPIx_ReadByte
                                                   SPIx_ReadWord
           ENTRY                   ADDRESS         REF BY
           =====                   =======         ======
           MOSI_OUT                FD6C 
    -------------------------------------------------------------------------
<CODE> 1 (was CODE)
  Relative segment, address: FA02 - FA2B (0x2a bytes), align: 1
  Segment part 14.
           ENTRY                   ADDRESS         REF BY
           =====                   =======         ======
           SPI3_Init               FA02            halBoardInit (board)
               calls direct
    -------------------------------------------------------------------------
<CODE> 1 (was CODE)
  Relative segment, address: F780 - F7B9 (0x3a bytes), align: 1
  Segment part 13.
           ENTRY                   ADDRESS         REF BY
           =====                   =======         ======
           SPIx_WriteByte          F780            A7139_ReadFIFO (A7139)
                                                   A7139_ReadReg (A7139)
                                                   A7139_SetCID (A7139)
                                                   A7139_StrobeCmd (A7139)
                                                   A7139_WriteFIFO (A7139)
                                                   A7139_WriteReg (A7139)
               calls direct
    -------------------------------------------------------------------------
<CODE> 1 (was CODE)
  Relative segment, address: F704 - F743 (0x40 bytes), align: 1
  Segment part 12.
           ENTRY                   ADDRESS         REF BY
           =====                   =======         ======
           SPIx_WriteWord          F704            A7139_WriteReg (A7139)
               calls direct
    -------------------------------------------------------------------------
<CODE> 1 (was CODE)
  Relative segment, address: F47E - F4CB (0x4e bytes), align: 1
  Segment part 11.
           ENTRY                   ADDRESS         REF BY
           =====                   =======         ======
           SPIx_ReadWord           F47E            A7139_ReadReg (A7139)
               calls direct
    -------------------------------------------------------------------------
<CODE> 1 (was CODE)
  Relative segment, address: F5F2 - F639 (0x48 bytes), align: 1
  Segment part 10.
           ENTRY                   ADDRESS         REF BY
           =====                   =======         ======
           SPIx_ReadByte           F5F2            A7139_ReadFIFO (A7139)
               calls direct

    *************************************************************************

  FILE NAME : F:\Graduate\Git_program\MSP430\Net\Debug\Obj\sys.r43
    *************************************************************************

  FILE NAME : F:\Graduate\Git_program\MSP430\Net\Debug\Obj\tdma.r43
  PROGRAM MODULE, NAME : tdma

  SEGMENTS IN THE MODULE
  ======================
DATA16_Z
  Relative segment, address: 023E - 0247 (0xa bytes), align: 1
  Segment part 4.             Intra module refs:   CreatSendData
           ENTRY                   ADDRESS         REF BY
           =====                   =======         ======
           DataPacket              023E 
    -------------------------------------------------------------------------
[...]
                                                   DataRecvBuffer (mac)
                                                   DataSendBuffer (mac)
                                                   Data_Change_Flag (mac)
                                                   EndPointDevice (mac)
                                                   Frame_Time (interrupt)
                                                   JoinRequestACKOKPacket (join)
                                                   JoinRequestPacket (join)
                                                   Magnet_Value (detect)
                                                   Receive_Timeout (interrupt)
                                                   ScanChannel (join)
                                                   Segment part 10 (?rand)
                                                   Segment part 7 (?rand)
                                                   Segment part 8 (?rand)
                                                   Segment part 9 (?rand)
                                                   TQ (ProcessEvent)
                                                   _Randinit (?rand)
                                                   __iar_Tls_setup__Randinit (?rand)
                                                   __iar_Tls_setup__Randseed (?rand)
                                                   collect_count (detect)
                                                   current_tsk (ProcessEvent)
                                                   last_tsk (ProcessEvent)
                                                   look (A7139)
                                                   normal_test (main)
                                                   resend_count (tdma)
                                                   send_time (tdma)
    -------------------------------------------------------------------------
CSTART
  Relative segment, address: E0D4 - E0E3 (0x10 bytes), align: 1
  Segment part 14.
           ENTRY                   ADDRESS         REF BY
           =====                   =======         ======
           ?cstart_init_copy       E0D4            EndChannel (join)
                                                   StartChannel (join)
                                                   Start_Collect (detect)
                                                   _Randseed (?rand)
    -------------------------------------------------------------------------
CSTART
  Relative segment, address: E0E4 - E0EB (0x8 bytes), align: 1
  Segment part 18.            Intra module refs:   Segment part 9
           ENTRY                   ADDRESS         REF BY
           =====                   =======         ======
           ?cstart_call_main       E0E4 
           ?cstart_end             E0EC 

    -------------------------------------------------------------------------
  LIBRARY MODULE, NAME : ?reset_vector

  SEGMENTS IN THE MODULE
  ======================
RESET
  Relative segment, address: FFFE - FFFF (0x2 bytes), align: 1
  Segment part 0.
           ENTRY                   ADDRESS         REF BY
           =====                   =======         ======
           ?reset_vector           FFFE            Segment part 9 (?cstart)

    -------------------------------------------------------------------------
  LIBRARY MODULE, NAME : ?Epilogue

  SEGMENTS IN THE MODULE
  ======================
<CODE> 1 (was CODE)
  Relative segment, address: FD28 - FD29 (0x2 bytes), align: 1
  Segment part 3.
           ENTRY                   ADDRESS         REF BY
           =====                   =======         ======
           ?Epilogue5              FD28            A7139_SetFreq (A7139)
    -------------------------------------------------------------------------
<CODE> 1 (was CODE)
  Relative segment, address: FD2A - FD2B (0x2 bytes), align: 1
  Segment part 4.             Intra module refs:   ?Epilogue5
           ENTRY                   ADDRESS         REF BY
           =====                   =======         ======
           ?Epilogue4              FD2A 
    -------------------------------------------------------------------------
<CODE> 1 (was CODE)
  Relative segment, address: FD2C - FD33 (0x8 bytes), align: 1
  Segment part 5.             Intra module refs:   ?Epilogue4
           ENTRY                   ADDRESS         REF BY
           =====                   =======         ======
           ?Epilogue3              FD2C            Scan_Channel (join)
                                                   bubble (join)

    -------------------------------------------------------------------------
  LIBRARY MODULE, NAME : ?exit

  SEGMENTS IN THE MODULE
  ======================
<CODE> 1 (was CODE)
  Relative segment, address: FD72 - FD75 (0x4 bytes), align: 1
  Segment part 2.
           ENTRY                   ADDRESS         REF BY
           =====                   =======         ======
           exit                    FD72            Segment part 18 (?cstart)
               calls direct

    -------------------------------------------------------------------------
  LIBRARY MODULE, NAME : ?Cast32f32i

  SEGMENTS IN THE MODULE
  ======================
<CODE> 1 (was CODE)
  Relative segment, address: F0AE - F12B (0x7e bytes), align: 1
  Segment part 1.
           ENTRY                   ADDRESS         REF BY
           =====                   =======         ======
           _Cast32uto32f           F0AE            A7139_SetFreq (A7139)

    -------------------------------------------------------------------------
  LIBRARY MODULE, NAME : _Cast32fto32u

  SEGMENTS IN THE MODULE
  ======================
<CODE> 1 (was CODE)
  Relative segment, address: FCF8 - FD03 (0xc bytes), align: 1
  Segment part 0.
           ENTRY                   ADDRESS         REF BY
           =====                   =======         ======
           _Cast32fto32u           FCF8            A7139_SetFreq (A7139)

    -------------------------------------------------------------------------
  LIBRARY MODULE, NAME : ?FLT_Extract

  SEGMENTS IN THE MODULE
  ======================
<CODE> 1 (was CODE)
  Relative segment, address: F4CC - F517 (0x4c bytes), align: 1
  Segment part 0.
           ENTRY                   ADDRESS         REF BY
           =====                   =======         ======
           ?FLT_Extract            F4CC            _Cast32fto32u (_Cast32fto32u)

    -------------------------------------------------------------------------
  LIBRARY MODULE, NAME : ?FLT_LT

  SEGMENTS IN THE MODULE
  ======================
<CODE> 1 (was CODE)
  Relative segment, address: F3DA - F42B (0x52 bytes), align: 1
  Segment part 0.
           ENTRY                   ADDRESS         REF BY
           =====                   =======         ======
           ?FLT_LT                 F3DA            _CmpLt32f (_CmpLt32f)

    -------------------------------------------------------------------------
  LIBRARY MODULE, NAME : _CmpLt32f

  SEGMENTS IN THE MODULE
  ======================
<CODE> 1 (was CODE)
  Relative segment, address: FD34 - FD3D (0xa bytes), align: 1
  Segment part 0.
           ENTRY                   ADDRESS         REF BY
           =====                   =======         ======
           _CmpLt32f               FD34            A7139_SetFreq (A7139)

    -------------------------------------------------------------------------
  LIBRARY MODULE, NAME : _Mul32f

  SEGMENTS IN THE MODULE
  ======================
<CODE> 1 (was CODE)
  Relative segment, address: E37E - E48D (0x110 bytes), align: 1
  Segment part 0.
           ENTRY                   ADDRESS         REF BY
           =====                   =======         ======
           _Mul32f                 E37E            A7139_SetFreq (A7139)

    -------------------------------------------------------------------------
  LIBRARY MODULE, NAME : _Div32f

  SEGMENTS IN THE MODULE
  ======================
<CODE> 1 (was CODE)
  Relative segment, address: E24E - E37D (0x130 bytes), align: 1
  Segment part 0.
           ENTRY                   ADDRESS         REF BY
           =====                   =======         ======
           _Div32f                 E24E            A7139_SetFreq (A7139)

    -------------------------------------------------------------------------
  LIBRARY MODULE, NAME : _Add32f

  SEGMENTS IN THE MODULE
  ======================
<CODE> 1 (was CODE)
  Relative segment, address: E0EC - E0EF (0x4 bytes), align: 1
  Segment part 0.
           ENTRY                   ADDRESS         REF BY
           =====                   =======         ======
           _Sub32f                 E0EC            A7139_SetFreq (A7139)
    -------------------------------------------------------------------------
<CODE> 1 (was CODE)
  Relative segment, address: E0F0 - E24D (0x15e bytes), align: 1
  Segment part 1.             Intra module refs:   _Sub32f
           ENTRY                   ADDRESS         REF BY
           =====                   =======         ======
           _Add32f                 E0F0 

    -------------------------------------------------------------------------
  LIBRARY MODULE, NAME : ?Mul816

  SEGMENTS IN THE MODULE
  ======================
<CODE> 1 (was CODE)
  Relative segment, address: F950 - F97D (0x2e bytes), align: 1
  Segment part 1.
           ENTRY                   ADDRESS         REF BY
           =====                   =======         ======
           ?Mul16                  F950            CSMABackOff (mac)
           ?Mul16to32u             F950 

    -------------------------------------------------------------------------
  LIBRARY MODULE, NAME : ?Mul32

  SEGMENTS IN THE MODULE
  ======================
<CODE> 1 (was CODE)
  Relative segment, address: F8C4 - F8F3 (0x30 bytes), align: 1
  Segment part 0.
           ENTRY                   ADDRESS         REF BY
           =====                   =======         ======
           ?Mul32                  F8C4            DataSend (tdma)
                                                   Segment part 13 (?rand)
                                                   SendByCSMA (mac)

    -------------------------------------------------------------------------
  LIBRARY MODULE, NAME : ?DivMod816u

  SEGMENTS IN THE MODULE
  ======================
<CODE> 1 (was CODE)
  Relative segment, address: FBF0 - FC07 (0x18 bytes), align: 1
  Segment part 1.
           ENTRY                   ADDRESS         REF BY
           =====                   =======         ======
           ?DivMod16u              FBF0            ?DivMod16s (?DivMod816s)
                                                   CSMABackOff (mac)
                                                   Pop_T (ProcessEvent)
                                                   PostTask (ProcessEvent)

    -------------------------------------------------------------------------
  LIBRARY MODULE, NAME : ?DivMod816s

  SEGMENTS IN THE MODULE
  ======================
<CODE> 1 (was CODE)
  Relative segment, address: F894 - F8C3 (0x30 bytes), align: 1
  Segment part 1.
           ENTRY                   ADDRESS         REF BY
           =====                   =======         ======
           ?DivMod16s              F894            BeaconHandler (mac)
                                                   IdentifyCar (detect)
                                                   SendByCSMA (mac)

    -------------------------------------------------------------------------
  LIBRARY MODULE, NAME : ?DivMod32u

  SEGMENTS IN THE MODULE
  ======================
<CODE> 1 (was CODE)
  Relative segment, address: F7F2 - F829 (0x38 bytes), align: 1
  Segment part 0.
           ENTRY                   ADDRESS         REF BY
           =====                   =======         ======
           ?DivMod32u              F7F2            DataSend (tdma)
                                                   SendByCSMA (mac)

    -------------------------------------------------------------------------
  LIBRARY MODULE, NAME : ?ShiftLeft16

  SEGMENTS IN THE MODULE
  ======================
<CODE> 1 (was CODE)
  Relative segment, address: FD10 - FD1B (0xc bytes), align: 1
  Segment part 0.
           ENTRY                   ADDRESS         REF BY
           =====                   =======         ======
           ?ShiftLeft16            FD10            halDigioConfig (digio)

    -------------------------------------------------------------------------
  LIBRARY MODULE, NAME : ?memcpy

  SEGMENTS IN THE MODULE
  ======================
<CODE> 1 (was CODE)
  Relative segment, address: FC8A - FC9B (0x12 bytes), align: 1
  Segment part 2.
           ENTRY                   ADDRESS         REF BY
           =====                   =======         ======
           memcpy                  FC8A            __data16_memcpy (?memzero)

    -------------------------------------------------------------------------
  LIBRARY MODULE, NAME : ?memzero

  SEGMENTS IN THE MODULE
  ======================
<CODE> 1 (was CODE)
  Relative segment, address: FC9C - FCAD (0x12 bytes), align: 1
  Segment part 4.
           ENTRY                   ADDRESS         REF BY
           =====                   =======         ======
           __data16_memzero        FC9C            ?cstart_init_zero (?cstart)
    -------------------------------------------------------------------------
<CODE> 1 (was CODE)
  Relative segment, address: FD7A - FD7D (0x4 bytes), align: 1
  Segment part 3.
           ENTRY                   ADDRESS         REF BY
           =====                   =======         ======
           __data16_memcpy         FD7A            ?cstart_init_copy (?cstart)
               calls direct

    -------------------------------------------------------------------------
  LIBRARY MODULE, NAME : ?rand

  SEGMENTS IN THE MODULE
  ======================
DATA16_Z
  Relative segment, address: 034F - 034F (0x1 bytes), align: 0
  Segment part 2.             Intra module refs:   rand
           ENTRY                   ADDRESS         REF BY
           =====                   =======         ======
           _Randinit               034F 
    -------------------------------------------------------------------------
DATA16_Z
  Relative segment, address: 0250 - 0251 (0x2 bytes), align: 1
  Segment part 3.             Intra module refs:   rand
           ENTRY                   ADDRESS         REF BY
           =====                   =======         ======
           __iar_Tls_setup__Randinit
                                   0250 
    -------------------------------------------------------------------------
DATA16_I
  Relative segment, address: 0200 - 0203 (0x4 bytes), align: 1
  Segment part 4.             Intra module refs:   Segment part 12
                                                   rand
           ENTRY                   ADDRESS         REF BY
           =====                   =======         ======
           _Randseed               0200 
    -------------------------------------------------------------------------
DATA16_Z
  Relative segment, address: 0252 - 0253 (0x2 bytes), align: 1
  Segment part 6.             Intra module refs:   rand
           ENTRY                   ADDRESS         REF BY
           =====                   =======         ======
           __iar_Tls_setup__Randseed
                                   0252 
    -------------------------------------------------------------------------
DATA16_Z
  Relative segment, address: 0254 - 0257 (0x4 bytes), align: 1
  Segment part 7.             Intra module refs:   rand
    -------------------------------------------------------------------------
DATA16_Z
  Relative segment, address: 0258 - 0259 (0x2 bytes), align: 1
  Segment part 8.             Intra module refs:   rand
    -------------------------------------------------------------------------
DATA16_Z
  Relative segment, address: 025A - 02D9 (0x80 bytes), align: 1
  Segment part 9.             Intra module refs:   rand
    -------------------------------------------------------------------------
DATA16_Z
  Relative segment, address: 02DA - 02DB (0x2 bytes), align: 1
  Segment part 10.            Intra module refs:   rand
    -------------------------------------------------------------------------
<CODE> 1 (was CODE)
  Relative segment, address: E7FE - E8A5 (0xa8 bytes), align: 1
  Segment part 11.
           ENTRY                   ADDRESS         REF BY
           =====                   =======         ======
           rand                    E7FE            CSMABackOff (mac)
               calls direct and indirect
    -------------------------------------------------------------------------
<CODE> 1 (was CODE)
  Relative segment, address: FC08 - FC1D (0x16 bytes), align: 1
  Segment part 12.            Intra module refs:   rand
    -------------------------------------------------------------------------
<CODE> 1 (was CODE)
  Relative segment, address: FC60 - FC75 (0x16 bytes), align: 1
  Segment part 13.            Intra module refs:   Segment part 12
                                                   rand
    -------------------------------------------------------------------------
DATA16_ID
  Relative segment, address: E0BC - E0BF (0x4 bytes), align: 1
  Segment part 5.             Intra module refs:   _Randseed




                ****************************************
                *                                      *
                *      SEGMENTS IN ADDRESS ORDER       *
                *                                      *
                ****************************************


SEGMENT              SPACE    START ADDRESS   END ADDRESS     SIZE  TYPE  ALIGN
=======              =====    =============   ===========     ====  ====  =====
DATA16_AN                              0003 - 0003               1   rel    0
                                       0018 - 001B               4 
                                       0020 - 002E               F 
                                       004A - 004A               1 
                                       0056 - 0057               2 
                                       0061 - 0064               4 
                                       0067 - 0067               1 
                                       0120 - 0121               2 
                                       0128 - 012D               6 
                                       0160 - 0163               4 
                                       0170 - 0173               4 
                                       0180 - 0183               4 
                                       0192 - 0193               2 
                                       01B0 - 01B5               6 
DATA16_I                               0200 - 0206               7   rel    1
DATA16_Z                               0208 - 034F             148   rel    1
CSTACK                                 03B0 - 03FF              50   rel    1
DATA16_AN                              10F8 - 10F9               2   rel    0
DATA16_C                               E000 - E0BA              BB   rel    1
DATA16_ID                              E0BC - E0C2               7   rel    1
CSTART                                 E0C4 - E0EB              28   rel    1
<CODE> 1                               E0EC - FD87            1C9C   rel    1
INTVEC                                 FFE0 - FFFB              1C   com    1
RESET                                  FFFE - FFFF               2   rel    1

                ****************************************
                *                                      *
                *        END OF CROSS REFERENCE        *
                *                                      *
                ****************************************

 7 394 bytes of CODE  memory
   415 bytes of DATA  memory (+ 58 absolute )
   194 bytes of CONST memory

Errors: none
Warnings: none

