################################################################################
#                                                                              #
#      IAR Universal Linker V6.2.0.62                                          #
#                                                                              #
#           Link time     =  11/Jun/2015  15:01:30                             #
#           Target CPU    =  MSP430                                            #
#           List file     =  F:\Graduate\Git_program\MSP430\Net\Debug\List\net #
#                            .map                                              #
#           Output file 1 =  F:\Graduate\Git_program\MSP430\Net\Debug\Exe\net. #
#                            d43                                               #
#                            Format: ubrof10                                   #
#                            UBROF version 10.0.6                              #
#                            Using library modules for C-SPY (-rt)             #
#           Command line  =  F:\Graduate\Git_program\MSP430\Net\Debug\Obj\A713 #
#                            9.r43                                             #
#                            F:\Graduate\Git_program\MSP430\Net\Debug\Obj\A713 #
#                            9_CONFIG.r43                                      #
#                            F:\Graduate\Git_program\MSP430\Net\Debug\Obj\adc. #
#                            r43                                               #
#                            F:\Graduate\Git_program\MSP430\Net\Debug\Obj\boar #
#                            d.r43                                             #
#                            F:\Graduate\Git_program\MSP430\Net\Debug\Obj\dela #
#                            y.r43                                             #
#                            F:\Graduate\Git_program\MSP430\Net\Debug\Obj\dete #
#                            ct.r43                                            #
#                            F:\Graduate\Git_program\MSP430\Net\Debug\Obj\digi #
#                            o.r43                                             #
#                            F:\Graduate\Git_program\MSP430\Net\Debug\Obj\flas #
#                            h.r43                                             #
#                            F:\Graduate\Git_program\MSP430\Net\Debug\Obj\int. #
#                            r43                                               #
#                            F:\Graduate\Git_program\MSP430\Net\Debug\Obj\inte #
#                            rrupt.r43                                         #
#                            F:\Graduate\Git_program\MSP430\Net\Debug\Obj\join #
#                            .r43                                              #
#                            F:\Graduate\Git_program\MSP430\Net\Debug\Obj\led. #
#                            r43                                               #
#                            F:\Graduate\Git_program\MSP430\Net\Debug\Obj\mac. #
#                            r43                                               #
#                            F:\Graduate\Git_program\MSP430\Net\Debug\Obj\main #
#                            .r43                                              #
#                            F:\Graduate\Git_program\MSP430\Net\Debug\Obj\mcu. #
#                            r43                                               #
#                            F:\Graduate\Git_program\MSP430\Net\Debug\Obj\Proc #
#                            essEvent.r43                                      #
#                            F:\Graduate\Git_program\MSP430\Net\Debug\Obj\spi. #
#                            r43                                               #
#                            F:\Graduate\Git_program\MSP430\Net\Debug\Obj\sys. #
#                            r43                                               #
#                            F:\Graduate\Git_program\MSP430\Net\Debug\Obj\tdma #
#                            .r43                                              #
#                            F:\Graduate\Git_program\MSP430\Net\Debug\Obj\time #
#                            r.r43                                             #
#                            F:\Graduate\Git_program\MSP430\Net\Debug\Obj\uart #
#                            .r43                                              #
#                            -o                                                #
#                            F:\Graduate\Git_program\MSP430\Net\Debug\Exe\net. #
#                            d43                                               #
#                            -l                                                #
#                            F:\Graduate\Git_program\MSP430\Net\Debug\List\net #
#                            .map                                              #
#                            -xms                                              #
#                            "-IE:\Program Files (x86)\IAR Systems\Embedded Wo #
#                            rkbench MSP430 7.2\430\LIB\"                      #
#                            -f                                                #
#                            "E:\Program Files (x86)\IAR Systems\Embedded Work #
#                            bench MSP430 7.2\430\config\linker\lnk430f2132.xc #
#                            l"                                                #
#                            (-cmsp430 -QCODE_I=CODE_ID -QTLS16_I=TLS16_ID     #
#                            -Z(CONST)INFO=1000-10FF                           #
#                            -Z(CONST)INFOA=10C0-10FF                          #
#                            -Z(CONST)INFOB=1080-10BF                          #
#                            -Z(CONST)INFOC=1040-107F                          #
#                            -Z(CONST)INFOD=1000-103F                          #
#                            -Z(DATA)DATA16_I,DATA16_Z,DATA16_N,TLS16_I=0200-0 #
#                            3FF                                               #
#                            -Z(DATA)DATA16_HEAP+_DATA16_HEAP_SIZE             #
#                            -Z(DATA)CODE_I -Z(DATA)CSTACK+_STACK_SIZE#        #
#                            -Z(CONST)DATA16_C,DATA16_ID,TLS16_ID,DIFUNCT,CHEC #
#                            KSUM=E000-FFDF                                    #
#                            -Z(CODE)CSTART,ISR_CODE,CODE_ID=E000-FFDF         #
#                            -P(CODE)CODE=E000-FFDF -Z(CODE)INTVEC=FFE0-FFFF   #
#                            -Z(CODE)RESET=FFFE-FFFF) -D_STACK_SIZE=50 -rt     #
#                            "E:\Program Files (x86)\IAR Systems\Embedded Work #
#                            bench MSP430 7.2\430\lib\dlib\dl430fn.r43"        #
#                            -D_DATA16_HEAP_SIZE=50 -s __program_start         #
#                            -D_DATA20_HEAP_SIZE=50                            #
#                                                                              #
#                           Copyright (C) 1987-2015 IAR Systems AB.            #
################################################################################





                ****************************************
                *                                      *
                *           CROSS REFERENCE            *
                *                                      *
                ****************************************

       Program entry at :           E0C8  Relocatable, from module : ?cstart




                ****************************************
                *                                      *
                *            RUNTIME MODEL             *
                *                                      *
                ****************************************

  __Heap_Handler             = Basic
  __SystemLibrary            = DLib
  __core                     = 430
  __dlib_file_descriptor     = 0
  __dlib_full_locale_support = 0
  __double_size              = 32
  __pic                      = no
  __reg_r4                   = free
  __reg_r5                   = free
  __rt_version               = 3

                ****************************************
                *                                      *
                *    AUTOMATIC SYMBOL REDIRECTIONS     *
                *                                      *
                ****************************************

                  There are no automatic symbol redirections.



                ****************************************
                *                                      *
                *              MODULE MAP              *
                *                                      *
                ****************************************


  DEFINED ABSOLUTE ENTRIES
    *************************************************************************

  DEFINED ABSOLUTE ENTRIES
  PROGRAM MODULE, NAME : ?ABS_ENTRY_MOD

Absolute parts
           ENTRY                   ADDRESS         REF BY
           =====                   =======         ======
           _DATA20_HEAP_SIZE       0050 
           _DATA16_HEAP_SIZE       0050 
           _STACK_SIZE             0050 
    *************************************************************************

  FILE NAME : F:\Graduate\Git_program\MSP430\Net\Debug\Obj\A7139.r43
  PROGRAM MODULE, NAME : A7139

  SEGMENTS IN THE MODULE
  ======================
DATA16_AN
  Relative segment, address: 0020 - 0020 (0x1 bytes), align: 0
  Segment part 1. ROOT        Intra module refs:   RecvDataACK (tdma)
                                                   Scan_Channel (join)
                                                   SendPack
           ENTRY                   ADDRESS         REF BY
           =====                   =======         ======
           P1IN                    0020 
    -------------------------------------------------------------------------
DATA16_AN
  Relative segment, address: 0019 - 0019 (0x1 bytes), align: 0
  Segment part 2. ROOT        Intra module refs:   A7139_Init
                                                   A7139_ReadFIFO
                                                   A7139_ReadReg
                                                   A7139_SetCID
                                                   A7139_StrobeCmd
                                                   A7139_WriteFIFO
                                                   A7139_WriteReg
                                                   SPI3_Init (spi)
                                                   SPIx_ReadByte (spi)
                                                   SPIx_ReadWord (spi)
                                                   SPIx_WriteByte (spi)
                                                   SPIx_WriteWord (spi)
                                                   SampleChannel (adc)
                                                   halDigioConfig (digio)
           ENTRY                   ADDRESS         REF BY
           =====                   =======         ======
           P3OUT                   0019 
    -------------------------------------------------------------------------
<CODE> 1 (was CODE)
  Relative segment, address: FD14 - FD35 (0x22 bytes), align: 1
  Segment part 39.            Intra module refs:   A7139_Cal
                                                   A7139_Config
                                                   A7139_GetRSSI
                                                   A7139_ReadPageA
                                                   A7139_SetFreq
                                                   A7139_WritePageA
                                                   A7139_WritePageB
           LOCAL                   ADDRESS         
           =====                   =======         
           A7139_WriteReg          FD14 
               calls direct
    -------------------------------------------------------------------------
<CODE> 1 (was CODE)
  Relative segment, address: FCC8 - FCED (0x26 bytes), align: 1
  Segment part 38.            Intra module refs:   A7139_Cal
                                                   A7139_Config
                                                   A7139_GetRSSI
                                                   A7139_ReadPageA
           LOCAL                   ADDRESS         
           =====                   =======         
           A7139_ReadReg           FCC8 
               calls direct
    -------------------------------------------------------------------------
<CODE> 1 (was CODE)
  Relative segment, address: FBA6 - FBD1 (0x2c bytes), align: 1
  Segment part 37.            Intra module refs:   A7139_Cal
                                                   A7139_Config
                                                   A7139_SetPackLen
           LOCAL                   ADDRESS         
           =====                   =======         
           A7139_WritePageA        FBA6 
               calls direct
    -------------------------------------------------------------------------
<CODE> 1 (was CODE)
  Relative segment, address: FAF0 - FB1D (0x2e bytes), align: 1
  Segment part 36.            Intra module refs:   A7139_Config
                                                   A7139_SetFreq
           LOCAL                   ADDRESS         
           =====                   =======         
           A7139_WritePageB        FAF0 
               calls direct
    -------------------------------------------------------------------------
<CODE> 1 (was CODE)
  Relative segment, address: FCA0 - FCC7 (0x28 bytes), align: 1
  Segment part 35.            Intra module refs:   A7139_Cal
           LOCAL                   ADDRESS         
           =====                   =======         
           A7139_ReadPageA         FCA0 
               calls direct
    -------------------------------------------------------------------------
DATA16_Z
  Relative segment, address: 020C - 020D (0x2 bytes), align: 1
  Segment part 4.             Intra module refs:   A7139_Config
           ENTRY                   ADDRESS         REF BY
           =====                   =======         ======
           look                    020C 
    -------------------------------------------------------------------------
<CODE> 1 (was CODE)
  Relative segment, address: EF74 - EFFF (0x8c bytes), align: 1
  Segment part 34.            Intra module refs:   A7139_Init
           LOCAL                   ADDRESS         
           =====                   =======         
           A7139_Config            EF74 
               calls direct
    -------------------------------------------------------------------------
<CODE> 1 (was CODE)
  Relative segment, address: FE22 - FE37 (0x16 bytes), align: 1
  Segment part 33.            Intra module refs:   A7139_Cal
                                                   A7139_Config
           ENTRY                   ADDRESS         REF BY
           =====                   =======         ======
           Err_State               FE22 
               calls direct
    -------------------------------------------------------------------------
<CODE> 1 (was CODE)
  Relative segment, address: E736 - E825 (0xf0 bytes), align: 1
  Segment part 32.            Intra module refs:   A7139_Init
           ENTRY                   ADDRESS         REF BY
           =====                   =======         ======
           A7139_Cal               E736            Scan_Channel (join)
                                                   SortChannel (join)
               calls direct
    -------------------------------------------------------------------------
<CODE> 1 (was CODE)
  Relative segment, address: E826 - E8FF (0xda bytes), align: 1
  Segment part 31.            Intra module refs:   A7139_Init
           ENTRY                   ADDRESS         REF BY
           =====                   =======         ======
           A7139_SetFreq           E826            Scan_Channel (join)
                                                   SortChannel (join)
               calls direct
    -------------------------------------------------------------------------
<CODE> 1 (was CODE)
  Relative segment, address: FF08 - FF15 (0xe bytes), align: 1
  Segment part 29.            Intra module refs:   A7139_DeepSleep
                                                   A7139_Deep_Wake
                                                   A7139_GetRSSI
                                                   A7139_Init
                                                   A7139_ReadFIFO
                                                   A7139_SetFreq
                                                   A7139_SetPackLen
                                                   A7139_Sleep
                                                   A7139_Wake
                                                   A7139_WriteFIFO
                                                   RXMode
                                                   SendPack
           ENTRY                   ADDRESS         REF BY
           =====                   =======         ======
           A7139_StrobeCmd         FF08            Timer_A0 (interrupt)
                                                   port1_ISR (interrupt)
               calls direct
    -------------------------------------------------------------------------
<CODE> 1 (was CODE)
  Relative segment, address: F28A - F307 (0x7e bytes), align: 1
  Segment part 28.            Intra module refs:   A7139_Deep_Wake
           ENTRY                   ADDRESS         REF BY
           =====                   =======         ======
           A7139_Init              F28A            ReJoinHandler (join)
                                                   halBoardInit (board)
               calls direct
    -------------------------------------------------------------------------
<CODE> 1 (was CODE)
  Relative segment, address: F4BC - F515 (0x5a bytes), align: 1
  Segment part 27.            Intra module refs:   A7139_Init
           ENTRY                   ADDRESS         REF BY
           =====                   =======         ======
           A7139_SetCID            F4BC 
               calls direct
    -------------------------------------------------------------------------
<CODE> 1 (was CODE)
  Relative segment, address: FA26 - FA5D (0x38 bytes), align: 1
  Segment part 24.            Intra module refs:   A7139_Config
           ENTRY                   ADDRESS         REF BY
           =====                   =======         ======
           A7139_SetPackLen        FA26 
               calls direct
    -------------------------------------------------------------------------
<CODE> 1 (was CODE)
  Relative segment, address: F45E - F4BB (0x5e bytes), align: 1
  Segment part 22.            Intra module refs:   SendPack
           ENTRY                   ADDRESS         REF BY
           =====                   =======         ======
           A7139_WriteFIFO         F45E 
               calls direct
    -------------------------------------------------------------------------
<CODE> 1 (was CODE)
  Relative segment, address: F8BA - F8FF (0x46 bytes), align: 1
  Segment part 21.
           ENTRY                   ADDRESS         REF BY
           =====                   =======         ======
           A7139_ReadFIFO          F8BA            RecvDataACK (tdma)
                                                   Scan_Channel (join)
                                                   port1_ISR (interrupt)
               calls direct
    -------------------------------------------------------------------------
<CODE> 1 (was CODE)
  Relative segment, address: EDB2 - EE4F (0x9e bytes), align: 1
  Segment part 19.
           ENTRY                   ADDRESS         REF BY
           =====                   =======         ======
           A7139_GetRSSI           EDB2            Scan_Channel (join)
                                                   SendByCSMA (mac)
               calls direct
    -------------------------------------------------------------------------
<CODE> 1 (was CODE)
  Relative segment, address: FFA6 - FFA7 (0x2 bytes), align: 1
  Segment part 15.            Intra module refs:   A7139_Init
           ENTRY                   ADDRESS         REF BY
           =====                   =======         ======
           Correct_State           FFA6 
    -------------------------------------------------------------------------
<CODE> 1 (was CODE)
  Relative segment, address: FB7A - FBA5 (0x2c bytes), align: 1
  Segment part 12.            Intra module refs:   A7139_Deep_Wake
                                                   A7139_WakeToRecv
           ENTRY                   ADDRESS         REF BY
           =====                   =======         ======
           RXMode                  FB7A            DataSend (tdma)
                                                   Interrupt_Init (interrupt)
                                                   JoinRequestACKHandler (join)
                                                   RecvDataACK (tdma)
                                                   Scan_Channel (join)
                                                   SendByCSMA (mac)
               calls direct
    -------------------------------------------------------------------------
<CODE> 1 (was CODE)
  Relative segment, address: F874 - F8B9 (0x46 bytes), align: 1
  Segment part 11.
           ENTRY                   ADDRESS         REF BY
           =====                   =======         ======
           SendPack                F874            DataSend (tdma)
                                                   JoinRequestACKHandler (join)
                                                   SendByCSMA (mac)
               calls direct
    -------------------------------------------------------------------------
<CODE> 1 (was CODE)
  Relative segment, address: FF5A - FF61 (0x8 bytes), align: 1
  Segment part 10.
           ENTRY                   ADDRESS         REF BY
           =====                   =======         ======
           A7139_Sleep             FF5A            BeaconHandler (mac)
                                                   CSMADataResend (tdma)
                                                   DataSend (tdma)
               calls direct
    -------------------------------------------------------------------------
<CODE> 1 (was CODE)
  Relative segment, address: FF62 - FF69 (0x8 bytes), align: 1
  Segment part 9.
           ENTRY                   ADDRESS         REF BY
           =====                   =======         ======
           A7139_DeepSleep         FF62            JoinRequestACKHandler (join)
                                                   RecvDataACK (tdma)
               calls direct
    -------------------------------------------------------------------------
<CODE> 1 (was CODE)
  Relative segment, address: FCEE - FD13 (0x26 bytes), align: 1
  Segment part 8.             Intra module refs:   A7139_WakeToRecv
           ENTRY                   ADDRESS         REF BY
           =====                   =======         ======
           A7139_Wake              FCEE            DataSend (tdma)
               calls direct
    -------------------------------------------------------------------------
<CODE> 1 (was CODE)
  Relative segment, address: FF72 - FF79 (0x8 bytes), align: 1
  Segment part 7.
           ENTRY                   ADDRESS         REF BY
           =====                   =======         ======
           A7139_WakeToRecv        FF72            Process_Event (ProcessEvent)
               calls direct
    -------------------------------------------------------------------------
<CODE> 1 (was CODE)
  Relative segment, address: FD9C - FDBD (0x22 bytes), align: 1
  Segment part 6.
           ENTRY                   ADDRESS         REF BY
           =====                   =======         ======
           A7139_Deep_Wake         FD9C            IdentifyCar (detect)
               calls direct

    *************************************************************************

  FILE NAME : F:\Graduate\Git_program\MSP430\Net\Debug\Obj\A7139_CONFIG.r43
  PROGRAM MODULE, NAME : A7139_CONFIG

  SEGMENTS IN THE MODULE
  ======================
DATA16_C
  Relative segment, address: E000 - E01F (0x20 bytes), align: 1
  Segment part 2.
           ENTRY                   ADDRESS         REF BY
           =====                   =======         ======
           A7139Config             E000            A7139_Cal (A7139)
                                                   A7139_Config (A7139)
                                                   A7139_GetRSSI (A7139)
                                                   A7139_ReadPageA (A7139)
                                                   A7139_SetFreq (A7139)
                                                   A7139_WritePageA (A7139)
                                                   A7139_WritePageB (A7139)
    -------------------------------------------------------------------------
DATA16_C
  Relative segment, address: E020 - E03F (0x20 bytes), align: 1
  Segment part 3.
           ENTRY                   ADDRESS         REF BY
           =====                   =======         ======
           A7139Config_PageA       E020            A7139_Cal (A7139)
                                                   A7139_Config (A7139)
                                                   A7139_SetPackLen (A7139)
    -------------------------------------------------------------------------
DATA16_C
  Relative segment, address: E040 - E049 (0xa bytes), align: 1
  Segment part 4.
           ENTRY                   ADDRESS         REF BY
           =====                   =======         ======
           A7139Config_PageB       E040            A7139_Config (A7139)

    *************************************************************************

  FILE NAME : F:\Graduate\Git_program\MSP430\Net\Debug\Obj\adc.r43
  PROGRAM MODULE, NAME : adc

  SEGMENTS IN THE MODULE
  ======================
DATA16_AN
  Relative segment, address: 004A - 004A (0x1 bytes), align: 0
  Segment part 1. ROOT        Intra module refs:   SampleChannel
           ENTRY                   ADDRESS         REF BY
           =====                   =======         ======
           ADC10AE0                004A 
    -------------------------------------------------------------------------
DATA16_AN
  Relative segment, address: 01B0 - 01B1 (0x2 bytes), align: 0
  Segment part 2. ROOT        Intra module refs:   SampleChannel
           ENTRY                   ADDRESS         REF BY
           =====                   =======         ======
           ADC10CTL0               01B0 
    -------------------------------------------------------------------------
DATA16_AN
  Relative segment, address: 01B2 - 01B3 (0x2 bytes), align: 0
  Segment part 3. ROOT        Intra module refs:   SampleChannel
           ENTRY                   ADDRESS         REF BY
           =====                   =======         ======
           ADC10CTL1               01B2 
    -------------------------------------------------------------------------
DATA16_AN
  Relative segment, address: 01B4 - 01B5 (0x2 bytes), align: 0
  Segment part 4. ROOT        Intra module refs:   SampleChannel
           ENTRY                   ADDRESS         REF BY
           =====                   =======         ======
           ADC10MEM                01B4 
    -------------------------------------------------------------------------
DATA16_AN
  Relative segment, address: 002A - 002A (0x1 bytes), align: 0
  Segment part 5. ROOT        Intra module refs:   SampleChannel
                                                   halDigioConfig (digio)
           ENTRY                   ADDRESS         REF BY
           =====                   =======         ======
           P2DIR                   002A 
    -------------------------------------------------------------------------
<CODE> 1 (was CODE)
  Relative segment, address: F7E4 - F82B (0x48 bytes), align: 1
  Segment part 11.            Intra module refs:   AD_cal
           ENTRY                   ADDRESS         REF BY
           =====                   =======         ======
           SampleChannel           F7E4            CollectData (detect)
                                                   IdentifyCar (detect)
               calls direct
    -------------------------------------------------------------------------
<CODE> 1 (was CODE)
  Relative segment, address: FF7A - FF81 (0x8 bytes), align: 1
  Segment part 10.            Intra module refs:   ADC10_ISR::??INTVEC 10
           ENTRY                   ADDRESS         REF BY
           =====                   =======         ======
           ADC10_ISR               FF7A 
               interrupt function
    -------------------------------------------------------------------------
<CODE> 1 (was CODE)
  Relative segment, address: EBC2 - EC67 (0xa6 bytes), align: 1
  Segment part 9.
           ENTRY                   ADDRESS         REF BY
           =====                   =======         ======
           AD_cal                  EBC2            ReJoinHandler (join)
                                                   halBoardInit (board)
               calls direct
    -------------------------------------------------------------------------
INTVEC
  Common segment, address: FFE0 - FFEB (0xc bytes), align: 1
  Segment part 7. ROOT 
           ENTRY                   ADDRESS         REF BY
           =====                   =======         ======
           ADC10_ISR::??INTVEC 10
                                   FFEA 

    *************************************************************************

  FILE NAME : F:\Graduate\Git_program\MSP430\Net\Debug\Obj\board.r43
  PROGRAM MODULE, NAME : board

  SEGMENTS IN THE MODULE
  ======================
<CODE> 1 (was CODE)
  Relative segment, address: F82C - F873 (0x48 bytes), align: 1
  Segment part 2.
           ENTRY                   ADDRESS         REF BY
           =====                   =======         ======
           halBoardInit            F82C            main (main)
               calls direct

    *************************************************************************

  FILE NAME : F:\Graduate\Git_program\MSP430\Net\Debug\Obj\delay.r43
  PROGRAM MODULE, NAME : delay

  SEGMENTS IN THE MODULE
  ======================
<CODE> 1 (was CODE)
  Relative segment, address: FDF2 - FE09 (0x18 bytes), align: 1
  Segment part 13.
           ENTRY                   ADDRESS         REF BY
           =====                   =======         ======
           delayus                 FDF2            CSMABackOff (mac)
    -------------------------------------------------------------------------
<CODE> 1 (was CODE)
  Relative segment, address: FEC8 - FED7 (0x10 bytes), align: 1
  Segment part 10.            Intra module refs:   delay_10us
           ENTRY                   ADDRESS         REF BY
           =====                   =======         ======
           delay_1us               FEC8            SPIx_ReadByte (spi)
                                                   SPIx_ReadWord (spi)
                                                   SPIx_WriteByte (spi)
                                                   SPIx_WriteWord (spi)
    -------------------------------------------------------------------------
<CODE> 1 (was CODE)
  Relative segment, address: FA5E - FA8F (0x32 bytes), align: 1
  Segment part 9.             Intra module refs:   delay_100us
           ENTRY                   ADDRESS         REF BY
           =====                   =======         ======
           delay_10us              FA5E            A7139_ReadReg (A7139)
                                                   A7139_WriteReg (A7139)
               calls direct
    -------------------------------------------------------------------------
<CODE> 1 (was CODE)
  Relative segment, address: FC78 - FC9F (0x28 bytes), align: 1
  Segment part 7.             Intra module refs:   delay_1ms
           ENTRY                   ADDRESS         REF BY
           =====                   =======         ======
           delay_100us             FC78 
               calls direct
    -------------------------------------------------------------------------
<CODE> 1 (was CODE)
  Relative segment, address: FC50 - FC77 (0x28 bytes), align: 1
  Segment part 5.
           ENTRY                   ADDRESS         REF BY
           =====                   =======         ======
           delay_1ms               FC50            SampleChannel (adc)
                                                   Scan_Channel (join)
               calls direct

    *************************************************************************

  FILE NAME : F:\Graduate\Git_program\MSP430\Net\Debug\Obj\detect.r43
  PROGRAM MODULE, NAME : detect

  SEGMENTS IN THE MODULE
  ======================
DATA16_AN
  Relative segment, address: 0025 - 0025 (0x1 bytes), align: 0
  Segment part 1. ROOT        Intra module refs:   DataSend (tdma)
                                                   IdentifyCar
                                                   Interrupt_Init (interrupt)
                                                   JoinRequestACKHandler (join)
                                                   RecvDataACK (tdma)
           ENTRY                   ADDRESS         REF BY
           =====                   =======         ======
           P1IE                    0025 
    -------------------------------------------------------------------------
DATA16_Z
  Relative segment, address: 020E - 020F (0x2 bytes), align: 1
  Segment part 4.             Intra module refs:   IdentifyCar
           ENTRY                   ADDRESS         REF BY
           =====                   =======         ======
           AD_middle_value         020E            AD_cal (adc)
    -------------------------------------------------------------------------
DATA16_Z
  Relative segment, address: 02F2 - 02F2 (0x1 bytes), align: 0
  Segment part 5.             Intra module refs:   IdentifyCar
           ENTRY                   ADDRESS         REF BY
           =====                   =======         ======
           Car_Flag                02F2 
    -------------------------------------------------------------------------
DATA16_Z
  Relative segment, address: 0210 - 0219 (0xa bytes), align: 1
  Segment part 7.             Intra module refs:   CollectData
                                                   IdentifyCar
           ENTRY                   ADDRESS         REF BY
           =====                   =======         ======
           Magnet_Value            0210 
    -------------------------------------------------------------------------
DATA16_I
  Relative segment, address: 0208 - 0208 (0x1 bytes), align: 0
  Segment part 8.             Intra module refs:   CollectData
                                                   IdentifyCar
           ENTRY                   ADDRESS         REF BY
           =====                   =======         ======
           Start_Collect           0208            Timer_A (interrupt)
    -------------------------------------------------------------------------
DATA16_Z
  Relative segment, address: 021A - 021B (0x2 bytes), align: 1
  Segment part 10.            Intra module refs:   CollectData
           ENTRY                   ADDRESS         REF BY
           =====                   =======         ======
           collect_count           021A 
    -------------------------------------------------------------------------
DATA16_Z
  Relative segment, address: 021C - 021D (0x2 bytes), align: 1
  Segment part 11.            Intra module refs:   IdentifyCar
           ENTRY                   ADDRESS         REF BY
           =====                   =======         ======
           Ave_Slop                021C            CreatSendData (tdma)
    -------------------------------------------------------------------------
DATA16_Z
  Relative segment, address: 021E - 021F (0x2 bytes), align: 1
  Segment part 12.            Intra module refs:   IdentifyCar
           ENTRY                   ADDRESS         REF BY
           =====                   =======         ======
           Ave_Stable              021E 
    -------------------------------------------------------------------------
DATA16_Z
  Relative segment, address: 02F3 - 02F3 (0x1 bytes), align: 0
  Segment part 13.            Intra module refs:   IdentifyCar
           ENTRY                   ADDRESS         REF BY
           =====                   =======         ======
           Car_Status              02F3            CreatSendData (tdma)
    -------------------------------------------------------------------------
DATA16_Z
  Relative segment, address: 02F4 - 02F4 (0x1 bytes), align: 0
  Segment part 14.            Intra module refs:   IdentifyCar
           ENTRY                   ADDRESS         REF BY
           =====                   =======         ======
           car_status_memory       02F4 
    -------------------------------------------------------------------------
<CODE> 1 (was CODE)
  Relative segment, address: F940 - F97B (0x3c bytes), align: 1
  Segment part 17.
           ENTRY                   ADDRESS         REF BY
           =====                   =======         ======
           CollectData             F940            Process_Event (ProcessEvent)
               calls direct
    -------------------------------------------------------------------------
<CODE> 1 (was CODE)
  Relative segment, address: E0F0 - E29D (0x1ae bytes), align: 1
  Segment part 15.
           ENTRY                   ADDRESS         REF BY
           =====                   =======         ======
           IdentifyCar             E0F0            Process_Event (ProcessEvent)
               calls direct
    -------------------------------------------------------------------------
DATA16_ID
  Relative segment, address: E0C4 - E0C4 (0x1 bytes), align: 0
  Segment part 9.             Intra module refs:   Start_Collect

    *************************************************************************

  FILE NAME : F:\Graduate\Git_program\MSP430\Net\Debug\Obj\digio.r43
  PROGRAM MODULE, NAME : digio

  SEGMENTS IN THE MODULE
  ======================
DATA16_AN
  Relative segment, address: 0021 - 0021 (0x1 bytes), align: 0
  Segment part 2. ROOT        Intra module refs:   halDigioConfig
                                                   halLedClear (led)
                                                   halLedSet (led)
                                                   halLedToggle (led)
           ENTRY                   ADDRESS         REF BY
           =====                   =======         ======
           P1OUT                   0021 
    -------------------------------------------------------------------------
DATA16_AN
  Relative segment, address: 0022 - 0022 (0x1 bytes), align: 0
  Segment part 3. ROOT        Intra module refs:   Interrupt_Init (interrupt)
                                                   halDigioConfig
                                                   halLedSet (led)
           ENTRY                   ADDRESS         REF BY
           =====                   =======         ======
           P1DIR                   0022 
    -------------------------------------------------------------------------
DATA16_AN
  Relative segment, address: 0023 - 0023 (0x1 bytes), align: 0
  Segment part 4. ROOT        Intra module refs:   Interrupt_Init (interrupt)
                                                   port1_ISR (interrupt)
           ENTRY                   ADDRESS         REF BY
           =====                   =======         ======
           P1IFG                   0023 
    -------------------------------------------------------------------------
DATA16_AN
  Relative segment, address: 0024 - 0024 (0x1 bytes), align: 0
  Segment part 5. ROOT        Intra module refs:   Interrupt_Init (interrupt)
           ENTRY                   ADDRESS         REF BY
           =====                   =======         ======
           P1IES                   0024 
    -------------------------------------------------------------------------
DATA16_AN
  Relative segment, address: 0026 - 0026 (0x1 bytes), align: 0
  Segment part 7. ROOT        Intra module refs:   halDigioConfig
           ENTRY                   ADDRESS         REF BY
           =====                   =======         ======
           P1SEL                   0026 
    -------------------------------------------------------------------------
DATA16_AN
  Relative segment, address: 0028 - 0028 (0x1 bytes), align: 0
  Segment part 8. ROOT 
           ENTRY                   ADDRESS         REF BY
           =====                   =======         ======
           P2IN                    0028 
    -------------------------------------------------------------------------
DATA16_AN
  Relative segment, address: 0029 - 0029 (0x1 bytes), align: 0
  Segment part 9. ROOT        Intra module refs:   DataACKHandler (tdma)
                                                   DataSend (tdma)
                                                   RecvDataACK (tdma)
                                                   halDigioConfig
           ENTRY                   ADDRESS         REF BY
           =====                   =======         ======
           P2OUT                   0029 
    -------------------------------------------------------------------------
DATA16_AN
  Relative segment, address: 002B - 002B (0x1 bytes), align: 0
  Segment part 11. ROOT 
           ENTRY                   ADDRESS         REF BY
           =====                   =======         ======
           P2IFG                   002B 
    -------------------------------------------------------------------------
DATA16_AN
  Relative segment, address: 002C - 002C (0x1 bytes), align: 0
  Segment part 12. ROOT 
           ENTRY                   ADDRESS         REF BY
           =====                   =======         ======
           P2IES                   002C 
    -------------------------------------------------------------------------
DATA16_AN
  Relative segment, address: 002D - 002D (0x1 bytes), align: 0
  Segment part 13. ROOT 
           ENTRY                   ADDRESS         REF BY
           =====                   =======         ======
           P2IE                    002D 
    -------------------------------------------------------------------------
DATA16_AN
  Relative segment, address: 002E - 002E (0x1 bytes), align: 0
  Segment part 14. ROOT       Intra module refs:   halDigioConfig
           ENTRY                   ADDRESS         REF BY
           =====                   =======         ======
           P2SEL                   002E 
    -------------------------------------------------------------------------
DATA16_AN
  Relative segment, address: 0018 - 0018 (0x1 bytes), align: 0
  Segment part 15. ROOT       Intra module refs:   SPIx_ReadByte (spi)
                                                   SPIx_ReadWord (spi)
           ENTRY                   ADDRESS         REF BY
           =====                   =======         ======
           P3IN                    0018 
    -------------------------------------------------------------------------
DATA16_AN
  Relative segment, address: 001A - 001A (0x1 bytes), align: 0
  Segment part 17. ROOT       Intra module refs:   MOSI_IN (spi)
                                                   MOSI_OUT (spi)
                                                   halDigioConfig
           ENTRY                   ADDRESS         REF BY
           =====                   =======         ======
           P3DIR                   001A 
    -------------------------------------------------------------------------
DATA16_AN
  Relative segment, address: 001B - 001B (0x1 bytes), align: 0
  Segment part 18. ROOT       Intra module refs:   halDigioConfig
                                                   halUartInit (uart)
           ENTRY                   ADDRESS         REF BY
           =====                   =======         ======
           P3SEL                   001B 
    -------------------------------------------------------------------------
<CODE> 1 (was CODE)
  Relative segment, address: F088 - F10B (0x84 bytes), align: 1
  Segment part 34.            Intra module refs:   GPIO_Init
           ENTRY                   ADDRESS         REF BY
           =====                   =======         ======
           halDigioConfig          F088            SPI3_Init (spi)
                                                   time_init (timer)
               calls direct
    -------------------------------------------------------------------------
DATA16_C
  Relative segment, address: E08E - E092 (0x5 bytes), align: 0
  Segment part 20.            Intra module refs:   GPIO_Init
           ENTRY                   ADDRESS         REF BY
           =====                   =======         ======
           pinLed1                 E08E            time_init (timer)
    -------------------------------------------------------------------------
DATA16_C
  Relative segment, address: E093 - E097 (0x5 bytes), align: 0
  Segment part 21.            Intra module refs:   GPIO_Init
           ENTRY                   ADDRESS         REF BY
           =====                   =======         ======
           pinGIO2                 E093            DataSend (tdma)
                                                   IdentifyCar (detect)
                                                   Interrupt_Init (interrupt)
                                                   JoinRequestACKHandler (join)
                                                   RecvDataACK (tdma)
                                                   port1_ISR (interrupt)
    -------------------------------------------------------------------------
DATA16_C
  Relative segment, address: E098 - E09C (0x5 bytes), align: 0
  Segment part 22.            Intra module refs:   GPIO_Init
           ENTRY                   ADDRESS         REF BY
           =====                   =======         ======
           pinGIO1                 E098 
    -------------------------------------------------------------------------
DATA16_C
  Relative segment, address: E09D - E0A1 (0x5 bytes), align: 0
  Segment part 23.            Intra module refs:   GPIO_Init
           ENTRY                   ADDRESS         REF BY
           =====                   =======         ======
           pinKZ                   E09D 
    -------------------------------------------------------------------------
DATA16_C
  Relative segment, address: E0A2 - E0A6 (0x5 bytes), align: 0
  Segment part 24.            Intra module refs:   GPIO_Init
           ENTRY                   ADDRESS         REF BY
           =====                   =======         ======
           TIME1                   E0A2 
    -------------------------------------------------------------------------
<CODE> 1 (was CODE)
  Relative segment, address: FC28 - FC4F (0x28 bytes), align: 1
  Segment part 25.
           ENTRY                   ADDRESS         REF BY
           =====                   =======         ======
           GPIO_Init               FC28            halBoardInit (board)
               calls direct

    *************************************************************************

  FILE NAME : F:\Graduate\Git_program\MSP430\Net\Debug\Obj\flash.r43
  PROGRAM MODULE, NAME : flash

  SEGMENTS IN THE MODULE
  ======================
DATA16_AN
  Relative segment, address: 0128 - 0129 (0x2 bytes), align: 0
  Segment part 1. ROOT 
           ENTRY                   ADDRESS         REF BY
           =====                   =======         ======
           FCTL1                   0128 
    -------------------------------------------------------------------------
DATA16_AN
  Relative segment, address: 012A - 012B (0x2 bytes), align: 0
  Segment part 2. ROOT        Intra module refs:   FLASHInit
           ENTRY                   ADDRESS         REF BY
           =====                   =======         ======
           FCTL2                   012A 
    -------------------------------------------------------------------------
DATA16_AN
  Relative segment, address: 012C - 012D (0x2 bytes), align: 0
  Segment part 3. ROOT 
           ENTRY                   ADDRESS         REF BY
           =====                   =======         ======
           FCTL3                   012C 
    -------------------------------------------------------------------------
<CODE> 1 (was CODE)
  Relative segment, address: FF6A - FF71 (0x8 bytes), align: 1
  Segment part 14.
           ENTRY                   ADDRESS         REF BY
           =====                   =======         ======
           FLASHInit               FF6A            halBoardInit (board)
    -------------------------------------------------------------------------
<CODE> 1 (was CODE)
  Relative segment, address: FF96 - FF99 (0x4 bytes), align: 1
  Segment part 10.            Intra module refs:   GetPhyAddress
           ENTRY                   ADDRESS         REF BY
           =====                   =======         ======
           FLASH_Readw             FF96 
    -------------------------------------------------------------------------
<CODE> 1 (was CODE)
  Relative segment, address: FF82 - FF89 (0x8 bytes), align: 1
  Segment part 7.
           ENTRY                   ADDRESS         REF BY
           =====                   =======         ======
           GetPhyAddress           FF82            main (main)
               calls direct

    *************************************************************************

  FILE NAME : F:\Graduate\Git_program\MSP430\Net\Debug\Obj\int.r43
    *************************************************************************

  FILE NAME : F:\Graduate\Git_program\MSP430\Net\Debug\Obj\interrupt.r43
  PROGRAM MODULE, NAME : interrupt

  SEGMENTS IN THE MODULE
  ======================
DATA16_AN
  Relative segment, address: 0027 - 0027 (0x1 bytes), align: 0
  Segment part 5. ROOT        Intra module refs:   Interrupt_Init
           ENTRY                   ADDRESS         REF BY
           =====                   =======         ======
           P1REN                   0027 
    -------------------------------------------------------------------------
DATA16_AN
  Relative segment, address: 0162 - 0163 (0x2 bytes), align: 0
  Segment part 6. ROOT        Intra module refs:   Timer_A0
                                                   time_init (timer)
           ENTRY                   ADDRESS         REF BY
           =====                   =======         ======
           TA0CCTL0                0162 
    -------------------------------------------------------------------------
DATA16_AN
  Relative segment, address: 0182 - 0183 (0x2 bytes), align: 0
  Segment part 7. ROOT        Intra module refs:   Timer_A
                                                   port1_ISR
           ENTRY                   ADDRESS         REF BY
           =====                   =======         ======
           TA1CCTL0                0182 
    -------------------------------------------------------------------------
DATA16_Z
  Relative segment, address: 02F5 - 02F5 (0x1 bytes), align: 0
  Segment part 12.            Intra module refs:   Timer_A0
                                                   port1_ISR
           ENTRY                   ADDRESS         REF BY
           =====                   =======         ======
           Receive_Timeout         02F5 
    -------------------------------------------------------------------------
DATA16_Z
  Relative segment, address: 0220 - 0223 (0x4 bytes), align: 1
  Segment part 13.            Intra module refs:   Timer_A
                                                   port1_ISR
           ENTRY                   ADDRESS         REF BY
           =====                   =======         ======
           Frame_Time              0220            DataSend (tdma)
                                                   RecvDataACK (tdma)
                                                   SendByCSMA (mac)
    -------------------------------------------------------------------------
DATA16_Z
  Relative segment, address: 0224 - 0225 (0x2 bytes), align: 1
  Segment part 14.            Intra module refs:   Timer_A
           ENTRY                   ADDRESS         REF BY
           =====                   =======         ======
           Collect_Time            0224 
    -------------------------------------------------------------------------
DATA16_Z
  Relative segment, address: 0226 - 0227 (0x2 bytes), align: 1
  Segment part 15.            Intra module refs:   Timer_A0
           ENTRY                   ADDRESS         REF BY
           =====                   =======         ======
           Keep_Alive_Count        0226 
    -------------------------------------------------------------------------
DATA16_Z
  Relative segment, address: 0228 - 0229 (0x2 bytes), align: 1
  Segment part 16.            Intra module refs:   Timer_A0
           ENTRY                   ADDRESS         REF BY
           =====                   =======         ======
           Keep_Alive_Detect       0228            IdentifyCar (detect)
    -------------------------------------------------------------------------
<CODE> 1 (was CODE)
  Relative segment, address: FD36 - FD57 (0x22 bytes), align: 1
  Segment part 23.
           ENTRY                   ADDRESS         REF BY
           =====                   =======         ======
           Interrupt_Init          FD36            halBoardInit (board)
               calls direct
    -------------------------------------------------------------------------
<CODE> 1 (was CODE)
  Relative segment, address: ED0E - EDB1 (0xa4 bytes), align: 1
  Segment part 22.            Intra module refs:   port1_ISR::??INTVEC 4
           ENTRY                   ADDRESS         REF BY
           =====                   =======         ======
           port1_ISR               ED0E 
               interrupt function
               calls direct
    -------------------------------------------------------------------------
<CODE> 1 (was CODE)
  Relative segment, address: F614 - F665 (0x52 bytes), align: 1
  Segment part 21.            Intra module refs:   Timer_A::??INTVEC 26
           ENTRY                   ADDRESS         REF BY
           =====                   =======         ======
           Timer_A                 F614 
               interrupt function
               calls direct
    -------------------------------------------------------------------------
<CODE> 1 (was CODE)
  Relative segment, address: F20C - F289 (0x7e bytes), align: 1
  Segment part 20.            Intra module refs:   Timer_A0::??INTVEC 18
           ENTRY                   ADDRESS         REF BY
           =====                   =======         ======
           Timer_A0                F20C 
               interrupt function
               calls direct
    -------------------------------------------------------------------------
INTVEC
  Common segment, address: FFE0 - FFE5 (0x6 bytes), align: 1
  Segment part 8. ROOT 
           ENTRY                   ADDRESS         REF BY
           =====                   =======         ======
           port1_ISR::??INTVEC 4   FFE4 
    -------------------------------------------------------------------------
INTVEC
  Common segment, address: FFE0 - FFF3 (0x14 bytes), align: 1
  Segment part 9. ROOT 
           ENTRY                   ADDRESS         REF BY
           =====                   =======         ======
           Timer_A0::??INTVEC 18   FFF2 
    -------------------------------------------------------------------------
INTVEC
  Common segment, address: FFE0 - FFFB (0x1c bytes), align: 1
  Segment part 10. ROOT 
           ENTRY                   ADDRESS         REF BY
           =====                   =======         ======
           Timer_A::??INTVEC 26    FFFA 

    *************************************************************************

  FILE NAME : F:\Graduate\Git_program\MSP430\Net\Debug\Obj\join.r43
  PROGRAM MODULE, NAME : join

  SEGMENTS IN THE MODULE
  ======================
DATA16_C
  Relative segment, address: E04A - E08D (0x44 bytes), align: 1
  Segment part 4.             Intra module refs:   Scan_Channel
                                                   SortChannel
           ENTRY                   ADDRESS         REF BY
           =====                   =======         ======
           ChannelList             E04A            A7139_Deep_Wake (A7139)
    -------------------------------------------------------------------------
DATA16_I
  Relative segment, address: 0209 - 0209 (0x1 bytes), align: 0
  Segment part 5.
           ENTRY                   ADDRESS         REF BY
           =====                   =======         ======
           StartChannel            0209            main (main)
    -------------------------------------------------------------------------
DATA16_I
  Relative segment, address: 020A - 020A (0x1 bytes), align: 0
  Segment part 7.
           ENTRY                   ADDRESS         REF BY
           =====                   =======         ======
           EndChannel              020A            main (main)
    -------------------------------------------------------------------------
DATA16_Z
  Relative segment, address: 02F6 - 0335 (0x40 bytes), align: 0
  Segment part 9.             Intra module refs:   ReJoinHandler
                                                   Scan_Channel
                                                   SortChannel
           ENTRY                   ADDRESS         REF BY
           =====                   =======         ======
           ScanChannel             02F6 
    -------------------------------------------------------------------------
DATA16_Z
  Relative segment, address: 022A - 0231 (0x8 bytes), align: 1
  Segment part 10.            Intra module refs:   CreatJoinRequest
           ENTRY                   ADDRESS         REF BY
           =====                   =======         ======
           JoinRequestPacket       022A 
    -------------------------------------------------------------------------
DATA16_Z
  Relative segment, address: 0336 - 033B (0x6 bytes), align: 0
  Segment part 11.            Intra module refs:   CreatJoinRequestACKOK
           ENTRY                   ADDRESS         REF BY
           =====                   =======         ======
           JoinRequestACKOKPacket
                                   0336 
    -------------------------------------------------------------------------
DATA16_Z
  Relative segment, address: 033C - 033C (0x1 bytes), align: 0
  Segment part 12.            Intra module refs:   ReJoinHandler
           ENTRY                   ADDRESS         REF BY
           =====                   =======         ======
           ReJoinFlag              033C            main (main)
    -------------------------------------------------------------------------
<CODE> 1 (was CODE)
  Relative segment, address: E640 - E735 (0xf6 bytes), align: 1
  Segment part 20.
           ENTRY                   ADDRESS         REF BY
           =====                   =======         ======
           Scan_Channel            E640            main (main)
               calls direct
    -------------------------------------------------------------------------
<CODE> 1 (was CODE)
  Relative segment, address: E9C0 - EA6F (0xb0 bytes), align: 1
  Segment part 19.            Intra module refs:   SortChannel
           ENTRY                   ADDRESS         REF BY
           =====                   =======         ======
           bubble                  E9C0 
               calls direct
    -------------------------------------------------------------------------
<CODE> 1 (was CODE)
  Relative segment, address: F516 - F56D (0x58 bytes), align: 1
  Segment part 18.
           ENTRY                   ADDRESS         REF BY
           =====                   =======         ======
           SortChannel             F516            main (main)
               calls direct
    -------------------------------------------------------------------------
<CODE> 1 (was CODE)
  Relative segment, address: F10C - F18D (0x82 bytes), align: 1
  Segment part 17.            Intra module refs:   SendJoinRequest
           ENTRY                   ADDRESS         REF BY
           =====                   =======         ======
           CreatJoinRequest        F10C 
    -------------------------------------------------------------------------
<CODE> 1 (was CODE)
  Relative segment, address: FEF8 - FF07 (0x10 bytes), align: 1
  Segment part 16.
           ENTRY                   ADDRESS         REF BY
           =====                   =======         ======
           SendJoinRequest         FEF8            Process_Event (ProcessEvent)
               calls direct
    -------------------------------------------------------------------------
<CODE> 1 (was CODE)
  Relative segment, address: F000 - F087 (0x88 bytes), align: 1
  Segment part 15.            Intra module refs:   JoinRequestACKHandler
           ENTRY                   ADDRESS         REF BY
           =====                   =======         ======
           CreatJoinRequestACKOK   F000 
    -------------------------------------------------------------------------
<CODE> 1 (was CODE)
  Relative segment, address: F384 - F3FB (0x78 bytes), align: 1
  Segment part 14.
           ENTRY                   ADDRESS         REF BY
           =====                   =======         ======
           JoinRequestACKHandler   F384            Process_Event (ProcessEvent)
               calls direct
    -------------------------------------------------------------------------
<CODE> 1 (was CODE)
  Relative segment, address: EEE6 - EF73 (0x8e bytes), align: 1
  Segment part 13.
           ENTRY                   ADDRESS         REF BY
           =====                   =======         ======
           ReJoinHandler           EEE6            Process_Event (ProcessEvent)
               calls direct
    -------------------------------------------------------------------------
DATA16_ID
  Relative segment, address: E0C5 - E0C5 (0x1 bytes), align: 0
  Segment part 6.             Intra module refs:   StartChannel
    -------------------------------------------------------------------------
DATA16_ID
  Relative segment, address: E0C6 - E0C6 (0x1 bytes), align: 0
  Segment part 8.             Intra module refs:   EndChannel

    *************************************************************************

  FILE NAME : F:\Graduate\Git_program\MSP430\Net\Debug\Obj\led.r43
  PROGRAM MODULE, NAME : led

  SEGMENTS IN THE MODULE
  ======================
<CODE> 1 (was CODE)
  Relative segment, address: FDBE - FDD7 (0x1a bytes), align: 1
  Segment part 6.
           ENTRY                   ADDRESS         REF BY
           =====                   =======         ======
           halLedSet               FDBE            AD_cal (adc)
                                                   IdentifyCar (detect)
                                                   halBoardInit (board)
    -------------------------------------------------------------------------
<CODE> 1 (was CODE)
  Relative segment, address: FE38 - FE4D (0x16 bytes), align: 1
  Segment part 5.
           ENTRY                   ADDRESS         REF BY
           =====                   =======         ======
           halLedClear             FE38            AD_cal (adc)
                                                   IdentifyCar (detect)
    -------------------------------------------------------------------------
<CODE> 1 (was CODE)
  Relative segment, address: FE4E - FE63 (0x16 bytes), align: 1
  Segment part 4.
           ENTRY                   ADDRESS         REF BY
           =====                   =======         ======
           halLedToggle            FE4E            Err_State (A7139)

    *************************************************************************

  FILE NAME : F:\Graduate\Git_program\MSP430\Net\Debug\Obj\mac.r43
  PROGRAM MODULE, NAME : mac

  SEGMENTS IN THE MODULE
  ======================
DATA16_AN
  Relative segment, address: 0170 - 0171 (0x2 bytes), align: 0
  Segment part 1. ROOT        Intra module refs:   CSMABackOff
           ENTRY                   ADDRESS         REF BY
           =====                   =======         ======
           TA0R                    0170 
    -------------------------------------------------------------------------
DATA16_Z
  Relative segment, address: 0232 - 0241 (0x10 bytes), align: 1
  Segment part 3.             Intra module refs:   BeaconHandler
                                                   CSMABackOff
                                                   PackValid
                                                   SendByCSMA
           ENTRY                   ADDRESS         REF BY
           =====                   =======         ======
           EndPointDevice          0232            A7139_Deep_Wake (A7139)
                                                   CreatJoinRequest (join)
                                                   CreatJoinRequestACKOK (join)
                                                   CreatSendData (tdma)
                                                   DataACKHandler (tdma)
                                                   DataSend (tdma)
                                                   JoinRequestACKHandler (join)
                                                   RXMode (A7139)
                                                   ReJoinHandler (join)
                                                   RecvDataACK (tdma)
                                                   SendPack (A7139)
                                                   SortChannel (join)
                                                   Timer_A0 (interrupt)
                                                   main (main)
                                                   port1_ISR (interrupt)
    -------------------------------------------------------------------------
DATA16_Z
  Relative segment, address: 033D - 0348 (0xc bytes), align: 0
  Segment part 4.             Intra module refs:   PackValid
           ENTRY                   ADDRESS         REF BY
           =====                   =======         ======
           DataRecvBuffer          033D            JoinRequestACKHandler (join)
                                                   Process_Event (ProcessEvent)
                                                   RecvDataACK (tdma)
                                                   port1_ISR (interrupt)
    -------------------------------------------------------------------------
DATA16_Z
  Relative segment, address: 0349 - 0354 (0xc bytes), align: 0
  Segment part 5.
           ENTRY                   ADDRESS         REF BY
           =====                   =======         ======
           DataSendBuffer          0349            CSMADataResend (tdma)
                                                   CreatJoinRequest (join)
                                                   CreatJoinRequestACKOK (join)
                                                   CreatSendData (tdma)
                                                   DataACKHandler (tdma)
                                                   SendJoinRequest (join)
                                                   SendPack (A7139)
    -------------------------------------------------------------------------
DATA16_Z
  Relative segment, address: 0242 - 0243 (0x2 bytes), align: 1
  Segment part 6.             Intra module refs:   CSMABackOff
           ENTRY                   ADDRESS         REF BY
           =====                   =======         ======
           CSMA_BackOff_Random     0242 
    -------------------------------------------------------------------------
DATA16_Z
  Relative segment, address: 0355 - 0355 (0x1 bytes), align: 0
  Segment part 7.             Intra module refs:   SendByCSMA
           ENTRY                   ADDRESS         REF BY
           =====                   =======         ======
           CSMA_BackOff_Count      0355 
    -------------------------------------------------------------------------
DATA16_Z
  Relative segment, address: 0356 - 0356 (0x1 bytes), align: 0
  Segment part 10.
           ENTRY                   ADDRESS         REF BY
           =====                   =======         ======
           Data_Change_Flag        0356            IdentifyCar (detect)
                                                   Timer_A0 (interrupt)
    -------------------------------------------------------------------------
<CODE> 1 (was CODE)
  Relative segment, address: FF2E - FF39 (0xc bytes), align: 1
  Segment part 15.
           ENTRY                   ADDRESS         REF BY
           =====                   =======         ======
           Unpack                  FF2E            RecvDataACK (tdma)
                                                   port1_ISR (interrupt)
    -------------------------------------------------------------------------
<CODE> 1 (was CODE)
  Relative segment, address: F3FC - F45D (0x62 bytes), align: 1
  Segment part 14.            Intra module refs:   SendByCSMA
           ENTRY                   ADDRESS         REF BY
           =====                   =======         ======
           CSMABackOff             F3FC 
               calls direct
    -------------------------------------------------------------------------
<CODE> 1 (was CODE)
  Relative segment, address: EE50 - EEE5 (0x96 bytes), align: 1
  Segment part 13.
           ENTRY                   ADDRESS         REF BY
           =====                   =======         ======
           SendByCSMA              EE50            CSMADataResend (tdma)
                                                   SendJoinRequest (join)
               calls direct
    -------------------------------------------------------------------------
<CODE> 1 (was CODE)
  Relative segment, address: F56E - F5C1 (0x54 bytes), align: 1
  Segment part 12.
           ENTRY                   ADDRESS         REF BY
           =====                   =======         ======
           BeaconHandler           F56E            Process_Event (ProcessEvent)
               calls direct
    -------------------------------------------------------------------------
<CODE> 1 (was CODE)
  Relative segment, address: F666 - F6B5 (0x50 bytes), align: 1
  Segment part 11.
           ENTRY                   ADDRESS         REF BY
           =====                   =======         ======
           PackValid               F666            RecvDataACK (tdma)
                                                   port1_ISR (interrupt)

    *************************************************************************

  FILE NAME : F:\Graduate\Git_program\MSP430\Net\Debug\Obj\main.r43
  PROGRAM MODULE, NAME : main

  SEGMENTS IN THE MODULE
  ======================
DATA16_Z
  Relative segment, address: 0357 - 0362 (0xc bytes), align: 0
  Segment part 2.             Intra module refs:   main
           ENTRY                   ADDRESS         REF BY
           =====                   =======         ======
           normal_test             0357 
    -------------------------------------------------------------------------
<CODE> 1 (was CODE)
  Relative segment, address: F704 - F74F (0x4c bytes), align: 1
  Segment part 3.
           ENTRY                   ADDRESS         REF BY
           =====                   =======         ======
           main                    F704            Segment part 18 (?cstart)
               calls direct

    *************************************************************************

  FILE NAME : F:\Graduate\Git_program\MSP430\Net\Debug\Obj\mcu.r43
  PROGRAM MODULE, NAME : mcu

  SEGMENTS IN THE MODULE
  ======================
DATA16_AN
  Relative segment, address: 0056 - 0056 (0x1 bytes), align: 0
  Segment part 1. ROOT        Intra module refs:   halMcuInit
           ENTRY                   ADDRESS         REF BY
           =====                   =======         ======
           DCOCTL                  0056 
    -------------------------------------------------------------------------
DATA16_AN
  Relative segment, address: 0057 - 0057 (0x1 bytes), align: 0
  Segment part 2. ROOT        Intra module refs:   halMcuInit
           ENTRY                   ADDRESS         REF BY
           =====                   =======         ======
           BCSCTL1                 0057 
    -------------------------------------------------------------------------
DATA16_AN
  Relative segment, address: 0120 - 0121 (0x2 bytes), align: 0
  Segment part 3. ROOT        Intra module refs:   halMcuInit
                                                   time_init (timer)
           ENTRY                   ADDRESS         REF BY
           =====                   =======         ======
           WDTCTL                  0120 
    -------------------------------------------------------------------------
DATA16_AN
  Relative segment, address: 10F8 - 10F8 (0x1 bytes), align: 0
  Segment part 4. ROOT        Intra module refs:   halMcuInit
           ENTRY                   ADDRESS         REF BY
           =====                   =======         ======
           CALDCO_16MHZ            10F8 
    -------------------------------------------------------------------------
DATA16_AN
  Relative segment, address: 10F9 - 10F9 (0x1 bytes), align: 0
  Segment part 5. ROOT        Intra module refs:   halMcuInit
           ENTRY                   ADDRESS         REF BY
           =====                   =======         ======
           CALBC1_16MHZ            10F9 
    -------------------------------------------------------------------------
<CODE> 1 (was CODE)
  Relative segment, address: FD58 - FD79 (0x22 bytes), align: 1
  Segment part 9.
           ENTRY                   ADDRESS         REF BY
           =====                   =======         ======
           halMcuInit              FD58            halBoardInit (board)

    *************************************************************************

  FILE NAME : F:\Graduate\Git_program\MSP430\Net\Debug\Obj\ProcessEvent.r43
  PROGRAM MODULE, NAME : ProcessEvent

  SEGMENTS IN THE MODULE
  ======================
DATA16_Z
  Relative segment, address: 0363 - 0367 (0x5 bytes), align: 0
  Segment part 2.             Intra module refs:   Init_TQ
                                                   Pop_T
                                                   PostTask
           ENTRY                   ADDRESS         REF BY
           =====                   =======         ======
           TQ                      0363 
    -------------------------------------------------------------------------
DATA16_Z
  Relative segment, address: 0244 - 0245 (0x2 bytes), align: 1
  Segment part 3.             Intra module refs:   Init_TQ
                                                   Pop_T
           ENTRY                   ADDRESS         REF BY
           =====                   =======         ======
           current_tsk             0244 
    -------------------------------------------------------------------------
DATA16_Z
  Relative segment, address: 0246 - 0247 (0x2 bytes), align: 1
  Segment part 4.             Intra module refs:   Init_TQ
                                                   PostTask
           ENTRY                   ADDRESS         REF BY
           =====                   =======         ======
           last_tsk                0246 
    -------------------------------------------------------------------------
<CODE> 1 (was CODE)
  Relative segment, address: FDD8 - FDF1 (0x1a bytes), align: 1
  Segment part 8.
           ENTRY                   ADDRESS         REF BY
           =====                   =======         ======
           Init_TQ                 FDD8            ReJoinHandler (join)
                                                   halBoardInit (board)
    -------------------------------------------------------------------------
<CODE> 1 (was CODE)
  Relative segment, address: FBD2 - FBFD (0x2c bytes), align: 1
  Segment part 7.
           ENTRY                   ADDRESS         REF BY
           =====                   =======         ======
           PostTask                FBD2            BeaconHandler (mac)
                                                   CollectData (detect)
                                                   RecvDataACK (tdma)
                                                   Timer_A (interrupt)
                                                   port1_ISR (interrupt)
               calls direct
    -------------------------------------------------------------------------
<CODE> 1 (was CODE)
  Relative segment, address: F9EE - FA25 (0x38 bytes), align: 1
  Segment part 6.             Intra module refs:   Process_Event
           ENTRY                   ADDRESS         REF BY
           =====                   =======         ======
           Pop_T                   F9EE 
               calls direct
    -------------------------------------------------------------------------
<CODE> 1 (was CODE)
  Relative segment, address: F308 - F383 (0x7c bytes), align: 1
  Segment part 5.
           ENTRY                   ADDRESS         REF BY
           =====                   =======         ======
           Process_Event           F308            main (main)
               calls direct

    *************************************************************************

  FILE NAME : F:\Graduate\Git_program\MSP430\Net\Debug\Obj\spi.r43
  PROGRAM MODULE, NAME : spi

  SEGMENTS IN THE MODULE
  ======================
DATA16_C
  Relative segment, address: E0A7 - E0AB (0x5 bytes), align: 0
  Segment part 5.             Intra module refs:   SPI3_Init
           ENTRY                   ADDRESS         REF BY
           =====                   =======         ======
           mosi_in                 E0A7 
    -------------------------------------------------------------------------
DATA16_C
  Relative segment, address: E0AC - E0B0 (0x5 bytes), align: 0
  Segment part 6.             Intra module refs:   SPI3_Init
           ENTRY                   ADDRESS         REF BY
           =====                   =======         ======
           mosi_out                E0AC 
    -------------------------------------------------------------------------
DATA16_C
  Relative segment, address: E0B1 - E0B5 (0x5 bytes), align: 0
  Segment part 8.             Intra module refs:   SPI3_Init
           ENTRY                   ADDRESS         REF BY
           =====                   =======         ======
           sck                     E0B1 
    -------------------------------------------------------------------------
DATA16_C
  Relative segment, address: E0B6 - E0BA (0x5 bytes), align: 0
  Segment part 9.             Intra module refs:   SPI3_Init
           ENTRY                   ADDRESS         REF BY
           =====                   =======         ======
           scs                     E0B6 
    -------------------------------------------------------------------------
[...]
                                                   ReJoinFlag (join)
                                                   Receive_Timeout (interrupt)
                                                   ScanChannel (join)
                                                   Segment part 10 (?rand)
                                                   Segment part 7 (?rand)
                                                   Segment part 8 (?rand)
                                                   Segment part 9 (?rand)
                                                   TQ (ProcessEvent)
                                                   _Randinit (?rand)
                                                   __iar_Tls_setup__Randinit (?rand)
                                                   __iar_Tls_setup__Randseed (?rand)
                                                   a (tdma)
                                                   ack_flag (tdma)
                                                   b (tdma)
                                                   c (tdma)
                                                   car_status_memory (detect)
                                                   collect_count (detect)
                                                   current_tsk (ProcessEvent)
                                                   last_tsk (ProcessEvent)
                                                   look (A7139)
                                                   normal_test (main)
                                                   resend_count (tdma)
                                                   send_time (tdma)
    -------------------------------------------------------------------------
CSTART
  Relative segment, address: E0D8 - E0E7 (0x10 bytes), align: 1
  Segment part 14.
           ENTRY                   ADDRESS         REF BY
           =====                   =======         ======
           ?cstart_init_copy       E0D8            EndChannel (join)
                                                   StartChannel (join)
                                                   Start_Collect (detect)
                                                   _Randseed (?rand)
                                                   before_slot_wake (tdma)
    -------------------------------------------------------------------------
CSTART
  Relative segment, address: E0E8 - E0EF (0x8 bytes), align: 1
  Segment part 18.            Intra module refs:   Segment part 9
           ENTRY                   ADDRESS         REF BY
           =====                   =======         ======
           ?cstart_call_main       E0E8 
           ?cstart_end             E0F0 

    -------------------------------------------------------------------------
  LIBRARY MODULE, NAME : ?reset_vector

  SEGMENTS IN THE MODULE
  ======================
RESET
  Relative segment, address: FFFE - FFFF (0x2 bytes), align: 1
  Segment part 0.
           ENTRY                   ADDRESS         REF BY
           =====                   =======         ======
           ?reset_vector           FFFE            Segment part 9 (?cstart)

    -------------------------------------------------------------------------
  LIBRARY MODULE, NAME : ?Epilogue

  SEGMENTS IN THE MODULE
  ======================
<CODE> 1 (was CODE)
  Relative segment, address: FF3A - FF3B (0x2 bytes), align: 1
  Segment part 3.
           ENTRY                   ADDRESS         REF BY
           =====                   =======         ======
           ?Epilogue5              FF3A            A7139_SetFreq (A7139)
    -------------------------------------------------------------------------
<CODE> 1 (was CODE)
  Relative segment, address: FF3C - FF3D (0x2 bytes), align: 1
  Segment part 4.             Intra module refs:   ?Epilogue5
           ENTRY                   ADDRESS         REF BY
           =====                   =======         ======
           ?Epilogue4              FF3C 
    -------------------------------------------------------------------------
<CODE> 1 (was CODE)
  Relative segment, address: FF3E - FF45 (0x8 bytes), align: 1
  Segment part 5.             Intra module refs:   ?Epilogue4
           ENTRY                   ADDRESS         REF BY
           =====                   =======         ======
           ?Epilogue3              FF3E            Scan_Channel (join)
                                                   bubble (join)

    -------------------------------------------------------------------------
  LIBRARY MODULE, NAME : ?exit

  SEGMENTS IN THE MODULE
  ======================
<CODE> 1 (was CODE)
  Relative segment, address: FF9A - FF9D (0x4 bytes), align: 1
  Segment part 2.
           ENTRY                   ADDRESS         REF BY
           =====                   =======         ======
           exit                    FF9A            Segment part 18 (?cstart)
               calls direct

    -------------------------------------------------------------------------
  LIBRARY MODULE, NAME : ?Cast32f32i

  SEGMENTS IN THE MODULE
  ======================
<CODE> 1 (was CODE)
  Relative segment, address: F18E - F20B (0x7e bytes), align: 1
  Segment part 1.
           ENTRY                   ADDRESS         REF BY
           =====                   =======         ======
           _Cast32uto32f           F18E            A7139_SetFreq (A7139)

    -------------------------------------------------------------------------
  LIBRARY MODULE, NAME : _Cast32fto32u

  SEGMENTS IN THE MODULE
  ======================
<CODE> 1 (was CODE)
  Relative segment, address: FF22 - FF2D (0xc bytes), align: 1
  Segment part 0.
           ENTRY                   ADDRESS         REF BY
           =====                   =======         ======
           _Cast32fto32u           FF22            A7139_SetFreq (A7139)

    -------------------------------------------------------------------------
  LIBRARY MODULE, NAME : ?FLT_Extract

  SEGMENTS IN THE MODULE
  ======================
<CODE> 1 (was CODE)
  Relative segment, address: F750 - F79B (0x4c bytes), align: 1
  Segment part 0.
           ENTRY                   ADDRESS         REF BY
           =====                   =======         ======
           ?FLT_Extract            F750            _Cast32fto32u (_Cast32fto32u)

    -------------------------------------------------------------------------
  LIBRARY MODULE, NAME : ?FLT_LT

  SEGMENTS IN THE MODULE
  ======================
<CODE> 1 (was CODE)
  Relative segment, address: F5C2 - F613 (0x52 bytes), align: 1
  Segment part 0.
           ENTRY                   ADDRESS         REF BY
           =====                   =======         ======
           ?FLT_LT                 F5C2            _CmpLt32f (_CmpLt32f)

    -------------------------------------------------------------------------
  LIBRARY MODULE, NAME : _CmpLt32f

  SEGMENTS IN THE MODULE
  ======================
<CODE> 1 (was CODE)
  Relative segment, address: FF46 - FF4F (0xa bytes), align: 1
  Segment part 0.
           ENTRY                   ADDRESS         REF BY
           =====                   =======         ======
           _CmpLt32f               FF46            A7139_SetFreq (A7139)

    -------------------------------------------------------------------------
  LIBRARY MODULE, NAME : _Mul32f

  SEGMENTS IN THE MODULE
  ======================
<CODE> 1 (was CODE)
  Relative segment, address: E530 - E63F (0x110 bytes), align: 1
  Segment part 0.
           ENTRY                   ADDRESS         REF BY
           =====                   =======         ======
           _Mul32f                 E530            A7139_SetFreq (A7139)

    -------------------------------------------------------------------------
  LIBRARY MODULE, NAME : _Div32f

  SEGMENTS IN THE MODULE
  ======================
<CODE> 1 (was CODE)
  Relative segment, address: E400 - E52F (0x130 bytes), align: 1
  Segment part 0.
           ENTRY                   ADDRESS         REF BY
           =====                   =======         ======
           _Div32f                 E400            A7139_SetFreq (A7139)

    -------------------------------------------------------------------------
  LIBRARY MODULE, NAME : _Add32f

  SEGMENTS IN THE MODULE
  ======================
<CODE> 1 (was CODE)
  Relative segment, address: E29E - E2A1 (0x4 bytes), align: 1
  Segment part 0.
           ENTRY                   ADDRESS         REF BY
           =====                   =======         ======
           _Sub32f                 E29E            A7139_SetFreq (A7139)
    -------------------------------------------------------------------------
<CODE> 1 (was CODE)
  Relative segment, address: E2A2 - E3FF (0x15e bytes), align: 1
  Segment part 1.             Intra module refs:   _Sub32f
           ENTRY                   ADDRESS         REF BY
           =====                   =======         ======
           _Add32f                 E2A2 

    -------------------------------------------------------------------------
  LIBRARY MODULE, NAME : ?Mul816

  SEGMENTS IN THE MODULE
  ======================
<CODE> 1 (was CODE)
  Relative segment, address: FB4C - FB79 (0x2e bytes), align: 1
  Segment part 1.
           ENTRY                   ADDRESS         REF BY
           =====                   =======         ======
           ?Mul16                  FB4C            CSMABackOff (mac)
           ?Mul16to32u             FB4C 

    -------------------------------------------------------------------------
  LIBRARY MODULE, NAME : ?Mul32

  SEGMENTS IN THE MODULE
  ======================
<CODE> 1 (was CODE)
  Relative segment, address: FA90 - FABF (0x30 bytes), align: 1
  Segment part 0.
           ENTRY                   ADDRESS         REF BY
           =====                   =======         ======
           ?Mul32                  FA90            DataSend (tdma)
                                                   Segment part 13 (?rand)
                                                   SendByCSMA (mac)

    -------------------------------------------------------------------------
  LIBRARY MODULE, NAME : ?DivMod816u

  SEGMENTS IN THE MODULE
  ======================
<CODE> 1 (was CODE)
  Relative segment, address: FE0A - FE21 (0x18 bytes), align: 1
  Segment part 1.
           ENTRY                   ADDRESS         REF BY
           =====                   =======         ======
           ?DivMod16u              FE0A            ?DivMod16s (?DivMod816s)
                                                   CSMABackOff (mac)
                                                   IdentifyCar (detect)
                                                   Pop_T (ProcessEvent)
                                                   PostTask (ProcessEvent)

    -------------------------------------------------------------------------
  LIBRARY MODULE, NAME : ?DivMod816s

  SEGMENTS IN THE MODULE
  ======================
<CODE> 1 (was CODE)
  Relative segment, address: FAC0 - FAEF (0x30 bytes), align: 1
  Segment part 1.
           ENTRY                   ADDRESS         REF BY
           =====                   =======         ======
           ?DivMod16s              FAC0            BeaconHandler (mac)
                                                   IdentifyCar (detect)
                                                   SendByCSMA (mac)

    -------------------------------------------------------------------------
  LIBRARY MODULE, NAME : ?DivMod32u

  SEGMENTS IN THE MODULE
  ======================
<CODE> 1 (was CODE)
  Relative segment, address: F9B6 - F9ED (0x38 bytes), align: 1
  Segment part 0.
           ENTRY                   ADDRESS         REF BY
           =====                   =======         ======
           ?DivMod32u              F9B6            DataSend (tdma)
                                                   SendByCSMA (mac)

    -------------------------------------------------------------------------
  LIBRARY MODULE, NAME : ?ShiftLeft16

  SEGMENTS IN THE MODULE
  ======================
<CODE> 1 (was CODE)
  Relative segment, address: FF16 - FF21 (0xc bytes), align: 1
  Segment part 0.
           ENTRY                   ADDRESS         REF BY
           =====                   =======         ======
           ?ShiftLeft16            FF16            halDigioConfig (digio)

    -------------------------------------------------------------------------
  LIBRARY MODULE, NAME : ?memcpy

  SEGMENTS IN THE MODULE
  ======================
<CODE> 1 (was CODE)
  Relative segment, address: FEA4 - FEB5 (0x12 bytes), align: 1
  Segment part 2.
           ENTRY                   ADDRESS         REF BY
           =====                   =======         ======
           memcpy                  FEA4            __data16_memcpy (?memzero)

    -------------------------------------------------------------------------
  LIBRARY MODULE, NAME : ?memzero

  SEGMENTS IN THE MODULE
  ======================
<CODE> 1 (was CODE)
  Relative segment, address: FEB6 - FEC7 (0x12 bytes), align: 1
  Segment part 4.
           ENTRY                   ADDRESS         REF BY
           =====                   =======         ======
           __data16_memzero        FEB6            ?cstart_init_zero (?cstart)
    -------------------------------------------------------------------------
<CODE> 1 (was CODE)
  Relative segment, address: FF9E - FFA1 (0x4 bytes), align: 1
  Segment part 3.
           ENTRY                   ADDRESS         REF BY
           =====                   =======         ======
           __data16_memcpy         FF9E            ?cstart_init_copy (?cstart)
               calls direct

    -------------------------------------------------------------------------
  LIBRARY MODULE, NAME : ?rand

  SEGMENTS IN THE MODULE
  ======================
DATA16_Z
  Relative segment, address: 0369 - 0369 (0x1 bytes), align: 0
  Segment part 2.             Intra module refs:   rand
           ENTRY                   ADDRESS         REF BY
           =====                   =======         ======
           _Randinit               0369 
    -------------------------------------------------------------------------
DATA16_Z
  Relative segment, address: 0266 - 0267 (0x2 bytes), align: 1
  Segment part 3.             Intra module refs:   rand
           ENTRY                   ADDRESS         REF BY
           =====                   =======         ======
           __iar_Tls_setup__Randinit
                                   0266 
    -------------------------------------------------------------------------
DATA16_I
  Relative segment, address: 0204 - 0207 (0x4 bytes), align: 1
  Segment part 4.             Intra module refs:   Segment part 12
                                                   rand
           ENTRY                   ADDRESS         REF BY
           =====                   =======         ======
           _Randseed               0204 
    -------------------------------------------------------------------------
DATA16_Z
  Relative segment, address: 0268 - 0269 (0x2 bytes), align: 1
  Segment part 6.             Intra module refs:   rand
           ENTRY                   ADDRESS         REF BY
           =====                   =======         ======
           __iar_Tls_setup__Randseed
                                   0268 
    -------------------------------------------------------------------------
DATA16_Z
  Relative segment, address: 026A - 026D (0x4 bytes), align: 1
  Segment part 7.             Intra module refs:   rand
    -------------------------------------------------------------------------
DATA16_Z
  Relative segment, address: 026E - 026F (0x2 bytes), align: 1
  Segment part 8.             Intra module refs:   rand
    -------------------------------------------------------------------------
DATA16_Z
  Relative segment, address: 0270 - 02EF (0x80 bytes), align: 1
  Segment part 9.             Intra module refs:   rand
    -------------------------------------------------------------------------
DATA16_Z
  Relative segment, address: 02F0 - 02F1 (0x2 bytes), align: 1
  Segment part 10.            Intra module refs:   rand
    -------------------------------------------------------------------------
<CODE> 1 (was CODE)
  Relative segment, address: EB1A - EBC1 (0xa8 bytes), align: 1
  Segment part 11.
           ENTRY                   ADDRESS         REF BY
           =====                   =======         ======
           rand                    EB1A            CSMABackOff (mac)
               calls direct and indirect
    -------------------------------------------------------------------------
<CODE> 1 (was CODE)
  Relative segment, address: FE64 - FE79 (0x16 bytes), align: 1
  Segment part 12.            Intra module refs:   rand
    -------------------------------------------------------------------------
<CODE> 1 (was CODE)
  Relative segment, address: FE7A - FE8F (0x16 bytes), align: 1
  Segment part 13.            Intra module refs:   Segment part 12
                                                   rand
    -------------------------------------------------------------------------
DATA16_ID
  Relative segment, address: E0C0 - E0C3 (0x4 bytes), align: 1
  Segment part 5.             Intra module refs:   _Randseed




                ****************************************
                *                                      *
                *      SEGMENTS IN ADDRESS ORDER       *
                *                                      *
                ****************************************


SEGMENT              SPACE    START ADDRESS   END ADDRESS     SIZE  TYPE  ALIGN
=======              =====    =============   ===========     ====  ====  =====
DATA16_AN                              0003 - 0003               1   rel    0
                                       0018 - 001B               4 
                                       0020 - 002E               F 
                                       004A - 004A               1 
                                       0056 - 0057               2 
                                       0061 - 0064               4 
                                       0067 - 0067               1 
                                       0120 - 0121               2 
                                       0128 - 012D               6 
                                       0160 - 0163               4 
                                       0170 - 0173               4 
                                       0180 - 0183               4 
                                       0192 - 0193               2 
                                       01B0 - 01B5               6 
DATA16_I                               0200 - 020A               B   rel    1
DATA16_Z                               020C - 0369             15E   rel    1
CSTACK                                 03B0 - 03FF              50   rel    1
DATA16_AN                              10F8 - 10F9               2   rel    0
DATA16_C                               E000 - E0BA              BB   rel    1
DATA16_ID                              E0BC - E0C6               B   rel    1
CSTART                                 E0C8 - E0EF              28   rel    1
<CODE> 1                               E0F0 - FFAB            1EBC   rel    1
INTVEC                                 FFE0 - FFFB              1C   com    1
RESET                                  FFFE - FFFF               2   rel    1

                ****************************************
                *                                      *
                *        END OF CROSS REFERENCE        *
                *                                      *
                ****************************************

 7 938 bytes of CODE  memory
   441 bytes of DATA  memory (+ 58 absolute )
   198 bytes of CONST memory

Errors: none
Warnings: none

