################################################################################
#                                                                              #
#      IAR Universal Linker V6.2.0.62                                          #
#                                                                              #
#           Link time     =  04/Jun/2015  14:55:33                             #
#           Target CPU    =  MSP430                                            #
#           List file     =  F:\Graduate\Git_program\MSP430\Net\Debug\List\net #
#                            .map                                              #
#           Output file 1 =  F:\Graduate\Git_program\MSP430\Net\Debug\Exe\net. #
#                            d43                                               #
#                            Format: ubrof10                                   #
#                            UBROF version 10.0.6                              #
#                            Using library modules for C-SPY (-rt)             #
#           Command line  =  F:\Graduate\Git_program\MSP430\Net\Debug\Obj\A713 #
#                            9.r43                                             #
#                            F:\Graduate\Git_program\MSP430\Net\Debug\Obj\A713 #
#                            9_CONFIG.r43                                      #
#                            F:\Graduate\Git_program\MSP430\Net\Debug\Obj\adc. #
#                            r43                                               #
#                            F:\Graduate\Git_program\MSP430\Net\Debug\Obj\boar #
#                            d.r43                                             #
#                            F:\Graduate\Git_program\MSP430\Net\Debug\Obj\dela #
#                            y.r43                                             #
#                            F:\Graduate\Git_program\MSP430\Net\Debug\Obj\dete #
#                            ct.r43                                            #
#                            F:\Graduate\Git_program\MSP430\Net\Debug\Obj\digi #
#                            o.r43                                             #
#                            F:\Graduate\Git_program\MSP430\Net\Debug\Obj\flas #
#                            h.r43                                             #
#                            F:\Graduate\Git_program\MSP430\Net\Debug\Obj\int. #
#                            r43                                               #
#                            F:\Graduate\Git_program\MSP430\Net\Debug\Obj\inte #
#                            rrupt.r43                                         #
#                            F:\Graduate\Git_program\MSP430\Net\Debug\Obj\join #
#                            .r43                                              #
#                            F:\Graduate\Git_program\MSP430\Net\Debug\Obj\led. #
#                            r43                                               #
#                            F:\Graduate\Git_program\MSP430\Net\Debug\Obj\mac. #
#                            r43                                               #
#                            F:\Graduate\Git_program\MSP430\Net\Debug\Obj\main #
#                            .r43                                              #
#                            F:\Graduate\Git_program\MSP430\Net\Debug\Obj\mcu. #
#                            r43                                               #
#                            F:\Graduate\Git_program\MSP430\Net\Debug\Obj\Proc #
#                            essEvent.r43                                      #
#                            F:\Graduate\Git_program\MSP430\Net\Debug\Obj\spi. #
#                            r43                                               #
#                            F:\Graduate\Git_program\MSP430\Net\Debug\Obj\sys. #
#                            r43                                               #
#                            F:\Graduate\Git_program\MSP430\Net\Debug\Obj\tdma #
#                            .r43                                              #
#                            F:\Graduate\Git_program\MSP430\Net\Debug\Obj\time #
#                            r.r43                                             #
#                            F:\Graduate\Git_program\MSP430\Net\Debug\Obj\uart #
#                            .r43                                              #
#                            -o                                                #
#                            F:\Graduate\Git_program\MSP430\Net\Debug\Exe\net. #
#                            d43                                               #
#                            -l                                                #
#                            F:\Graduate\Git_program\MSP430\Net\Debug\List\net #
#                            .map                                              #
#                            -xms                                              #
#                            "-IE:\Program Files (x86)\IAR Systems\Embedded Wo #
#                            rkbench MSP430 7.2\430\LIB\"                      #
#                            -f                                                #
#                            "E:\Program Files (x86)\IAR Systems\Embedded Work #
#                            bench MSP430 7.2\430\config\linker\lnk430f2132.xc #
#                            l"                                                #
#                            (-cmsp430 -QCODE_I=CODE_ID -QTLS16_I=TLS16_ID     #
#                            -Z(CONST)INFO=1000-10FF                           #
#                            -Z(CONST)INFOA=10C0-10FF                          #
#                            -Z(CONST)INFOB=1080-10BF                          #
#                            -Z(CONST)INFOC=1040-107F                          #
#                            -Z(CONST)INFOD=1000-103F                          #
#                            -Z(DATA)DATA16_I,DATA16_Z,DATA16_N,TLS16_I=0200-0 #
#                            3FF                                               #
#                            -Z(DATA)DATA16_HEAP+_DATA16_HEAP_SIZE             #
#                            -Z(DATA)CODE_I -Z(DATA)CSTACK+_STACK_SIZE#        #
#                            -Z(CONST)DATA16_C,DATA16_ID,TLS16_ID,DIFUNCT,CHEC #
#                            KSUM=E000-FFDF                                    #
#                            -Z(CODE)CSTART,ISR_CODE,CODE_ID=E000-FFDF         #
#                            -P(CODE)CODE=E000-FFDF -Z(CODE)INTVEC=FFE0-FFFF   #
#                            -Z(CODE)RESET=FFFE-FFFF) -D_STACK_SIZE=50 -rt     #
#                            "E:\Program Files (x86)\IAR Systems\Embedded Work #
#                            bench MSP430 7.2\430\lib\dlib\dl430fn.r43"        #
#                            -D_DATA16_HEAP_SIZE=50 -s __program_start         #
#                            -D_DATA20_HEAP_SIZE=50                            #
#                                                                              #
#                           Copyright (C) 1987-2015 IAR Systems AB.            #
################################################################################





                ****************************************
                *                                      *
                *           CROSS REFERENCE            *
                *                                      *
                ****************************************

       Program entry at :           E0C4  Relocatable, from module : ?cstart




                ****************************************
                *                                      *
                *            RUNTIME MODEL             *
                *                                      *
                ****************************************

  __Heap_Handler             = Basic
  __SystemLibrary            = DLib
  __core                     = 430
  __dlib_file_descriptor     = 0
  __dlib_full_locale_support = 0
  __double_size              = 32
  __pic                      = no
  __reg_r4                   = free
  __reg_r5                   = free
  __rt_version               = 3

                ****************************************
                *                                      *
                *    AUTOMATIC SYMBOL REDIRECTIONS     *
                *                                      *
                ****************************************

                  There are no automatic symbol redirections.



                ****************************************
                *                                      *
                *              MODULE MAP              *
                *                                      *
                ****************************************


  DEFINED ABSOLUTE ENTRIES
    *************************************************************************

  DEFINED ABSOLUTE ENTRIES
  PROGRAM MODULE, NAME : ?ABS_ENTRY_MOD

Absolute parts
           ENTRY                   ADDRESS         REF BY
           =====                   =======         ======
           _DATA20_HEAP_SIZE       0050 
           _DATA16_HEAP_SIZE       0050 
           _STACK_SIZE             0050 
    *************************************************************************

  FILE NAME : F:\Graduate\Git_program\MSP430\Net\Debug\Obj\A7139.r43
  PROGRAM MODULE, NAME : A7139

  SEGMENTS IN THE MODULE
  ======================
DATA16_AN
  Relative segment, address: 0020 - 0020 (0x1 bytes), align: 0
  Segment part 1. ROOT        Intra module refs:   RecvDataACK (tdma)
                                                   Scan_Channel (join)
                                                   SendPack
           ENTRY                   ADDRESS         REF BY
           =====                   =======         ======
           P1IN                    0020 
    -------------------------------------------------------------------------
DATA16_AN
  Relative segment, address: 0029 - 0029 (0x1 bytes), align: 0
  Segment part 2. ROOT        Intra module refs:   A7139_Sleep
                                                   A7139_Wake
                                                   SendPack
                                                   halDigioConfig (digio)
                                                   port1_ISR (interrupt)
           ENTRY                   ADDRESS         REF BY
           =====                   =======         ======
           P2OUT                   0029 
    -------------------------------------------------------------------------
DATA16_AN
  Relative segment, address: 0019 - 0019 (0x1 bytes), align: 0
  Segment part 3. ROOT        Intra module refs:   A7139_Init
                                                   A7139_ReadFIFO
                                                   A7139_ReadReg
                                                   A7139_SetCID
                                                   A7139_StrobeCmd
                                                   A7139_WriteFIFO
                                                   A7139_WriteReg
                                                   SPI3_Init (spi)
                                                   SPIx_ReadByte (spi)
                                                   SPIx_ReadWord (spi)
                                                   SPIx_WriteByte (spi)
                                                   SPIx_WriteWord (spi)
                                                   SampleChannel (adc)
                                                   halDigioConfig (digio)
           ENTRY                   ADDRESS         REF BY
           =====                   =======         ======
           P3OUT                   0019 
    -------------------------------------------------------------------------
<CODE> 1 (was CODE)
  Relative segment, address: FBDE - FBFF (0x22 bytes), align: 1
  Segment part 40.            Intra module refs:   A7139_Cal
                                                   A7139_Config
                                                   A7139_GetRSSI
                                                   A7139_ReadPageA
                                                   A7139_SetFreq
                                                   A7139_WritePageA
                                                   A7139_WritePageB
           LOCAL                   ADDRESS         
           =====                   =======         
           A7139_WriteReg          FBDE 
               calls direct
    -------------------------------------------------------------------------
<CODE> 1 (was CODE)
  Relative segment, address: FBB8 - FBDD (0x26 bytes), align: 1
  Segment part 39.            Intra module refs:   A7139_Cal
                                                   A7139_Config
                                                   A7139_GetRSSI
                                                   A7139_ReadPageA
           LOCAL                   ADDRESS         
           =====                   =======         
           A7139_ReadReg           FBB8 
               calls direct
    -------------------------------------------------------------------------
<CODE> 1 (was CODE)
  Relative segment, address: FA6C - FA97 (0x2c bytes), align: 1
  Segment part 38.            Intra module refs:   A7139_Cal
                                                   A7139_Config
                                                   A7139_SetPackLen
           LOCAL                   ADDRESS         
           =====                   =======         
           A7139_WritePageA        FA6C 
               calls direct
    -------------------------------------------------------------------------
<CODE> 1 (was CODE)
  Relative segment, address: F9B6 - F9E3 (0x2e bytes), align: 1
  Segment part 37.            Intra module refs:   A7139_Config
                                                   A7139_SetFreq
           LOCAL                   ADDRESS         
           =====                   =======         
           A7139_WritePageB        F9B6 
               calls direct
    -------------------------------------------------------------------------
<CODE> 1 (was CODE)
  Relative segment, address: FB68 - FB8F (0x28 bytes), align: 1
  Segment part 36.            Intra module refs:   A7139_Cal
           LOCAL                   ADDRESS         
           =====                   =======         
           A7139_ReadPageA         FB68 
               calls direct
    -------------------------------------------------------------------------
DATA16_Z
  Relative segment, address: 0208 - 0209 (0x2 bytes), align: 1
  Segment part 5.             Intra module refs:   A7139_Config
           ENTRY                   ADDRESS         REF BY
           =====                   =======         ======
           look                    0208 
    -------------------------------------------------------------------------
<CODE> 1 (was CODE)
  Relative segment, address: EE70 - EEFB (0x8c bytes), align: 1
  Segment part 35.            Intra module refs:   A7139_Init
           LOCAL                   ADDRESS         
           =====                   =======         
           A7139_Config            EE70 
               calls direct
    -------------------------------------------------------------------------
<CODE> 1 (was CODE)
  Relative segment, address: FCEC - FD01 (0x16 bytes), align: 1
  Segment part 34.            Intra module refs:   A7139_Cal
                                                   A7139_Config
           ENTRY                   ADDRESS         REF BY
           =====                   =======         ======
           Err_State               FCEC 
               calls direct
    -------------------------------------------------------------------------
<CODE> 1 (was CODE)
  Relative segment, address: E6FA - E7E9 (0xf0 bytes), align: 1
  Segment part 33.            Intra module refs:   A7139_Init
           ENTRY                   ADDRESS         REF BY
           =====                   =======         ======
           A7139_Cal               E6FA            Scan_Channel (join)
                                                   SortChannel (join)
               calls direct
    -------------------------------------------------------------------------
<CODE> 1 (was CODE)
  Relative segment, address: E7EA - E8C3 (0xda bytes), align: 1
  Segment part 32.            Intra module refs:   A7139_Init
           ENTRY                   ADDRESS         REF BY
           =====                   =======         ======
           A7139_SetFreq           E7EA            Scan_Channel (join)
                                                   SortChannel (join)
               calls direct
    -------------------------------------------------------------------------
<CODE> 1 (was CODE)
  Relative segment, address: FDC2 - FDCF (0xe bytes), align: 1
  Segment part 30.            Intra module refs:   A7139_DeepSleep
                                                   A7139_Deep_Wake
                                                   A7139_GetRSSI
                                                   A7139_Init
                                                   A7139_ReadFIFO
                                                   A7139_SetFreq
                                                   A7139_SetPackLen
                                                   A7139_Sleep
                                                   A7139_Wake
                                                   A7139_WriteFIFO
                                                   RXMode
                                                   SendPack
           ENTRY                   ADDRESS         REF BY
           =====                   =======         ======
           A7139_StrobeCmd         FDC2            Timer_A0 (interrupt)
                                                   port1_ISR (interrupt)
               calls direct
    -------------------------------------------------------------------------
<CODE> 1 (was CODE)
  Relative segment, address: F08A - F107 (0x7e bytes), align: 1
  Segment part 29.            Intra module refs:   A7139_Deep_Wake
           ENTRY                   ADDRESS         REF BY
           =====                   =======         ======
           A7139_Init              F08A            halBoardInit (board)
               calls direct
    -------------------------------------------------------------------------
<CODE> 1 (was CODE)
  Relative segment, address: F396 - F3EF (0x5a bytes), align: 1
  Segment part 28.            Intra module refs:   A7139_Init
           ENTRY                   ADDRESS         REF BY
           =====                   =======         ======
           A7139_SetCID            F396 
               calls direct
    -------------------------------------------------------------------------
<CODE> 1 (was CODE)
  Relative segment, address: F8EC - F923 (0x38 bytes), align: 1
  Segment part 25.            Intra module refs:   A7139_Config
           ENTRY                   ADDRESS         REF BY
           =====                   =======         ======
           A7139_SetPackLen        F8EC 
               calls direct
    -------------------------------------------------------------------------
<CODE> 1 (was CODE)
  Relative segment, address: F338 - F395 (0x5e bytes), align: 1
  Segment part 23.            Intra module refs:   SendPack
           ENTRY                   ADDRESS         REF BY
           =====                   =======         ======
           A7139_WriteFIFO         F338 
               calls direct
    -------------------------------------------------------------------------
<CODE> 1 (was CODE)
  Relative segment, address: F6FC - F741 (0x46 bytes), align: 1
  Segment part 22.
           ENTRY                   ADDRESS         REF BY
           =====                   =======         ======
           A7139_ReadFIFO          F6FC            RecvDataACK (tdma)
                                                   Scan_Channel (join)
                                                   port1_ISR (interrupt)
               calls direct
    -------------------------------------------------------------------------
<CODE> 1 (was CODE)
  Relative segment, address: EC0E - ECAB (0x9e bytes), align: 1
  Segment part 20.
           ENTRY                   ADDRESS         REF BY
           =====                   =======         ======
           A7139_GetRSSI           EC0E            Scan_Channel (join)
                                                   SendByCSMA (mac)
               calls direct
    -------------------------------------------------------------------------
<CODE> 1 (was CODE)
  Relative segment, address: FE70 - FE71 (0x2 bytes), align: 1
  Segment part 16.            Intra module refs:   A7139_Init
           ENTRY                   ADDRESS         REF BY
           =====                   =======         ======
           Correct_State           FE70 
    -------------------------------------------------------------------------
<CODE> 1 (was CODE)
  Relative segment, address: FA40 - FA6B (0x2c bytes), align: 1
  Segment part 13.            Intra module refs:   A7139_Deep_Wake
                                                   A7139_WakeToRecv
           ENTRY                   ADDRESS         REF BY
           =====                   =======         ======
           RXMode                  FA40            DataSend (tdma)
                                                   Interrupt_Init (interrupt)
                                                   JoinRequestACKHandler (join)
                                                   RecvDataACK (tdma)
                                                   Scan_Channel (join)
                                                   SendByCSMA (mac)
               calls direct
    -------------------------------------------------------------------------
<CODE> 1 (was CODE)
  Relative segment, address: F5DA - F623 (0x4a bytes), align: 1
  Segment part 12.
           ENTRY                   ADDRESS         REF BY
           =====                   =======         ======
           SendPack                F5DA            DataSend (tdma)
                                                   JoinRequestACKHandler (join)
                                                   SendByCSMA (mac)
               calls direct
    -------------------------------------------------------------------------
<CODE> 1 (was CODE)
  Relative segment, address: FE0C - FE17 (0xc bytes), align: 1
  Segment part 11.
           ENTRY                   ADDRESS         REF BY
           =====                   =======         ======
           A7139_Sleep             FE0C            BeaconHandler (mac)
                                                   CSMADataResend (tdma)
                                                   DataSend (tdma)
               calls direct
    -------------------------------------------------------------------------
<CODE> 1 (was CODE)
  Relative segment, address: FE2C - FE33 (0x8 bytes), align: 1
  Segment part 10.
           ENTRY                   ADDRESS         REF BY
           =====                   =======         ======
           A7139_DeepSleep         FE2C            JoinRequestACKHandler (join)
                                                   RecvDataACK (tdma)
               calls direct
    -------------------------------------------------------------------------
<CODE> 1 (was CODE)
  Relative segment, address: FAEE - FB17 (0x2a bytes), align: 1
  Segment part 9.             Intra module refs:   A7139_WakeToRecv
           ENTRY                   ADDRESS         REF BY
           =====                   =======         ======
           A7139_Wake              FAEE            DataSend (tdma)
               calls direct
    -------------------------------------------------------------------------
<CODE> 1 (was CODE)
  Relative segment, address: FE4C - FE53 (0x8 bytes), align: 1
  Segment part 8.
           ENTRY                   ADDRESS         REF BY
           =====                   =======         ======
           A7139_WakeToRecv        FE4C            Process_Event (ProcessEvent)
               calls direct
    -------------------------------------------------------------------------
<CODE> 1 (was CODE)
  Relative segment, address: FC66 - FC87 (0x22 bytes), align: 1
  Segment part 7.
           ENTRY                   ADDRESS         REF BY
           =====                   =======         ======
           A7139_Deep_Wake         FC66            IdentifyCar (detect)
               calls direct

    *************************************************************************

  FILE NAME : F:\Graduate\Git_program\MSP430\Net\Debug\Obj\A7139_CONFIG.r43
  PROGRAM MODULE, NAME : A7139_CONFIG

  SEGMENTS IN THE MODULE
  ======================
DATA16_C
  Relative segment, address: E000 - E01F (0x20 bytes), align: 1
  Segment part 2.
           ENTRY                   ADDRESS         REF BY
           =====                   =======         ======
           A7139Config             E000            A7139_Cal (A7139)
                                                   A7139_Config (A7139)
                                                   A7139_GetRSSI (A7139)
                                                   A7139_ReadPageA (A7139)
                                                   A7139_SetFreq (A7139)
                                                   A7139_WritePageA (A7139)
                                                   A7139_WritePageB (A7139)
    -------------------------------------------------------------------------
DATA16_C
  Relative segment, address: E020 - E03F (0x20 bytes), align: 1
  Segment part 3.
           ENTRY                   ADDRESS         REF BY
           =====                   =======         ======
           A7139Config_PageA       E020            A7139_Cal (A7139)
                                                   A7139_Config (A7139)
                                                   A7139_SetPackLen (A7139)
    -------------------------------------------------------------------------
DATA16_C
  Relative segment, address: E040 - E049 (0xa bytes), align: 1
  Segment part 4.
           ENTRY                   ADDRESS         REF BY
           =====                   =======         ======
           A7139Config_PageB       E040            A7139_Config (A7139)

    *************************************************************************

  FILE NAME : F:\Graduate\Git_program\MSP430\Net\Debug\Obj\adc.r43
  PROGRAM MODULE, NAME : adc

  SEGMENTS IN THE MODULE
  ======================
DATA16_AN
  Relative segment, address: 004A - 004A (0x1 bytes), align: 0
  Segment part 1. ROOT        Intra module refs:   SampleChannel
           ENTRY                   ADDRESS         REF BY
           =====                   =======         ======
           ADC10AE0                004A 
    -------------------------------------------------------------------------
DATA16_AN
  Relative segment, address: 01B0 - 01B1 (0x2 bytes), align: 0
  Segment part 2. ROOT        Intra module refs:   SampleChannel
           ENTRY                   ADDRESS         REF BY
           =====                   =======         ======
           ADC10CTL0               01B0 
    -------------------------------------------------------------------------
DATA16_AN
  Relative segment, address: 01B2 - 01B3 (0x2 bytes), align: 0
  Segment part 3. ROOT        Intra module refs:   SampleChannel
           ENTRY                   ADDRESS         REF BY
           =====                   =======         ======
           ADC10CTL1               01B2 
    -------------------------------------------------------------------------
DATA16_AN
  Relative segment, address: 01B4 - 01B5 (0x2 bytes), align: 0
  Segment part 4. ROOT        Intra module refs:   SampleChannel
           ENTRY                   ADDRESS         REF BY
           =====                   =======         ======
           ADC10MEM                01B4 
    -------------------------------------------------------------------------
DATA16_AN
  Relative segment, address: 002A - 002A (0x1 bytes), align: 0
  Segment part 5. ROOT        Intra module refs:   SampleChannel
                                                   halDigioConfig (digio)
           ENTRY                   ADDRESS         REF BY
           =====                   =======         ======
           P2DIR                   002A 
    -------------------------------------------------------------------------
<CODE> 1 (was CODE)
  Relative segment, address: F6B4 - F6FB (0x48 bytes), align: 1
  Segment part 11.            Intra module refs:   AD_cal
           ENTRY                   ADDRESS         REF BY
           =====                   =======         ======
           SampleChannel           F6B4            CollectData (detect)
                                                   IdentifyCar (detect)
               calls direct
    -------------------------------------------------------------------------
<CODE> 1 (was CODE)
  Relative segment, address: FE44 - FE4B (0x8 bytes), align: 1
  Segment part 10.            Intra module refs:   ADC10_ISR::??INTVEC 10
           ENTRY                   ADDRESS         REF BY
           =====                   =======         ======
           ADC10_ISR               FE44 
               interrupt function
    -------------------------------------------------------------------------
<CODE> 1 (was CODE)
  Relative segment, address: EA1C - EAC1 (0xa6 bytes), align: 1
  Segment part 9.
           ENTRY                   ADDRESS         REF BY
           =====                   =======         ======
           AD_cal                  EA1C            halBoardInit (board)
               calls direct
    -------------------------------------------------------------------------
INTVEC
  Common segment, address: FFE0 - FFEB (0xc bytes), align: 1
  Segment part 7. ROOT 
           ENTRY                   ADDRESS         REF BY
           =====                   =======         ======
           ADC10_ISR::??INTVEC 10
                                   FFEA 

    *************************************************************************

  FILE NAME : F:\Graduate\Git_program\MSP430\Net\Debug\Obj\board.r43
  PROGRAM MODULE, NAME : board

  SEGMENTS IN THE MODULE
  ======================
<CODE> 1 (was CODE)
  Relative segment, address: F624 - F66B (0x48 bytes), align: 1
  Segment part 2.
           ENTRY                   ADDRESS         REF BY
           =====                   =======         ======
           halBoardInit            F624            main (main)
               calls direct

    *************************************************************************

  FILE NAME : F:\Graduate\Git_program\MSP430\Net\Debug\Obj\delay.r43
  PROGRAM MODULE, NAME : delay

  SEGMENTS IN THE MODULE
  ======================
<CODE> 1 (was CODE)
  Relative segment, address: FCBC - FCD3 (0x18 bytes), align: 1
  Segment part 13.
           ENTRY                   ADDRESS         REF BY
           =====                   =======         ======
           delayus                 FCBC            CSMABackOff (mac)
    -------------------------------------------------------------------------
<CODE> 1 (was CODE)
  Relative segment, address: FDA2 - FDB1 (0x10 bytes), align: 1
  Segment part 10.            Intra module refs:   delay_10us
           ENTRY                   ADDRESS         REF BY
           =====                   =======         ======
           delay_1us               FDA2            SPIx_ReadByte (spi)
                                                   SPIx_ReadWord (spi)
                                                   SPIx_WriteByte (spi)
                                                   SPIx_WriteWord (spi)
    -------------------------------------------------------------------------
<CODE> 1 (was CODE)
  Relative segment, address: F924 - F955 (0x32 bytes), align: 1
  Segment part 9.             Intra module refs:   delay_100us
           ENTRY                   ADDRESS         REF BY
           =====                   =======         ======
           delay_10us              F924            A7139_ReadReg (A7139)
                                                   A7139_WriteReg (A7139)
               calls direct
    -------------------------------------------------------------------------
<CODE> 1 (was CODE)
  Relative segment, address: FB40 - FB67 (0x28 bytes), align: 1
  Segment part 7.             Intra module refs:   delay_1ms
           ENTRY                   ADDRESS         REF BY
           =====                   =======         ======
           delay_100us             FB40 
               calls direct
    -------------------------------------------------------------------------
<CODE> 1 (was CODE)
  Relative segment, address: FB90 - FBB7 (0x28 bytes), align: 1
  Segment part 5.
           ENTRY                   ADDRESS         REF BY
           =====                   =======         ======
           delay_1ms               FB90            SampleChannel (adc)
                                                   Scan_Channel (join)
               calls direct

    *************************************************************************

  FILE NAME : F:\Graduate\Git_program\MSP430\Net\Debug\Obj\detect.r43
  PROGRAM MODULE, NAME : detect

  SEGMENTS IN THE MODULE
  ======================
DATA16_AN
  Relative segment, address: 0025 - 0025 (0x1 bytes), align: 0
  Segment part 1. ROOT        Intra module refs:   DataSend (tdma)
                                                   IdentifyCar
                                                   Interrupt_Init (interrupt)
                                                   JoinRequestACKHandler (join)
                                                   RecvDataACK (tdma)
           ENTRY                   ADDRESS         REF BY
           =====                   =======         ======
           P1IE                    0025 
    -------------------------------------------------------------------------
DATA16_Z
  Relative segment, address: 020A - 020B (0x2 bytes), align: 1
  Segment part 4.             Intra module refs:   IdentifyCar
           ENTRY                   ADDRESS         REF BY
           =====                   =======         ======
           AD_middle_value         020A            AD_cal (adc)
    -------------------------------------------------------------------------
DATA16_Z
  Relative segment, address: 02DE - 02DE (0x1 bytes), align: 0
  Segment part 5.             Intra module refs:   IdentifyCar
           ENTRY                   ADDRESS         REF BY
           =====                   =======         ======
           Car_Flag                02DE 
    -------------------------------------------------------------------------
DATA16_Z
  Relative segment, address: 020C - 0215 (0xa bytes), align: 1
  Segment part 7.             Intra module refs:   CollectData
                                                   IdentifyCar
           ENTRY                   ADDRESS         REF BY
           =====                   =======         ======
           Magnet_Value            020C 
    -------------------------------------------------------------------------
DATA16_I
  Relative segment, address: 0204 - 0204 (0x1 bytes), align: 0
  Segment part 8.             Intra module refs:   CollectData
                                                   IdentifyCar
           ENTRY                   ADDRESS         REF BY
           =====                   =======         ======
           Start_Collect           0204            Timer_A (interrupt)
    -------------------------------------------------------------------------
DATA16_Z
  Relative segment, address: 0216 - 0217 (0x2 bytes), align: 1
  Segment part 10.            Intra module refs:   CollectData
           ENTRY                   ADDRESS         REF BY
           =====                   =======         ======
           collect_count           0216 
    -------------------------------------------------------------------------
DATA16_Z
  Relative segment, address: 0218 - 0219 (0x2 bytes), align: 1
  Segment part 11.            Intra module refs:   IdentifyCar
           ENTRY                   ADDRESS         REF BY
           =====                   =======         ======
           Ave_Slop                0218            CreatSendData (tdma)
    -------------------------------------------------------------------------
DATA16_Z
  Relative segment, address: 021A - 021B (0x2 bytes), align: 1
  Segment part 12.            Intra module refs:   IdentifyCar
           ENTRY                   ADDRESS         REF BY
           =====                   =======         ======
           Ave_Stable              021A 
    -------------------------------------------------------------------------
DATA16_Z
  Relative segment, address: 02DF - 02DF (0x1 bytes), align: 0
  Segment part 13.            Intra module refs:   IdentifyCar
           ENTRY                   ADDRESS         REF BY
           =====                   =======         ======
           Car_Status              02DF            CreatSendData (tdma)
    -------------------------------------------------------------------------
DATA16_Z
  Relative segment, address: 02E0 - 02E0 (0x1 bytes), align: 0
  Segment part 14.            Intra module refs:   IdentifyCar
           ENTRY                   ADDRESS         REF BY
           =====                   =======         ======
           car_status_memory       02E0 
    -------------------------------------------------------------------------
<CODE> 1 (was CODE)
  Relative segment, address: F806 - F841 (0x3c bytes), align: 1
  Segment part 17.
           ENTRY                   ADDRESS         REF BY
           =====                   =======         ======
           CollectData             F806            Process_Event (ProcessEvent)
               calls direct
    -------------------------------------------------------------------------
<CODE> 1 (was CODE)
  Relative segment, address: E0EC - E261 (0x176 bytes), align: 1
  Segment part 15.
           ENTRY                   ADDRESS         REF BY
           =====                   =======         ======
           IdentifyCar             E0EC            Process_Event (ProcessEvent)
               calls direct
    -------------------------------------------------------------------------
DATA16_ID
  Relative segment, address: E0C0 - E0C0 (0x1 bytes), align: 0
  Segment part 9.             Intra module refs:   Start_Collect

    *************************************************************************

  FILE NAME : F:\Graduate\Git_program\MSP430\Net\Debug\Obj\digio.r43
  PROGRAM MODULE, NAME : digio

  SEGMENTS IN THE MODULE
  ======================
DATA16_AN
  Relative segment, address: 0021 - 0021 (0x1 bytes), align: 0
  Segment part 2. ROOT        Intra module refs:   halDigioConfig
                                                   halLedClear (led)
                                                   halLedSet (led)
                                                   halLedToggle (led)
           ENTRY                   ADDRESS         REF BY
           =====                   =======         ======
           P1OUT                   0021 
    -------------------------------------------------------------------------
DATA16_AN
  Relative segment, address: 0022 - 0022 (0x1 bytes), align: 0
  Segment part 3. ROOT        Intra module refs:   Interrupt_Init (interrupt)
                                                   halDigioConfig
                                                   halLedSet (led)
           ENTRY                   ADDRESS         REF BY
           =====                   =======         ======
           P1DIR                   0022 
    -------------------------------------------------------------------------
DATA16_AN
  Relative segment, address: 0023 - 0023 (0x1 bytes), align: 0
  Segment part 4. ROOT        Intra module refs:   Interrupt_Init (interrupt)
                                                   port1_ISR (interrupt)
           ENTRY                   ADDRESS         REF BY
           =====                   =======         ======
           P1IFG                   0023 
    -------------------------------------------------------------------------
DATA16_AN
  Relative segment, address: 0024 - 0024 (0x1 bytes), align: 0
  Segment part 5. ROOT        Intra module refs:   Interrupt_Init (interrupt)
           ENTRY                   ADDRESS         REF BY
           =====                   =======         ======
           P1IES                   0024 
    -------------------------------------------------------------------------
DATA16_AN
  Relative segment, address: 0026 - 0026 (0x1 bytes), align: 0
  Segment part 7. ROOT        Intra module refs:   halDigioConfig
           ENTRY                   ADDRESS         REF BY
           =====                   =======         ======
           P1SEL                   0026 
    -------------------------------------------------------------------------
DATA16_AN
  Relative segment, address: 0028 - 0028 (0x1 bytes), align: 0
  Segment part 8. ROOT 
           ENTRY                   ADDRESS         REF BY
           =====                   =======         ======
           P2IN                    0028 
    -------------------------------------------------------------------------
DATA16_AN
  Relative segment, address: 002B - 002B (0x1 bytes), align: 0
  Segment part 11. ROOT 
           ENTRY                   ADDRESS         REF BY
           =====                   =======         ======
           P2IFG                   002B 
    -------------------------------------------------------------------------
DATA16_AN
  Relative segment, address: 002C - 002C (0x1 bytes), align: 0
  Segment part 12. ROOT 
           ENTRY                   ADDRESS         REF BY
           =====                   =======         ======
           P2IES                   002C 
    -------------------------------------------------------------------------
DATA16_AN
  Relative segment, address: 002D - 002D (0x1 bytes), align: 0
  Segment part 13. ROOT 
           ENTRY                   ADDRESS         REF BY
           =====                   =======         ======
           P2IE                    002D 
    -------------------------------------------------------------------------
DATA16_AN
  Relative segment, address: 002E - 002E (0x1 bytes), align: 0
  Segment part 14. ROOT       Intra module refs:   halDigioConfig
           ENTRY                   ADDRESS         REF BY
           =====                   =======         ======
           P2SEL                   002E 
    -------------------------------------------------------------------------
DATA16_AN
  Relative segment, address: 0018 - 0018 (0x1 bytes), align: 0
  Segment part 15. ROOT       Intra module refs:   SPIx_ReadByte (spi)
                                                   SPIx_ReadWord (spi)
           ENTRY                   ADDRESS         REF BY
           =====                   =======         ======
           P3IN                    0018 
    -------------------------------------------------------------------------
DATA16_AN
  Relative segment, address: 001A - 001A (0x1 bytes), align: 0
  Segment part 17. ROOT       Intra module refs:   MOSI_IN (spi)
                                                   MOSI_OUT (spi)
                                                   halDigioConfig
           ENTRY                   ADDRESS         REF BY
           =====                   =======         ======
           P3DIR                   001A 
    -------------------------------------------------------------------------
DATA16_AN
  Relative segment, address: 001B - 001B (0x1 bytes), align: 0
  Segment part 18. ROOT       Intra module refs:   halDigioConfig
                                                   halUartInit (uart)
           ENTRY                   ADDRESS         REF BY
           =====                   =======         ======
           P3SEL                   001B 
    -------------------------------------------------------------------------
<CODE> 1 (was CODE)
  Relative segment, address: EF84 - F007 (0x84 bytes), align: 1
  Segment part 34.            Intra module refs:   GPIO_Init
           ENTRY                   ADDRESS         REF BY
           =====                   =======         ======
           halDigioConfig          EF84            SPI3_Init (spi)
                                                   time_init (timer)
               calls direct
    -------------------------------------------------------------------------
DATA16_C
  Relative segment, address: E08E - E092 (0x5 bytes), align: 0
  Segment part 20.            Intra module refs:   GPIO_Init
           ENTRY                   ADDRESS         REF BY
           =====                   =======         ======
           pinLed1                 E08E            time_init (timer)
    -------------------------------------------------------------------------
DATA16_C
  Relative segment, address: E093 - E097 (0x5 bytes), align: 0
  Segment part 21.            Intra module refs:   GPIO_Init
           ENTRY                   ADDRESS         REF BY
           =====                   =======         ======
           pinGIO2                 E093            DataSend (tdma)
                                                   IdentifyCar (detect)
                                                   Interrupt_Init (interrupt)
                                                   JoinRequestACKHandler (join)
                                                   RecvDataACK (tdma)
                                                   port1_ISR (interrupt)
    -------------------------------------------------------------------------
DATA16_C
  Relative segment, address: E098 - E09C (0x5 bytes), align: 0
  Segment part 22.            Intra module refs:   GPIO_Init
           ENTRY                   ADDRESS         REF BY
           =====                   =======         ======
           pinGIO1                 E098 
    -------------------------------------------------------------------------
DATA16_C
  Relative segment, address: E09D - E0A1 (0x5 bytes), align: 0
  Segment part 23.            Intra module refs:   GPIO_Init
           ENTRY                   ADDRESS         REF BY
           =====                   =======         ======
           pinKZ                   E09D 
    -------------------------------------------------------------------------
DATA16_C
  Relative segment, address: E0A2 - E0A6 (0x5 bytes), align: 0
  Segment part 24.            Intra module refs:   GPIO_Init
           ENTRY                   ADDRESS         REF BY
           =====                   =======         ======
           TIME1                   E0A2 
    -------------------------------------------------------------------------
<CODE> 1 (was CODE)
  Relative segment, address: FB18 - FB3F (0x28 bytes), align: 1
  Segment part 25.
           ENTRY                   ADDRESS         REF BY
           =====                   =======         ======
           GPIO_Init               FB18            halBoardInit (board)
               calls direct

    *************************************************************************

  FILE NAME : F:\Graduate\Git_program\MSP430\Net\Debug\Obj\flash.r43
  PROGRAM MODULE, NAME : flash

  SEGMENTS IN THE MODULE
  ======================
DATA16_AN
  Relative segment, address: 0128 - 0129 (0x2 bytes), align: 0
  Segment part 1. ROOT 
           ENTRY                   ADDRESS         REF BY
           =====                   =======         ======
           FCTL1                   0128 
    -------------------------------------------------------------------------
DATA16_AN
  Relative segment, address: 012A - 012B (0x2 bytes), align: 0
  Segment part 2. ROOT        Intra module refs:   FLASHInit
           ENTRY                   ADDRESS         REF BY
           =====                   =======         ======
           FCTL2                   012A 
    -------------------------------------------------------------------------
DATA16_AN
  Relative segment, address: 012C - 012D (0x2 bytes), align: 0
  Segment part 3. ROOT 
           ENTRY                   ADDRESS         REF BY
           =====                   =======         ======
           FCTL3                   012C 
    -------------------------------------------------------------------------
<CODE> 1 (was CODE)
  Relative segment, address: FE34 - FE3B (0x8 bytes), align: 1
  Segment part 14.
           ENTRY                   ADDRESS         REF BY
           =====                   =======         ======
           FLASHInit               FE34            halBoardInit (board)
    -------------------------------------------------------------------------
<CODE> 1 (was CODE)
  Relative segment, address: FE6C - FE6F (0x4 bytes), align: 1
  Segment part 10.            Intra module refs:   GetPhyAddress
           ENTRY                   ADDRESS         REF BY
           =====                   =======         ======
           FLASH_Readw             FE6C 
    -------------------------------------------------------------------------
<CODE> 1 (was CODE)
  Relative segment, address: FE3C - FE43 (0x8 bytes), align: 1
  Segment part 7.
           ENTRY                   ADDRESS         REF BY
           =====                   =======         ======
           GetPhyAddress           FE3C            main (main)
               calls direct

    *************************************************************************

  FILE NAME : F:\Graduate\Git_program\MSP430\Net\Debug\Obj\int.r43
    *************************************************************************

  FILE NAME : F:\Graduate\Git_program\MSP430\Net\Debug\Obj\interrupt.r43
  PROGRAM MODULE, NAME : interrupt

  SEGMENTS IN THE MODULE
  ======================
DATA16_AN
  Relative segment, address: 0027 - 0027 (0x1 bytes), align: 0
  Segment part 5. ROOT        Intra module refs:   Interrupt_Init
           ENTRY                   ADDRESS         REF BY
           =====                   =======         ======
           P1REN                   0027 
    -------------------------------------------------------------------------
DATA16_AN
  Relative segment, address: 0162 - 0163 (0x2 bytes), align: 0
  Segment part 7. ROOT        Intra module refs:   Timer_A0
                                                   time_init (timer)
           ENTRY                   ADDRESS         REF BY
           =====                   =======         ======
           TA0CCTL0                0162 
    -------------------------------------------------------------------------
DATA16_AN
  Relative segment, address: 0182 - 0183 (0x2 bytes), align: 0
  Segment part 8. ROOT        Intra module refs:   Timer_A
                                                   port1_ISR
           ENTRY                   ADDRESS         REF BY
           =====                   =======         ======
           TA1CCTL0                0182 
    -------------------------------------------------------------------------
DATA16_Z
  Relative segment, address: 02E1 - 02E1 (0x1 bytes), align: 0
  Segment part 13.            Intra module refs:   Timer_A0
                                                   port1_ISR
           ENTRY                   ADDRESS         REF BY
           =====                   =======         ======
           Receive_Timeout         02E1 
    -------------------------------------------------------------------------
DATA16_Z
  Relative segment, address: 021C - 021F (0x4 bytes), align: 1
  Segment part 14.            Intra module refs:   Timer_A
                                                   port1_ISR
           ENTRY                   ADDRESS         REF BY
           =====                   =======         ======
           Frame_Time              021C            DataSend (tdma)
                                                   RecvDataACK (tdma)
                                                   SendByCSMA (mac)
    -------------------------------------------------------------------------
DATA16_Z
  Relative segment, address: 0220 - 0221 (0x2 bytes), align: 1
  Segment part 15.            Intra module refs:   Timer_A
           ENTRY                   ADDRESS         REF BY
           =====                   =======         ======
           Collect_Time            0220 
    -------------------------------------------------------------------------
<CODE> 1 (was CODE)
  Relative segment, address: FC00 - FC21 (0x22 bytes), align: 1
  Segment part 22.
           ENTRY                   ADDRESS         REF BY
           =====                   =======         ======
           Interrupt_Init          FC00            halBoardInit (board)
               calls direct
    -------------------------------------------------------------------------
<CODE> 1 (was CODE)
  Relative segment, address: ECAC - ED45 (0x9a bytes), align: 1
  Segment part 21.            Intra module refs:   port1_ISR::??INTVEC 4
           ENTRY                   ADDRESS         REF BY
           =====                   =======         ======
           port1_ISR               ECAC 
               interrupt function
               calls direct
    -------------------------------------------------------------------------
<CODE> 1 (was CODE)
  Relative segment, address: F4EE - F53F (0x52 bytes), align: 1
  Segment part 20.            Intra module refs:   Timer_A::??INTVEC 26
           ENTRY                   ADDRESS         REF BY
           =====                   =======         ======
           Timer_A                 F4EE 
               interrupt function
               calls direct
    -------------------------------------------------------------------------
<CODE> 1 (was CODE)
  Relative segment, address: F26E - F2D5 (0x68 bytes), align: 1
  Segment part 19.            Intra module refs:   Timer_A0::??INTVEC 18
           ENTRY                   ADDRESS         REF BY
           =====                   =======         ======
           Timer_A0                F26E 
               interrupt function
               calls direct
    -------------------------------------------------------------------------
INTVEC
  Common segment, address: FFE0 - FFE5 (0x6 bytes), align: 1
  Segment part 9. ROOT 
           ENTRY                   ADDRESS         REF BY
           =====                   =======         ======
           port1_ISR::??INTVEC 4   FFE4 
    -------------------------------------------------------------------------
INTVEC
  Common segment, address: FFE0 - FFF3 (0x14 bytes), align: 1
  Segment part 10. ROOT 
           ENTRY                   ADDRESS         REF BY
           =====                   =======         ======
           Timer_A0::??INTVEC 18   FFF2 
    -------------------------------------------------------------------------
INTVEC
  Common segment, address: FFE0 - FFFB (0x1c bytes), align: 1
  Segment part 11. ROOT 
           ENTRY                   ADDRESS         REF BY
           =====                   =======         ======
           Timer_A::??INTVEC 26    FFFA 

    *************************************************************************

  FILE NAME : F:\Graduate\Git_program\MSP430\Net\Debug\Obj\join.r43
  PROGRAM MODULE, NAME : join

  SEGMENTS IN THE MODULE
  ======================
DATA16_C
  Relative segment, address: E04A - E08D (0x44 bytes), align: 1
  Segment part 4.             Intra module refs:   Scan_Channel
                                                   SortChannel
           ENTRY                   ADDRESS         REF BY
           =====                   =======         ======
           ChannelList             E04A            A7139_Deep_Wake (A7139)
    -------------------------------------------------------------------------
DATA16_I
  Relative segment, address: 0205 - 0205 (0x1 bytes), align: 0
  Segment part 5.
           ENTRY                   ADDRESS         REF BY
           =====                   =======         ======
           StartChannel            0205            main (main)
    -------------------------------------------------------------------------
DATA16_I
  Relative segment, address: 0206 - 0206 (0x1 bytes), align: 0
  Segment part 7.
           ENTRY                   ADDRESS         REF BY
           =====                   =======         ======
           EndChannel              0206            main (main)
    -------------------------------------------------------------------------
DATA16_Z
  Relative segment, address: 02E2 - 0321 (0x40 bytes), align: 0
  Segment part 9.             Intra module refs:   Scan_Channel
                                                   SortChannel
           ENTRY                   ADDRESS         REF BY
           =====                   =======         ======
           ScanChannel             02E2 
    -------------------------------------------------------------------------
DATA16_Z
  Relative segment, address: 0222 - 0229 (0x8 bytes), align: 1
  Segment part 10.            Intra module refs:   CreatJoinRequest
           ENTRY                   ADDRESS         REF BY
           =====                   =======         ======
           JoinRequestPacket       0222 
    -------------------------------------------------------------------------
DATA16_Z
  Relative segment, address: 0322 - 0327 (0x6 bytes), align: 0
  Segment part 11.            Intra module refs:   CreatJoinRequestACKOK
           ENTRY                   ADDRESS         REF BY
           =====                   =======         ======
           JoinRequestACKOKPacket
                                   0322 
    -------------------------------------------------------------------------
<CODE> 1 (was CODE)
  Relative segment, address: E604 - E6F9 (0xf6 bytes), align: 1
  Segment part 18.
           ENTRY                   ADDRESS         REF BY
           =====                   =======         ======
           Scan_Channel            E604            main (main)
               calls direct
    -------------------------------------------------------------------------
<CODE> 1 (was CODE)
  Relative segment, address: E8C4 - E973 (0xb0 bytes), align: 1
  Segment part 17.            Intra module refs:   SortChannel
           ENTRY                   ADDRESS         REF BY
           =====                   =======         ======
           bubble                  E8C4 
               calls direct
    -------------------------------------------------------------------------
<CODE> 1 (was CODE)
  Relative segment, address: F3F0 - F447 (0x58 bytes), align: 1
  Segment part 16.
           ENTRY                   ADDRESS         REF BY
           =====                   =======         ======
           SortChannel             F3F0            main (main)
               calls direct
    -------------------------------------------------------------------------
<CODE> 1 (was CODE)
  Relative segment, address: F008 - F089 (0x82 bytes), align: 1
  Segment part 15.            Intra module refs:   SendJoinRequest
           ENTRY                   ADDRESS         REF BY
           =====                   =======         ======
           CreatJoinRequest        F008 
    -------------------------------------------------------------------------
<CODE> 1 (was CODE)
  Relative segment, address: FDB2 - FDC1 (0x10 bytes), align: 1
  Segment part 14.
           ENTRY                   ADDRESS         REF BY
           =====                   =======         ======
           SendJoinRequest         FDB2            Process_Event (ProcessEvent)
               calls direct
    -------------------------------------------------------------------------
<CODE> 1 (was CODE)
  Relative segment, address: EEFC - EF83 (0x88 bytes), align: 1
  Segment part 13.            Intra module refs:   JoinRequestACKHandler
           ENTRY                   ADDRESS         REF BY
           =====                   =======         ======
           CreatJoinRequestACKOK   EEFC 
    -------------------------------------------------------------------------
<CODE> 1 (was CODE)
  Relative segment, address: F186 - F1FD (0x78 bytes), align: 1
  Segment part 12.
           ENTRY                   ADDRESS         REF BY
           =====                   =======         ======
           JoinRequestACKHandler   F186            Process_Event (ProcessEvent)
               calls direct
    -------------------------------------------------------------------------
DATA16_ID
  Relative segment, address: E0C1 - E0C1 (0x1 bytes), align: 0
  Segment part 6.             Intra module refs:   StartChannel
    -------------------------------------------------------------------------
DATA16_ID
  Relative segment, address: E0C2 - E0C2 (0x1 bytes), align: 0
  Segment part 8.             Intra module refs:   EndChannel

    *************************************************************************

  FILE NAME : F:\Graduate\Git_program\MSP430\Net\Debug\Obj\led.r43
  PROGRAM MODULE, NAME : led

  SEGMENTS IN THE MODULE
  ======================
<CODE> 1 (was CODE)
  Relative segment, address: FC88 - FCA1 (0x1a bytes), align: 1
  Segment part 6.
           ENTRY                   ADDRESS         REF BY
           =====                   =======         ======
           halLedSet               FC88            AD_cal (adc)
                                                   IdentifyCar (detect)
                                                   halBoardInit (board)
    -------------------------------------------------------------------------
<CODE> 1 (was CODE)
  Relative segment, address: FD02 - FD17 (0x16 bytes), align: 1
  Segment part 5.
           ENTRY                   ADDRESS         REF BY
           =====                   =======         ======
           halLedClear             FD02            AD_cal (adc)
                                                   IdentifyCar (detect)
    -------------------------------------------------------------------------
<CODE> 1 (was CODE)
  Relative segment, address: FD18 - FD2D (0x16 bytes), align: 1
  Segment part 4.
           ENTRY                   ADDRESS         REF BY
           =====                   =======         ======
           halLedToggle            FD18            Err_State (A7139)

    *************************************************************************

  FILE NAME : F:\Graduate\Git_program\MSP430\Net\Debug\Obj\mac.r43
  PROGRAM MODULE, NAME : mac

  SEGMENTS IN THE MODULE
  ======================
DATA16_AN
  Relative segment, address: 0170 - 0171 (0x2 bytes), align: 0
  Segment part 1. ROOT        Intra module refs:   CSMABackOff
           ENTRY                   ADDRESS         REF BY
           =====                   =======         ======
           TA0R                    0170 
    -------------------------------------------------------------------------
DATA16_Z
  Relative segment, address: 022A - 0239 (0x10 bytes), align: 1
  Segment part 3.             Intra module refs:   BeaconHandler
                                                   CSMABackOff
                                                   PackValid
                                                   SendByCSMA
           ENTRY                   ADDRESS         REF BY
           =====                   =======         ======
           EndPointDevice          022A            A7139_Deep_Wake (A7139)
                                                   CreatJoinRequest (join)
                                                   CreatJoinRequestACKOK (join)
                                                   CreatSendData (tdma)
                                                   DataACKHandler (tdma)
                                                   DataSend (tdma)
                                                   JoinRequestACKHandler (join)
                                                   RXMode (A7139)
                                                   RecvDataACK (tdma)
                                                   SendPack (A7139)
                                                   SortChannel (join)
                                                   Timer_A0 (interrupt)
                                                   main (main)
                                                   port1_ISR (interrupt)
    -------------------------------------------------------------------------
DATA16_Z
  Relative segment, address: 0328 - 0333 (0xc bytes), align: 0
  Segment part 4.             Intra module refs:   PackValid
           ENTRY                   ADDRESS         REF BY
           =====                   =======         ======
           DataRecvBuffer          0328            JoinRequestACKHandler (join)
                                                   Process_Event (ProcessEvent)
                                                   RecvDataACK (tdma)
                                                   port1_ISR (interrupt)
    -------------------------------------------------------------------------
DATA16_Z
  Relative segment, address: 0334 - 033F (0xc bytes), align: 0
  Segment part 5.
           ENTRY                   ADDRESS         REF BY
           =====                   =======         ======
           DataSendBuffer          0334            CSMADataResend (tdma)
                                                   CreatJoinRequest (join)
                                                   CreatJoinRequestACKOK (join)
                                                   CreatSendData (tdma)
                                                   DataACKHandler (tdma)
                                                   SendJoinRequest (join)
                                                   SendPack (A7139)
    -------------------------------------------------------------------------
DATA16_Z
  Relative segment, address: 023A - 023B (0x2 bytes), align: 1
  Segment part 6.             Intra module refs:   CSMABackOff
           ENTRY                   ADDRESS         REF BY
           =====                   =======         ======
           CSMA_BackOff_Random     023A 
    -------------------------------------------------------------------------
DATA16_Z
  Relative segment, address: 0340 - 0340 (0x1 bytes), align: 0
  Segment part 7.             Intra module refs:   SendByCSMA
           ENTRY                   ADDRESS         REF BY
           =====                   =======         ======
           CSMA_BackOff_Count      0340 
    -------------------------------------------------------------------------
DATA16_Z
  Relative segment, address: 0341 - 0341 (0x1 bytes), align: 0
  Segment part 10.
           ENTRY                   ADDRESS         REF BY
           =====                   =======         ======
           Data_Change_Flag        0341            IdentifyCar (detect)
    -------------------------------------------------------------------------
<CODE> 1 (was CODE)
  Relative segment, address: FE00 - FE0B (0xc bytes), align: 1
  Segment part 15.
           ENTRY                   ADDRESS         REF BY
           =====                   =======         ======
           Unpack                  FE00            RecvDataACK (tdma)
                                                   port1_ISR (interrupt)
    -------------------------------------------------------------------------
<CODE> 1 (was CODE)
  Relative segment, address: F2D6 - F337 (0x62 bytes), align: 1
  Segment part 14.            Intra module refs:   SendByCSMA
           ENTRY                   ADDRESS         REF BY
           =====                   =======         ======
           CSMABackOff             F2D6 
               calls direct
    -------------------------------------------------------------------------
<CODE> 1 (was CODE)
  Relative segment, address: ED46 - EDDB (0x96 bytes), align: 1
  Segment part 13.
           ENTRY                   ADDRESS         REF BY
           =====                   =======         ======
           SendByCSMA              ED46            CSMADataResend (tdma)
                                                   SendJoinRequest (join)
               calls direct
    -------------------------------------------------------------------------
<CODE> 1 (was CODE)
  Relative segment, address: F448 - F49B (0x54 bytes), align: 1
  Segment part 12.
           ENTRY                   ADDRESS         REF BY
           =====                   =======         ======
           BeaconHandler           F448            Process_Event (ProcessEvent)
               calls direct
    -------------------------------------------------------------------------
<CODE> 1 (was CODE)
  Relative segment, address: F784 - F7C5 (0x42 bytes), align: 1
  Segment part 11.
           ENTRY                   ADDRESS         REF BY
           =====                   =======         ======
           PackValid               F784            RecvDataACK (tdma)
                                                   port1_ISR (interrupt)

    *************************************************************************

  FILE NAME : F:\Graduate\Git_program\MSP430\Net\Debug\Obj\main.r43
  PROGRAM MODULE, NAME : main

  SEGMENTS IN THE MODULE
  ======================
DATA16_Z
  Relative segment, address: 0342 - 034D (0xc bytes), align: 0
  Segment part 2.             Intra module refs:   main
           ENTRY                   ADDRESS         REF BY
           =====                   =======         ======
           normal_test             0342 
    -------------------------------------------------------------------------
<CODE> 1 (was CODE)
  Relative segment, address: F742 - F783 (0x42 bytes), align: 1
  Segment part 3.
           ENTRY                   ADDRESS         REF BY
           =====                   =======         ======
           main                    F742            Segment part 18 (?cstart)
               calls direct

    *************************************************************************

  FILE NAME : F:\Graduate\Git_program\MSP430\Net\Debug\Obj\mcu.r43
  PROGRAM MODULE, NAME : mcu

  SEGMENTS IN THE MODULE
  ======================
DATA16_AN
  Relative segment, address: 0056 - 0056 (0x1 bytes), align: 0
  Segment part 1. ROOT        Intra module refs:   halMcuInit
           ENTRY                   ADDRESS         REF BY
           =====                   =======         ======
           DCOCTL                  0056 
    -------------------------------------------------------------------------
DATA16_AN
  Relative segment, address: 0057 - 0057 (0x1 bytes), align: 0
  Segment part 2. ROOT        Intra module refs:   halMcuInit
           ENTRY                   ADDRESS         REF BY
           =====                   =======         ======
           BCSCTL1                 0057 
    -------------------------------------------------------------------------
DATA16_AN
  Relative segment, address: 0120 - 0121 (0x2 bytes), align: 0
  Segment part 3. ROOT        Intra module refs:   halMcuInit
                                                   time_init (timer)
           ENTRY                   ADDRESS         REF BY
           =====                   =======         ======
           WDTCTL                  0120 
    -------------------------------------------------------------------------
DATA16_AN
  Relative segment, address: 10F8 - 10F8 (0x1 bytes), align: 0
  Segment part 4. ROOT        Intra module refs:   halMcuInit
           ENTRY                   ADDRESS         REF BY
           =====                   =======         ======
           CALDCO_16MHZ            10F8 
    -------------------------------------------------------------------------
DATA16_AN
  Relative segment, address: 10F9 - 10F9 (0x1 bytes), align: 0
  Segment part 5. ROOT        Intra module refs:   halMcuInit
           ENTRY                   ADDRESS         REF BY
           =====                   =======         ======
           CALBC1_16MHZ            10F9 
    -------------------------------------------------------------------------
<CODE> 1 (was CODE)
  Relative segment, address: FC22 - FC43 (0x22 bytes), align: 1
  Segment part 9.
           ENTRY                   ADDRESS         REF BY
           =====                   =======         ======
           halMcuInit              FC22            halBoardInit (board)

    *************************************************************************

  FILE NAME : F:\Graduate\Git_program\MSP430\Net\Debug\Obj\ProcessEvent.r43
  PROGRAM MODULE, NAME : ProcessEvent

  SEGMENTS IN THE MODULE
  ======================
DATA16_Z
  Relative segment, address: 034E - 0352 (0x5 bytes), align: 0
  Segment part 2.             Intra module refs:   Init_TQ
                                                   Pop_T
                                                   PostTask
           ENTRY                   ADDRESS         REF BY
           =====                   =======         ======
           TQ                      034E 
    -------------------------------------------------------------------------
DATA16_Z
  Relative segment, address: 023C - 023D (0x2 bytes), align: 1
  Segment part 3.             Intra module refs:   Init_TQ
                                                   Pop_T
           ENTRY                   ADDRESS         REF BY
           =====                   =======         ======
           current_tsk             023C 
    -------------------------------------------------------------------------
DATA16_Z
  Relative segment, address: 023E - 023F (0x2 bytes), align: 1
  Segment part 4.             Intra module refs:   Init_TQ
                                                   PostTask
           ENTRY                   ADDRESS         REF BY
           =====                   =======         ======
           last_tsk                023E 
    -------------------------------------------------------------------------
<CODE> 1 (was CODE)
  Relative segment, address: FCA2 - FCBB (0x1a bytes), align: 1
  Segment part 8.
           ENTRY                   ADDRESS         REF BY
           =====                   =======         ======
           Init_TQ                 FCA2            halBoardInit (board)
    -------------------------------------------------------------------------
<CODE> 1 (was CODE)
  Relative segment, address: FA98 - FAC3 (0x2c bytes), align: 1
  Segment part 7.
           ENTRY                   ADDRESS         REF BY
           =====                   =======         ======
           PostTask                FA98            BeaconHandler (mac)
                                                   CollectData (detect)
                                                   RecvDataACK (tdma)
                                                   Timer_A (interrupt)
                                                   port1_ISR (interrupt)
               calls direct
    -------------------------------------------------------------------------
<CODE> 1 (was CODE)
  Relative segment, address: F8B4 - F8EB (0x38 bytes), align: 1
  Segment part 6.             Intra module refs:   Process_Event
           ENTRY                   ADDRESS         REF BY
           =====                   =======         ======
           Pop_T                   F8B4 
               calls direct
    -------------------------------------------------------------------------
<CODE> 1 (was CODE)
  Relative segment, address: F1FE - F26D (0x70 bytes), align: 1
  Segment part 5.
           ENTRY                   ADDRESS         REF BY
           =====                   =======         ======
           Process_Event           F1FE            main (main)
               calls direct

    *************************************************************************

  FILE NAME : F:\Graduate\Git_program\MSP430\Net\Debug\Obj\spi.r43
  PROGRAM MODULE, NAME : spi

  SEGMENTS IN THE MODULE
  ======================
DATA16_C
  Relative segment, address: E0A7 - E0AB (0x5 bytes), align: 0
  Segment part 5.             Intra module refs:   SPI3_Init
           ENTRY                   ADDRESS         REF BY
           =====                   =======         ======
           mosi_in                 E0A7 
    -------------------------------------------------------------------------
DATA16_C
  Relative segment, address: E0AC - E0B0 (0x5 bytes), align: 0
  Segment part 6.             Intra module refs:   SPI3_Init
           ENTRY                   ADDRESS         REF BY
           =====                   =======         ======
           mosi_out                E0AC 
    -------------------------------------------------------------------------
DATA16_C
  Relative segment, address: E0B1 - E0B5 (0x5 bytes), align: 0
  Segment part 8.             Intra module refs:   SPI3_Init
           ENTRY                   ADDRESS         REF BY
           =====                   =======         ======
           sck                     E0B1 
    -------------------------------------------------------------------------
DATA16_C
  Relative segment, address: E0B6 - E0BA (0x5 bytes), align: 0
  Segment part 9.             Intra module refs:   SPI3_Init
           ENTRY                   ADDRESS         REF BY
           =====                   =======         ======
           scs                     E0B6 
    -------------------------------------------------------------------------
<CODE> 1 (was CODE)
  Relative segment, address: FE5A - FE5F (0x6 bytes), align: 1
  Segment part 16.            Intra module refs:   SPIx_ReadByte
                                                   SPIx_ReadWord
           ENTRY                   ADDRESS         REF BY
           =====                   =======         ======
           MOSI_IN                 FE5A 
    -------------------------------------------------------------------------
<CODE> 1 (was CODE)
  Relative segment, address: FE54 - FE59 (0x6 bytes), align: 1
  Segment part 15.            Intra module refs:   SPIx_ReadByte
                                                   SPIx_ReadWord
           ENTRY                   ADDRESS         REF BY
           =====                   =======         ======
           MOSI_OUT                FE54 
    -------------------------------------------------------------------------
<CODE> 1 (was CODE)
  Relative segment, address: FAC4 - FAED (0x2a bytes), align: 1
  Segment part 14.
           ENTRY                   ADDRESS         REF BY
           =====                   =======         ======
           SPI3_Init               FAC4            halBoardInit (board)
               calls direct
    -------------------------------------------------------------------------
<CODE> 1 (was CODE)
  Relative segment, address: F842 - F87B (0x3a bytes), align: 1
  Segment part 13.
           ENTRY                   ADDRESS         REF BY
           =====                   =======         ======
           SPIx_WriteByte          F842            A7139_ReadFIFO (A7139)
                                                   A7139_ReadReg (A7139)
                                                   A7139_SetCID (A7139)
                                                   A7139_StrobeCmd (A7139)
                                                   A7139_WriteFIFO (A7139)
[...]
                                                   EndPointDevice (mac)
                                                   Frame_Time (interrupt)
                                                   JoinRequestACKOKPacket (join)
                                                   JoinRequestPacket (join)
                                                   Magnet_Value (detect)
                                                   Receive_Timeout (interrupt)
                                                   ScanChannel (join)
                                                   Segment part 10 (?rand)
                                                   Segment part 7 (?rand)
                                                   Segment part 8 (?rand)
                                                   Segment part 9 (?rand)
                                                   TQ (ProcessEvent)
                                                   _Randinit (?rand)
                                                   __iar_Tls_setup__Randinit (?rand)
                                                   __iar_Tls_setup__Randseed (?rand)
                                                   car_status_memory (detect)
                                                   collect_count (detect)
                                                   current_tsk (ProcessEvent)
                                                   last_tsk (ProcessEvent)
                                                   look (A7139)
                                                   normal_test (main)
                                                   resend_count (tdma)
                                                   send_time (tdma)
    -------------------------------------------------------------------------
CSTART
  Relative segment, address: E0D4 - E0E3 (0x10 bytes), align: 1
  Segment part 14.
           ENTRY                   ADDRESS         REF BY
           =====                   =======         ======
           ?cstart_init_copy       E0D4            EndChannel (join)
                                                   StartChannel (join)
                                                   Start_Collect (detect)
                                                   _Randseed (?rand)
    -------------------------------------------------------------------------
CSTART
  Relative segment, address: E0E4 - E0EB (0x8 bytes), align: 1
  Segment part 18.            Intra module refs:   Segment part 9
           ENTRY                   ADDRESS         REF BY
           =====                   =======         ======
           ?cstart_call_main       E0E4 
           ?cstart_end             E0EC 

    -------------------------------------------------------------------------
  LIBRARY MODULE, NAME : ?reset_vector

  SEGMENTS IN THE MODULE
  ======================
RESET
  Relative segment, address: FFFE - FFFF (0x2 bytes), align: 1
  Segment part 0.
           ENTRY                   ADDRESS         REF BY
           =====                   =======         ======
           ?reset_vector           FFFE            Segment part 9 (?cstart)

    -------------------------------------------------------------------------
  LIBRARY MODULE, NAME : ?Epilogue

  SEGMENTS IN THE MODULE
  ======================
<CODE> 1 (was CODE)
  Relative segment, address: FDD0 - FDD1 (0x2 bytes), align: 1
  Segment part 3.
           ENTRY                   ADDRESS         REF BY
           =====                   =======         ======
           ?Epilogue5              FDD0            A7139_SetFreq (A7139)
    -------------------------------------------------------------------------
<CODE> 1 (was CODE)
  Relative segment, address: FDD2 - FDD3 (0x2 bytes), align: 1
  Segment part 4.             Intra module refs:   ?Epilogue5
           ENTRY                   ADDRESS         REF BY
           =====                   =======         ======
           ?Epilogue4              FDD2 
    -------------------------------------------------------------------------
<CODE> 1 (was CODE)
  Relative segment, address: FDD4 - FDDB (0x8 bytes), align: 1
  Segment part 5.             Intra module refs:   ?Epilogue4
           ENTRY                   ADDRESS         REF BY
           =====                   =======         ======
           ?Epilogue3              FDD4            Scan_Channel (join)
                                                   bubble (join)

    -------------------------------------------------------------------------
  LIBRARY MODULE, NAME : ?exit

  SEGMENTS IN THE MODULE
  ======================
<CODE> 1 (was CODE)
  Relative segment, address: FE64 - FE67 (0x4 bytes), align: 1
  Segment part 2.
           ENTRY                   ADDRESS         REF BY
           =====                   =======         ======
           exit                    FE64            Segment part 18 (?cstart)
               calls direct

    -------------------------------------------------------------------------
  LIBRARY MODULE, NAME : ?Cast32f32i

  SEGMENTS IN THE MODULE
  ======================
<CODE> 1 (was CODE)
  Relative segment, address: F108 - F185 (0x7e bytes), align: 1
  Segment part 1.
           ENTRY                   ADDRESS         REF BY
           =====                   =======         ======
           _Cast32uto32f           F108            A7139_SetFreq (A7139)

    -------------------------------------------------------------------------
  LIBRARY MODULE, NAME : _Cast32fto32u

  SEGMENTS IN THE MODULE
  ======================
<CODE> 1 (was CODE)
  Relative segment, address: FDF4 - FDFF (0xc bytes), align: 1
  Segment part 0.
           ENTRY                   ADDRESS         REF BY
           =====                   =======         ======
           _Cast32fto32u           FDF4            A7139_SetFreq (A7139)

    -------------------------------------------------------------------------
  LIBRARY MODULE, NAME : ?FLT_Extract

  SEGMENTS IN THE MODULE
  ======================
<CODE> 1 (was CODE)
  Relative segment, address: F58E - F5D9 (0x4c bytes), align: 1
  Segment part 0.
           ENTRY                   ADDRESS         REF BY
           =====                   =======         ======
           ?FLT_Extract            F58E            _Cast32fto32u (_Cast32fto32u)

    -------------------------------------------------------------------------
  LIBRARY MODULE, NAME : ?FLT_LT

  SEGMENTS IN THE MODULE
  ======================
<CODE> 1 (was CODE)
  Relative segment, address: F49C - F4ED (0x52 bytes), align: 1
  Segment part 0.
           ENTRY                   ADDRESS         REF BY
           =====                   =======         ======
           ?FLT_LT                 F49C            _CmpLt32f (_CmpLt32f)

    -------------------------------------------------------------------------
  LIBRARY MODULE, NAME : _CmpLt32f

  SEGMENTS IN THE MODULE
  ======================
<CODE> 1 (was CODE)
  Relative segment, address: FE22 - FE2B (0xa bytes), align: 1
  Segment part 0.
           ENTRY                   ADDRESS         REF BY
           =====                   =======         ======
           _CmpLt32f               FE22            A7139_SetFreq (A7139)

    -------------------------------------------------------------------------
  LIBRARY MODULE, NAME : _Mul32f

  SEGMENTS IN THE MODULE
  ======================
<CODE> 1 (was CODE)
  Relative segment, address: E4F4 - E603 (0x110 bytes), align: 1
  Segment part 0.
           ENTRY                   ADDRESS         REF BY
           =====                   =======         ======
           _Mul32f                 E4F4            A7139_SetFreq (A7139)

    -------------------------------------------------------------------------
  LIBRARY MODULE, NAME : _Div32f

  SEGMENTS IN THE MODULE
  ======================
<CODE> 1 (was CODE)
  Relative segment, address: E3C4 - E4F3 (0x130 bytes), align: 1
  Segment part 0.
           ENTRY                   ADDRESS         REF BY
           =====                   =======         ======
           _Div32f                 E3C4            A7139_SetFreq (A7139)

    -------------------------------------------------------------------------
  LIBRARY MODULE, NAME : _Add32f

  SEGMENTS IN THE MODULE
  ======================
<CODE> 1 (was CODE)
  Relative segment, address: E262 - E265 (0x4 bytes), align: 1
  Segment part 0.
           ENTRY                   ADDRESS         REF BY
           =====                   =======         ======
           _Sub32f                 E262            A7139_SetFreq (A7139)
    -------------------------------------------------------------------------
<CODE> 1 (was CODE)
  Relative segment, address: E266 - E3C3 (0x15e bytes), align: 1
  Segment part 1.             Intra module refs:   _Sub32f
           ENTRY                   ADDRESS         REF BY
           =====                   =======         ======
           _Add32f                 E266 

    -------------------------------------------------------------------------
  LIBRARY MODULE, NAME : ?Mul816

  SEGMENTS IN THE MODULE
  ======================
<CODE> 1 (was CODE)
  Relative segment, address: FA12 - FA3F (0x2e bytes), align: 1
  Segment part 1.
           ENTRY                   ADDRESS         REF BY
           =====                   =======         ======
           ?Mul16                  FA12            CSMABackOff (mac)
           ?Mul16to32u             FA12 

    -------------------------------------------------------------------------
  LIBRARY MODULE, NAME : ?Mul32

  SEGMENTS IN THE MODULE
  ======================
<CODE> 1 (was CODE)
  Relative segment, address: F956 - F985 (0x30 bytes), align: 1
  Segment part 0.
           ENTRY                   ADDRESS         REF BY
           =====                   =======         ======
           ?Mul32                  F956            DataSend (tdma)
                                                   Segment part 13 (?rand)
                                                   SendByCSMA (mac)

    -------------------------------------------------------------------------
  LIBRARY MODULE, NAME : ?DivMod816u

  SEGMENTS IN THE MODULE
  ======================
<CODE> 1 (was CODE)
  Relative segment, address: FCD4 - FCEB (0x18 bytes), align: 1
  Segment part 1.
           ENTRY                   ADDRESS         REF BY
           =====                   =======         ======
           ?DivMod16u              FCD4            ?DivMod16s (?DivMod816s)
                                                   CSMABackOff (mac)
                                                   IdentifyCar (detect)
                                                   Pop_T (ProcessEvent)
                                                   PostTask (ProcessEvent)

    -------------------------------------------------------------------------
  LIBRARY MODULE, NAME : ?DivMod816s

  SEGMENTS IN THE MODULE
  ======================
<CODE> 1 (was CODE)
  Relative segment, address: F986 - F9B5 (0x30 bytes), align: 1
  Segment part 1.
           ENTRY                   ADDRESS         REF BY
           =====                   =======         ======
           ?DivMod16s              F986            BeaconHandler (mac)
                                                   IdentifyCar (detect)
                                                   SendByCSMA (mac)

    -------------------------------------------------------------------------
  LIBRARY MODULE, NAME : ?DivMod32u

  SEGMENTS IN THE MODULE
  ======================
<CODE> 1 (was CODE)
  Relative segment, address: F87C - F8B3 (0x38 bytes), align: 1
  Segment part 0.
           ENTRY                   ADDRESS         REF BY
           =====                   =======         ======
           ?DivMod32u              F87C            DataSend (tdma)
                                                   SendByCSMA (mac)

    -------------------------------------------------------------------------
  LIBRARY MODULE, NAME : ?ShiftLeft16

  SEGMENTS IN THE MODULE
  ======================
<CODE> 1 (was CODE)
  Relative segment, address: FDE8 - FDF3 (0xc bytes), align: 1
  Segment part 0.
           ENTRY                   ADDRESS         REF BY
           =====                   =======         ======
           ?ShiftLeft16            FDE8            halDigioConfig (digio)

    -------------------------------------------------------------------------
  LIBRARY MODULE, NAME : ?memcpy

  SEGMENTS IN THE MODULE
  ======================
<CODE> 1 (was CODE)
  Relative segment, address: FD6E - FD7F (0x12 bytes), align: 1
  Segment part 2.
           ENTRY                   ADDRESS         REF BY
           =====                   =======         ======
           memcpy                  FD6E            __data16_memcpy (?memzero)

    -------------------------------------------------------------------------
  LIBRARY MODULE, NAME : ?memzero

  SEGMENTS IN THE MODULE
  ======================
<CODE> 1 (was CODE)
  Relative segment, address: FD80 - FD91 (0x12 bytes), align: 1
  Segment part 4.
           ENTRY                   ADDRESS         REF BY
           =====                   =======         ======
           __data16_memzero        FD80            ?cstart_init_zero (?cstart)
    -------------------------------------------------------------------------
<CODE> 1 (was CODE)
  Relative segment, address: FE68 - FE6B (0x4 bytes), align: 1
  Segment part 3.
           ENTRY                   ADDRESS         REF BY
           =====                   =======         ======
           __data16_memcpy         FE68            ?cstart_init_copy (?cstart)
               calls direct

    -------------------------------------------------------------------------
  LIBRARY MODULE, NAME : ?rand

  SEGMENTS IN THE MODULE
  ======================
DATA16_Z
  Relative segment, address: 0353 - 0353 (0x1 bytes), align: 0
  Segment part 2.             Intra module refs:   rand
           ENTRY                   ADDRESS         REF BY
           =====                   =======         ======
           _Randinit               0353 
    -------------------------------------------------------------------------
DATA16_Z
  Relative segment, address: 0252 - 0253 (0x2 bytes), align: 1
  Segment part 3.             Intra module refs:   rand
           ENTRY                   ADDRESS         REF BY
           =====                   =======         ======
           __iar_Tls_setup__Randinit
                                   0252 
    -------------------------------------------------------------------------
DATA16_I
  Relative segment, address: 0200 - 0203 (0x4 bytes), align: 1
  Segment part 4.             Intra module refs:   Segment part 12
                                                   rand
           ENTRY                   ADDRESS         REF BY
           =====                   =======         ======
           _Randseed               0200 
    -------------------------------------------------------------------------
DATA16_Z
  Relative segment, address: 0254 - 0255 (0x2 bytes), align: 1
  Segment part 6.             Intra module refs:   rand
           ENTRY                   ADDRESS         REF BY
           =====                   =======         ======
           __iar_Tls_setup__Randseed
                                   0254 
    -------------------------------------------------------------------------
DATA16_Z
  Relative segment, address: 0256 - 0259 (0x4 bytes), align: 1
  Segment part 7.             Intra module refs:   rand
    -------------------------------------------------------------------------
DATA16_Z
  Relative segment, address: 025A - 025B (0x2 bytes), align: 1
  Segment part 8.             Intra module refs:   rand
    -------------------------------------------------------------------------
DATA16_Z
  Relative segment, address: 025C - 02DB (0x80 bytes), align: 1
  Segment part 9.             Intra module refs:   rand
    -------------------------------------------------------------------------
DATA16_Z
  Relative segment, address: 02DC - 02DD (0x2 bytes), align: 1
  Segment part 10.            Intra module refs:   rand
    -------------------------------------------------------------------------
<CODE> 1 (was CODE)
  Relative segment, address: E974 - EA1B (0xa8 bytes), align: 1
  Segment part 11.
           ENTRY                   ADDRESS         REF BY
           =====                   =======         ======
           rand                    E974            CSMABackOff (mac)
               calls direct and indirect
    -------------------------------------------------------------------------
<CODE> 1 (was CODE)
  Relative segment, address: FD2E - FD43 (0x16 bytes), align: 1
  Segment part 12.            Intra module refs:   rand
    -------------------------------------------------------------------------
<CODE> 1 (was CODE)
  Relative segment, address: FD44 - FD59 (0x16 bytes), align: 1
  Segment part 13.            Intra module refs:   Segment part 12
                                                   rand
    -------------------------------------------------------------------------
DATA16_ID
  Relative segment, address: E0BC - E0BF (0x4 bytes), align: 1
  Segment part 5.             Intra module refs:   _Randseed




                ****************************************
                *                                      *
                *      SEGMENTS IN ADDRESS ORDER       *
                *                                      *
                ****************************************


SEGMENT              SPACE    START ADDRESS   END ADDRESS     SIZE  TYPE  ALIGN
=======              =====    =============   ===========     ====  ====  =====
DATA16_AN                              0003 - 0003               1   rel    0
                                       0018 - 001B               4 
                                       0020 - 002E               F 
                                       004A - 004A               1 
                                       0056 - 0057               2 
                                       0061 - 0064               4 
                                       0067 - 0067               1 
                                       0120 - 0121               2 
                                       0128 - 012D               6 
                                       0160 - 0163               4 
                                       0170 - 0173               4 
                                       0180 - 0183               4 
                                       0192 - 0193               2 
                                       01B0 - 01B5               6 
DATA16_I                               0200 - 0206               7   rel    1
DATA16_Z                               0208 - 0353             14C   rel    1
CSTACK                                 03B0 - 03FF              50   rel    1
DATA16_AN                              10F8 - 10F9               2   rel    0
DATA16_C                               E000 - E0BA              BB   rel    1
DATA16_ID                              E0BC - E0C2               7   rel    1
CSTART                                 E0C4 - E0EB              28   rel    1
<CODE> 1                               E0EC - FE75            1D8A   rel    1
INTVEC                                 FFE0 - FFFB              1C   com    1
RESET                                  FFFE - FFFF               2   rel    1

                ****************************************
                *                                      *
                *        END OF CROSS REFERENCE        *
                *                                      *
                ****************************************

 7 632 bytes of CODE  memory
   419 bytes of DATA  memory (+ 58 absolute )
   194 bytes of CONST memory

Errors: none
Warnings: none

